<Row awāṇ 6 añj-bā̂ > añj-bā�
<Row Paš 43 aᵉċ > a�ʦ
<Row Tor 100 ǟᵉṅg > ǣ�ŋg
<Row Kt 125 aṅǻ > aŋ�
<Row G 138 ãgụṭhiyɔ measure of the thumb> ãg�ṭʰiyɔ
<Row IE 227 sk̂ > sk�
<Row awāṇ 252 ε̄̂ruṇ > ε̄�ruṇ
<Row Dm 299 anấr hungry> an�r
<Row bhiḍ 380 ε̄ ͂tḷõ inner> ε̄ �tḷõ
<Row Indo-Aryan 491 pūpalik̇ā > pūpalik�ā
<Row Indo-Aryan 491 pūpālik̇ā > pūpālik�ā
<Row Lith 603 elkúnė > elkún�
<Row Pr 636 üǰũ̄̈ > üjũ̄�
<Row awāṇ 910 ε̄̂n > ε̄�n
<Row Ir 912 *βē-sar headless> *�ē-sar
<Row bhiḍ 919 ε̄ ͂khu > ε̄ �kʰu
<Row Sh 941 ẵṣ > �ṣ
<Row gil 941 ẵṣ > �ṣ
<Row Sh 946 ẵṣṭáẽ > �ṣṭáẽ
<Row gil 946 ẵṣṭáẽ > �ṣṭáẽ
<Row Pr 971 usũ̄̈ > usũ̄�
<Row kuṛ 971 ōᵉɬ > ō�ɬ
<Row IE 973 *n̊sto > *n�sto
<Row Si 1111 aṇ̆ḍa egg, testicle> aṇ�ḍa
<Row IE 1111 jędro > j�dro
<Row Si 1113 aṇ̆ḍudāvā bird> aṇ�ḍudāvā
<Row Kt 1234 awa͑ > ava�
<Row Md 1235 ān̆ > ān�
<Row Dm 1321 airiấṣ boar> airi�ṣ
<Row Aw 1371 ārasu̥ > ārasu�
<Row lakh 1371 ārasu̥ > ārasu�
<Row Ku 1385 ε῀ᵊbʌ̃ṛ̃ decoration of walls with lines of rice-paste> ε̃�bʌ̃ṛ̃
<Row gng 1385 ε῀ᵊbʌ̃ṛ̃ decoration of walls with lines of rice-paste> ε̃�bʌ̃ṛ̃
<Row Kt 1577 idrṍ > idr�
<Row SEeur 1697 ui̦i to fly> ui�i
<Row Ash 1715 ọ̈̄keṣa to draw (water)> ��̄keṣa
<Row Indo-Aryan 1733 *utki̊pti form> *utki�pti
<Row Ash 1967 ọ̈̄gā́ to lift up, wish, buy> ��̄gā́
<Row Ash 1979 oìì£;gətī seized> o�ì��ì���gətī
<Row Ash 1979 ọ̈̄gā́ > ��̄gā́
<Row Indo-Aryan 2009 *udᶻdh > *ud�dʰ
<Row S 2016 *udᶻdh > *ud�dʰ
<Row Dm 2193 waṣấṅ > vaṣ�ŋ
<Row Phal 2246 dʌrbēᵉṭi > dʌrbē�ṭi
<Row Ash 2411 wesṍ > ves�
<Row Paš 2462 ẹ̄ > �̄
<Row Tir 2485 ikọ̄́ > ik�̄́
<Row Si 2517 eraṇ̆ḍu > eraṇ�ḍu
<Row Si 2517 eṇ̆ḍaru the plant> eṇ�ḍaru
<Row Ash 2563 ọ̈̄ṣṭ > ��̄ṣṭ
<Row K 2576 kë̆nzᷴ clay or copper pot> kë�nzᵘ̈
<Row Kt 2587 kᵊkəŕ > k�kər̆
<Row SEeur 2668 kai̦o > kai�o
<Row Wg 2718 kō̃̈štȫ > kō̃�śtə̄
<Row Wg 2718 kyō̃̈štö brā younger brother> kyō̃�śtə̄ brā
<Row Shgh 2776 čůmč back> c�mc
<Row Av 2814 čōrət̰ > cōrət�
<Row Bhoj 2869 *kaddaṽa > *kadda�a
<Row Tir 2876 kᵘọ̈̄pḗ top of head> kᵘ��̄pḗ
<Row Yazgh 2877 ḱəbes > �əbes
<Row K 2880 ᵒrᵘ > �rᵘ
<Row K 2880 ᵒrᵘ > �rᵘ
<Row Sv 2892 kᵊram > k�ram
<Row IE 2909 *kʷorsi > *k�orsi
<Row Pr 3001 tᵊkyǘn > t�kyǘn
<Row Pr 3064 kǡ > k�
<Row kcch 3153 k+caṛ > k�caṛ
<Row L 3220 kuchaj̱j̱ā slovenly, dirty> kucʰaj�j�ā
<Row L 3220 kucaj̱j̱ā slovenly (of women)> kucaj�j�ā
<Row mult 3220 kucaj̱j̱ā slovenly (of women)> kucaj�j�ā
<Row SEeur 3241 kui̦ > kui�
<Row Ash 3255 kō̃̈w tick, louse> kō̃�v
<Row K 3301 kö̆bᷴ humpbacked> kə̄�bᵘ̈
<Row K 3370 kö̆ṭhᷴ Aucklandia costus> kə̄�ṭʰᵘ̈
<Row L 3371 kō̂ṛ > kō�ṛ
<Row awāṇ 3371 kō̂ṛ > kō�ṛ
<Row K 3402 kö̆pᷴ leather bag> kə̄�pᵘ̈
<Row kcch 3451 kịnno dirty (of a child)> k�nno
<Row Sv 3523 kọ̈̄mala > k��̄mala
<Row N 3523 kaũlo &gt; kamlo > kãũlo �gt� kamlo
<Row Indo-Aryan 3598 *krudᶻdha > *krud�dʰa
<Row Si 3607 koňḍa top of arm, head of shoulder> ko�ḍa
<Row K 3790 khö̆ḍᷴ small pit> kʰə̄�ḍᵘ̈
<Row Gy 3792 xai̦i a little> xai�i
<Row SEeur 3792 xai̦i a little> xai�i
<Row Gy 3793 xai̦o > xai�o
<Row SEeur 3793 xai̦o > xai�o
<Row Kt 3906 ků̄r hoof, foot> k�̄r
<Row S 3982 gaḏo bundle of grass &amp;c.> ga�o
<Row P 4009 gæ̃ step, pace> g�̃
<Row ḍog 4009 gæ̃ step, pace> g�̃
<Row Tir 4093 gọ̈̄ bull> g��̄
<Row Ash 4104 gọ̈̄k worm> g��̄k
<Row Tir 4255 gọ̈̄ bull> g��̄
<Row Gaw 4269 goᵉnċá > go�nʦá
<Row Wg 4287 gọ̈̄m > g��̄m
<Row Tir 4287 gọ̈̄m > g��̄m
<Row Gaw 4287 gọ̈̄m > g��̄m
<Row Sv 4336 s̊ṭh > s�ṭʰ
<Row Tir 4338 gushthànî house> gushtʰàn�
<Row awāṇ 4379 girā̃̂ morsel> girā̃�
<Row K 4451 greṭhᵉ watermill for grinding corn> greṭʰ�
<Row Ash 4456 gulabọ̄́ river> gulab�̄́
<Row ar 4506 gə̄ᵉst butter> gə̄�st
<Row Ash 4516 gọ̄́ṛu horse> g�̄́ṛu
<Row Ash 4516 gọ̈̄rä́ > g��̄rǽ
<Row Wg 4516 gọ̄́ṛa > g�̄́ṛa
<Row Dm 4516 gọŕɔ > g�r̆ɔ
<Row SEeur 4573 čai̦ > cai�
<Row awāṇ 4578 cā̂ṛuṇ > cā�ṛuṇ
<Row Kt 4696 čapǻ slap> cap�
<Row L 4710 kucaj̱j̱ā > kucaj�j�ā
<Row L 4710 sucaj̱j̱ā > sucaj�j�ā
<Row Psht 4743 ċāṣ̂ai spindle> ʦāṣ�ai
<Row Kal 4824 tshîra in former times> tsh�ra
<Row Gy 4883 čui̦ya curls> cui�ya
<Row SEeur 4883 čui̦ya curls> cui�ya
<Row Dm 4931 čọ̈̄r > c��̄r
<Row Tir 4931 ċᵘọ̈̄r > ʦᵘ��̄r
<Row Or 5028 *chāāṽaṛuā > *cʰāā�aṛuā
<Row Kt 5198 zəmǻ > zəm�
<Row pales 5198 ǰʌmac̣ʳṓ > jʌmaʦ̣�ṓ
<Row Tor 5204 jyûsa to be born> jy�sa
<Row gul 5213 ǰā̂lū hair> jā�lū
<Row Dm 5213 bižấl spider> biź�l
<Row Phal 5334 ǰhēᵉṭi mane> jʰē�ṭi
<Row Kal 5355 ǰᵊhal jungle> j�hal
<Row SEeur 5570 i̦om a   Gypsy> i�om
<Row SEeur 5573 i̦oy > i�oy
<Row Ir 5617 *θraxša old> *�raxśa
<Row Sh 5621 thac̣ó̭ṇ > tʰaʦ̣ó�ṇ
<Row Sh 5621 kaṭ-thac̣ó̭ṇ > kaṭ-tʰaʦ̣ó�ṇ
<Row Mai 5637 ṭalåⁿ > ṭalɔ�
<Row lauṛ 5643 tᵊrī́ > t�rī́
<Row Dm 5686 tapấ > tap�
<Row Ash 5695 ābọ̄́ — ter > āb�̄́ � ter
<Row Dm 5803 tấlu palate, top of head> t�lu
<Row K 5868 tö̆mbᷴ > tə̄�mbᵘ̈
<Row Indo-Aryan 5876 α. ɬ > �. ɬ
<Row SEeur 5889 toi̦ó > toi�ó
<Row SEeur 5889 tii̦í > tii�í
<Row Indo-Aryan 5994 θrāyō > �rāyō
<Row Woṭ 5994 ɬ̣ā > ɬ�ā
<Row Tir 6001 trọ̈̄ > tr��̄
<Row Ash 6013 trọ̈̄s ice> tr��̄s
<Row Kal 6013 tramọ̈̄nċ cold, fever> tram��̄nʦ
<Row Dm 6250 dấī > d�ī
<Row IE 6250 dēk̂ > dēk�
<Row Paš 6260 drāᵉt > drā�t
<Row ar 6260 drāᵉt > drā�t
<Row K 6498 droìì£;sᵘ unpalatable, not cleaned (of vegetables); unpalatably prepared vegetables> dro�ì��ì���sᵘ
<Row Ash 6523 deã wirᵉčū the gods> deã vir�cū
<Row Phal 6628 kāk-dhrēᵉc̣ī wild vine> kāk-dʰrē�ʦ̣ī
<Row Ash 6648 dọ̈̄ > d��̄
<Row Paš 6648 dọ̈̄ > d��̄
<Row Tir 6658 bọ̈̄ > b��̄
<Row Dm 6662 dấmεn name of a village in a side valley on left bank of the Kunar river a few miles above Mirkhani> d�mεn
<Row Ash 6732 domṍ wind> dom�
<Row Gk 6772 θρώσκω > ������
<Row Gk 6772 ἔθορον > ������
<Row kṭg 6849 dhṽ̀ɪ mist, fog> dʰ�̀ɪ
<Row IE 6926 *nogʷnó > *nog�nó
<Row Dm 6954 nawấsa > nav�sa
<Row K 7029 *nok̂trā > *nok�trā
<Row P 7029 *nok̂trā > *nok�trā
<Row Dm 7062 nấya navel> n�ya
<Row K 7145 në̆ċᷴ removing wool of sheep &amp;c. by cutting or plucking> në�ʦᵘ̈
<Row ḍog 7200 nī̃dərᵊ > nī̃dər�
<Row K 7326 nė̆ñᷴ sluggish, poor-spirited> n��ñᵘ̈
<Row Bi 7595 *niṽ > *ni�
<Row Ku 7627 pā̃khuṟo wing (of bird), arm> pā̃kʰu�o
<Row Dm 7655 pã̂č > pã�c
<Row ar 7785 pʷān road, journey, Milky Way> p�ān
<Row Kt 7953 pəlǻl > pəl�l
<Row SEeur 8051 pai̦no > pai�no
<Row Ku 8061 pãỹ > pã�
<Row gng 8061 pãỹ > pã�
<Row Gy 8168 pii̦ó foot> pii�ó
<Row SEeur 8168 pii̦ó foot> pii�ó
<Row K 8168 pë̆nḍᷴ house-altar> pë�nḍᵘ̈
<Row K 8188 pẹ̆tᵃr father's brother> p��tᵃr
<Row Dm 8283 purấna > pur�na
<Row Gy 8376 pei̦ > pei�
<Row SEeur 8376 pei̦ > pei�
<Row Gy 8376 poi̦ navel> poi�
<Row SEeur 8376 poi̦ navel> poi�
<Row Tir 8377 pondî calf of leg> pond�
<Row gng 8425 pʷokhar > p�okʰar
<Row uzb 8650 ṣọ̈̄k > ṣ��̄k
<Row Pr 8655 b̬li > b�li
<Row Wg 9029 prũ̄̈č > prũ̄�c
<Row Ir 9029 wrəǧa flea> vrə�a
<Row Psht 9029 wrəǧa flea> vrə�a
<Row Mj 9029 fᵊrīga > f�rīga
<Row Orm 9029 ṣ̂rak > ṣ�rak
<Row Indo-Aryan 9063 pǹalgu Ficus oppositifolia> p�algu
<Row ar 9193 bə̄ᵉrī > bə̄�rī
<Row K 9277 bö̆zᷴ intelligence> bə̄�zᵘ̈
<Row Phal 9349 bᵉhε῀ṇ sister, brother's wife> b�hε̃ṇ
<Row Pk 9399 βαρυγάζα > ����ɣ���
<Row Garh 9415 bhāllu̇ bear> bʰāllu�
<Row K 9433 bẹ̆nᵃza sister's daughter> b��nᵃza
<Row Dm 9472 iž-bấli eyebrow> iź-b�li
<Row ar 9614 bēᵉn honey> bē�n
<Row kṭg 9651 bhɔ̃̆r > bʰɔ̃�r
<Row kṭg 9651 bhɔ̃̆rɔ big black and yellow bee> bʰɔ̃�rɔ
<Row kṭg 9651 bhɔ̃̆ru bee> bʰɔ̃�ru
<Row SEeur 9691 moi̦ó > moi�ó
<Row SEeur 9691 mei̦í > mei�í
<Row rum 9735 mani̦o > mani�o
<Row SEeur 9735 mai̦o > mai�o
<Row Wg 9828 mō̃̈šī wife, woman> mō̃�śī
<Row IE 9886 *mereĝ > *mere�
<Row IE 9886 *mreĝ > *mre�
<Row Kal 9888 mọč > m�c
<Row rumb 9888 mọč > m�c
<Row Ash 9894 mᵊrε῀ik girl> m�rε̃ik
<Row K 9964 mũ̄̈ś > mũ̄�ś
<Row K 9964 mũ̄̈śⁱ > mũ̄�śⁱ
<Row Kal 10042 mŕṽ lair, spider's web> mr̆�
<Row Bshk 10058 mêᵐ mother's mother> mɛ�
<Row S 10071 *morgʷo path> *morg�o
<Row S 10071 ἀμορβόs companion, follower> ������s
<Row K 10124 mẹthᵃr > m�tʰᵃr
<Row Kho 10144 mvυγʌḷi soft part (?) of ear> mv�ɣʌḷi
<Row arm 10158 muc̦ > muc�
<Row K 10191 mö̆nḍᷴ thick underground stalk> mə̄�nḍᵘ̈
<Row jij 10199 mṽgər goat> m�gər
<Row K 10221 mö̆ṭhᷴ fist> mə̄�ṭʰᵘ̈
<Row Ku 10226 mʷoth C. rotundus, a mat made of it> m�otʰ
<Row gng 10226 mʷoth C. rotundus, a mat made of it> m�otʰ
<Row Kal 10247 mọn > m�n
<Row Kal 10247 mọ̈̄nd peak> m��̄nd
<Row rumb 10247 mọn > m�n
<Row rumb 10247 mọ̈̄nd peak> m��̄nd
<Row Ash 10278 mᵊṛə > m�ṛə
<Row K 10286 më̆ċᷴ earth, soil, clay> më�ʦᵘ̈
<Row Tir 10299 mᵊrəxta > m�rəxta
<Row K 10395 yẹ̆ch a kind of fairy> y��cʰ
<Row Sh 10412 yõ̯r large watermill> yõ�r
<Row gil 10412 yõ̯r large watermill> yõ�r
<Row K 10412 yẹ̆ndᵃr > y��ndᵃr
<Row Sh 10424 yamõ̯r > yamõ�r
<Row Sk 10455 ζητέω I seek> ���έ�
<Row Gk 10455 ζητέω I seek> ���έ�
<Row Woṭ 10504 j̈ọ̈̄ī > ʣ��̄ī
<Row Gmb 10539 j̣atǻ > ʣ̣at�
<Row Kt 10627 ramṍ > ram�
<Row Kt 10703 ŕadǡr night> r̆ad�r
<Row Gy 10875 lakýr tree> lak�r
<Row as 10875 lakýr tree> lak�r
<Row wel 10896 l̬okō light, small> l�okō
<Row Paš 10917 lōᵉṭ > lō�ṭ
<Row ar 10917 lōᵉṭ > lō�ṭ
<Row wel 10946 l̬at to find, meet with> l�at
<Row Dm 10966 ladấy > lad�y
<Row Tir 10978 lọ̈̄oṇ > l��̄oṇ
<Row Gaw 10978 lọ̈̄°ṇ > l��̄°ṇ
<Row Kal 10978 lṽŕ > l�r̆
<Row rumb 10978 lṽŕ > l�r̆
<Row pales 10988 lēᵉṭṛī sickle> lē�ṭṛī
<Row ar 10991 lāᵉṣṭ fathom> lā�ṣṭ
<Row wel 11045 l̬ik > l�ik
<Row IE 11045 *rik̂s > *rik�s
<Row K 11057 lë̆zᷴ dung of horses, mules, asses, elephants> lë�zᵘ̈
<Row Sh 11142 lṍi > l�i
<Row gil 11142 lṍi > l�i
<Row Tir 11165 lọ̈̄i blood> l��̄i
<Row Phal 11168 lᵊhōilo > l�hōilo
<Row Paš 11182 waᵉš main roof-beam> va�ś
<Row ar 11182 waᵉš main roof-beam> va�ś
<Row kcch 11208 βacāv keṇo to defend> �acāv keṇo
<Row kcch 11208 βacāṇū > �acāṇū
<Row Gy 11249 vac̦ to strike, carry off, throw> vac�
<Row arm 11249 vac̦ to strike, carry off, throw> vac�
<Row Dm 11298 bi-žấl spider> bi-ź�l
<Row SEeur 11348 bai̦ stone> bai�
<Row Gk 11361 ὄρτυξ > �����
<Row Kt 11441 wezdǻr season between spring and autumn> vezd�r
<Row Dm 11492 bấdum wind> b�dum
<Row Dm 11572 iž-bấli eyebrow> iź-b�li
<Row NiDoc 11678 viḡa > vi�a
<Row K 11748 vẹ̆dᵃrun to become slack, loose, or feeble> v��dᵃrun
<Row K 11748 vẹ̆dᵃrāwun to loosen, slacken, make feeble (by opposition, assisting in defeat, robbing, &amp;c.)> v��dᵃrāvun
<Row K 11799 vë̆ṭhᷴ fat, plump> vë�ṭʰᵘ̈
<Row Ash 11843 weričọ̄́ road> veric�̄́
<Row K 11916 vẹ̆wᵃrun to pull apart (with the fingers), tease out (cotton, tangled twigs, straw, &amp;c.), scatter, sow broadcast, winnow> v��vᵃrun
<Row Kal 11946 wîsho de to boil> v�sho de
<Row K 12051 vẹ̆dᵃr freezing cold (after a fall of snow, with a clear sky and bitter wind)> v��dᵃr
<Row Sh 12062 vkˣ > vk�
<Row jij 12062 vkˣ > vk�
<Row J 12225 *bhegʷh > *bʰeg�h
<Row IE 12225 *bhegʷh > *bʰeg�h
<Row Bshk 12245 shôⁿ parrot> shɔ�
<Row Tor 12245 shôⁿ parrot> shɔ�
<Row Sar 12293 xiθp > xi�p
<Row Bur 12322 šʌmέ·y > śʌmέ�y
<Row NiDoc 12338 σάκχαρι > �������
<Row Mai 12349 shalãⁿ wood> shalã�
<Row OPers 12351 θarmi timber> �armi
<Row Ash 12530 sọn > s�n
<Row K 12548 hö̆chᷴ > hə̄�cʰᵘ̈
<Row Wg 12567 ċō̃̈-štä > ʦō̃�-śtæ
<Row kṭg 12578 śn/aḷ > śn�aḷ
<Row dar 12605 šẹ̄ > ś�̄
<Row Ash 12623 sọ̈̄ne green(?)> s��̄ne
<Row Ash 12623 z<smallcaps>ã</smallcaps>r gold> z�smallcaps�ã��smallcaps�r
<Row Sh 12675 ṣó̭ṭŭ throat, neck> ṣó�ṭu
<Row gil 12675 ṣó̭ṭŭ throat, neck> ṣó�ṭu
<Row bhal 12744 siln/as glue> siln�as
<Row K 12772 hẹ̆tᷴrᷴ white leprosy> h��tᵘ̈rᵘ̈
<Row K 12779 hẹ̆tᷴrᷴ > h��tᵘ̈rᵘ̈
<Row Tir 12803 xᵘọ̈̄ > xᵘ��̄
<Row Shum 12803 ṣọo > ṣ�o
<Row Phal 12803 ṣʷo > ṣ�o
<Row Tir 12812 xọ̄́ṛə > x�̄́ṛə
<Row Phal 12812 ṣʷọṛḗš > ṣ��ṛḗś
<Row Sk 13227 ṽ > �
<Row Pk 13227 ṽ > �
<Row Tam 13238 mul̤u all, whole, entire> mul�u
<Row Mal 13238 mul̤u all, whole, entire> mul�u
<Row Mal 13238 mul̤appu completion, crowd> mul�appu
<Row kṭg 13304 sn/aṇõ > sn�aṇõ
<Row kṭg 13377a sn/aṇõ to bear> sn�aṇõ
<Row K 13411 sẹ̆ndᷴrᷴ > s��ndᵘ̈rᵘ̈
<Row Si 13432 n̆ > n�
<Row kc 13444 sɪṽṇo > sɪ�ṇo
<Row K 13480 sö̆ċᷴ deep sleep> sə̄�ʦᵘ̈
<Row Indo-Aryan 13506 u-/-a > u-�-a
<Row Paš 13528 sawṍn pregnant> sav�n
<Row ar 13528 sawṍn pregnant> sav�n
<Row kṭg 13680 ṭhn/ar place of rest, quarter of the horizon> ṭʰn�ar
<Row kṭg 13680 ṭhn/arnõ to stop intr., wait> ṭʰn�arnõ
<Row Yid 13697 ᵊstūγ > �stūɣ
<Row Gaw 13756 θow to put> �ov
<Row Kal 13776 tûla > t�la
<Row BHSk 13780 sitůr big horned cattle> sit�r
<Row kṭg 13786 nhn/aṇõ > nʰn�aṇõ
<Row SEeur 13825 phai̦ to burst, split> pʰai�
<Row Dm 13830 phã̂žur > pʰã�źur
<Row Sogd 13839 βyk > �yk
<Row ar 13930 pō̃ᵉš > pō̃�ś
<Row K 13931 sāwë̆ñᷴ lady> sāvë�ñᵘ̈
<Row K 13934 sẹ̆ñ<superscript>ĕ</superscript>run to melt, soften (food with water or cooking)> s��ñ<sup>ɛ</sup>run
<Row Gy 13952 ḫar bone> �ar
<Row Gy 13952 ḫari finger-nail> �ari
<Row pal 13952 ḫar bone> �ar
<Row pal 13952 ḫari finger-nail> �ari
<Row Wg 13969 žō̃̈t > źō̃�t
<Row Pr 13981 žiᵊrä green> źi�ræ
<Row Gmb 13981 j̈aramŕṍ khaki-coloured> ʣaramr̆�
<Row K 13990 lẹ̆dorᵘ > l��dorᵘ
<Row K 13990 lẹ̆durᵘ > l��durᵘ
<Row K 13990 lë̆dᷴrᷴ yellow, pale> lë�dᵘ̈rᵘ̈
<Row K 13992 lë̆dᷴrᷴ > lë�dᵘ̈rᵘ̈
<Row Ash 14019 zọ̈̄ milk> z��̄
<Row pal 14024 ḫăst hand> �ʌst
<Row pal 14048 ḫázăr > �ázʌr
<Row Dm 14100 imấl > im�l
<Row Gk 14101 χιμαρός > �������
<Row pal 14108 ḫuǰṓti > �ujṓti
<Row Pr 14114 žiᵊrä > źi�ræ
<Row Pa 14130 ἁ.ɬ necklace (?)> �.ɬ
<Row K 14138 hö̆nḍᷴ bill of exchange> hə̄�nḍᵘ̈
<Row pal 14152 ḫri heart, breast> �ri
<Row Gk 14199 ἀγκάɬη > �ɣ��ɬ�
<Row Paš 14369 pᵘrọ̈̄m work> pᵘr��̄m
<Row pach 14369 pᵘrọ̈̄m work> pᵘr��̄m
<Row Phal 14637 darbēᵉṭi threshold> darbē�ṭi
<Row Gk 14755 μυ̑ς > ����
<Row Ir 14775 *raθyā > *ra�yā
<Row Sh 14808 vkˣ > vk�
<Row jij 14808 vkˣ > vk�
<Row Tam d1 adj. anta there> adj� anta
<Row Tam d1 āṉa; akkaṭa there> āṉa� akkaṭa
<Row Kota d1 adj. a (before consonant)> adj� a
<Row Kota d1 ayo·n that man, woman, etc> ayo�n
<Row Kota d1 ayo·ḷ that man, woman, etc> ayo�ḷ
<Row Kota d1 ayo·r that man, woman, etc> ayo�r
<Row Kota d1 aṯa·k a little in that direction> aṯa�k
<Row Kota d1 aṯe· go!> aṯe�
<Row Kota d1 atervi· in that neighbourhood> atervi�
<Row Kota d1 alo·n that previous man, woman, etc> alo�n
<Row Kota d1 alo·ḷ that previous man, woman, etc> alo�ḷ
<Row Kota d1 alo·r that previous man, woman, etc> alo�r
<Row Kota d1 ali·k to that previous place> ali�k
<Row Kota d1 ala· lo there!> ala�
<Row Kota d1 anm (obl. ant-) like that, that fashion, that amount> anm �obl� ant-�
<Row Kota d1 ana·n such an important man, woman, etc. as that> ana�n
<Row Kota d1 ano·n such an important man, woman, etc. as that> ano�n
<Row Kota d1 ano·ḷ such an important man, woman, etc. as that> ano�ḷ
<Row Kota d1 ano·r such an important man, woman, etc. as that> ano�r
<Row Kota d1 ana· such and such (as that)> ana�
<Row Kota d1 anana· adj such and such (as that)> anana� adj
<Row Kota d1 anta· adj so great> anta� adj
<Row Kota d1 a·pa·ṭy so big as that> a�pa�ṭy
<Row Kota d1 anmu·ṛ like that; sexual organs> anmu�ṛ
<Row Kota d1 anmu·ṛo·n man like that, etc> anmu�ṛo�n
<Row Kota d1 amne·r two days before yesterday (cf. 3758 Ta.nerunal)> amne�r
<Row Toda d1 aQ (obl. an-) that person or thing> a� �obl� an-�
<Row Toda d1 pl. aQa·m; adj. a (before consonant)> pl� a�a�m� adj� a
<Row Toda d1 aQïd because of that, therefore> a�ɨd
<Row Toda d1 ato·f such as that> ato�f
<Row Toda d1 a·nk to that place> a�nk
<Row Toda d1 a·na·ṟ towards there, by that road> a�na�ṟ
<Row Toda d1 a·toṭ that bank (is this to be divided to yield 101oṭcliff or 3040*toṭside?)> a�toṭ
<Row Toda d1 a mun no·ṛ the world of the dead (cf. 3638 Ta.nāṭu)> a mun no�ṛ
<Row Kannada d1 adj. ā; ako behold!> adj� ā� ako
<Row Kodagu d1 adj. a·; alli there> adj� a�� alli
<Row Kodagu d1 akka·kaṇe up to then> akka�kaṇe
<Row Kodagu d1 akkale· just then> akkale�
<Row Kodagu d1 akkanne· just then> akkanne�
<Row Kodagu d1 a·taratï in that manner> a�taratɨ
<Row Kodagu d1 annata·ŋgï for that purpose> annata�ŋgɨ
<Row Kodagu d1 a·naŋguṇḍï on account of that> a�naŋguṇḍɨ
<Row Kodagu d1 a·lï among those> a�lɨ
<Row Tulu d1 avu (obl. ay-) that man, that woman, those persons, that thing, those things> avu �obl� ay-�
<Row Tulu d1 adj. ā; ātů so much> adj� ā� ātɯ
<Row Telugu d1 vā̃ḍu (obl. vāni-) > vā̃ḍu �obl� vāni-�
<Row Telugu d1 vāru (obl. vāri-) > vāru �obl� vāri-�
<Row Telugu d1 adi (obl. dāni-) that man, those persons, that woman or thing, those things> adi �obl� dāni-�
<Row Telugu d1 avi (obl. vāṭi-) that man, those persons, that woman or thing, those things> avi �obl� vāṭi-�
<Row Telugu d1 adj. ā; ābiḍa that woman> adj� ā� ābiḍa
<Row Kolami d1 a·; anaŋ in that way> a�� anaŋ
<Row Kolami d1 a·puḍ then> a�puḍ
<Row Naikri d1 adj. ā; andhar so many males> adj� ā� andʰar
<Row Parji d1 ōd (obl. ōn- NE> ōd �obl� ōn
<Row Parji d1 ōḍ) that man, those men, that woman or thing, those women or things> ōḍ�
<Row Parji d1 adj. ā; aŋgoṭ that much, so much> adj� ā� aŋgoṭ
<Row Gadaba d1 adj. ā like that> adj� ā
<Row Gadaba d1 āy; apaṛ like that> āy� apaṛ
<Row betul d1 ōl (obl. ōn-) he, that man, those men> ōl �obl� ōn-�
<Row betul d1 pl. ōṛ he, that man, those men> pl� ōṛ
<Row mandla d1 pl. -k id> pl� -k
<Row mandla d1 pl. -k id> pl� -k
<Row maria d1 pl. ōr > pl� ōr
<Row betul d1 pl. au that woman or thing, those women or things> pl� au
<Row betul d1 acnal (masc.; pl. accōṛ) as much as, as big as that> acnal �masc�� pl� accōṛ�
<Row betul d1 accō (neut.) as much as, as big as that> accō �neut��
<Row betul d1 ātōl (masc.; pl. ātōṛ) > ātōl �masc�� pl� ātōṛ�
<Row betul d1 ātal (neut.) > ātal �neut��
<Row mandla d1 ātōr (masc.) of that sort (<i>Voc.</i> 126)> ātōr �masc��
<Row mandla d1 ātal (neut.) of that sort (<i>Voc.</i> 126)> ātal �neut��
<Row Konda d1 vānṟu (obl. vani-) that man, those men, that woman or thing, those women or things> vānṟu �obl� vani-�
<Row Konda d1 vār (obl. vari-) that man, those men, that woman or thing, those women or things> vār �obl� vari-�
<Row Konda d1 vāru (obl. vari-) that man, those men, that woman or thing, those women or things> vāru �obl� vari-�
<Row Konda d1 adi (obl. dani-) that man, those men, that woman or thing, those women or things> adi �obl� dani-�
<Row Konda d1 avi (obl. vanka-) that man, those men, that woman or thing, those women or things> avi �obl� vanka-�
<Row Konda d1 atal (obl. ataR-) that side> atal �obl� ata�-�
<Row Konda d1 ataR of that side> ata�
<Row Konda d1 ataRi of that side> ata�i
<Row Konda d1 ataRaṇḍ from that side> ata�aṇḍ
<Row Konda d1 bān (obl. abeṇ- there> bān �obl� abeṇ
<Row Konda d1 bāṇ-) there> bāṇ-�
<Row Konda d1 āR in that way, so, thus> ā�
<Row Konda d1 āRu in that way, so, thus> ā�u
<Row Pengo d1 adj. ā that woman> adj� ā
<Row Pengo d1 anda; andel that woman> anda� andel
<Row Kui d1 adj. ā; āmba > adj� ā� āmba
<Row Kurux d1 adj. ā; ābīrī then, at that moment> adj� ā� ābīrī
<Row Malto d1 adj. á; áw áwe those objects or circumstances previously mentioned> adj� á� áv áve
<Row Brah d1 pl. dāfk; dahun in this manner> pl� dāfk� dahun
<Row Brah d1 obl. dē this, undifferentiated for gender or number (Krishnamurti 1969.67, Penzl 1955.90, §80.2); the Br. declensional and derivational forms are similar to those of the other Br. demonstrative pronouns, based on PDr> obl� dē
<Row Brah d1 *ā The suggestion in MBE 1961a is to be ignored.]. For forms with initial> �ā
<Row Brah d1 *a The suggestion in MBE 1961a is to be ignored.]. For forms with initial> �a
<Row Kannada d3 Linum usitatissimum </i> Lin> �inum usitatissimum
<Row Mal d5 akatti S. grandiflora Rh> akatti �� grandiflora
<Row Kannada d5 S </i> (or <i>Aeschynomene) grandiflora</i> Poir> �
<Row Telugu d5 Coronilla grandiflora </i> or <i>> �oronilla grandiflora
<Row Telugu d5 Aeschynomene grandiflora </i>> �escʰynomene grandiflora
<Row OIA d5 agasti&lt;-&gt; Agasti grandiflora. [Sesbania = Aeschynomene = Agati DED 6> agasti�lt�-�gt� �gasti grandiflora� ��esbania � �escʰynomene � �gati
<Row OIA d5 Agasti = Coronilla.] DED 6> �gasti � �oronilla��
<Row Tam d7 inside; akal inner part of town or village> inside� akal
<Row Mal d7 fem. akattōḷ; akaṅkai palm of hand> fem� akattōḷ� akaŋkai
<Row Kota d7 aŋga·l instep> aŋga�l
<Row Toda d7 o·poṛ- (o·poṭ-) to be caught, be got> o�poṛ- �o�poṭ-�
<Row Toda d7 o·poṛc- (o·poṛč-) to catch, get> o�poṛc- �o�poṛč-�
<Row Kodagu d7 aŋga·lï sole of foot> aŋga�lɨ
<Row Kolami d7 opaḍ- (opaṭ-) to be found, met, (fish) are caught> opaḍ- �opaṭ-�
<Row Kolami d7 oparip- (opaript-) to find> oparip- �opaript-�
<Row Naikri d7 ōbaṛ- (ōbaṭ-) to be got. ? Go> ōbaṛ- �ōbaṭ-�
<Row Naikri d7 akna (pl. -ŋ) room of a house (<i>Voc.</i> 8). DED (N) 8, 888> akna �pl� -ŋ�
<Row Tam d8 akal (akalv-, akaṉṟ-) to spread, widen, extend, depart, go away> akal �akalv-� akaṉṟ-�
<Row Tam d8 akali (-pp-, -tt-) to broaden out, enlarge> akali �-pp-� -tt-�
<Row Tam d8 akaṟṟu (akaṟṟi-) to widen (<i>tr.</i>), broaden, extend, remove, expel, banish> akaṟṟu �akaṟṟi-�
<Row Tam d8 akavu (akavi-) to become long, lengthen out> akavu �akavi-�
<Row Tam d8 āṟṟu (āṟṟi-) to remove, put away> āṟṟu �āṟṟi-�
<Row Kota d8 agalm (obl. agalt-) width> agalm �obl� agalt-�
<Row Kota d8 a·n- (a·ḏ-) to open (mouth) wide; (mouth) is open wide (PSS)> a�n- �a�ḏ-�
<Row Toda d8 ox eṯ- (ox eṯy-) to make broad (foreṯ-, cf. 859)> ox eṯ- �ox eṯy-�
<Row Kannada d8 agal (agald-) to be spacious, extensive, separate from, go away> agal �agald-�
<Row Tam d10 akavu (akavi-) to utter a sound as a peacock, sing, dance as a peacock, call, summon> akavu �akavi-�
<Row Tam d11 akar̤ (-v-, -nt-) to excavate, dig out, pluck out (as eye), uproot; <i>n.</i> moat, tank, reservoir> akaṛ̆ �-v-� -nt-�
<Row Tam d11 ār̤ (-v-, -nt-) to dig> āṛ̆ �-v-� -nt-�
<Row Tam d11 ār̤i (-pp-, -tt-) to dig deep> āṛ̆i �-pp-� -tt-�
<Row Kota d11 av- (avd-) to dig hole with tool> av- �avd-�
<Row Toda d11 aḍ- (aḍQ-) to dig> aḍ- �aḍ�-�
<Row Kannada d11 agar̤ (agar̤d-) to dig> agaṛ̆ �agaṛ̆d-�
<Row Kannada d11 agur̤ (agur̤d-) to dig> aguṛ̆ �aguṛ̆d-�
<Row Kolami d11 agul- (agult-) to dig> agul- �agult-�
<Row Tam d13 Aquilaria agallocha </i>; the drug agar obtained from the tree> �quilaria agallocʰa
<Row Kannada d13 Amyris agallocha </i>; the dark species of <i>> �myris agallocʰa
<Row Kannada d13 Agallochum </i>; fragrance> �gallocʰum
<Row Tulu d13 kari agilů Agallochum > kari agilɯ �gallocʰum
<Row Tam d14 avir̤ (-v-, -nt-) to become loose, untied> aviṛ̆ �-v-� -nt-�
<Row Tam d14 avir̤ (-pp-, -tt-) to loosen, untie, unpack> aviṛ̆ �-pp-� -tt-�
<Row Tam d15 akai (-v-, -nt-) to flourish, sprout> akai �-v-� -nt-�
<Row Tam d15 akai (-pp-, -tt-) to sprout, rise; to raise> akai �-pp-� -tt-�
<Row Mal d15 Artocarpus; avekka to sprout> �rtocarpus� avekka
<Row Tam d16 akai (-v-, -nt-) to be broken, crumpled, suffer> akai �-v-� -nt-�
<Row Tam d16 akai (-pp-, -tt-) to break, cut in pieces, beat, trouble, oppress> akai �-pp-� -tt-�
<Row Kurux d17 axnā (axcas, akkhas) to know, realize, experience, mistake for> axnā �axcas� akkʰas�
<Row Malto d17 áge (aqqa) to know, understand> áge �aqqa�
<Row Kannada d23 akka (nom. sg. akkaṃ i.e> akka �nom� sg� akkaṁ
<Row Kannada d23 nom. pl. akkaṅgaḷ ) elder sister; a woman older than oneself is usually termed> nom� pl� akkaŋgaḷ
<Row maria d23 akkal (pl. akkasku) > akkal �pl� akkasku�
<Row maria d23 akkali (pl. akkasku) > akkali �pl� akkasku�
<Row seoni d23 akkal (pl. akkahku) id> akkal �pl� akkahku�
<Row betul d23 takkā (pl. -hk) > takkā �pl� -hk�
<Row mandla d23 takkār (pl. takkāhk) > takkār �pl� takkāhk�
<Row adil d23 takkā (pl. -k) id. (used only with reference to 2nd and 3rd person). <i>> takkā �pl� -k�
<Row Pengo d24 ako (pl. -r) id> ako �pl� -r�
<Row Kuwi d24 (S. Gramm </i> 63> ��� �ramm
<Row Tam d31 aṅkalāy (-pp-, -tt-) to lament, grieve, sorrow, be envious, covet> aŋkalāy �-pp-� -tt-�
<Row Kota d31 aŋgla·pm desire, liking> aŋgla�pm
<Row Kurux d31 aŋgla'ānā to weep loudly. DED(S) 33> aŋgla�ānā
<Row Tam d34 aṅkā (-pp- -tt-) to open the mouth; <i>n.</i> opening the mouth> aŋkā �-pp- -tt-�
<Row Kota d34 aŋga·v- (aŋga·t) to look upwards. <i>> aŋga�v- �aŋga�t�
<Row Parji d34 aŋalp- (aŋalt-) to gape, open the mouth wide. <i>> aŋalp- �aŋalt-�
<Row Gondi d34 caus. alŋgh- 14)> caus� alŋgʰ
<Row Gondi d34 alŋgih- (Voc 14)> alŋgih- ��oc
<Row Gondi d34 Mand. aŋlā- to open mouth> �and� aŋlā
<Row sunkar d34 aŋgala'- (aŋgalat-) to gape, open> aŋgala�- �aŋgalat-�
<Row Kurux d34 aŋgla'ānā to gape, open the mouth wide, be open> aŋgla�ānā
<Row Kota d35 aŋga·ḍy id> aŋga�ḍy
<Row Tam d37 acaṅku (acaṅki-) to stir, move, shake> acaŋku �acaŋki-�
<Row Tam d37 acakku (acakki-) to shake> acakku �acakki-�
<Row Tam d37 ayakku (ayakki-) to shake> ayakku �ayakki-�
<Row Tam d37 acai (-v-, -nt-) to move, stir, go away> acai �-v-� -nt-�
<Row Tam d37 acai (-pp-, -tt-) to shake (<i>tr.</i>), move, agitate; <i>n.</i> cud, sling for carrying or preserving ōla books> acai �-pp-� -tt-�
<Row Tam d37 ayar (-v-, -nt-) to drive, as a chariot> ayar �-v-� -nt-�
<Row Kodagu d37 ay- (ayp-, ayc-) to send> ay- �ayp-� ayc-�
<Row Kannada d38 fem. asaḍi DED 40> fem� asaḍi
<Row Tam d39 acar (-v-, -nt-) to become faint, drowsy> acar �-v-� -nt-�
<Row Tam d39 acarttu (acartti-) to cause to be drowsy or sluggish> acarttu �acartti-�
<Row Tam d39 acāvu (acāvi-) to droop, languish, grow slack> acāvu �acāvi-�
<Row Tam d39 acai (-v-, -nt-) to be weary, exhausted, grow feeble, walk or ride slowly> acai �-v-� -nt-�
<Row Tam d39 añar (-v-, -nt-) to be lazy, slothful; <i>n.</i> mental distress, disease> añar �-v-� -nt-�
<Row Tam d39 ayar (-v-, -nt-) to lose consciousness (as in fainting, sleep, drunkenness), become weary, forget> ayar �-v-� -nt-�
<Row Tam d39 ayar (-pp-, -tt-) to forget> ayar �-pp-� -tt-�
<Row Tam d39 ayāvu (ayāvi-) to be distressed> ayāvu �ayāvi-�
<Row Tam d43 acai (-pp-, -tt-) to join with (<i>tr.</i>), tie, bind> acai �-pp-� -tt-�
<Row Konda d43 as- (-t-) to stick to, remain stable (in a village). <i>> as- �-t-�
<Row Kurux d43 assᵃgta'ānā to glue, paste or make otherwise adhere> assᵃgta�ānā
<Row Kannada d44 Indigo [fera] aspalathoides </i> Vahl. [Lush. <i>> �ndigo �fera� aspalatʰoides
<Row Kannada d44 I. tinctoria </i> Linn.]. ?> �� tinctoria
<Row OIA d47 Panj > �anj
<Row Tam d49 accu-kkaṭṭu (-kkaṭṭi-) to form a ridge around a field> accu-kkaṭṭu �-kkaṭṭi-�
<Row Kannada d50 Malayāḷa woman> �alayāḷa
<Row Kurux d50 ajjos (voc. ajjō) paternal grandfather> ajjos �voc� ajjō�
<Row OIA d50 Skt. ārya- Pkt> �kt� ārya
<Row Konda d51 as- (-t-) to catch, hold, grasp> as- �-t-�
<Row Pengo d51 ah- (ast-) to seize, take hold of> ah- �ast-�
<Row Manda d51 ah- (-t-) to seize, catch> ah- �-t-�
<Row Kui d51 ahpa (aht-) to hold, seize, take, accept, capture, contain; <i>n.</i> grasp, acceptance, capture, seizure. <i>> ahpa �aht-�
<Row Kuwi d51 ah'nai to seize, hold> ah�nai
<Row sunkar d51 ah- (ast-) to seize, take hold of. DED(S) 48> ah- �ast-�
<Row bisam d51 ah- (ast-) to seize, take hold of. DED(S) 48> ah- �ast-�
<Row Tam d55 añcu (añci-) to fear, dread; <i>n.</i> fear, terror> añcu �añci-�
<Row Tam d55 añcikkai (coll.) fear> añcikkai �coll��
<Row Kota d55 anj- (anj-) to fear> anj- �anj-�
<Row Kota d55 anjrc- (anjrc-) to terrify> anjrc- �anjrc-�
<Row Toda d55 oζ- (oj-) to fear> o�- �oj-�
<Row Toda d55 oζk fear> o�k
<Row Toda d55 ojuṟt- (ojuṟty-) to terrify (*uṟt-to cause to be, cf. 710 Ta.uṟuttu)> ojuṟt- �ojuṟty-�
<Row Kui d55 aja (aji-) to fear; <i>n.</i> fear, dread> aja �aji-�
<Row Kui d55 aska (aski-) pl. action; aji fear, terror> aska �aski-� pl� action� aji
<Row Kui d55 aspa (ast-) to cause to fear. <i>> aspa �ast-�
<Row Mal d62 aṭakkā-maṇiyan Sphaeranthus indicus (maṇiyan a kind of paddy)> aṭakkā-maṇiyan �pʰaerantʰus indicus �maṇiyan
<Row Kannada d62 S. indicus </i> Lin. (kasaweed)> �� indicus
<Row Kannada d62 Cucumis pubescens </i> Willd> �ucumis pubescens
<Row Tulu d62 aḍake-bāre C. pubescens DED 55> aḍake-bāre �� pubescens
<Row Tam d63 aṭaṅku (aṭaṅki-) to submit, be subdued, be compressed, cease, disappear, be comprised, settle, subside, sleep> aṭaŋku �aṭaŋki-�
<Row Tam d63 aṭakku (aṭakki-) to control, repress, hide, conceal, bury> aṭakku �aṭakki-�
<Row Kota d63 aṛg- (aṛgy-) to stop, be obedient> aṛg- �aṛgy-�
<Row Kota d63 aṛk- (aṛky-) to cause to stop> aṛk- �aṛky-�
<Row Kota d63 aṛkm (obl. aṛkt-) act of making submit, burial> aṛkm �obl� aṛkt-�
<Row Toda d63 oḍg- (oḍgy-) to be quiet, find sleeping accommodation in a crowded place> oḍg- �oḍgy-�
<Row Toda d63 oṛk- (oṛky-) to subdue, give sleeping accommodation in a crowded place> oṛk- �oṛky-�
<Row Toda d63 oḍkm (obl. oḍkt-) submission, burial> oḍkm �obl� oḍkt-�
<Row Kodagu d63 aḍak- (aḍaki-) to hold in closed hands> aḍak- �aḍaki-�
<Row Kolami d63 ḍāŋg- (ḍāŋkt-) to hide> ḍāŋg- �ḍāŋkt-�
<Row Kolami d63 ḍāp- (ḍāpt-) to hide> ḍāp- �ḍāpt-�
<Row Kolami d63 ḍāŋgip- (ḍāŋgipt-) to hide> ḍāŋgip- �ḍāŋgipt-�
<Row Naikri d63 caus. ḍhāŋgip-; ḍhāp- to cover, hide> caus� ḍʰāŋgip-� ḍʰāp
<Row Konda d63 ḍāŋ- (-it-) to lie hidden, hide oneself> ḍāŋ- �-it-�
<Row Kui d63 ḍāpa (ḍāt-) to lie in wait for> ḍāpa �ḍāt-�
<Row Kui d63 āṛpa (āṛt-) to hide (<i>tr.</i>), conceal> āṛpa �āṛt-�
<Row Kui d63 āṭpa (āṭt-) to hide (<i>tr.</i>), conceal> āṭpa �āṭt-�
<Row OIA d63 nos. 5574 *ḍhakk- 5579> nos� ���� �ḍʰakk
<Row OIA d63 *ḍhaṅk- 5579> �ḍʰaŋk
<Row OIA d63 *ḍhapp- to cover. DED (S, N) 56(<i>a</i>)> �ḍʰapp
<Row OIA d63 *ḍhamp- to cover. DED (S, N) 56(<i>a</i>)> �ḍʰamp
<Row OIA d64 Pkt. haḍappa- small case for holding ornaments, betel, or money, OMar> �kt� haḍappa
<Row OIA d64 Pkt. haḍappha- small case for holding ornaments, betel, or money, OMar> �kt� haḍappʰa
<Row Kannada d65 I. biloba </i> Forsk> �� biloba
<Row Tulu d65 I. maritima. [I. biloba </i> Linn.]. DED 59> �� maritima� ��� biloba
<Row Tulu d65 maritima = C. pes caprae </i> Linn.]. DED 59> maritima � �� pes caprae
<Row Mal d70 fem. aṭī interj. calling persons of lower rank> fem� aṭī
<Row Mal d70 hon. aṭō interj. calling persons of lower rank> hon� aṭō
<Row Tam d71 ạṭāvaṭi outrage, violence> �ṭāvaṭi
<Row Mal d72 fem. aṭiyātti > fem� aṭiyātti
<Row Konda d72 aḍgiR that which is underneath> aḍgi�
<Row Konda d72 aḍgiRi that which is underneath> aḍgi�i
<Row Konda d72 aḍgiRaṇḍ from below, from the bottom. DED(S) 63> aḍgi�aṇḍ
<Row Tam d74 aṭi (-pp-, -tt-) to flap, twitch, move spasmodically, blow (as the wind)> aṭi �-pp-� -tt-�
<Row Kannada d74 be afraid; n </i> tremor, whirling confusion of mind, fear. Te> be afraid� n
<Row Kolami d74 aḍg- (aḍakt-) (pulse,na·ḍi) throbs. DED(S) 65> aḍg- �aḍakt-�
<Row Tam d76 aṭu (aṭuv-, aṭṭ-) to cook, roast, fry, boil, melt> aṭu �aṭuv-� aṭṭ-�
<Row Kota d76 aṛ- (aṭ-) to cook by boiling, bake (pots)> aṛ- �aṭ-�
<Row Toda d76 oṛ- (oṭ-) to cook> oṛ- �oṭ-�
<Row Kannada d76 aḍu (aṭṭ-) to cook, boil, dress, prepare a meal, mature <i>> aḍu �aṭṭ-�
<Row Kodagu d76 aḍigeka·rë cook> aḍigeka�rə
<Row Kodagu d76 fem. aḍigekarati > fem� aḍigekarati
<Row Konda d76 aṭk- (-t-) to burn (heaps of hacked forest-wood, before starting pōṛu cultivation), set fire to> aṭk- �-t-�
<Row Kui d76 aṭa (aṭi-) to heat or boil a liquid> aṭa �aṭi-�
<Row Kui d76 pl. action aṭka (aṭki-) > pl� action aṭka �aṭki-�
<Row Kannada d76 Cf > �f
<Row Tam d77 aṭu (aṭuv-, aṭṭ-) to pound (as rice), kill, destroy, conquer> aṭu �aṭuv-� aṭṭ-�
<Row Tam d77 aṭi (-pp-, -tt-) to beat, strike, dash against, strike, defeat, overcome, slay, punish; <i>n.</i> blow, stroke> aṭi �-pp-� -tt-�
<Row Tam d77 aṭar (-v-, -nt-) to beat, strike, mould by beating> aṭar �-v-� -nt-�
<Row Tam d77 aṭar (-pp-, -tt-) to attack, kill, destroy; <i>n.</i> troubling, oppressing; thin flat plate of metal, esp. gold> aṭar �-pp-� -tt-�
<Row Kota d77 ayṛ- (aṛc-) to strike (ball in game)> ayṛ- �aṛc-�
<Row Kota d77 aṛymuṛy gey- (gec-) to win over someone (<i>acc.</i>) in a fight (formuṛy, see 4922 Ta.muṭi)> aṛymuṛy gey- �gec-�
<Row Kodagu d77 aḍi- (aḍip-, aḍic-) (lightning) strikes (song word)> aḍi- �aḍip-� aḍic-�
<Row Telugu d77 aṭukulu (pl.) rice wetted, parched and flattened, beaten rice> aṭukulu �pl��
<Row Konda d77 aṭ- (-t-) to hit, as an arrow> aṭ- �-t-�
<Row Konda d77 ḍak- (-t-) to beat, strike, beat (as a drum)> ḍak- �-t-�
<Row Konda d77 ḍaŋ- (-it-) to be beaten (as a drum); to beat a drum> ḍaŋ- �-it-�
<Row Konda d77 ḍas- (-t-) to pound (as paddy or any raw grain)> ḍas- �-t-�
<Row Kui d77 ḍāmba (ḍāmbi-) to pound, crush by pounding; <i>n.</i> pounding, crushing. <i>> ḍāmba �ḍāmbi-�
<Row sunkar d77 ḍamb- (-it-) to be broken> ḍamb- �-it-�
<Row Kuwi d77 ḍap- (-h-) to break. DED(S, N) 67> ḍap- �-h-�
<Row Tam d78 aṭu (-pp-, -tt-) to be fit, becoming, deserving> aṭu �-pp-� -tt-�
<Row Tam d78 aṇṭu (aṇṭi-) to fit, be appropriate to> aṇṭu �aṇṭi-�
<Row Konda d78 aṭ- (-t-) to be able> aṭ- �-t-�
<Row Pengo d78 aḍ- (aṛt-) id> aḍ- �aṛt-�
<Row Kui d78 āḍa (āḍi-) to be suitable, fitting, proper, convenient, excellent, good, handsome; to suit, fit, agree> āḍa �āḍi-�
<Row Kui d78 pl. action āṭka (āṭki-) > pl� action āṭka �āṭki-�
<Row sunkar d78 aḍ- (-it-) > aḍ- �-it-�
<Row Kuwi d78 aṙdali > a�dali
<Row Kuwi d78 āḍ- (-it-) to be able> āḍ- �-it-�
<Row Tam d79 aṭu (-pp-, -tt-) to be next, near, approach, come in contact with, seek protection; to join (<i>tr.</i>), join together; to happen, occur> aṭu �-pp-� -tt-�
<Row Tam d79 aṭai (-v-, -nt-) to reach, arrive at, take refuge in, go to roost, sit on eggs as a hen, obtain, get, enjoy> aṭai �-v-� -nt-�
<Row Tam d79 aṭai (-pp-, -tt-) to lease, entrust, bestow; <i>n.</i> joining, delivering, conveying, resort, refuge, deposit, incubation> aṭai �-pp-� -tt-�
<Row Tam d79 aṭaiccu (aṭaicci-) to put, place, insert (as flowers in the hair)> aṭaiccu �aṭaicci-�
<Row Tam d79 aṭaicu (aṭaici-) to be joined, placed> aṭaicu �aṭaici-�
<Row Tam d79 aṭṭu (aṭṭi-) to put, place, put on> aṭṭu �aṭṭi-�
<Row Mal d79 aṭuka (aṭṭu) to come into contact, come to be close upon> aṭuka �aṭṭu�
<Row Kota d79 aṛ- (aṭ-) (something) happens to a person> aṛ- �aṭ-�
<Row Toda d79 nes̱oṭ- (nes̱oṭy-) to put to forehead in salutation, put forehead to something (e.g. ground) ceremonially (nes̱nground, 3676)> nes̱oṭ- �nes̱oṭy-�
<Row Toda d79 tes̱oṛ- (tes̱oṭ-) to place cover on oneself (or someone else) for sleeping (tes̱, cf. 3142teł&lt;-&gt; [teṯ-]to wrap tightly [garment])> tes̱oṛ- �tes̱oṭ-�
<Row Kodagu d79 aḍï- (aḍïp-, aḍït-) to approach> aḍɨ- �aḍɨp-� aḍɨt-�
<Row Kui d79 aḍa (aḍi-) to be associated with, joined to, united with, associate with, accompany, aid, assist, help; <i>n.</i> association, assistance, help> aḍa �aḍi-�
<Row Kui d79 aṭka (aṭki-) pl. action; aṭpa (aṭt-) to join (<i>tr.</i>), unite, associate> aṭka �aṭki-� pl� action� aṭpa �aṭt-�
<Row Kui d79 aṛpa (aṛt-) to mix, put together, unite (comm. by P. S. Subrahmanyam)> aṛpa �aṛt-�
<Row Kui d79 ṛānja (ṛānji-) to be married; marry; <i>n.</i> marriage> ṛānja �ṛānji-�
<Row Kui d79 pl. action ṛāska (ṛāski-); ṛāspa (ṛāspi-) to give in marriage; <i>n.</i> giving in marriage> pl� action ṛāska �ṛāski-�� ṛāspa �ṛāspi-�
<Row Kui d79 ṛāppa (ṛāpt-) to balance one word or phrase by another [echo-words, etc.]. <i>> ṛāppa �ṛāpt-�
<Row Tam d80 aṭukku (aṭukki-) to pile up one on top of another, heap up in order; <i>n.</i> pile, series, row, tier> aṭukku �aṭukki-�
<Row Kota d80 aṛg- (aṛgy-) to be piled up in order> aṛg- �aṛgy-�
<Row Kota d80 aṛk- (aṛky-) to pile up in order> aṛk- �aṛky-�
<Row Kota d80 aṛkm (obl. aṛkt-) piling up in order> aṛkm �obl� aṛkt-�
<Row Toda d80 oḍg- (oḍgy-) to be piled up in order> oḍg- �oḍgy-�
<Row Toda d80 oṛk- (oṛky-) to pile> oṛk- �oṛky-�
<Row Kodagu d80 aḍaŋg- (aḍaŋgi-) to be piled in order, filling space> aḍaŋg- �aḍaŋgi-�
<Row Kodagu d80 aḍak- (aḍaki-) to heap in order, filling space, to arrange formally> aḍak- �aḍaki-�
<Row Kui d81 jāpa (jāt-) to request a favour, beg, ask, borrow, pray; <i>n.</i> request, entreaty, act of begging; (for*ṭ: Kuij, see Burrow and Bhattacharya, <i><xref="iij">IIJ</xref="iij"></i> 5.122). ?> jāpa �jāt-�
<Row Tam d81 aḷavu (aḷavi-) to inquire after one's health. ?> aḷavu �aḷavi-�
<Row Tulu d81 caus. naṭṭāvuni; naṭṭu begging, beggarly> caus� naṭṭāvuni� naṭṭu
<Row Tam d83 aṭai (-pp-, -tt-) to shut, close, obstruct, block (as a passage), stop up, put in, pack, lock, fasten, imprison, conceal; to be obstructed (as the ear, throat)> aṭai �-pp-� -tt-�
<Row Tam d83 aṭaiccu (aṭaicci-) to shut, close> aṭaiccu �aṭaicci-�
<Row Kota d83 aṛv- (aṛd-) to become blocked by an obstacle, (throat) becomes choked with tears; (aṛt-) (door) shuts; to shut (door, hole), shut up (cattle)> aṛv- �aṛd-�
<Row Toda d83 aṛf- (aṛt-) to shut> aṛf- �aṛt-�
<Row Toda d83 oḍ fïḍQ- to prostrate oneself (lit. fall horizontal)> oḍ fɨḍ�
<Row Toda d83 oḍQ awkward, ugly> oḍ�
<Row Kodagu d83 aḍe- (aḍev-, aḍand-) (gap) is stopped> aḍe- �aḍev-� aḍand-�
<Row Kodagu d83 aḍa- (aḍap-, aḍat-) to stop (gap, hole)> aḍa- �aḍap-� aḍat-�
<Row Kodagu d83 aḍḍa bu·ḷ- to prostrate oneself (lit. fall horizontal)> aḍḍa bu�ḷ
<Row Konda d83 aḍi- (-t-) to stop, intercept> aḍi- �-t-�
<Row Kurux d83 aḍnā (aḍcas to furnish (a drum) with skin, cover it with leather, (birds or bees) construct a nest or honeycomb, stop stubbornly where one is (a naughty child, intrepid combatants, etc.)> aḍnā �aḍcas
<Row Kurux d83 aḍḍas) to furnish (a drum) with skin, cover it with leather, (birds or bees) construct a nest or honeycomb, stop stubbornly where one is (a naughty child, intrepid combatants, etc.)> aḍḍas�
<Row Kurux d83 āṛē (? aṛē) oblique, across> āṛē �� aṛē�
<Row OIA d83 nos. 187-190 (also O > nos� ���-��� �also �
<Row Tam d84 aṭai (-v-, -nt-) to collect, gather (as dust), become close, compact, hard (as sand by rain)> aṭai �-v-� -nt-�
<Row Tam d84 aṭaicu (aṭaici-) to crowd, get close together, shower upon> aṭaicu �aṭaici-�
<Row Tam d84 aṭar (-v-, -nt-) to be close together, thick, crowded; to press around, hem in> aṭar �-v-� -nt-�
<Row Tam d84 aṭi (-pp-, -tt-) to be on the increase, abound> aṭi �-pp-� -tt-�
<Row Tam d84 aṭacu (aṭaci-) to be crowded> aṭacu �aṭaci-�
<Row Tam d85 aṭai (-v-, -nt-) to be preserved (as pickles)> aṭai �-v-� -nt-�
<Row Kannada d88 Areca catechu </i> Lin., and its nut> �reca catecʰu
<Row Toda d89 oḍyo·ḷm sign> oḍyo�ḷm
<Row Kannada d90 Pothos scandens </i> Lin> �otʰos scandens
<Row Tulu d90 P. scandens </i> DED 80> �� scandens
<Row Toda d93 oṭm (obl. oṭt-) place for firewood made of cords tied from side rafters to roof> oṭm �obl� oṭt-�
<Row Telugu d93 aṭṭuka (aṭaka, aṭuka, aḍuku) (aṭava, aṭṭām) attic> aṭṭuka �aṭaka� aṭuka� aḍuku�
<Row muria d93 aṭṭe (pl. -ŋ) laths laid across rafters of roof> aṭṭe �pl� -ŋ�
<Row maria d93 aṭṭe (pl. -ŋ) laths laid across rafters of roof> aṭṭe �pl� -ŋ�
<Row Kannada d94 etc.; s.v. 83 > etc�� s�v� �
<Row Telugu d95 aḍḍigalu (pl.) ornament worn round the neck by women. DED 85> aḍḍigalu �pl��
<Row Tam d96 aṭṭu (aṭṭi-) to join, stick, paste> aṭṭu �aṭṭi-�
<Row Kolami d96 aṭ- (aṭt-) to stick (<i>intr.</i>), (child) attaches itself to breast> aṭ- �aṭt-�
<Row Kolami d96 aṭip- (aṭipt-) to stick (<i>tr.</i>), put (child) to breast> aṭip- �aṭipt-�
<Row Pengo d96 anḍ- (-t-) to stick to, adhere. <i>> anḍ- �-t-�
<Row sunkar d96 aṭ- (-it-) to get stuck> aṭ- �-it-�
<Row Tam d97 aṭṭu (aṭṭi-) to be discharged as pus, flow as honey; to pour> aṭṭu �aṭṭi-�
<Row Kota d97 aṭ- (ac-) to pour> aṭ- �ac-�
<Row Kota d97 naṛ- (naṭ-) (sweat) streams (dative of person)> naṛ- �naṭ-�
<Row Toda d97 oṭ- (oṭy-) to pour> oṭ- �oṭy-�
<Row Kota d103 aḍi·ḷm breadth, broad> aḍi�ḷm
<Row Kota d104 aḍm (obl. aḍt-) two-anna piece> aḍm �obl� aḍt-�
<Row Kolami d109 aḍḍ- (aṭt-) to thirst for> aḍḍ- �aṭt-�
<Row salur d109 aṇ- (aṇḍ-) (hunger or thirst) is felt> aṇ- �aṇḍ-�
<Row Tam d110 aṇa (-pp-, -nt-) to lift the head> aṇa �-pp-� -nt-�
<Row Tam d110 aṇar (-v-, -nt-) to rise, move upwards> aṇar �-v-� -nt-�
<Row Tam d110 aṇavu (aṇavi-) to go upward, ascend> aṇavu �aṇavi-�
<Row Tam d112 aṇaṅku (aṇaṅki-) to suffer, be distressed, be slain; to afflict; <i>n.</i> pain, affliction, killing> aṇaŋku �aṇaŋki-�
<Row Tam d112 aṉuṅku (aṉuṅki-) to suffer pain, be in distress, fade, droop> aṉuŋku �aṉuŋki-�
<Row Tam d112 aṉukku (aṉukki-) to distress, cause to suffer, ruin> aṉukku �aṉukki-�
<Row Tam d115 aṇāppu (aṇāppi-) to deceive> aṇāppu �aṇāppi-�
<Row Tam d116 aṇi (-v-, -nt-) to be beautiful, be an ornament; to adorn, wear (as jewels), describe in embellished language; <i>n.</i> decoration, ornament, beauty> aṇi �-v-� -nt-�
<Row Kodagu d116 aṇi- (aṇiv-, aṇiñj-) to wear, enjoy (jewels) (song word)> aṇi- �aṇiv-� aṇiñj-�
<Row Kannada d119 Terminalia chebula </i> Roxb> �erminalia cʰebula
<Row Tulu d119 T. chebula; alḍe-kāyi gall-nut, <i>> �� cʰebula� alḍe-kāyi
<Row Tulu d119 T. c </i> DED(S) 101> �� c
<Row Tam d120 aṇai (-v-, -nt-) to approach, come near, touch, come in contact with, copulate with; (-pp-, -tt-) to join, put close (as earth to a tree), embrace, hold, tie, fasten (as animals), tie up in a bunch; <i>n.</i> coition; a yoke of oxen> aṇai �-v-� -nt-�
<Row Tam d120 aṇavu (aṇavi-) to go near, approach, come close to, embrace> aṇavu �aṇavi-�
<Row Tam d120 aṇāvu (aṇāvi-) to approach> aṇāvu �aṇāvi-�
<Row Tam d120 aṇa (-pp-, -nt-) to be joined, united> aṇa �-pp-� -nt-�
<Row Tam d120 aṇaṅku (aṇaṅki-) id> aṇaŋku �aṇaŋki-�
<Row Tam d120 aṇi (-v-, -nt-) to join with <i>> aṇi �-v-� -nt-�
<Row Tam d120 aṇuku (aṇuki-) to approach> aṇuku �aṇuki-�
<Row Tam d120 fem. aṇukki; aṇṇu (aṇṇi-) to approach, draw near, join, unite with> fem� aṇukki� aṇṇu �aṇṇi-�
<Row Tam d120 aṇmu (aṇmi-) to approach> aṇmu �aṇmi-�
<Row Tam d120 aṇpu (aṇpi-) to approach> aṇpu �aṇpi-�
<Row Tam d120 aṇṭu (aṇṭi-) to approach, take refuge in> aṇṭu �aṇṭi-�
<Row Kota d120 aṇḍ- (aṇḍy-) to be in same place with, approach, be in or move into place to seize prey> aṇḍ- �aṇḍy-�
<Row Kota d120 aṇḍc- (aṇḍc-) to set (a thing) in place> aṇḍc- �aṇḍc-�
<Row Telugu d120 aṇṭalu (pl.) crowd, crowds> aṇṭalu �pl��
<Row Kuwi d120 aṇḍ- (-it-) to mix> aṇḍ- �-it-�
<Row Kuwi d120 (F.) aṇḍatasi partner> ���� aṇḍatasi
<Row Kuwi d120 anḍ- (-it-) to join, unite with> anḍ- �-it-�
<Row Kuwi d120 aṭ- (aṭh-) to mix> aṭ- �aṭʰ-�
<Row Kuwi d120 (S.) aṭhinai to add> ���� aṭʰinai
<Row Kurux d120 ā̃ṛsta'ānā to make reach, deliver, touch (with the help of some instrument), overtake> ā̃ṛsta�ānā
<Row Tam d121 aṇai (-v-, -nt-) to be extinguished> aṇai �-v-� -nt-�
<Row Tam d121 aṇai (-pp-, -tt-) to quench, extinguish> aṇai �-pp-� -tt-�
<Row Tam d121 aṇaṅku (aṇaṅki-) to die, be slain> aṇaŋku �aṇaŋki-�
<Row Kota d122 e·ṯ aṇ edge of bank or stream or tank (fore·ṯ, see 916, 5159)> e�ṯ aṇ
<Row Kota d123 aṇa·r by the help of> aṇa�r
<Row Kodagu d126 ma·ŋge a·ṇḍi mango stone> ma�ŋge a�ṇḍi
<Row OIA d126 Skt. aṣṭi- kernel> �kt� aṣṭi
<Row Kurux d126 Malt. aṭi are borrowed from NIA. DED 106> �alt� aṭi
<Row Kannada d128 Carallia integerrima </i> Merr> �arallia integerrima
<Row Tulu d128 aṇḍipuṇārů C. integerrima DED 108> aṇḍipuṇārɯ �� integerrima
<Row Gondi d131 tannàl id. (<i>Voc.</i> 1652)> tann�l
<Row Konda d131 ana (pl. aneŋ id.; father's father> ana �pl� aneŋ
<Row Konda d131 anar) id.; father's father> anar�
<Row Tam d133 atakku (atakki-) to grind, rub in the hand, press softly as fruit, cram in the mouth as betel, subdue, subject, control> atakku �atakki-�
<Row Tam d133 atuṅku (atuṅki-) to be forced out or in by pressure, be stuffed in, compressed> atuŋku �atuŋki-�
<Row Tam d133 atukku (atukki-) to press with fingers (as a ripe fruit or boil), squeeze, pinch (as the stomach in grief), bite (as one's lips), chew, stuff into the mouth; <i>n.</i> state of being pressed in (as of parts of a vessel)> atukku �atukki-�
<Row Kolami d133 adum- (adumt-) to press> adum- �adumt-�
<Row Tam d137 atir (-v-, -nt-) to shake, quake, tremble (as by an earthquake, the fall of a tree, the rolling of chariots), be startled, alarmed, resound (as thunder), reverberate, sound (as a drum), roar (as beasts); (-pp-, -tt-) to alarm by shouting, intimidate, rebuke, thunder, roar (as the sea)> atir �-v-� -nt-�
<Row Kannada d137 adir vb.; adarisu to make tremble, shake> adir vb�� adarisu
<Row Tam d137 atir (-v-, -nt-) to shake, quake, tremble (as by an earthquake, the fall of a tree, the rolling of chariots), be startled, alarmed, resound (as thunder), reverberate, sound (as a drum), roar (as beasts); (-pp-, -tt-) to alarm by shouting, intimidate, rebuke, thunder, roar (as the sea)> atir �-v-� -nt-�
<Row Kannada d137 adir vb.; adarisu to make tremble, shake> adir vb�� adarisu
<Row Tam d137 atampu (atampi-) to speak intemperately, rebuke> atampu �atampi-�
<Row Tam d138 J. angustifolium </i> DED 119> �� angustifolium
<Row Kui d139 a. āva to be surprised, astonished, wonder at, fear> a� āva
<Row Kuwi d139 a. kīali to surprise. DEDS 23> a� kīali
<Row Tam d140 atai (-pp-, -tt-) to swell, be puffed up, grow arrogant, become proud> atai �-pp-� -tt-�
<Row Naikri d142 atiak (pl. -ev) father's sister> atiak �pl� -ev�
<Row OIA d142 nos. 221 > nos�
<Row Tam d144 Ficus glomerata; ata id> �icus glomerata� ata
<Row Mal d144 atti F. racemosa; attiṅṅa green figs or plantains (cf. 1459 Ta.kāy)> atti �� racemosa� attiŋŋa
<Row Tulu d144 arti F. racemosa; attasa > arti �� racemosa� attasa
<Row Telugu d144 atti F. glomerata > atti �� glomerata
<Row Si d144 attikkā. [F. glomerata Roxb. = <i>> attikkā� ��� glomerata
<Row Si d144 F. racemosa </i> Wall.] DED(S) 123> �� racemosa
<Row Tam d145 attu (atti-) to unite (as two or more parts), make to fit in with one another, apply (as medicine); <i>n.</i> sewing> attu �atti-�
<Row Konda d145 atki- (-t-) to attach, join (any broken part); to be joined, attached> atki- �-t-�
<Row Tam d149 attu (atti-) to reach> attu �atti-�
<Row Konda d149 and- (andit- to reach, be within reach> and- �andit
<Row Konda d149 ant-) to reach, be within reach> ant-�
<Row Kannada d150 Tinea oryzella </i> Kl. DED 128> �inea oryzella
<Row Kolami d151 a·nduk (pl. a·ndugul) id. (the recording uncertain). DED(S) 129> a�nduk �pl� a�ndugul�
<Row Tam d154 Ageratum conyzoides (koṭi creeper)> �geratum conyzoides �koṭi
<Row Mal d154 Ageratum; Ceanothus caerulea </i> Rh. DED 131> �geratum� �eanotʰus caerulea
<Row Naikri d156 appok (pl. appokuḷ) wife's younger brother. <i>> appok �pl� appokuḷ�
<Row Kui d156 āpo (pl. āporu) boy, son> āpo �pl� āporu�
<Row Naikri d156 appok (pl. appokuḷ) wife's younger brother. <i>> appok �pl� appokuḷ�
<Row Kui d156 āpo (pl. āporu) boy, son> āpo �pl� āporu�
<Row Tam d157 appu (appi-) to stick with the hand (as sandal paste), plaster with a trowel (as mortar), apply repeatedly (as a fomentation), press against (as in wrestling), thrust in the mouth> appu �appi-�
<Row Tam d157 appaḷi (-pp-, -tt-) to remove unevenness in the wall by placing pieces of brick or tile with chunam when plastering> appaḷi �-pp-� -tt-�
<Row Kota d157 ap- (apy-) to throw (clay) into crevice to stop it, beat strongly with hand> ap- �apy-�
<Row Tam d160 amaṭṭu (amaṭṭi-) to hector, bully, intimidate; <i>n.</i> threat, menace> amaṭṭu �amaṭṭi-�
<Row Tam d161 amar (-v-, -nt-) to abide, remain, become tranquil, rest, be deposited (as a sediment), become close and hard (as sand by rain), be engaged (as a house), become established (as in a work)> amar �-v-� -nt-�
<Row Tam d161 amarttu (amartti-) to make quiet, restrain, engage (as a house, servant), establish (as one in life)> amarttu �amartti-�
<Row Tam d161 amai (-v-, -nt-) become still, quiet, subside, be satisfied, acquiesce, be settled, fixed up, abide, remain; (-pp-, -tt-) cause to be still, patient, control> amai �-v-� -nt-�
<Row Tam d162 amar (-v-, -nt-) to get close to, resemble, be suitable, wish, desire, do, perform> amar �-v-� -nt-�
<Row Tam d162 amai (-v-, -nt-) to crowd together, be close, be attached, connected, joined, suffice, prepare (oneself), be suitable, appropriate, be complete, prepare; (-pp-, -tt-) to effect, accomplish, create, appoint, institute, bring together, prepare, get ready; <i>n.</i> fitness, beauty> amai �-v-� -nt-�
<Row Toda d162 tes̱amf- (tes̱amt-) to perform ceremony of cutting child's hair and giving name (*talayhead, hair [3103] +*amay-to prepare)> tes̱amf- �tes̱amt-�
<Row Kannada d162 amar (amard-) to be closely united, gather in a mass, be connected with, be produced, arise, appear, be fit or agreeable, be nice or becoming, be known or famous, fit, agree with, seize firmly, embrace> amar �amard-�
<Row Tam d164 amal (amalv-, amaṉṟ-) to be close, thickly grown; <i>n.</i> fulness> amal �amalv-� amaṉṟ-�
<Row Tam d164 amai (-v-, -nt-) to crowd together, be close> amai �-v-� -nt-�
<Row Tam d167 amir̤ (-v-, -nt-) to be immersed, plunged, sink> amiṛ̆ �-v-� -nt-�
<Row Tam d167 amir̤ttu (amir̤tti-) to cause to sink, immerse, engulf, drown, press down, cover (as eyelids the eyes)> amiṛ̆ttu �amiṛ̆tti-�
<Row Tam d167 amir̤ntu (amir̤nti-) to sink> amiṛ̆ntu �amiṛ̆nti-�
<Row Kannada d168 P. flexuosa </i> Lin. = <i>> �� flexuosa
<Row Kannada d168 W. somnifera </i> Dunal.]. DED 142> �� somnifera
<Row Tam d169 amuṅku (amuṅki-) to sink, be pressed down, crushed (as by a weight), mashed (as ripe fruit)> amuŋku �amuŋki-�
<Row Tam d169 amukku (amukki-) to crush, press, squeeze (as a fruit, a boil), press down, press in or under (as a vessel into water) overcome, repress; <i>n.</i> pressure (as in a nightmare), thing that compresses, incumbent weight> amukku �amukki-�
<Row Kota d169 amg- (amgy-) to be pressed hard> amg- �amgy-�
<Row Kota d169 amk- (amky-) to press hard, make to keep quiet> amk- �amky-�
<Row Kota d169 amc- (amc-) to press, throw (woman) on ground to rape> amc- �amc-�
<Row Toda d169 omx- (omxy-) to be pressed down> omx- �omxy-�
<Row Toda d169 omg- (omgy-) to be pressed down> omg- �omgy-�
<Row Toda d169 omk- (omky-) to press down> omk- �omky-�
<Row Tulu d169 amatụpattuni to press, hold in the arms, hug> amat�pattuni
<Row Mal d170 Saccharum sara </i> a bamboo. ? <i>> �accʰarum sara
<Row OIA d170 Bambusa spinosa </i> DED(S) 144> �ambusa spinosa
<Row gowda d171 amE purification after childbirth. Tu> am�
<Row Kolami d174 aṁbāl food> a�bāl
<Row Telugu d178 ampaṟa (pl.) arrows> ampaṟa �pl��
<Row Pengo d178 am (pl. apku) id> am �pl� apku�
<Row Manda d178 amb (pl. apke) id> amb �pl� apke�
<Row Kui d178 āmbu (pl. āpka) id., arrowhead> āmbu �pl� āpka�
<Row Kuwi d178 ambū (pl. apka) arrowhead> ambū �pl� apka�
<Row sunkar d178 ambu (pl. apka) arrow> ambu �pl� apka�
<Row Kota d183 amno·r mother goddess of the Kota trinity> amno�r
<Row Kota d183 amna·c mother goddess of the Kota trinity> amna�c
<Row Kodagu d183 fem. ammati > fem� ammati
<Row Kolami d183 amma (pl. ammanev) mother> amma �pl� ammanev�
<Row Kolami d183 avre ta·k ammaner their parents (ta·kfather)> avre ta�k ammaner
<Row Naikri d183 amma ta·k parents> amma ta�k
<Row seoni d183 ammal (pl. ammahku) mother's mother> ammal �pl� ammahku�
<Row Konda d183 ama (pl. amek) grandmother; used in addressing wife in a folktale> ama �pl� amek�
<Row Tam d185 ammu (ammi-) to dissemble, act with reserve and duplicity> ammu �ammi-�
<Row Kurux d187 emta'ānā to help one to bathe, bathe (a child, corpse)> emta�ānā
<Row Tam d190 ayir (-pp-, -tt-) to suspect; <i>n.</i> doubt, suspicion> ayir �-pp-� -tt-�
<Row Tam d191 Cobitis thermalis; ayilai a kind of fish> �obitis tʰermalis� ayilai
<Row Kolami d194 ayk- (ayakt-) to sweep away> ayk- �ayakt-�
<Row Kolami d194 ayak (obl. ayk-) rubbish> ayak �obl� ayk-�
<Row Parji d194 ayp- (ayt-) id > ayp- �ayt-� id
<Row salur d194 ayk- (ayt-) id> ayk- �ayt-�
<Row Parji d195 kaŋg [i.e. Panicum italicum cf. Turner> kaŋg �i�e� �anicum italicum
<Row Gadaba d195 koṟṟalu [i.e. Setaria italica]. [Setaria italica Beauv. = <i>> koṟṟalu �i�e� �etaria italica�� ��etaria italica
<Row Gadaba d195 Panicum italicum </i> Linn.] DEDS 28> �anicum italicum
<Row Toda d196 eyi· (voc. eya· ) id> eyi� �voc� eya�
<Row Kodagu d196 tammayya·n younger brother> tammayya�n
<Row Toda d196 eyi· (voc. eya· ) id> eyi� �voc� eya�
<Row Kodagu d196 tammayya·n younger brother> tammayya�n
<Row Kota d196 aya· excl. of surprise or grief> aya�
<Row Kota d196 aya· ava· excl. of grief> aya� ava�
<Row Toda d196 eya· excl. of surprise> eya�
<Row Konda d197 ar- (-t-) id> ar- �-t-�
<Row Pengo d197 ar- (-t-) id> ar- �-t-�
<Row Manda d197 er- (-t-) id. DEDS(N) 29> er- �-t-�
<Row Kannada d201 arasa (in cpds. ara-) king, lord> arasa �in cpds� ara-�
<Row OIA d201 gen. sg of> gen� sg
<Row Tam d201 Epigraphia Indica </i> 35.247-52 (1961). DED 167> �pigrapʰia �ndica
<Row Tam d202 Ficus religiosa; arai a tree, prob. pipal (Tolk.)> �icus religiosa� arai
<Row Kolami d202 ra·vi id> ra�vi
<Row Mal d206 aratta Alpinia galanga DEDS 32> aratta �lpinia galanga
<Row Tam d210 Nerium odorum; araḷi fetid tree> �erium odorum� araḷi
<Row Mal d210 alari Nerium odorum; Plumeria acuminata DED 173> alari �erium odorum� �lumeria acuminata
<Row Tam d212 ari (-v-, -nt-) to cut off, nip off; (-pp-, -tt-) to gnaw as white ants; <i>n.</i> cutting> ari �-v-� -nt-�
<Row Tam d212 arakku (arakki-) to clip off, prune, cut, sever> arakku �arakki-�
<Row Toda d212 ark- (arky-) to chip, cut square (end of plank or post)> ark- �arky-�
<Row Kannada d212 ari (arid-) to cut or lop off; <i>n.</i> cutting off, gnawing as vermin, a handful or more of corn cut at one stroke> ari �arid-�
<Row Kolami d212 ark- (arakt-) to harvest (or with 315 Ta.aṟu)> ark- �arakt-�
<Row Pengo d212 raz- (rast-) to cut (e.g. with saw)> raz- �rast-�
<Row Kui d212 raspa (rast-) to cut across, cut crosswise; <i>n.</i> a cross cut. <i>> raspa �rast-�
<Row sunkar d212 rat- (-h-) to cut> rat- �-h-�
<Row Tam d213 ari- (-pp-, -tt-) to sift, separate larger from smaller bodies, separate by washing; <i>n.</i> sifting, separating> ari- �-pp-� -tt-�
<Row Kodagu d213 ari- (ariv, ariñj-) (liquid) is strained; (Kar. also) (toddy) seeps from tree; (arip-, aric-) to strain (liquid)> ari- �ariv� ariñj-�
<Row Tam d214 ari (-pp-, -tt-) to have an acute itching sensation> ari �-pp-� -tt-�
<Row Kota d214 ayr- (arc-) (mouth) burns; ?> ayr- �arc-�
<Row Toda d214 ary- (arc-) (woman) desires sexual intercourse. DED 177> ary- �arc-�
<Row Belari d215 2.2) argi rice. ?> � argi
<Row Kannada d220 Curcuma longa </i> Lin. DED 183> �urcuma longa
<Row Tam d221 aru (arum, ār) rare, difficult, etc> aru �arum� ār�
<Row Tam d221 aruku (aruki-) to become scarce, diminished, be reduced, happen rarely, disappear> aruku �aruki-�
<Row Tam d221 arukku (arukki-) to make scarce, reduce, put a stop to, destroy; regard as precious; <i>n.</i> scarceness> arukku �arukki-�
<Row Tam d221 arakku (arakki-) to cause to diminish> arakku �arakki-�
<Row Kota d221 arg- (argy-) to be reduced (water by evaporation), (swelling) goes down, become reformed in character, be depressed (because of poverty)> arg- �argy-�
<Row Kota d221 ark- (arky-) to use up extravagantly> ark- �arky-�
<Row Toda d221 arx- (arxy-) to be subdued> arx- �arxy-�
<Row Toda d221 ark- (arky-) to subdue> ark- �arky-�
<Row Tam d222 aruku (aruki-) to approach; <i>n.</i> nearness, vicinity, neighbourhood, place, border, edge> aruku �aruki-�
<Row Tam d222 aruvu (aruvi-) to approach> aruvu �aruvi-�
<Row Tam d223 arukku (arukki-) to show disinclination in a bargain> arukku �arukki-�
<Row Kota d223 ark- (arky-) (father) refuses to repay daughter's bride-price> ark- �arky-�
<Row Tam d224 arumpu (arumpi-) to bud, sprout, spring forth; <i>n.</i> bud, soft sprouting hair, young beard or moustache> arumpu �arumpi-�
<Row Tam d224 arumpi (-pp-, -tt-) to bud, sprout, rise> arumpi �-pp-� -tt-�
<Row Tam d226 aruvu (aruvi-) to spring out and gently flow down> aruvu �aruvi-�
<Row BettaKurumba d226 1.11) ebbi waterfall> � ebbi
<Row Tam d227 aruḷ (aruḷi-) to be gracious to, favour, speak graciously, command, grant, bestow; <i>n.</i> grace, mercy, favour, benevolence, good deeds, order, command> aruḷ �aruḷi-�
<Row Tam d228 arai (-v-, -nt-) to become macerated, worn out; (-pp-, -tt-) to grind, pulverize, destroy by rubbing, mash, destroy, clear of seeds, gin> arai �-v-� -nt-�
<Row Tam d228 aravu (aravi-) to torment (cf. Tu.)> aravu �aravi-�
<Row Tam d228 arakku (arakki-) to rub with the palm of hand or the sole of foot, ruin, cause trouble to> arakku �arakki-�
<Row Tam d228 araṅku (araṅki-) to suffer, be destroyed> araŋku �araŋki-�
<Row Tam d228 aruvu (aruvi-) to wear away (as a flood erodes a river's banks), afflict> aruvu �aruvi-�
<Row Irula d228 re- (ret-) to grind> re- �ret-�
<Row Kota d228 arv- (art-) to grind (chilies)> arv- �art-�
<Row Toda d228 arQ- (arQy-) to sharpen> ar�- �ar�y-�
<Row Kannada d228 are (arad-) to grind, pulverize, crush; <i>n.</i> state of being ground, etc> are �arad-�
<Row Kodagu d228 ara- (arap-, arat-) to grind with roller stone, mix up in a paste in preparing curry spices> ara- �arap-� arat-�
<Row Konda d228 rās- (-t-) to plaster (walls), anoint (body or body parts), clean (teeth, etc.)> rās- �-t-�
<Row Konda d228 rēs- (-t-) to stir and mix, plate (metals)> rēs- �-t-�
<Row Pengo d228 rec- (-c-) to scrape (tongue with toothstick), sharpen (pencil)> rec- �-c-�
<Row Kui d228 rāga (rāgi-) to be rubbed, worn by friction, be chafed; <i>n.</i> friction, abrasion, attrition> rāga �rāgi-�
<Row Kui d228 rēsa (rēsi-) to rub, chafe; <i>n.</i> act of rubbing> rēsa �rēsi-�
<Row Kuwi d228 rāca tuh'nai to rub> rāca tuh�nai
<Row Kuwi d228 mlekh'nai to rub> mlekʰ�nai
<Row Tam d228 arai (-v-, -nt-) to become macerated, worn out; (-pp-, -tt-) to grind, pulverize, destroy by rubbing, mash, destroy, clear of seeds, gin> arai �-v-� -nt-�
<Row Tam d228 aravu (aravi-) to torment (cf. Tu.)> aravu �aravi-�
<Row Tam d228 arakku (arakki-) to rub with the palm of hand or the sole of foot, ruin, cause trouble to> arakku �arakki-�
<Row Tam d228 araṅku (araṅki-) to suffer, be destroyed> araŋku �araŋki-�
<Row Tam d228 aruvu (aruvi-) to wear away (as a flood erodes a river's banks), afflict> aruvu �aruvi-�
<Row Irula d228 re- (ret-) to grind> re- �ret-�
<Row Kota d228 arv- (art-) to grind (chilies)> arv- �art-�
<Row Toda d228 arQ- (arQy-) to sharpen> ar�- �ar�y-�
<Row Kannada d228 are (arad-) to grind, pulverize, crush; <i>n.</i> state of being ground, etc> are �arad-�
<Row Kodagu d228 ara- (arap-, arat-) to grind with roller stone, mix up in a paste in preparing curry spices> ara- �arap-� arat-�
<Row Konda d228 rās- (-t-) to plaster (walls), anoint (body or body parts), clean (teeth, etc.)> rās- �-t-�
<Row Konda d228 rēs- (-t-) to stir and mix, plate (metals)> rēs- �-t-�
<Row Pengo d228 rec- (-c-) to scrape (tongue with toothstick), sharpen (pencil)> rec- �-c-�
<Row Kui d228 rāga (rāgi-) to be rubbed, worn by friction, be chafed; <i>n.</i> friction, abrasion, attrition> rāga �rāgi-�
<Row Kui d228 rēsa (rēsi-) to rub, chafe; <i>n.</i> act of rubbing> rēsa �rēsi-�
<Row Kuwi d228 rāca tuh'nai to rub> rāca tuh�nai
<Row Kuwi d228 mlekh'nai to rub> mlekʰ�nai
<Row Tam d228 arāvu (arāvi-) to file, polish, rub, grate> arāvu �arāvi-�
<Row Tam d228 irāvu (irāvi-) to file, polish, rub, grate> irāvu �irāvi-�
<Row Kota d228 arm (obl. art-) file> arm �obl� art-�
<Row Kurux d231 argnā (argyas) to climb, mount an animal, rise (as sun, moon, stars), rise in pitch (as a drum), get puffed up, (eyes) are turned up before death; (argas) to make climb, lift, haul up, take upon one's shoulders, lay a burden on, begin, raise, increase> argnā �argyas�
<Row Kurux d231 argta'ānā to make climb, lift up, etc> argta�ānā
<Row Kurux d231 arga'ānā to make climb, lift up, etc> arga�ānā
<Row kinwat d233 rāl- (rāṭ-) to fall> rāl- �rāṭ-�
<Row Naikri d233 rāl- (rāṭ-) to fall out> rāl- �rāṭ-�
<Row Pengo d233 ar- (-t-) to fall> ar- �-t-�
<Row Pengo d233 rat- (-t-) to let fall, drop> rat- �-t-�
<Row Pengo d233 motion ratka-; intens. ratpa- > motion ratka-� intens� ratpa
<Row Manda d233 re- (-t-) to fall, descend, (sun) to set> re- �-t-�
<Row Kuwi d233 rī'nai > rī�nai
<Row Kota d234 ala· (for all persons and numbers) to be not so-and-so> ala�
<Row Kota d234 ala·d which is not so-and-so; bad; except, besides, not only but also> ala�d
<Row Kota d234 ala·vo·r bad men> ala�vo�r
<Row Kota d234 ala·tme·l if/since it is not so> ala�tme�l
<Row Tam d236 ala (-pp-, -nt-) to suffer, be in distress, suffer privation, be in want> ala �-pp-� -nt-�
<Row Tam d236 alaṅku (alaṅki-) to be agitated in mind, troubled> alaŋku �alaŋki-�
<Row Tam d236 alacu (alaci-) to suffer, be distressed, be exhausted, become weary> alacu �alaci-�
<Row Tam d236 alamaru (alamari-) to be agitated, distressed> alamaru �alamari-�
<Row Tam d236 alamala (-pp-, -nt-) to be confused, dazed, be anxious> alamala �-pp-� -nt-�
<Row Tam d236 alavu (alavi-) to be troubled in mind; <i>n.</i> confusion, perturbation> alavu �alavi-�
<Row Tam d236 alu (-pp-, -tt-) to be weary, tired by overwork or care> alu �-pp-� -tt-�
<Row Tam d236 alai (-v-, -nt-) to be harassed, wander in weariness (cf. 240 Ta.alaṅku), (-pp-, -tt-)to harass, vex, afflict, annoy; <i>n.</i> oppression> alai �-v-� -nt-�
<Row Tam d236 alaicu (alaici-) to be lazy> alaicu �alaici-�
<Row Tam d236 allā (-pp-, -nt-) to suffer, be in distress; <i>n.</i> distress> allā �-pp-� -nt-�
<Row Tam d236 allāṭu (allāṭi-) to suffer> allāṭu �allāṭi-�
<Row Kota d236 alv- (ald-) to become wearied by walking or searching; (alt-) to cause to become wearied, etc> alv- �ald-�
<Row Kodagu d236 ala- (alap-, aland-) to crave> ala- �alap-� aland-�
<Row Kodagu d236 alas- (alasi-) (curry, rice) becomes spoiled> alas- �alasi-�
<Row Kolami d236 alay- (alayt-) to become tired> alay- �alayt-�
<Row Kolami d236 alp- (alapt-) to make to become tired> alp- �alapt-�
<Row Tam d240 alaṅku (alaṅki-) to move, shake, swing, dangle, be in motion> alaŋku �alaŋki-�
<Row Tam d240 alakku (alakki-) to cause to move, shake> alakku �alakki-�
<Row Tam d240 alacu (alaci-) to shake, be agitated> alacu �alaci-�
<Row Tam d240 alampu (alampi-) to move, wabble (as water in a vessel not full), swerve from a proper line of conduct, fluctuate, wander; cause to wander on account of panic> alampu �alampi-�
<Row Tam d240 aluṅku (aluṅki-) to shake (<i>intr.</i>) slightly> aluŋku �aluŋki-�
<Row Tam d240 alukku (alukki-) to shake (<i>tr.</i>) slightly; strut, swagger> alukku �alukki-�
<Row Tam d240 alai (-v-, -nt-) to wave, shake, move (as a reflection in water), go to and fro for an object, roam, wander (cf. 236 Ta.ala), stagger, totter; (-pp- -tt-) to move (<i>tr.</i>), shake, cause to wander back and forth; <i>n.</i> wave, billow, ripple> alai �-v-� -nt-�
<Row Tam d240 alaicu (alaici-) to shake (<i>tr.</i>), agitate> alaicu �alaici-�
<Row Tam d240 allāṭu (allāṭi-) to wander from place to place> allāṭu �allāṭi-�
<Row Irula d240 le·- (lend-) to roam, wander> le�- �lend-�
<Row Kota d240 alg- (algy-) to shake (<i>intr.</i>), swagger> alg- �algy-�
<Row Kota d240 alk- (alky-) to shake (<i>tr.</i>), shake down (e.g. fruit)> alk- �alky-�
<Row Kota d240 alv- (ald-) to wander aimlessly (cf. 236 Ta.ala)> alv- �ald-�
<Row Toda d240 alx- (alxy-) to shake (<i>intr.</i>)> alx- �alxy-�
<Row Toda d240 alk- (alky-) to shake> alk- �alky-�
<Row Pengo d240 lem- (-t-) to shake, tremble> lem- �-t-�
<Row Kui d240 lānga (lāngi-) to be fickle, changeable, be changed from good to bad> lānga �lāngi-�
<Row Kui d240 lāpka (&lt; lākp-; lākt-) to change a person's character, cause a person to change for the worse> lāpka ��lt� lākp-� lākt-�
<Row Kurux d240 alra'ānā to clean grains from minor rubbish by shaking gently with the hand> alra�ānā
<Row Mal d242 alaśaṇṭa Dolichos catjang; alasāndram a kind of pulse. Ka> alaśaṇṭa �olicʰos catjang� alasāndram
<Row Mal d242 Vigna catjang [= Dolichos catjang Lin.]; alasandige a kind of pulse> �igna catjang �� �olicʰos catjang �in��� alasandige
<Row Tulu d242 Dolichos catjang </i>> �olicʰos catjang
<Row Tulu d242 alataṇḍè = alasaṇḍè > alataṇḍɛ � alasaṇḍɛ
<Row Telugu d242 D. sinensis </i>> �� sinensis
<Row Tam d243 alaṭṭu (alaṭṭi-) to tease, annoy, pester, bluster, be boisterous; <i>n.</i> trouble, annoyance, importunity; raving, delirium> alaṭṭu �alaṭṭi-�
<Row Kannada d244 Alysicarpus </i> and other leguminous plants> �lysicarpus
<Row Tam d245 alappu (alappi-) to chatter, prattle, talk nonsense> alappu �alappi-�
<Row Tam d245 alampu (alampi-) to sound, tinkle> alampu �alampi-�
<Row Tam d245 alaṟu (alaṟi-) to roar, bellow, bleat, weep aloud, sorrow> alaṟu �alaṟi-�
<Row Tam d245 alaṟṟu (alaṟṟi-) to talk unceasingly and irregularly> alaṟṟu �alaṟṟi-�
<Row Irula d245 lā·ru to shout, roar, (woman) gossips. <i>> lā�ru
<Row Tam d246 alampu (alampi-) to wash, rinse> alampu �alampi-�
<Row Tam d246 alacu (alaci-) to rinse> alacu �alaci-�
<Row Tam d246 alaicu (alaici-) to wash, rinse> alaicu �alaici-�
<Row Toda d246 as̱p- (as̱py-) to clean> as̱p- �as̱py-�
<Row Tam d247 alar (-v-, -nt-) to blossom, open up, spread (as rays of the sun, water), increase in size, manifest itself; <i>n.</i> full-blown flower> alar �-v-� -nt-�
<Row Tam d247 alarttu (alartti-) to cause to blossom> alarttu �alartti-�
<Row M d247 O > �
<Row Kodagu d250 ali- (aliv-, aliñj-) to dissolve> ali- �aliv-� aliñj-�
<Row Kodagu d250 (alip-, alic-) to dissolve> �alip-� alic-�
<Row Tam d252 alku (alki-) to shrink, diminish, lessen> alku �alki-�
<Row Tam d252 aḵku (aḵki-) to be reduced, shrink, be dejected, become closed (as a flower)> aḵku �aḵki-�
<Row Tam d252 nalkūr (-v-, -nt-) to be poor, indigent, destitute; <i>n.</i> poverty> nalkūr �-v-� -nt-�
<Row Kurux d254 alkhāban'nā joking relations> alkʰāban�nā
<Row Tam d256 Nymphaea lotus </i>, inner flower petals as opposed to> �ympʰaea lotus
<Row Telugu d256 N. alba </i> DED 217> �� alba
<Row Telugu d257 alli M. edule DED 218> alli �� edule
<Row Tam d260 allu (alli-) to knit, build, weave; to interlace closely> allu �alli-�
<Row Tam d260 ( > �
<Row Kolami d260 al- (alt-) to weave> al- �alt-�
<Row Parji d260 alṭayp- (alṭayt-) to wind round <i>> alṭayp- �alṭayt-�
<Row Gondi d260 al- (aṭ-, aṇ-) to twine, twist, plait> al- �aṭ-� aṇ-�
<Row Gondi d260 alpa- (-t-) to twist or twine, plait or weave a cot, weave a garland> alpa- �-t-�
<Row Gondi d260 aṛpa- (-t-) to spread as a creeper> aṛpa- �-t-�
<Row Kui d260 alpa (alt-) to weave sticks together into fence, interlace, plait, intertwine. <i>> alpa �alt-�
<Row sunkar d260 al- (-it-) to plait (hair). ?> al- �-it-�
<Row Kannada d262 (avaḍu is given as 'standard Ka.')> �avaḍu
<Row Tulu d264 Lablab vulgaris; abaḍè a kind of bean. DED 224> �ablab vulgaris� abaḍɛ
<Row Tam d265 avali (-pp-, -tt-) to suffer, be distressed, lament, weep, be flurried> avali �-pp-� -tt-�
<Row Tam d265 āvali (-pp-, -tt-) to weep, cry, lament, grieve> āvali �-pp-� -tt-�
<Row Tam d266 cowhage] > covhage�
<Row Tam d267 avi (-v-, -nt-) to become repressed, subdued, cease, desist from action, become extinguished, fail, diminish, perish; (-pp-, -tt-) to suppress, repress, subdue, extinguish, destroy> avi �-v-� -nt-�
<Row Tam d267 navi (-pp-, -tt-) to extinguish> navi �-pp-� -tt-�
<Row Tam d267 navir̤ (-pp-, -tt-) to extinguish> naviṛ̆ �-pp-� -tt-�
<Row Tam d268 avi (-v-, -nt-) to be boiled, cooked by boiling or steaming, swelter; (-pp-, -tt-) to boil in a liquid, cook by boiling or by steaming; <i>n.</i> boiled rice, food> avi �-v-� -nt-�
<Row Tam d268 avai (-pp-, -tt-) to cook, boil> avai �-pp-� -tt-�
<Row betul d273 awwal (pl. awwāhk ) mother, dam of man or beast> avval �pl� avvāhk
<Row maria d273 avval (pl. avvasku )> avval �pl� avvasku
<Row seoni d273 aval (pl. avahku) > aval �pl� avahku�
<Row Konda d273 ave (pl. avek ) id> ave �pl� avek
<Row Tam d274 ar̤aki; aṇaṅku beauty, form (or with 116 Ta.aṇi)> aṛ̆aki� aṇaŋku
<Row Mal d274 fem. ar̤aki; ar̤akiya fair. DED(S) 233> fem� aṛ̆aki� aṛ̆akiya
<Row Tam d276 ar̤al (ar̤alv-, ar̤aṉṟ-) to burn, glow, shine, be acrid, become angry, envy; <i>n.</i> fire, flame, heat, pungency, rage> aṛ̆al �aṛ̆alv-� aṛ̆aṉṟ-�
<Row Tam d276 ar̤aṟṟu (ar̤aṟṟi-) to burn (<i>tr.</i>), heat, cause smarting (as a burn, caustic, poison), irritate> aṛ̆aṟṟu �aṛ̆aṟṟi-�
<Row Tam d276 ar̤ukkaṟu (ar̤akkaṟi-) to be envious> aṛ̆ukkaṟu �aṛ̆akkaṟi-�
<Row Tam d276 ar̤uṅku (ar̤uṅki-) to suffer, be in distress, anguish, grieve, sorrow, regret> aṛ̆uŋku �aṛ̆uŋki-�
<Row Kota d276 aṛc- (aṛc-) (flame) shoots up; to make (flame) shoot up> aṛc- �aṛc-�
<Row Kannada d276 ar̤al (ar̤ald-) (&lt; Te.) to greive, be afflicted; <i>n.</i> grief> aṛ̆al �aṛ̆ald-�
<Row Konda d276 ṛīmbu (pl. ṛīpku ) piece of burning coal, ember. <i>> ṛīmbu �pl� ṛīpku
<Row sunkar d276 ṛīnj- (-it-) to blaze> ṛīnj- �-it-�
<Row Kuwi d276 ṛīh- (-t-) to make fire burn, light fire. <i>> ṛīh- �-t-�
<Row Tam d277 ar̤i (-v-, -nt-) to perish, be ruined, decay, be mutilated, fail, be defeated, suffer, be used up; (-pp-, -tt-) to destroy, spend, ruin, damage, efface, bring to a close; <i>n.</i> ruin, destruction> aṛ̆i �-v-� -nt-�
<Row Kota d277 aḷc- (aḷc-) to be erased; erase> aḷc- �aḷc-�
<Row Toda d277 oḍy- (oḍs-) (money) is spent; (oḍc-) (stones of ruinous building) slip down; to spend, expend (property at funeral), overcome (in contest)> oḍy- �oḍs-�
<Row Parji d277 anḍkip- (anḍkit-) > anḍkip- �anḍkit-�
<Row Parji d277 nanḍkip- (nanḍkit-) to destroy, kill; (or with 309 Kol.alŋg-)> nanḍkip- �nanḍkit-�
<Row Mal d280 ar̤iññil A. decapetalum; araññil the buttress tree (? =ar̤iññil)> aṛ̆iññil �� decapetalum� araññil
<Row OIA d280 aṅkolaka- A. hexapetalum Turner> aŋkolaka- �� hexapetalum
<Row Tam d282 ar̤u (-v-, -t-) to cry, weep, lament> aṛ̆u �-v-� -t-�
<Row Tam d282 ar̤ai (-pp-, -tt-) to call, cry out, summon; <i>n.</i> crying, weeping> aṛ̆ai �-pp-� -tt-�
<Row Tam d282 ar̤uṅku (ar̤uṅki-) to weep> aṛ̆uŋku �aṛ̆uŋki-�
<Row Kota d282 ag- (aṛt-) to weep, cry> ag- �aṛt-�
<Row Kota d282 aṛg- (aṛgy-) (cattle) bellow in protest at ill-treament> aṛg- �aṛgy-�
<Row Toda d282 oṛ- (oṛy-) (child) weeps> oṛ- �oṛy-�
<Row Kannada d282 ar̤u (ar̤t-, att-) to weep, cry> aṛ̆u �aṛ̆t-� att-�
<Row Kolami d282 ar- (art-) to weep, (crow) caws, (peacock) screams, (tiger) roars> ar- �art-�
<Row Naiki d282 caus. alup- > caus� alup
<Row Parji d282 aṛtip- (aṛtit-) to cause to weep or cry. <i>> aṛtip- �aṛtit-�
<Row Gadaba d282 aṛup- (aṛut-) to make to cry> aṛup- �aṛut-�
<Row salur d282 āḍ- (āṭ-) id., cry like an animal. <i>> āḍ- �āṭ-�
<Row Pengo d282 aṛ- (aṛt-) to weep, cry (of animals)> aṛ- �aṛt-�
<Row Pengo d282 intens. aṛba-; caus. ṛat-; intens. of caus. ṛatpa- > intens� aṛba-� caus� ṛat-� intens� of caus� ṛatpa
<Row Kui d282 ṛīva (ṛīt-) to weep, cry, lament, howl, utter a sound (bark, song of birds, etc.); <i>n.</i> weeping, wailing, lament, cry> ṛīva �ṛīt-�
<Row sunkar d282 ṛi- (-t-) to weep> ṛi- �-t-�
<Row Kuwi d282 ṛī- (-t-) to cry> ṛī- �-t-�
<Row Kuwi d282 ṛīt- (-h-) to make cry> ṛīt- �-h-�
<Row Tam d284 ar̤uṅku (ar̤uṅki-) to be spoiled, injured, disfigured> aṛ̆uŋku �aṛ̆uŋki-�
<Row Tam d284 ar̤uku (ar̤uki-) to rot, decompose, putrefy> aṛ̆uku �aṛ̆uki-�
<Row Tam d285 ar̤uttu (ar̤utti-) to press down, press hard, make firm, compact, insist on, plunge, immerse; <i>n.</i> pressure, imprint> aṛ̆uttu �aṛ̆utti-�
<Row Tam d285 ar̤untu (ar̤unti-) to become pressed, be impressed, become firm, compact, persist, be immersed> aṛ̆untu �aṛ̆unti-�
<Row Kota d285 aj- (aj-) to dip into liquid, dip rice into broth and remove at once before it is soaked, dunk> aj- �aj-�
<Row Konda d288 al- (aṭ-, aṇ-) (tongue) to get the taste of> al- �aṭ-� aṇ-�
<Row Pengo d288 anḍ- (-t-) (taste) comes out, is perceived> anḍ- �-t-�
<Row Parji d289 aṛñip- (aṛñit-) to make to cross. <i>> aṛñip- �aṛñit-�
<Row Tam d290 aḷḷu (aḷḷi-) to take up in the hollow of the hand; <i>n.</i> handful of grain given on the threshing floor or in the bazaar as perquisite> aḷḷu �aḷḷi-�
<Row Kolami d291 la·v fat> la�v
<Row Tam d292 aḷḷāṭu (aḷḷāṭi-) to be close> aḷḷāṭu �aḷḷāṭi-�
<Row Tam d292 aḷḷu (aḷḷi-) to be dense, thickly interwoven> aḷḷu �aḷḷi-�
<Row Kota d294 aḷk a·r- (a·c) to shake (<i>intr.</i>), walk in tired fashion> aḷk a�r- �a�c�
<Row Kota d294 aḷk a·ṭ- (a·c-) to shake (<i>tr.</i>), wag> aḷk a�ṭ- �a�c-�
<Row Tam d295 aḷa (-pp-, -nt-) to measure, limit, define> aḷa �-pp-� -nt-�
<Row Kota d295 aḷv- (aḷd-) to measure> aḷv- �aḷd-�
<Row Toda d295 ał̣- (ał̣Q-) to measure> ał̣- �ał̣�-�
<Row Kannada d295 aḷe (aḷad-, aḷed-) to measure; <i>n.</i> measure> aḷe �aḷad-� aḷed-�
<Row Kodagu d295 aḷa- (aḷap-, aḷand-) to measure> aḷa- �aḷap-� aḷand-�
<Row Pengo d295 lāc- (-c-) to measure> lāc- �-c-�
<Row Kui d295 ḍāsa (ḍāsi-) id.; <i>n.</i> act of measuring> ḍāsa �ḍāsi-�
<Row sunkar d295 lāc- (-it-) id> lāc- �-it-�
<Row Kuwi d295 lāsk- (-it-) id. (presumably <i>pl. action</i>). DED(S) 252> lāsk- �-it-�
<Row Tam d296 aḷa (-pp-, -nt-) to mingle, blend, talk together, hold converse, gossip> aḷa �-pp-� -nt-�
<Row Tam d296 aḷavu (aḷavi-) to blend, mingle, mix> aḷavu �aḷavi-�
<Row Tam d296 aḷāvu (aḷāvi-) to mingle, converse, hold social intercourse; stir> aḷāvu �aḷāvi-�
<Row Tam d296 aḷi (-v-, -nt-) to mix, mingle> aḷi �-v-� -nt-�
<Row Tam d296 aḷai (-v-, -nt-) to be mixed, mingled; to mix up (<i>tr.</i>), mingle> aḷai �-v-� -nt-�
<Row Konda d296 lap- (-t-) to join two pieces together, fit one into or on another> lap- �-t-�
<Row Pengo d296 lab- (lapt-) to fit into> lab- �lapt-�
<Row Pengo d296 lap- (-t-) to insert, fit into> lap- �-t-�
<Row Brah d296 halling (present halē-, imper. haḻẖ, past halk-) to seize, hold, buy, overtake, detect, tack together (a tear); get caught, stick> halling �present halē-� imper� haṛ̆ẖ� past halk-�
<Row Pengo d297 ṛāk- (-t-) to offer worship, sacrifice> ṛāk- �-t-�
<Row Pengo d297 intens. ṛābga-; ṛākel jāni priest who offers sacrifice> intens� ṛābga-� ṛākel jāni
<Row Kui d297 lāka (lāki-) id.; <i>n.</i> a sacrifice, worship> lāka �lāki-�
<Row Kuwi d297 ṛāk- (-it-) to sacrifice> ṛāk- �-it-�
<Row Tam d301 aḷi (-v-, -nt-) to be attached; (-pp-, -tt-) to protect, nourish, be gracious, show favour, create desire; <i>n.</i> love, grace, desire> aḷi �-v-� -nt-�
<Row Tam d302 aḷi (-v-, -nt-) to become mellow, be over-boiled> aḷi �-v-� -nt-�
<Row Kui d305 lānja (lānji-) to sprinkle, scatter around; <i>n.</i> sprinkling> lānja �lānji-�
<Row Tam d305 alavu (alavi-) to spill. Cf. note on 3790 Ta> alavu �alavi-�
<Row Tam d306 aḷukku (aḷukki-) to be perturbed, frightened> aḷukku �aḷukki-�
<Row Telugu d306 aḷuku = aluku n.; aḷukari coward. DED 259> aḷuku � aluku n�� aḷukari
<Row Kannada d307 vb.n. aḷurke > vb�n� aḷurke
<Row Telugu d307 n. lā̃pu > n� lā̃pu
<Row Konda d307 almi- (-t-) to level, spread out (as pieces of wood after the forest is felled, in order to let them dry). DED(S, N) 260> almi- �-t-�
<Row BettaKurumba d308 1.11) aḷe hole> � aḷe
<Row Kolami d309 alŋg- (alaŋkt-) to kill> alŋg- �alaŋkt-�
<Row Kolami d310 ārankei (n not> ārankei �n
<Row Tam d314 aṟi (-v-, -nt-) to know, understand, perceive, ascertain; <i>n.</i> knowledge> aṟi �-v-� -nt-�
<Row Tam d314 aṟivi (-pp-, -tt-) to make known, announce> aṟivi �-pp-� -tt-�
<Row Tam d314 aruku (aruki-) to know> aruku �aruki-�
<Row Kota d314 ayr- (arc-) to know> ayr- �arc-�
<Row Toda d314 aṟy- (aṟs-) to know> aṟy- �aṟs-�
<Row Toda d314 aṟynbeṯ- (°beṯy-) to be insane, mad (see 5511 Ta.veṟi; 'to be deranged in understanding')> aṟynbeṯ- ��beṯy-�
<Row Toda d314 arybeṯ- (°beṯy-) to be insane, mad (see 5511 Ta.veṟi; 'to be deranged in understanding')> arybeṯ- ��beṯy-�
<Row Kannada d314 aṟi (aṟid-, aṟit-) to know> aṟi �aṟid-� aṟit-�
<Row Kodagu d314 ari- (ariv-, ariñj-) to find out> ari- �ariv-� ariñj-�
<Row Kodagu d314 arïp- (arïpi-) to inform, tell> arɨp- �arɨpi-�
<Row Tulu d314 a. maḷpuni to reveal, confess, inform, represent, request. <i>> a� maḷpuni
<Row Tam d315 aṟu (aṟuv- to be severed, break as a rope, cease, become extinct, perish, be decided, settled; (-pp-, -tt-) to break off, cut, part asunder, sever, cleave, exterminate, determine, resolve> aṟu �aṟuv
<Row Tam d315 (mod.) aṟunt-) to be severed, break as a rope, cease, become extinct, perish, be decided, settled; (-pp-, -tt-) to break off, cut, part asunder, sever, cleave, exterminate, determine, resolve> �mod�� aṟunt-�
<Row Kota d315 arv- (art-) to cut (meat) into small pieces for broth> arv- �art-�
<Row Kota d315 armbaṛ- (armbaṭ-) to starve; ?> armbaṛ- �armbaṭ-�
<Row Kota d315 arvaŋga·ṛ place where no one has lived (forka·ṛwilderness, see 1438)> arvaŋga�ṛ
<Row Toda d315 aṟf- (aṟt-) to cut, reap> aṟf- �aṟt-�
<Row Kodagu d315 ara- (arap-, arat-) to cut> ara- �arap-� arat-�
<Row Kolami d315 ark- (arakt-) to harvest grain by cutting (or with 175 Ta.ari)> ark- �arakt-�
<Row Tam d316 aṟu (-pp-, -tt-) to digest> aṟu �-pp-� -tt-�
<Row Konda d316 aṟgi- (-t-) (food) to be digested, be worn out> aṟgi- �-t-�
<Row Kuwi d316 arg- (-it-) to be digested> arg- �-it-�
<Row Tam d316 aṟu (-pp-, -tt-) to digest> aṟu �-pp-� -tt-�
<Row Konda d316 aṟgi- (-t-) (food) to be digested, be worn out> aṟgi- �-t-�
<Row Kuwi d316 arg- (-it-) to be digested> arg- �-it-�
<Row Tam d317 aṟu (aṟuv-, aṟṟ- to abide, dwell> aṟu �aṟuv-� aṟṟ
<Row Tam d317 aṟunt-) to abide, dwell> aṟunt-�
<Row Tam d319 aṟai (-v-, -nt-) to speak, sound; <i>n.</i> sound, word, reply> aṟai �-v-� -nt-�
<Row Kolami d319 raz- (rast-) to say, speak, talk nonsense> raz- �rast-�
<Row Kui d319 ṛaspa (ṛast-) to ring, make a reverberating sound. DED(S) 269> ṛaspa �ṛast-�
<Row Tam d320 aṟai (-v-, -nt-) to slap, beat (as a drum), hammer, cut in pieces, hack, beat upon (as wind, waves); <i>n.</i> slap, blow, dashing as of waves, wave, cutting, chopping> aṟai �-v-� -nt-�
<Row Tam d323 aruvaru (-pp-, -tt) to loathe, abhor, feel disgusted with> aruvaru �-pp-� -tt�
<Row Kui d325 abga (&lt; ag-b-; agd- ) to be seemly, be proper, be fitting, be suitable, suit, fit, agree, fulfil, <i>n.</i> suitability. DEDS 44> abga ��lt� ag-b-� agd
<Row Tam d327 aṉaṟṟu (aṉaṟṟi-) to heat, make hot, burn, affect with colic pains, be angry with; groan with pain> aṉaṟṟu �aṉaṟṟi-�
<Row Tam d329 aṉuppu (aṉuppi-) to send, accompany one a little way out of respect> aṉuppu �aṉuppi-�
<Row pottangi d329 anisp- (anist-) to load on cart> anisp- �anist-�
<Row Kurux d329 ambā (imper.) don't!> ambā �imper��
<Row Tam d333 ā (āṉ-, āyi-) to come into existence, happen, be, be fit, agreeable, be like, equal> ā �āṉ-� āyi-�
<Row Tam d333 āku (āki-) to come into existence, happen, be, be fit, agreeable, be like, equal> āku �āki-�
<Row Tam d333 ā (-pp-, -tt-) to cause, bring about> ā �-pp-� -tt-�
<Row Tam d333 ākku (ākki-) to effect, make, cause to be, create, arrange; <i>n.</i> creation> ākku �ākki-�
<Row Kota d333 a·g- (a·y- some forms from> a�g- �a�y
<Row Kota d333 a·n- some forms from> a�n
<Row Kota d333 a·-; gerunds a·ṛy ) to become> a�-� gerunds a�ṛy
<Row Kota d333 a·ṭy ) to become> a�ṭy
<Row Kota d333 a·k- (a·yk-) to make to become, construct (plough)> a�k- �a�yk-�
<Row Kota d333 a·kc- (a·kc-) to make to become, prepare> a�kc- �a�kc-�
<Row Toda d333 o·x- (irregular with stemso·y-, o·n-, o·-) to become, be agreeable, be of use, menstruate> o�x
<Row Toda d333 o·k- (o·ky-) to place> o�k- �o�ky-�
<Row Toda d333 oͅ· yes> o��
<Row Toda d333 oͅ· oͅ· yes> o�� o��
<Row Toda d333 oͅ·hoͅ· yes> o��ho��
<Row Kannada d333 āgu (ān- etc.)> āgu �ān
<Row Kodagu d333 a·g- (irregular with stemsa·y-, a·n, a·-) to become> a�g
<Row Kodagu d333 a·ku yes, all right> a�ku
<Row Kodagu d333 a·k- (a·ki-) to make to stay in a place> a�k- �a�ki-�
<Row Kodagu d333 aynï (? a·ynï) genuine, true> aynɨ �� a�ynɨ�
<Row Telugu d333 avu (ayi having become; allomorph> avu �ayi
<Row Kolami d333 er- (edd-) to become> er- �edd-�
<Row Kolami d333 a·p- (a·pt-) to keep in a place, entrust> a�p- �a�pt-�
<Row Naiki d333 an- (anḍ-) to be. <i>> an- �anḍ-�
<Row Konda d333 ā- (āt-, ān-) to be, become> ā- �āt-� ān-�
<Row Pengo d333 ā- (āt-) id> ā- �āt-�
<Row Manda d333 ā- (āt-) id> ā- �āt-�
<Row Kui d333 āva (āt-) to become, be, happen, be sufficient, finished; <i>n.</i> being, becoming, accomplishment, sufficiency> āva �āt-�
<Row Kui d333 āpka (āpki-) pl. action; ā yes> āpka �āpki-� pl� action� ā
<Row Kui d333 āë [ā'e] no> āə �ā�e�
<Row Kui d333 a'e is not. <i>> a�e
<Row sunkar d333 ā- (āt-) to become, be; reciprocal auxiliary (also in F.)> ā- �āt-�
<Row bisam d333 ā- (āt-) to become, be; reciprocal auxiliary (also in F.)> ā- �āt-�
<Row Kuwi d333 a'e no> a�e
<Row Tam d334 fem. āytti; āyam a herd of cows> fem� āytti� āyam
<Row Mal d334 fem. āyi > fem� āyi
<Row Kota d334 a·v cow> a�v
<Row Kannada d334 ā (pl. ākal) cow> ā �pl� ākal�
<Row Kodagu d334 atta (pl.) cattle> atta �pl��
<Row Kota d336 a·k swamp> a�k
<Row Kota d336 a· ka·ṛ swampy land> a� ka�ṛ
<Row Kota d336 a·k ka·ṛ swampy land> a�k ka�ṛ
<Row Kodagu d336 a·ka biggest flat land of a man's holdings. DED 285> a�ka
<Row Gondi d339 caus. aisahtānā (Voc 116)> caus� aisahtānā ��oc
<Row Kui d339 āga (āgi-) to bear fruit, yield a harvest> āga �āgi-�
<Row Kuwi d339 aiyali (at-) to yield crops> aiyali �at-�
<Row Kota d340 a·p wedge, peg, stake> a�p
<Row Kui d340 ānga (āngi-) to intercept, hinder, prevent, ward off, defend, herd; <i>n.</i> interception, prevention, defence, herding> ānga �āngi-�
<Row Kuwi d340 ānga tuh'nai to prevent, defend> ānga tuh�nai
<Row Kuwi d340 āṅg- (-it-) to stop one from going> āŋg- �-it-�
<Row Tam d341 āy (-v-, -nt-) to diminish, be reduced; <i>n.</i> fineness, minuteness, smallness> āy �-v-� -nt-�
<Row Tam d341 acai (-v-, -nt-) to be slender, flexible, diminish> acai �-v-� -nt-�
<Row Kannada d341 asiyaN he who is thin> asiya�
<Row Kannada d343 288 > ��
<Row Kui d344 āspa (āst-) to reply, resound, echo; <i>n.</i> an answer, echo. <i>> āspa �āst-�
<Row Kuwi d344 āh'nai (āst-) to resound> āh�nai �āst-�
<Row Kuwi d344 āh- (āst-) to speak up to, give answers> āh- �āst-�
<Row Kuwi d344 āspa gro'li echo> āspa gro�li
<Row Kuwi d344 āspi- (-t-) to call one at a distance by shouting. DEDS 49> āspi- �-t-�
<Row Kui d345 ānja (ānji-) to agree, assent, admit, confess, promise; <i>n.</i> agreement, etc. <i>> ānja �ānji-�
<Row Mal d346 āṭalōṭakam J. adhatoda or> āṭalōṭakam �� adʰatoda
<Row OIA d346 aṭarūṣaka- J. adhatoda Turner, <i>> aṭarūṣaka- �� adʰatoda
<Row Tam d347 āṭu (āṭi-) to move (<i>intr.</i>), wave, swing, shake, dance, act a part or play, play, sport, cohabit, fight, go, wander about; say, do, enjoy> āṭu �āṭi-�
<Row Tam d347 āṭṭu (āṭṭi-) to move (<i>tr.</i>), wave, swing, shake, drive away, harass, conquer, cause to dance; <i>n.</i> dancing, play> āṭṭu �āṭṭi-�
<Row Kota d347 a·ṛ- (a·c-) to move, move violently, dance, play, speak, have sexual intercourse> a�ṛ- �a�c-�
<Row Kota d347 a·ṛc- (a·ṛc-) to make to move violently, stir, sprinkle, disturb> a�ṛc- �a�ṛc-�
<Row Kota d347 a·ṭ- (a·c-) to give birth to (child)> a�ṭ- �a�c-�
<Row Kota d347 a·ṭ dance, game> a�ṭ
<Row Kota d347 a·ṭm one's turn in game> a�ṭm
<Row Kota d347 a·ṭḷ song of grief (with verba·ṛ-or 5156et-)> a�ṭḷ
<Row Toda d347 o·ḍ- (o·ḍy-) to move violently, dance> o�ḍ- �o�ḍy-�
<Row Toda d347 o·ḍc- (o·ḍč-) to make to dance, drive (buffaloes) around in pen at funeral> o�ḍc- �o�ḍč-�
<Row Toda d347 o·ṭ- (o·ṭy-) to shake violently, weep, embroider> o�ṭ- �o�ṭy-�
<Row pampa d347 āṭar (āṭand-) to fall upon> āṭar �āṭand-�
<Row Kodagu d347 a·d- (a·ḍi-) to move violently, dance> a�d- �a�ḍi-�
<Row Kodagu d347 a·ṭ- (a·ṭi-) to make to move violently, drive (cattle)> a�ṭ- �a�ṭi-�
<Row Kodagu d347 a·ḍï a dance> a�ḍɨ
<Row Kolami d347 a·ḍ- (a·ḍt-) to play> a�ḍ- �a�ḍt-�
<Row Kolami d347 a·ḍp- (a·ḍapt-) to make to play, fondle (a child)> a�ḍp- �a�ḍapt-�
<Row Naiki d347 āṛ- (āṭ-) to play> āṛ- �āṭ-�
<Row Naiki d347 caus. āṛup- > caus� āṛup
<Row Tam d348 āṭu (āṭi-) to rub, besmear (as sandal paste)> āṭu �āṭi-�
<Row Telugu d349 T. ginginianus; ? > �� ginginianus� �
<Row OIA d349 āṭi-. āti- T. ginginianus (to be separated fromāti-an aquatic bird). DED 291> āṭi-� āti- �� ginginianus
<Row Telugu d349 T. ginginianus; ? > �� ginginianus� �
<Row OIA d349 āṭi-. āti- T. ginginianus (to be separated fromāti-an aquatic bird). DED 291> āṭi-� āti- �� ginginianus
<Row Pengo d349 leṛū (pl. lēṛka) hawk> leṛū �pl� lēṛka�
<Row Telugu d351 Cucurbita lagenaria </i>, the bottle-gourd creeper> �ucurbita lagenaria
<Row Telugu d351 ānaba = ānugamu DED(S) 292> ānaba � ānugamu
<Row Kota d355 a·n-gal hail> a�n-gal
<Row Kannada d355 384 > �
<Row Toda d356 o·ḍy in song-unit> o�ḍy
<Row Toda d356 o·ḍy fodafng to one who comes begging> o�ḍy fodafng
<Row Kota d360 a·maṇḍ id> a�maṇḍ
<Row Toda d360 o·mulg id> o�mulg
<Row Kodagu d360 a·ṇake mara id> a�ṇake mara
<Row Kodagu d360 a·ṇak-ëṇṇe castor-oil> a�ṇak-əṇṇe
<Row Kota d361 a·mi·r giṛv Gaultheria fragrantissima winter-green (bright blue, edible berries)> a�mi�r giṛv �aultʰeria fragrantissima
<Row Toda d361 e·mïr id. DED 303> e�mɨr
<Row Tam d363 āy (-v-, -nt-) to search, examine, select, pluck, gather> āy �-v-� -nt-�
<Row Kota d363 a·y- (a·c-) to pick up, pluck> a�y- �a�c-�
<Row Kannada d363 āy (āyd-) to collect, gather, select, cull; <i>n.</i> collecting, etc> āy �āyd-�
<Row Kodagu d363 a·y- (a·yuv-, a·ñj-) to choose> a�y- �a�yuv-� a�ñj-�
<Row Kodagu d363 a·yv choosing, research> a�yv
<Row Kolami d363 aseng (? āseng) to clean grain> aseng �� āseng�
<Row muria d363 caus. āch- > caus� ācʰ
<Row muria d363 ācih- (Voc. 119) > ācih- ��oc� ����
<Row Kui d363 āska (āski-) to separate from, choose, weed out, select; <i>n.</i> selection, choice, separation, weeding> āska �āski-�
<Row bisam d363 āc- (-it-) to choose> āc- �-it-�
<Row Kuwi d363 āc- (-it-) id, select. ?> āc- �-it-�
<Row Toda d364 to·y id (in songs)> to�y
<Row Kodagu d364 ta·yi grandmother> ta�yi
<Row Kolami d364 ay (? a·y) id> ay �� a�y�
<Row Naikri d364 ayka (pl. -śikuḷ) husband's elder sister> ayka �pl� -śikuḷ�
<Row Parji d364 ayal (pl. aycil) woman, wife> ayal �pl� aycil�
<Row Parji d364 iya (pl. iyov) mother. <i>> iya �pl� iyov�
<Row Konda d364 aya (pl. ayek) mother> aya �pl� ayek�
<Row sunkar d364 aya (pl. -ska) woman> aya �pl� -ska�
<Row bisam d364 aya (pl. -ska) woman> aya �pl� -ska�
<Row sunkar d364 iya (pl. -ska) id., mother> iya �pl� -ska�
<Row Kuwi d364 āya (pl. -ska woman, wife> āya �pl� -ska
<Row Kuwi d364 -sika) woman, wife> sika�
<Row Pk d364 Ass. āī mother> �ss� āī
<Row Tam d365 Artocarpus incisa; añcali jungle jack> �rtocarpus incisa� añcali
<Row Mal d365 āññili A. pubescens or> āññili �� pubescens
<Row Mal d365 hirsuta; ayaṇi DED(S) 310> hirsuta� ayaṇi
<Row Mal d365 āvini A. hirsuta DED(S) 310> āvini �� hirsuta
<Row Kannada d366 fem. āyagārti > fem� āyagārti
<Row Tam d367 ār (-pp-, -tt-) to shout, roar, bellow; slander, vilify> ār �-pp-� -tt-�
<Row Tam d367 āravāri (-pp-, -tt-) to roar, shout> āravāri �-pp-� -tt-�
<Row Tam d367 āri (-pp-, -tt-) to sound> āri �-pp-� -tt-�
<Row Tam d367 araṟṟu (araṟṟi-) to lament, cry, bewail, shout with excitement, sound; <i>n.</i> lamentation> araṟṟu �araṟṟi-�
<Row Mal d367 ārkkuka (ārttu) to cry aloud, roar, shout> ārkkuka �ārttu�
<Row Kota d367 a·r- (a·t-) to call> a�r- �a�t-�
<Row Toda d367 o·ṣf- (o·ṣt-) to dance (of Todas; really, to shouto·hau hauwhile dancing)> o�ṣf- �o�ṣt-�
<Row Toda d367 a·foṛ- (a·foṭ-) to talk (in general, to one another, a language)> a�foṛ- �a�foṭ-�
<Row Kannada d367 ār (ārd-) to cry aloud> ār �ārd-�
<Row Kodagu d367 ara- (arap-, arand-) to make loud hoarse noise, moo> ara- �arap-� arand-�
<Row Konda d367 ārpa- (-t-) to shout, howl> ārpa- �-t-�
<Row Kui d367 ārpa (ārt-) to call> ārpa �ārt-�
<Row Kuwi d367 ārh'nai to invite> ārh�nai
<Row Tam d368 ār (-v-, -nt-) to become full, spread over, be satisfied, eat, drink; <i>n.</i> fullness, completeness> ār �-v-� -nt-�
<Row Tam d368 ārttu (ārtti-) to fill, complete, feed> ārttu �ārtti-�
<Row Tam d368 aruntu (arunti-) to eat, drink, experience> aruntu �arunti-�
<Row Tam d368 aruttu (arutti-) to feed, cause to experience> aruttu �arutti-�
<Row Tam d368 ari (-pp-, -tt-) to feed, browse, eat away> ari �-pp-� -tt-�
<Row Tam d369 ār (-v-, -nt-) to wear, put on; (-pp-, -tt-)to bind, tie, gird, put on, wear> ār �-v-� -nt-�
<Row Tam d370 ār (-pp-, -tt-) to fight, make war> ār �-pp-� -tt-�
<Row Tam d372 racemosa. Ma. ār Bauhinia tree> racemosa� �a� ār �auhinia
<Row Kannada d372 āre B. racemosa Lin> āre �� racemosa
<Row Telugu d372 āre B. spicata ?> āre �� spicata
<Row Tam d372 racemosa. Ma. ār Bauhinia tree> racemosa� �a� ār �auhinia
<Row Kannada d372 āre B. racemosa Lin> āre �� racemosa
<Row Telugu d372 āre B. spicata ?> āre �� spicata
<Row Tam d372 B. racemosa </i>; holy mountain ebony> �� racemosa
<Row Tam d372 B. tomentosa; kāṭṭ-ātti mountain ebony> �� tomentosa� kāṭṭ-ātti
<Row Mal d372 atti B. tomentosa (Winslow), <i>> atti �� tomentosa
<Row Mal d372 B. parviflora </i> (Bailey)> �� parviflora
<Row Kannada d372 kāḍatti B. tomentosa L> kāḍatti �� tomentosa
<Row Tulu d372 kāṭarti B. tomentosa DED(S) 315> kāṭarti �� tomentosa
<Row Kota d373 a·r- (a·ry-) to do broad jump, jump> a�r- �a�ry-�
<Row Toda d373 kup-o·ry a standing broad jump (kup a jump). DED 316> kup-o�ry
<Row Tam d374 ār-āṭṭu (-āṭṭi-) to lull to sleep> ār-āṭṭu �-āṭṭi-�
<Row Tam d375 Rhynchobdella aculeata; ārāl id.; rich brown thorny-backed eel> �hyncʰobdella aculeata� ārāl
<Row Tam d377 ārāy (-v-, -nt-) to investigate, examine, consider, seek> ārāy �-v-� -nt-�
<Row Kota d377 a·ryek care&lt;-&gt; fulness> a�ryek
<Row Kota d377 a·ryeka·rn head cattle-boy> a�ryeka�rn
<Row Konda d377 intens. reba- id> intens� reba
<Row Kota d378 argal (? a·rgal) hailstone> argal �� a�rgal�
<Row Kodagu d378 a·ri-ka·y id> a�ri-ka�y
<Row Kannada d379 Panicum italicum; hāraka Lin> �anicum italicum� hāraka
<Row Kannada d379 hāraku Paspalum scrobiculatum Lin> hāraku �aspalum scrobiculatum
<Row Telugu d379 āriga P. scrobiculatum (B. P. frumentaceum); āḷḷu (pl.) > āriga �� scrobiculatum ��� �� frumentaceum�� āḷḷu �pl��
<Row muria d379 ārk Setaria italica (Voc. 137) > ārk �etaria italica ��oc� ����
<Row Pengo d379 ārku (pl.) a species of millet> ārku �pl��
<Row sunkar d379 ārgu (pl. ārka) Panicum italicum DED(S) 321> ārgu �pl� ārka� �anicum italicum
<Row Mal d380 āral Marsilea quadrifolia DED 322> āral �arsilea quadrifolia
<Row Irula d382 e·lamara banyan> e�lamara
<Row Kota d382 a·l id> a�l
<Row Kannada d382 F. indica </i> Roxb. = <i>> �� indica
<Row Kannada d382 F. bengalensis </i> Lin> �� bengalensis
<Row Kodagu d382 a·lï banyan> a�lɨ
<Row Kodagu d384 a·li hail> a�li
<Row Kodagu d384 a·li-ka·y hail> a�li-ka�y
<Row Tam d386 ālu (āli-) to sound, make noise, cry aloud, rejoice, dance> ālu �āli-�
<Row Tam d386 āli (-pp-, -tt-) to make a noise, roar> āli �-pp-� -tt-�
<Row Kannada d386 āl (āld-) to cry aloud> āl �āld-�
<Row Tam d391 Cassia auriculata </i>; Tinnevelly senna> �assia auriculata
<Row Kota d391 a·vrm (obl. a·vrt) - id. Ka> a�vrm �obl� a�vrt�
<Row Tam d392 āvi (-pp-, -tt-) to gape, yawn, open the mouth so as to express loudly; <i>n.</i> yawn> āvi �-pp-� -tt-�
<Row Kota d392 a·vaj a yawn> a�vaj
<Row Toda d392 o·püly- (o·püḷc-) to yawn> o�pyly- �o�pyḷc-�
<Row Kodagu d392 a·vaḷic- (a·vaḷici-) to yawn> a�vaḷic- �a�vaḷici-�
<Row Tulu d392 āv·iḍ- to yawn. <i>> āv�iḍ
<Row Kurux d392 aula'ānā to yawn. Malt> aula�ānā
<Row Tam d393 āvi (-pp-, -tt-) to sigh, let out (as smoke); <i>n.</i> breath, sigh, soul, steam, vapour, smoke> āvi �-pp-� -tt-�
<Row Kota d393 a·yv soul, steam, vapour> a�yv
<Row Toda d393 o·foj vapour, morning mist, visible breath> o�foj
<Row Toda d393 o·fy vapour, morning mist, visible breath> o�fy
<Row Tam d394 āvu (āvi-) to desire> āvu �āvi-�
<Row Tam d394 avāvu (avāvi-) to desire, crave for, covet> avāvu �avāvi-�
<Row Toda d394 o·fïl desire to eat> o�fɨl
<Row Tam d396 ār̤ (-v-, -nt-) to sink, plunge, dive, be deep, be absorbed, immersed, overwhelmed, fall down> āṛ̆ �-v-� -nt-�
<Row Tam d396 ār̤ttu (ār̤tti-) to immerse, plunge> āṛ̆ttu �āṛ̆tti-�
<Row Tam d396 ār̤ā (-pp-, -nt-) to be immersed, absorbed> āṛ̆ā �-pp-� -nt-�
<Row Kota d396 a·ḷm (obl. a·ḷt-) depth> a�ḷm �obl� a�ḷt-�
<Row Toda d396 o·ḷm (obl. o·ḷt-) depth, deep place in river> o�ḷm �obl� o�ḷt-�
<Row Toda d396 nö·ṟ o·f- (o·t-) to make sun drink (in one legend only)> nø�ṟ o�f- �o�t-�
<Row Toda d396 o·f- (o·t-) to run into foot; to sink (post) in ground> o�f- �o�t-�
<Row Toda d396 o·os̱y (thorns) not running into feet (in song; ? &lt; Badaga); ?> o�os̱y
<Row Toda d396 o·ṛQ not being> o�ṛ�
<Row Toda d396 o·ṛQ o·ḷ man who is not (here)> o�ṛ� o�ḷ
<Row Toda d396 o·ṛQfoy o·ḷ man who died (here)> o�ṛ�foy o�ḷ
<Row Toda d396 o·ṛQi it is not ('not to be' &lt; 'to sink, to disappear')> o�ṛ�i
<Row Kannada d396 ār̤ (ār̤d-) to sink in a fluid, immerse, dive, sink, be lowered, be deep> āṛ̆ �āṛ̆d-�
<Row Kannada d396 ar̤ (ar̤d-, add-) to sink in a fluid, be immersed> aṛ̆ �aṛ̆d-� add-�
<Row Kodagu d396 a·ḷa depth> a�ḷa
<Row Kota d399 a·ḷ man, servant, husband> a�ḷ
<Row Toda d399 o·ḷ man, Toda> o�ḷ
<Row Toda d399 o·ḷ coolie (&lt; Ta.)> o�ḷ
<Row Kodagu d399 a·ḷï servant> a�ḷɨ
<Row Kodagu d399 a·ṇï man, male> a�ṇɨ
<Row Kodagu d399 a·ṇ a·ḷï man, male> a�ṇ a�ḷɨ
<Row Kodagu d399 a·ŋuññi male child (&lt;a·ṇï-kuññi)> a�ŋuññi
<Row Kannada d400 āḷu (pl. āṇḍru) woman, wife> āḷu �pl� āṇḍru�
<Row gommu d400 āṛ (pl W. Mu. Ma> āṛ �pl
<Row muria d400 āṛ (pl W. Mu. Ma> āṛ �pl
<Row maria d400 āṛ (pl W. Mu. Ma> āṛ �pl
<Row Pengo d400 āṛ (pl. ācku) woman, wife> āṛ �pl� ācku�
<Row Manda d400 āṛ (pl. ācke) id> āṛ �pl� ācke�
<Row Manda d400 āco-mgāṛ (pl. āco-mgahke) woman (for-mgār, see 4616)> āco-mgāṛ �pl� āco-mgahke�
<Row Kui d400 āsa (pl. -ska id., female> āsa �pl� -ska
<Row Kui d400 -saka) id., female> saka�
<Row Kuwi d400 āca (pl. āska) woman> āca �pl� āska�
<Row Tam d404 āṟu (āṟi-) to cool, grow cold, be appeased, alleviated, mitigated, be suppressed, heal (as a wound)> āṟu �āṟi-�
<Row Tam d404 āṟṟu (āṟṟi-) to cool (<i>tr.</i>), assuage, appease, alleviate, mitigate, comfort, console, soothe, dry (<i>tr.</i>, as the hair)> āṟṟu �āṟṟi-�
<Row Kota d404 a·r- (a·ry-) to become cool (liquid or solid), (dew) dries, (wound) heals> a�r- �a�ry-�
<Row Kota d404 a·rc- (a·rc-) to make (liquid) cool, make to dry in heat> a�rc- �a�rc-�
<Row Kota d404 a·t- (a·ty-) to expose to fire to remove pollution (e.g. wet clothes or meat which might damage child in house, jewelry removed from corpse)> a�t- �a�ty-�
<Row Kota d404 arv- (art-) (water) is wanted> arv- �art-�
<Row Kota d404 ni·r arp thirst> ni�r arp
<Row Kota d404 arp a·ṛ- (a·ṛy-) to take a rest> arp a�ṛ- �a�ṛy-�
<Row Kota d404 arp e·gu·ṛ- (e·gu·c-) to take a rest> arp e�gu�ṛ- �e�gu�c-�
<Row Toda d404 o·ṟ- (o·ṟy-) (hot water) cools, become dry by heating (e.g. cloth, head, body)> o�ṟ- �o�ṟy-�
<Row Toda d404 o·ṯ- (o·ṯy-) to dry in heat> o�ṯ- �o�ṯy-�
<Row Toda d404 a·l- (a·ṯ-) (stream) goes dry, (pool, puddle) dries up> a�l- �a�ṯ-�
<Row Toda d404 aṟp oḍg- (oḍgy-) to take a rest> aṟp oḍg- �oḍgy-�
<Row Toda d404 aṟ- (aṟQ-) to be fatigued> aṟ- �aṟ�-�
<Row Toda d404 o·r- (o·ry) (dispute) is settled> o�r- �o�ry�
<Row Toda d404 o·rc- (o·rč-) to settle (dispute) (? &lt; Badaga)> o�rc- �o�rč-�
<Row Toda d404 o·ṟc- (o·ṟč-) to reopen settled dispute because the settlement was unjust (i.e. alleviate, etc.)> o�ṟc- �o�ṟč-�
<Row Kannada d404 aṟ (art-) to be dried, dry up, disappear> aṟ �art-�
<Row Kodagu d404 a·r- (a·ri-) (stream, cloth) dries up> a�r- �a�ri-�
<Row Kodagu d404 a·t- (a·ti-) to dry> a�t- �a�ti-�
<Row Kodagu d404 ara- (arap-, arat-) (water) dries up, become emaciated> ara- �arap-� arat-�
<Row Kolami d404 a·r- (a·rt-) to become dry> a�r- �a�rt-�
<Row Kolami d404 a·rp- (a·rapt-) to make to dry> a�rp- �a�rapt-�
<Row Gondi d404 caus. ārsahtānā > caus� ārsahtānā
<Row Gondi d404 caus. ārih- > caus� ārih
<Row Gondi d404 caus. ārcah- (Voc 135). <i>> caus� ārcah- ��oc
<Row Kui d404 āja (āji-) to become cool, chilled, cool down> āja �āji-�
<Row Kui d404 āspa (āst-) to make cold, cool down, reduce a fire> āspa �āst-�
<Row Kuwi d404 āy- (-it-) to become cool> āy- �-it-�
<Row Kurux d404 arta'ānā to spread out in the sun for drying. DED(S) 346> arta�ānā
<Row Tam d405 āṟu (obl. āṟṟu-) way, road, path, means, manner, method> āṟu �obl� āṟṟu-�
<Row Kota d405 o·yṇ-a·r (obl. o·yṇ-a·ṯ-) path> o�yṇ-a�r �obl� o�yṇ-a�ṯ-�
<Row Kota d405 a·ḷ-a·r (obl. a·ḷ-a·ṯ-) way, distance> a�ḷ-a�r �obl� a�ḷ-a�ṯ-�
<Row Kota d405 a·r a·ṛ- (a·c-) to settle upon a course of action (see 347 Ta.āṭu)> a�r a�ṛ- �a�c-�
<Row Toda d405 o·ṟ (obl. o·ṯ-) way, entrance into thicket> o�ṟ �obl� o�ṯ-�
<Row Toda d405 o·ḷ a·ṟ (obl. o·ḷ a·ṯ-) path (cf. 399)> o�ḷ a�ṟ �obl� o�ḷ a�ṯ-�
<Row Toda d405 tïṟ a·ṟ (obl. a·ṯ-) open space between front of enclosing wall and entrance of house (cf. 3259)> tɨṟ a�ṟ �obl� a�ṯ-�
<Row Toda d405 po·s̱ a·ṟ (obl. a·ṯ-) entrance, doorway (cf. 5354)> po�s̱ a�ṟ �obl� a�ṯ-�
<Row Toda d405 -a·ṟ by way of, through; around, all over; up to (a time), until> a�ṟ
<Row Konda d406 ānṟga (ānḍṟga) id> ānṟga �ānḍṟga�
<Row sunkar d406 āji (pl. -ŋa) id> āji �pl� -ŋa�
<Row Kannada d406 378 > �
<Row Kannada d406 and 384 > and ��
<Row Tam d407 āṟṟu (āṟṟi-) to become strong, powerful, be possible, be sufficient, accumulate (as wealth), sustain, carry> āṟṟu �āṟṟi-�
<Row Kota d407 a·r- (only in negative, following S<super>2</super> -ul) not to be willing to do so-and-so (Su. 1971, p. 342); (only in negative, following S<super>1</super> -l) cannot do so-and-so. <i>> a�r
<Row Toda d407 song 12) o·xaṟe· you will not be (said to be Badaga;-aṟ-belongs here)> song ��� o�xaṟe�
<Row Kannada d407 āṟ (ārt-) to be or become strong, be powerful, able, or competent, be possible, can, may, be adequate, be able for, be able to endure> āṟ �ārt-�
<Row Kodagu d407 a·t- (a·ti-) (body) attains maturity (at about 21 years), (fruit, grain) becomes mature but not yet ripe> a�t- �a�ti-�
<Row Kodagu d407 a·tï full-grown but not yet ripe (guava, jack, coconut). <i>> a�tɨ
<Row Kui d408 ēṇba (ēṭ-) to lay one's head upon; <i>n.</i> reclining. ?> ēṇba �ēṭ-�
<Row Pengo d409 ānj- (ānc-) to catch (something thrown at one)> ānj- �ānc-�
<Row Tam d410 adj. inta here> adj� inta
<Row Tam d410 iṉai; īṅkaṇ here> iṉai� īŋkaṇ
<Row Tam d410 iṉai; iṅkaṇ here> iṉai� iŋkaṇ
<Row Mal d410 i·ppōḷ now> i�ppōḷ
<Row Kota d410 adj. i; i· this place> adj� i� i�
<Row Kota d410 i·k to this place> i�k
<Row Kota d410 i·tr from this place> i�tr
<Row Kota d410 io·n this man, woman, etc> io�n
<Row Kota d410 io·ḷ this man, woman, etc> io�ḷ
<Row Kota d410 io· r this man, woman, etc> io� r
<Row Kota d410 i·d this man, woman, etc> i�d
<Row Kota d410 iṯa·k a little this way> iṯa�k
<Row Kota d410 itervi· in this neighbourhood> itervi�
<Row Kota d410 iḷyo·n this man, woman, etc., now> iḷyo�n
<Row Kota d410 iḷyo·ḷ this man, woman, etc., now> iḷyo�ḷ
<Row Kota d410 iḷyo·r this man, woman, etc., now> iḷyo�r
<Row Kota d410 ila· lo here!> ila�
<Row Kota d410 inm (obl. int-) like this, this fashion, this amount> inm �obl� int-�
<Row Kota d410 ina·n such an important man, woman, etc., as this> ina�n
<Row Kota d410 ino·n such an important man, woman, etc., as this> ino�n
<Row Kota d410 ino·ḷ such an important man, woman, etc., as this> ino�ḷ
<Row Kota d410 ino·r such an important man, woman, etc., as this> ino�r
<Row Kota d410 ina· such and such (as this)> ina�
<Row Kota d410 inina· adj such and such (as this)> inina� adj
<Row Kota d410 inta· so great, such and such> inta�
<Row Kota d410 i·pa·ṭy so big as this> i�pa�ṭy
<Row Kota d410 inmu·ṛ like this> inmu�ṛ
<Row Kota d410 ina·k by now> ina�k
<Row Kota d410 inde·l this last night, yesterday night; this coming night (cf.ande·levening)> inde�l
<Row Toda d410 iQ (obl. in-) this person or thing> i� �obl� in-�
<Row Toda d410 pl. iQa·m; adj. i; iQïd because of this> pl� i�a�m� adj� i� i�ɨd
<Row Toda d410 iQi· like this> i�i�
<Row Toda d410 ïto·f such as this> ɨto�f
<Row Toda d410 ïs̱ ïn- (ïḏ-) to say like this; ? to have a refreshing feeling> ɨs̱ ɨn- �ɨḏ-�
<Row Toda d410 i·nk to this place> i�nk
<Row Toda d410 i·na·ṟ towards here, by this road; ?> i�na�ṟ
<Row Toda d410 i·ṇy now> i�ṇy
<Row Toda d410 i·toṭ this bank (for possible analysis, cf. 1)> i�toṭ
<Row Toda d410 i mun no·ṛ this world, the world of the living (cf. 1)> i mun no�ṛ
<Row Kannada d410 adj. ī; ikō look here!> adj� ī� ikō
<Row Kannada d410 adj. ī; iko look here!> adj� ī� iko
<Row Kodagu d410 adj. i·; illi here> adj� i�� illi
<Row Kodagu d410 i·le by this way> i�le
<Row Kodagu d410 ikka·kaṇe up to now> ikka�kaṇe
<Row Kodagu d410 ikkale· just now> ikkale�
<Row Kodagu d410 ikkanne· just now> ikkanne�
<Row Kodagu d410 i·taratï in this manner> i�taratɨ
<Row Kodagu d410 innata·ŋgï for this purpose> innata�ŋgɨ
<Row Kodagu d410 i·naŋguṇḍï on account of this> i�naŋguṇḍɨ
<Row Tulu d410 adj. ī; ītů so much, so many> adj� ī� ītɯ
<Row Telugu d410 vī̃ḍu (obl. vīni-) this man, these persons, this woman or thing, these things> vī̃ḍu �obl� vīni-�
<Row Telugu d410 vīru (obl. vīri-) this man, these persons, this woman or thing, these things> vīru �obl� vīri-�
<Row Telugu d410 idi (obl. dīni-) this man, these persons, this woman or thing, these things> idi �obl� dīni-�
<Row Telugu d410 ivi (obl. vīṭi-) this man, these persons, this woman or thing, these things> ivi �obl� vīṭi-�
<Row Telugu d410 adj. ī; ībiḍa this woman> adj� ī� ībiḍa
<Row Kolami d410 i·; inaŋ in this way> i�� inaŋ
<Row Naikri d410 adj. ī; inṭa like this> adj� ī� inṭa
<Row Parji d410 adj. ī; iŋgot this much> adj� ī� iŋgot
<Row Gadaba d410 id that woman or thing; adj. ī; inḍi now> id tʰat voman or tʰing� adj� ī� inḍi
<Row betul d410 ēl (obl. ēn-) he, this man, these men> ēl �obl� ēn-�
<Row betul d410 pl. ēṛ he, this man, these men> pl� ēṛ
<Row chanda d410 pl. iyeṛ > pl� iyeṛ
<Row mandla d410 pl. ērk id> pl� ērk
<Row mandla d410 pl. ērk id> pl� ērk
<Row muria d410 ēr (obl. ēn-) he, this man (or do forms likeēl, ēr, ēṛbelong in 764?)> ēr �obl� ēn-�
<Row adil d410 vēr (obl. vēn-) he, this man, these men> vēr �obl� vēn-�
<Row adil d410 pl. vīr he, this man, these men> pl� vīr
<Row Gondi d410 pl. iv (Tr.iu, W.iú, Pat.iwwu)> pl� iv
<Row adil d410 pl. iv this woman or thing, these women or things (<i>Voc.</i> 166)> pl� iv
<Row yavatmal d410 pl. iv this woman or thing, these women or things (<i>Voc.</i> 166)> pl� iv
<Row Gondi d410 neut. icnal as much, as many, or as big as> neut� icnal
<Row Gondi d410 pl. iccōṛ as much, as many, or as big as> pl� iccōṛ
<Row betul d410 neut. ītal such, like this (<i>Voc.</i> 210)> neut� ītal
<Row betul d410 pl. ītōṛ such, like this (<i>Voc.</i> 210)> pl� ītōṛ
<Row Konda d410 vēnṟu (obl. veni-) this man, these men, this woman or thing, these women or things> vēnṟu �obl� veni-�
<Row Konda d410 vēr (obl. veri-) this man, these men, this woman or thing, these women or things> vēr �obl� veri-�
<Row Konda d410 vēru (obl. veri-) this man, these men, this woman or thing, these women or things> vēru �obl� veri-�
<Row Konda d410 idi (obl. deni-) this man, these men, this woman or thing, these women or things> idi �obl� deni-�
<Row Konda d410 ivi (obl. venka-) this man, these men, this woman or thing, these women or things> ivi �obl� venka-�
<Row Konda d410 ital (obl. itaR-) this side> ital �obl� ita�-�
<Row Konda d410 itaR of this side> ita�
<Row Konda d410 itaRi of this side> ita�i
<Row Konda d410 itaRaṇḍ from this side> ita�aṇḍ
<Row Konda d410 bēn (obl. ibeṇ- here> bēn �obl� ibeṇ
<Row Konda d410 bēṇ-) here> bēṇ-�
<Row Konda d410 īR in this manner, like this> ī�
<Row Konda d410 īRu in this manner, like this> ī�u
<Row Konda d410 iya (variant yā) adj this> iya �variant yā� adj
<Row Pengo d410 adj. ī so big, so many, so much> adj� ī
<Row Pengo d410 inda; ice so big, so many, so much> inda� ice
<Row Pengo d410 icaka (neut. pl. iciŋ, icoŋ) so big, so many, so much> icaka �neut� pl� iciŋ� icoŋ�
<Row Kui d410 adj. ī; imba here> adj� ī� imba
<Row Kuwi d410 adj. ī; imba here> adj� ī� imba
<Row Kuwi d410 imba'a here> imba�a
<Row Kuwi d410 adj. ī; imbaa here> adj� ī� imbaa
<Row Kurux d410 adj. ī; ībīrī at this moment (previously mentioned)> adj� ī� ībīrī
<Row Malto d410 adj. í; íw íwe these objects or circumstances (previously mentioned)> adj� í� ív íve
<Row Tam d410 adj. inta here> adj� inta
<Row Tam d410 iṉai; īṅkaṇ here> iṉai� īŋkaṇ
<Row Tam d410 iṉai; iṅkaṇ here> iṉai� iŋkaṇ
<Row Mal d410 i·ppōḷ now> i�ppōḷ
<Row Kota d410 adj. i; i· this place> adj� i� i�
<Row Kota d410 i·k to this place> i�k
<Row Kota d410 i·tr from this place> i�tr
<Row Kota d410 io·n this man, woman, etc> io�n
<Row Kota d410 io·ḷ this man, woman, etc> io�ḷ
<Row Kota d410 io· r this man, woman, etc> io� r
<Row Kota d410 i·d this man, woman, etc> i�d
<Row Kota d410 iṯa·k a little this way> iṯa�k
<Row Kota d410 itervi· in this neighbourhood> itervi�
<Row Kota d410 iḷyo·n this man, woman, etc., now> iḷyo�n
<Row Kota d410 iḷyo·ḷ this man, woman, etc., now> iḷyo�ḷ
<Row Kota d410 iḷyo·r this man, woman, etc., now> iḷyo�r
<Row Kota d410 ila· lo here!> ila�
<Row Kota d410 inm (obl. int-) like this, this fashion, this amount> inm �obl� int-�
<Row Kota d410 ina·n such an important man, woman, etc., as this> ina�n
<Row Kota d410 ino·n such an important man, woman, etc., as this> ino�n
<Row Kota d410 ino·ḷ such an important man, woman, etc., as this> ino�ḷ
<Row Kota d410 ino·r such an important man, woman, etc., as this> ino�r
<Row Kota d410 ina· such and such (as this)> ina�
<Row Kota d410 inina· adj such and such (as this)> inina� adj
<Row Kota d410 inta· so great, such and such> inta�
<Row Kota d410 i·pa·ṭy so big as this> i�pa�ṭy
<Row Kota d410 inmu·ṛ like this> inmu�ṛ
<Row Kota d410 ina·k by now> ina�k
<Row Kota d410 inde·l this last night, yesterday night; this coming night (cf.ande·levening)> inde�l
<Row Toda d410 iQ (obl. in-) this person or thing> i� �obl� in-�
<Row Toda d410 pl. iQa·m; adj. i; iQïd because of this> pl� i�a�m� adj� i� i�ɨd
<Row Toda d410 iQi· like this> i�i�
<Row Toda d410 ïto·f such as this> ɨto�f
<Row Toda d410 ïs̱ ïn- (ïḏ-) to say like this; ? to have a refreshing feeling> ɨs̱ ɨn- �ɨḏ-�
<Row Toda d410 i·nk to this place> i�nk
<Row Toda d410 i·na·ṟ towards here, by this road; ?> i�na�ṟ
<Row Toda d410 i·ṇy now> i�ṇy
<Row Toda d410 i·toṭ this bank (for possible analysis, cf. 1)> i�toṭ
<Row Toda d410 i mun no·ṛ this world, the world of the living (cf. 1)> i mun no�ṛ
<Row Kannada d410 adj. ī; ikō look here!> adj� ī� ikō
<Row Kannada d410 adj. ī; iko look here!> adj� ī� iko
<Row Kodagu d410 adj. i·; illi here> adj� i�� illi
<Row Kodagu d410 i·le by this way> i�le
<Row Kodagu d410 ikka·kaṇe up to now> ikka�kaṇe
<Row Kodagu d410 ikkale· just now> ikkale�
<Row Kodagu d410 ikkanne· just now> ikkanne�
<Row Kodagu d410 i·taratï in this manner> i�taratɨ
<Row Kodagu d410 innata·ŋgï for this purpose> innata�ŋgɨ
<Row Kodagu d410 i·naŋguṇḍï on account of this> i�naŋguṇḍɨ
<Row Tulu d410 adj. ī; ītů so much, so many> adj� ī� ītɯ
<Row Telugu d410 vī̃ḍu (obl. vīni-) this man, these persons, this woman or thing, these things> vī̃ḍu �obl� vīni-�
<Row Telugu d410 vīru (obl. vīri-) this man, these persons, this woman or thing, these things> vīru �obl� vīri-�
<Row Telugu d410 idi (obl. dīni-) this man, these persons, this woman or thing, these things> idi �obl� dīni-�
<Row Telugu d410 ivi (obl. vīṭi-) this man, these persons, this woman or thing, these things> ivi �obl� vīṭi-�
<Row Telugu d410 adj. ī; ībiḍa this woman> adj� ī� ībiḍa
<Row Kolami d410 i·; inaŋ in this way> i�� inaŋ
<Row Naikri d410 adj. ī; inṭa like this> adj� ī� inṭa
<Row Parji d410 adj. ī; iŋgot this much> adj� ī� iŋgot
<Row Gadaba d410 id that woman or thing; adj. ī; inḍi now> id tʰat voman or tʰing� adj� ī� inḍi
<Row betul d410 ēl (obl. ēn-) he, this man, these men> ēl �obl� ēn-�
<Row betul d410 pl. ēṛ he, this man, these men> pl� ēṛ
<Row chanda d410 pl. iyeṛ > pl� iyeṛ
<Row mandla d410 pl. ērk id> pl� ērk
<Row mandla d410 pl. ērk id> pl� ērk
<Row muria d410 ēr (obl. ēn-) he, this man (or do forms likeēl, ēr, ēṛbelong in 764?)> ēr �obl� ēn-�
<Row adil d410 vēr (obl. vēn-) he, this man, these men> vēr �obl� vēn-�
<Row adil d410 pl. vīr he, this man, these men> pl� vīr
<Row Gondi d410 pl. iv (Tr.iu, W.iú, Pat.iwwu)> pl� iv
<Row adil d410 pl. iv this woman or thing, these women or things (<i>Voc.</i> 166)> pl� iv
<Row yavatmal d410 pl. iv this woman or thing, these women or things (<i>Voc.</i> 166)> pl� iv
<Row Gondi d410 neut. icnal as much, as many, or as big as> neut� icnal
<Row Gondi d410 pl. iccōṛ as much, as many, or as big as> pl� iccōṛ
<Row betul d410 neut. ītal such, like this (<i>Voc.</i> 210)> neut� ītal
<Row betul d410 pl. ītōṛ such, like this (<i>Voc.</i> 210)> pl� ītōṛ
<Row Konda d410 vēnṟu (obl. veni-) this man, these men, this woman or thing, these women or things> vēnṟu �obl� veni-�
<Row Konda d410 vēr (obl. veri-) this man, these men, this woman or thing, these women or things> vēr �obl� veri-�
<Row Konda d410 vēru (obl. veri-) this man, these men, this woman or thing, these women or things> vēru �obl� veri-�
<Row Konda d410 idi (obl. deni-) this man, these men, this woman or thing, these women or things> idi �obl� deni-�
<Row Konda d410 ivi (obl. venka-) this man, these men, this woman or thing, these women or things> ivi �obl� venka-�
<Row Konda d410 ital (obl. itaR-) this side> ital �obl� ita�-�
<Row Konda d410 itaR of this side> ita�
<Row Konda d410 itaRi of this side> ita�i
<Row Konda d410 itaRaṇḍ from this side> ita�aṇḍ
<Row Konda d410 bēn (obl. ibeṇ- here> bēn �obl� ibeṇ
<Row Konda d410 bēṇ-) here> bēṇ-�
<Row Konda d410 īR in this manner, like this> ī�
<Row Konda d410 īRu in this manner, like this> ī�u
<Row Konda d410 iya (variant yā) adj this> iya �variant yā� adj
<Row Pengo d410 adj. ī so big, so many, so much> adj� ī
<Row Pengo d410 inda; ice so big, so many, so much> inda� ice
<Row Pengo d410 icaka (neut. pl. iciŋ, icoŋ) so big, so many, so much> icaka �neut� pl� iciŋ� icoŋ�
<Row Kui d410 adj. ī; imba here> adj� ī� imba
<Row Kuwi d410 adj. ī; imba here> adj� ī� imba
<Row Kuwi d410 imba'a here> imba�a
<Row Kuwi d410 adj. ī; imbaa here> adj� ī� imbaa
<Row Kurux d410 adj. ī; ībīrī at this moment (previously mentioned)> adj� ī� ībīrī
<Row Malto d410 adj. í; íw íwe these objects or circumstances (previously mentioned)> adj� í� ív íve
<Row Kota d410 inḏo·ṛ from today> inḏo�ṛ
<Row Tam d410 adj. inta here> adj� inta
<Row Tam d410 iṉai; īṅkaṇ here> iṉai� īŋkaṇ
<Row Tam d410 iṉai; iṅkaṇ here> iṉai� iŋkaṇ
<Row Mal d410 i·ppōḷ now> i�ppōḷ
<Row Kota d410 adj. i; i· this place> adj� i� i�
<Row Kota d410 i·k to this place> i�k
<Row Kota d410 i·tr from this place> i�tr
<Row Kota d410 io·n this man, woman, etc> io�n
<Row Kota d410 io·ḷ this man, woman, etc> io�ḷ
<Row Kota d410 io· r this man, woman, etc> io� r
<Row Kota d410 i·d this man, woman, etc> i�d
<Row Kota d410 iṯa·k a little this way> iṯa�k
<Row Kota d410 itervi· in this neighbourhood> itervi�
<Row Kota d410 iḷyo·n this man, woman, etc., now> iḷyo�n
<Row Kota d410 iḷyo·ḷ this man, woman, etc., now> iḷyo�ḷ
<Row Kota d410 iḷyo·r this man, woman, etc., now> iḷyo�r
<Row Kota d410 ila· lo here!> ila�
<Row Kota d410 inm (obl. int-) like this, this fashion, this amount> inm �obl� int-�
<Row Kota d410 ina·n such an important man, woman, etc., as this> ina�n
<Row Kota d410 ino·n such an important man, woman, etc., as this> ino�n
<Row Kota d410 ino·ḷ such an important man, woman, etc., as this> ino�ḷ
<Row Kota d410 ino·r such an important man, woman, etc., as this> ino�r
<Row Kota d410 ina· such and such (as this)> ina�
<Row Kota d410 inina· adj such and such (as this)> inina� adj
<Row Kota d410 inta· so great, such and such> inta�
<Row Kota d410 i·pa·ṭy so big as this> i�pa�ṭy
<Row Kota d410 inmu·ṛ like this> inmu�ṛ
<Row Kota d410 ina·k by now> ina�k
<Row Kota d410 inde·l this last night, yesterday night; this coming night (cf.ande·levening)> inde�l
<Row Toda d410 iQ (obl. in-) this person or thing> i� �obl� in-�
<Row Toda d410 pl. iQa·m; adj. i; iQïd because of this> pl� i�a�m� adj� i� i�ɨd
<Row Toda d410 iQi· like this> i�i�
<Row Toda d410 ïto·f such as this> ɨto�f
<Row Toda d410 ïs̱ ïn- (ïḏ-) to say like this; ? to have a refreshing feeling> ɨs̱ ɨn- �ɨḏ-�
<Row Toda d410 i·nk to this place> i�nk
<Row Toda d410 i·na·ṟ towards here, by this road; ?> i�na�ṟ
<Row Toda d410 i·ṇy now> i�ṇy
<Row Toda d410 i·toṭ this bank (for possible analysis, cf. 1)> i�toṭ
<Row Toda d410 i mun no·ṛ this world, the world of the living (cf. 1)> i mun no�ṛ
<Row Kannada d410 adj. ī; ikō look here!> adj� ī� ikō
<Row Kannada d410 adj. ī; iko look here!> adj� ī� iko
<Row Kodagu d410 adj. i·; illi here> adj� i�� illi
<Row Kodagu d410 i·le by this way> i�le
<Row Kodagu d410 ikka·kaṇe up to now> ikka�kaṇe
<Row Kodagu d410 ikkale· just now> ikkale�
<Row Kodagu d410 ikkanne· just now> ikkanne�
<Row Kodagu d410 i·taratï in this manner> i�taratɨ
<Row Kodagu d410 innata·ŋgï for this purpose> innata�ŋgɨ
<Row Kodagu d410 i·naŋguṇḍï on account of this> i�naŋguṇḍɨ
<Row Tulu d410 adj. ī; ītů so much, so many> adj� ī� ītɯ
<Row Telugu d410 vī̃ḍu (obl. vīni-) this man, these persons, this woman or thing, these things> vī̃ḍu �obl� vīni-�
<Row Telugu d410 vīru (obl. vīri-) this man, these persons, this woman or thing, these things> vīru �obl� vīri-�
<Row Telugu d410 idi (obl. dīni-) this man, these persons, this woman or thing, these things> idi �obl� dīni-�
<Row Telugu d410 ivi (obl. vīṭi-) this man, these persons, this woman or thing, these things> ivi �obl� vīṭi-�
<Row Telugu d410 adj. ī; ībiḍa this woman> adj� ī� ībiḍa
<Row Kolami d410 i·; inaŋ in this way> i�� inaŋ
<Row Naikri d410 adj. ī; inṭa like this> adj� ī� inṭa
<Row Parji d410 adj. ī; iŋgot this much> adj� ī� iŋgot
<Row Gadaba d410 id that woman or thing; adj. ī; inḍi now> id tʰat voman or tʰing� adj� ī� inḍi
<Row betul d410 ēl (obl. ēn-) he, this man, these men> ēl �obl� ēn-�
<Row betul d410 pl. ēṛ he, this man, these men> pl� ēṛ
<Row chanda d410 pl. iyeṛ > pl� iyeṛ
<Row mandla d410 pl. ērk id> pl� ērk
<Row mandla d410 pl. ērk id> pl� ērk
<Row muria d410 ēr (obl. ēn-) he, this man (or do forms likeēl, ēr, ēṛbelong in 764?)> ēr �obl� ēn-�
<Row adil d410 vēr (obl. vēn-) he, this man, these men> vēr �obl� vēn-�
<Row adil d410 pl. vīr he, this man, these men> pl� vīr
<Row Gondi d410 pl. iv (Tr.iu, W.iú, Pat.iwwu)> pl� iv
<Row adil d410 pl. iv this woman or thing, these women or things (<i>Voc.</i> 166)> pl� iv
<Row yavatmal d410 pl. iv this woman or thing, these women or things (<i>Voc.</i> 166)> pl� iv
<Row Gondi d410 neut. icnal as much, as many, or as big as> neut� icnal
<Row Gondi d410 pl. iccōṛ as much, as many, or as big as> pl� iccōṛ
<Row betul d410 neut. ītal such, like this (<i>Voc.</i> 210)> neut� ītal
<Row betul d410 pl. ītōṛ such, like this (<i>Voc.</i> 210)> pl� ītōṛ
<Row Konda d410 vēnṟu (obl. veni-) this man, these men, this woman or thing, these women or things> vēnṟu �obl� veni-�
<Row Konda d410 vēr (obl. veri-) this man, these men, this woman or thing, these women or things> vēr �obl� veri-�
<Row Konda d410 vēru (obl. veri-) this man, these men, this woman or thing, these women or things> vēru �obl� veri-�
<Row Konda d410 idi (obl. deni-) this man, these men, this woman or thing, these women or things> idi �obl� deni-�
<Row Konda d410 ivi (obl. venka-) this man, these men, this woman or thing, these women or things> ivi �obl� venka-�
<Row Konda d410 ital (obl. itaR-) this side> ital �obl� ita�-�
<Row Konda d410 itaR of this side> ita�
<Row Konda d410 itaRi of this side> ita�i
<Row Konda d410 itaRaṇḍ from this side> ita�aṇḍ
<Row Konda d410 bēn (obl. ibeṇ- here> bēn �obl� ibeṇ
<Row Konda d410 bēṇ-) here> bēṇ-�
<Row Konda d410 īR in this manner, like this> ī�
<Row Konda d410 īRu in this manner, like this> ī�u
<Row Konda d410 iya (variant yā) adj this> iya �variant yā� adj
<Row Pengo d410 adj. ī so big, so many, so much> adj� ī
<Row Pengo d410 inda; ice so big, so many, so much> inda� ice
<Row Pengo d410 icaka (neut. pl. iciŋ, icoŋ) so big, so many, so much> icaka �neut� pl� iciŋ� icoŋ�
<Row Kui d410 adj. ī; imba here> adj� ī� imba
<Row Kuwi d410 adj. ī; imba here> adj� ī� imba
<Row Kuwi d410 imba'a here> imba�a
<Row Kuwi d410 adj. ī; imbaa here> adj� ī� imbaa
<Row Kurux d410 adj. ī; ībīrī at this moment (previously mentioned)> adj� ī� ībīrī
<Row Malto d410 adj. í; íw íwe these objects or circumstances (previously mentioned)> adj� í� ív íve
<Row Kota d410 inḏo·ṛ from today> inḏo�ṛ
<Row Kodagu d410 iññu· still other> iññu�
<Row Tam d410 adj. inta here> adj� inta
<Row Tam d410 iṉai; īṅkaṇ here> iṉai� īŋkaṇ
<Row Tam d410 iṉai; iṅkaṇ here> iṉai� iŋkaṇ
<Row Mal d410 i·ppōḷ now> i�ppōḷ
<Row Kota d410 adj. i; i· this place> adj� i� i�
<Row Kota d410 i·k to this place> i�k
<Row Kota d410 i·tr from this place> i�tr
<Row Kota d410 io·n this man, woman, etc> io�n
<Row Kota d410 io·ḷ this man, woman, etc> io�ḷ
<Row Kota d410 io· r this man, woman, etc> io� r
<Row Kota d410 i·d this man, woman, etc> i�d
<Row Kota d410 iṯa·k a little this way> iṯa�k
<Row Kota d410 itervi· in this neighbourhood> itervi�
<Row Kota d410 iḷyo·n this man, woman, etc., now> iḷyo�n
<Row Kota d410 iḷyo·ḷ this man, woman, etc., now> iḷyo�ḷ
<Row Kota d410 iḷyo·r this man, woman, etc., now> iḷyo�r
<Row Kota d410 ila· lo here!> ila�
<Row Kota d410 inm (obl. int-) like this, this fashion, this amount> inm �obl� int-�
<Row Kota d410 ina·n such an important man, woman, etc., as this> ina�n
<Row Kota d410 ino·n such an important man, woman, etc., as this> ino�n
<Row Kota d410 ino·ḷ such an important man, woman, etc., as this> ino�ḷ
<Row Kota d410 ino·r such an important man, woman, etc., as this> ino�r
<Row Kota d410 ina· such and such (as this)> ina�
<Row Kota d410 inina· adj such and such (as this)> inina� adj
<Row Kota d410 inta· so great, such and such> inta�
<Row Kota d410 i·pa·ṭy so big as this> i�pa�ṭy
<Row Kota d410 inmu·ṛ like this> inmu�ṛ
<Row Kota d410 ina·k by now> ina�k
<Row Kota d410 inde·l this last night, yesterday night; this coming night (cf.ande·levening)> inde�l
<Row Toda d410 iQ (obl. in-) this person or thing> i� �obl� in-�
<Row Toda d410 pl. iQa·m; adj. i; iQïd because of this> pl� i�a�m� adj� i� i�ɨd
<Row Toda d410 iQi· like this> i�i�
<Row Toda d410 ïto·f such as this> ɨto�f
<Row Toda d410 ïs̱ ïn- (ïḏ-) to say like this; ? to have a refreshing feeling> ɨs̱ ɨn- �ɨḏ-�
<Row Toda d410 i·nk to this place> i�nk
<Row Toda d410 i·na·ṟ towards here, by this road; ?> i�na�ṟ
<Row Toda d410 i·ṇy now> i�ṇy
<Row Toda d410 i·toṭ this bank (for possible analysis, cf. 1)> i�toṭ
<Row Toda d410 i mun no·ṛ this world, the world of the living (cf. 1)> i mun no�ṛ
<Row Kannada d410 adj. ī; ikō look here!> adj� ī� ikō
<Row Kannada d410 adj. ī; iko look here!> adj� ī� iko
<Row Kodagu d410 adj. i·; illi here> adj� i�� illi
<Row Kodagu d410 i·le by this way> i�le
<Row Kodagu d410 ikka·kaṇe up to now> ikka�kaṇe
<Row Kodagu d410 ikkale· just now> ikkale�
<Row Kodagu d410 ikkanne· just now> ikkanne�
<Row Kodagu d410 i·taratï in this manner> i�taratɨ
<Row Kodagu d410 innata·ŋgï for this purpose> innata�ŋgɨ
<Row Kodagu d410 i·naŋguṇḍï on account of this> i�naŋguṇḍɨ
<Row Tulu d410 adj. ī; ītů so much, so many> adj� ī� ītɯ
<Row Telugu d410 vī̃ḍu (obl. vīni-) this man, these persons, this woman or thing, these things> vī̃ḍu �obl� vīni-�
<Row Telugu d410 vīru (obl. vīri-) this man, these persons, this woman or thing, these things> vīru �obl� vīri-�
<Row Telugu d410 idi (obl. dīni-) this man, these persons, this woman or thing, these things> idi �obl� dīni-�
<Row Telugu d410 ivi (obl. vīṭi-) this man, these persons, this woman or thing, these things> ivi �obl� vīṭi-�
<Row Telugu d410 adj. ī; ībiḍa this woman> adj� ī� ībiḍa
<Row Kolami d410 i·; inaŋ in this way> i�� inaŋ
<Row Naikri d410 adj. ī; inṭa like this> adj� ī� inṭa
<Row Parji d410 adj. ī; iŋgot this much> adj� ī� iŋgot
<Row Gadaba d410 id that woman or thing; adj. ī; inḍi now> id tʰat voman or tʰing� adj� ī� inḍi
<Row betul d410 ēl (obl. ēn-) he, this man, these men> ēl �obl� ēn-�
<Row betul d410 pl. ēṛ he, this man, these men> pl� ēṛ
<Row chanda d410 pl. iyeṛ > pl� iyeṛ
<Row mandla d410 pl. ērk id> pl� ērk
<Row mandla d410 pl. ērk id> pl� ērk
<Row muria d410 ēr (obl. ēn-) he, this man (or do forms likeēl, ēr, ēṛbelong in 764?)> ēr �obl� ēn-�
<Row adil d410 vēr (obl. vēn-) he, this man, these men> vēr �obl� vēn-�
<Row adil d410 pl. vīr he, this man, these men> pl� vīr
<Row Gondi d410 pl. iv (Tr.iu, W.iú, Pat.iwwu)> pl� iv
<Row adil d410 pl. iv this woman or thing, these women or things (<i>Voc.</i> 166)> pl� iv
<Row yavatmal d410 pl. iv this woman or thing, these women or things (<i>Voc.</i> 166)> pl� iv
<Row Gondi d410 neut. icnal as much, as many, or as big as> neut� icnal
<Row Gondi d410 pl. iccōṛ as much, as many, or as big as> pl� iccōṛ
<Row betul d410 neut. ītal such, like this (<i>Voc.</i> 210)> neut� ītal
<Row betul d410 pl. ītōṛ such, like this (<i>Voc.</i> 210)> pl� ītōṛ
<Row Konda d410 vēnṟu (obl. veni-) this man, these men, this woman or thing, these women or things> vēnṟu �obl� veni-�
<Row Konda d410 vēr (obl. veri-) this man, these men, this woman or thing, these women or things> vēr �obl� veri-�
<Row Konda d410 vēru (obl. veri-) this man, these men, this woman or thing, these women or things> vēru �obl� veri-�
<Row Konda d410 idi (obl. deni-) this man, these men, this woman or thing, these women or things> idi �obl� deni-�
<Row Konda d410 ivi (obl. venka-) this man, these men, this woman or thing, these women or things> ivi �obl� venka-�
<Row Konda d410 ital (obl. itaR-) this side> ital �obl� ita�-�
<Row Konda d410 itaR of this side> ita�
<Row Konda d410 itaRi of this side> ita�i
<Row Konda d410 itaRaṇḍ from this side> ita�aṇḍ
<Row Konda d410 bēn (obl. ibeṇ- here> bēn �obl� ibeṇ
<Row Konda d410 bēṇ-) here> bēṇ-�
<Row Konda d410 īR in this manner, like this> ī�
<Row Konda d410 īRu in this manner, like this> ī�u
<Row Konda d410 iya (variant yā) adj this> iya �variant yā� adj
<Row Pengo d410 adj. ī so big, so many, so much> adj� ī
<Row Pengo d410 inda; ice so big, so many, so much> inda� ice
<Row Pengo d410 icaka (neut. pl. iciŋ, icoŋ) so big, so many, so much> icaka �neut� pl� iciŋ� icoŋ�
<Row Kui d410 adj. ī; imba here> adj� ī� imba
<Row Kuwi d410 adj. ī; imba here> adj� ī� imba
<Row Kuwi d410 imba'a here> imba�a
<Row Kuwi d410 adj. ī; imbaa here> adj� ī� imbaa
<Row Kurux d410 adj. ī; ībīrī at this moment (previously mentioned)> adj� ī� ībīrī
<Row Malto d410 adj. í; íw íwe these objects or circumstances (previously mentioned)> adj� í� ív íve
<Row Kota d410 inḏo·ṛ from today> inḏo�ṛ
<Row Kodagu d410 iññu· still other> iññu�
<Row Toda d410 iš ti·rm small bag (see 2632Ma. cīla)> iš ti�rm
<Row gommu d410 iccuhna (pl. -ŋ) small> iccuhna �pl� -ŋ�
<Row Pengo d410 pl. icuṭiŋ (most commonly used) a little> pl� icuṭiŋ
<Row Pengo d410 icuṛiŋ = icuṭiŋ; icki little, small, tiny> icuṛiŋ � icuṭiŋ� icki
<Row Tam d411 ika (-pp-, -nt-) to leave behind, go away from> ika �-pp-� -nt-�
<Row Kota d411 ig- (igy-) to separate (<i>intr.</i>) from others leaving a space between> ig- �igy-�
<Row Kota d411 igc- (igc-) id> igc- �igc-�
<Row Toda d411 ïx- (ïxQ-) to separate oneself from others> ɨx- �ɨx�-�
<Row Toda d411 ïxf- (ïxt-) to make people separate, make people make room, open loop or bangle> ɨxf- �ɨxt-�
<Row Tam d413 ikal (ikalv-, ikaṉṟ-; ikali-) to disagree, hate, be inimical, compete; <i>n.</i> enmity, hatred, battle, war> ikal �ikalv-� ikaṉṟ-� ikali-�
<Row Tam d413 ical (icali-) to be in disagreement with one another, wrangle> ical �icali-�
<Row Tam d414 ikar̤ (-v-, -nt-) to slight, despise; be careless, negligent; forget; <i>n.</i> contempt, reproach> ikaṛ̆ �-v-� -nt-�
<Row Tam d415 iku (-pp-, -tt-) to kill, destroy, fell, put to rout> iku �-pp-� -tt-�
<Row Tam d416 iku (-pp-, -tt-) > iku �-pp-� -tt-�
<Row Tam d416 ikai (-pp-, -tt-) to give> ikai �-pp-� -tt-�
<Row Parji d418 ikp- (ikt-) id> ikp- �ikt-�
<Row Kurux d418 ijga'ānā to show the teeth> ijga�ānā
<Row Tam d420 iṅku (iṅki-) to abide, stay> iŋku �iŋki-�
<Row Tam d421 tetracantha. Ma. iyaṅku id> tetracantʰa� �a� iyaŋku
<Row Kannada d421 uppacci Monetia barlerioides; (DCV) isagele mistletoe berry thorn. [<i>> uppacci �onetia barlerioides� ����� isagele
<Row Kannada d421 A. tetracantha </i>, Lamk. = <i>> �� tetracantʰa
<Row Kannada d421 M. barlerioides </i>, L'Hérit.] DED(S) 359> �� barlerioides
<Row Kurux d423 isⁱgnā (isgyā) to open in long slits, chap, crack> isⁱgnā �isgyā�
<Row Konda d425 is- (-t-) to strike> is- �-t-�
<Row Pengo d425 ih- (ist-) id., beat (drum)> ih- �ist-�
<Row Manda d425 ih- (-t-) to beat> ih- �-t-�
<Row Kui d425 ihpa (iht-) to thrust into or through, spear, spit, impale> ihpa �iht-�
<Row Kuwi d425 ih- (ist-) in:> ih- �ist-�
<Row Pengo d426 ih- (ist-) to soak, steep> ih- �ist-�
<Row Manda d426 ih- (-t-) to soak, brew (landa)> ih- �-t-�
<Row Kui d426 ihpa (iht-) to soak, steep. DEDS 61> ihpa �iht-�
<Row OIA d429 *vēr- root. DED 363> �vēr
<Row Tam d430 iñcu (iñci-) to be absorbed (as water in the ground), evaporate, be curdled (as milk), get thick (as ghee); ?> iñcu �iñci-�
<Row Tam d430 imai (-pp-, -tt-) to diminish, shrink> imai �-pp-� -tt-�
<Row Kota d430 i·y- (i·c-) (flood) subsides. ?> i�y- �i�c-�
<Row Toda d430 eζ in song-unit:> e�
<Row Toda d430 eζe xen thick mass of buttermilk (=moζe xen; moζbuttermilk, 4630;ken, cf. 1987; cf. esp. Ta.iñcuto be curdled, as milk)> e�e
<Row Konda d430 nīk- (-t-) (water) to be evaporated, dry up (in summer), (floods) to subside in a river> nīk- �-t-�
<Row Pengo d430 nīk- (-t-) (water) to sink into the ground, be absorbed> nīk- �-t-�
<Row sunkar d430 ṛīk- (-it-) (water) to be absorbed, dry up. DED(S) 364> ṛīk- �-it-�
<Row Tam d432 iṭa (-pp-, -nt-) to be cracked, split, be torn off as skin; dig, scoop out, hollow, force a way through as an elephant in battle, root up as a hog, gore as a bull, throw up clods in a furrow> iṭa �-pp-� -nt-�
<Row Tam d432 iṭi (-v-, -nt-) to crumble, fall to pieces, be in ruins (as a wall), become eroded, break in two, part; (-pp-, -tt-) to break to pieces, demolish> iṭi �-v-� -nt-�
<Row Kota d432 iṛy- (iṛc-) to crush in a mortar, break, destroy in one movement (e.g. wall), be broken> iṛy- �iṛc-�
<Row Toda d432 ïṛy- (ïṛs-) to fall down (as a house); (ïṛc-) to pull down (a ruined house)> ɨṛy- �ɨṛs-�
<Row Kodagu d432 ïḍi- (ïḍiv-, ïḍiñj-) (wall) falls, (land) slips; (ïḍip-, ïḍic-) to knock over (wall, something piled or built up)> ɨḍi- �ɨḍiv-� ɨḍiñj-�
<Row Kota d434 eṛm (obl. eṛt-) place> eṛm �obl� eṛt-�
<Row Toda d434 ïṛṇ (obl. ïṛt-) place> ɨṛṇ �obl� ɨṛt-�
<Row Mal d436 Olea dioica (DCV)</i>> �lea dioica
<Row Tam d437 iṭaṟu (iṭaṟi-) to stumble, strike one's foot against, kick, obstruct; <i>n.</i> obstacle> iṭaṟu �iṭaṟi-�
<Row Toda d437 ïḍ- (ïḍy-) to limp> ɨḍ- �ɨḍy-�
<Row Tam d438 iṭi (-pp-, -tt-) to sound loud, roar, thunder, throb, beat, ache (as the head); <i>n.</i> thunder, roar, great noise, ache, throbbing pain> iṭi �-pp-� -tt-�
<Row Kota d438 iṛy- (iṛc-) (heart) beats fast, thunder> iṛy- �iṛc-�
<Row Toda d438 ïṛy- (ïṛc-) to thunder> ɨṛy- �ɨṛc-�
<Row Tam d442 iṭu (iṭuv-, iṭṭ-) to place, deposit, put in, keep, throw, cast away, discharge (as arrows), give, pour (as rain), put on (as a bangle), compare, bury, lay (as an egg)> iṭu �iṭuv-� iṭṭ-�
<Row Kota d442 iḍ- (iṭ-) to put, fix> iḍ- �iṭ-�
<Row Kota d442 i·ṛ shot; equal, equality> i�ṛ
<Row Toda d442 ïḍ- (ïṭ-) to put, place, give, throw, (sun) shines, (wind) blows, wear (jewelry anywhere except around neck); auxiliary of perseverative aspect> ɨḍ- �ɨṭ-�
<Row Toda d442 iḍc- (iḍč-) to set fire to, smoke (tobacco)> iḍc- �iḍč-�
<Row Kannada d442 iḍu (iṭṭ-) to let go or send from the hand, put down, throw, put, place, apply, set, plant, put on (as ornaments), lay by, keep, produce, perform, effect, make; <i>n.</i> putting, throwing, putting on, an ornament; => iḍu �iṭṭ-�
<Row Kannada d442 īḍu; iḍisu to cause to put, etc> īḍu� iḍisu
<Row Kodagu d442 ïḍ- (ïḍuv-, ïṭṭ-) to drop (<i>tr.</i>); (Kar. also) to wear (not used for sari)> ɨḍ- �ɨḍuv-� ɨṭṭ-�
<Row Kolami d442 i·ḍ- (iṭṭ-) to put> i�ḍ- �iṭṭ-�
<Row Naikri d442 iṛ- (iṭṭ-) to put, allow> iṛ- �iṭṭ-�
<Row Naiki d442 iṛ- (iṭṭ-) to put> iṛ- �iṭṭ-�
<Row Parji d442 iḍ- (iṭṭ-) to put, put down, place, keep, lay (eggs), allow. <i>> iḍ- �iṭṭ-�
<Row salur d442 ir- (iṭṭ-) to put, place. <i>> ir- �iṭṭ-�
<Row Konda d442 iṟ- (iRt-) to serve (food), put, pour in or out> iṟ- �i�t-�
<Row Konda d442 iṭki- (-t-) to put on (ornament), insert (flowers behind ear), wear a beauty mark> iṭki- �-t-�
<Row Pengo d442 iṭ- (-t-) to put> iṭ- �-t-�
<Row Pengo d442 iz- (ist-) id., put in (salt), fix (fishtrap)> iz- �ist-�
<Row Kui d442 iṭa (iṭi-) to place, put down, set, fix, put by, keep, see a person off, take to wife; <i>n.</i> act of placing, putting, setting, keeping. <i>> iṭa �iṭi-�
<Row Tam d443 iṭu (iṭuv-, iṭṭ-) to hit against> iṭu �iṭuv-� iṭṭ-�
<Row Tam d443 iṭācu (iṭāci-) to strike, collide> iṭācu �iṭāci-�
<Row Tam d443 iṭi (-pp-, -tt-) to butt, hit against, kill; <i>n.</i> stroke, blow, push> iṭi �-pp-� -tt-�
<Row Kota d443 iḍ- (iṭ-) to beat> iḍ- �iṭ-�
<Row Kota d443 i·ṛ a blow> i�ṛ
<Row Toda d443 ïḍ- (ïṭ-) to hit against> ɨḍ- �ɨṭ-�
<Row pampa d443 iḍu (iṭṭ-) to hit> iḍu �iṭṭ-�
<Row Kolami d443 Koṇḍa ṛey > �oṇḍa ṛey
<Row Pengo d443 iṛ- (iṛt-) id., throw (stone)> iṛ- �iṛt-�
<Row Kurux d443 iṛya'ānā to kick. ?> iṛya�ānā
<Row Tam d444 iṭukku (iṭukki-) to take between the fingers or toes, grasp as with pincers, take under one's arm, press or squeeze as between two boards; <i>n.</i> prehensile claws as those of a scorpion or of a lobster> iṭukku �iṭukki-�
<Row Tam d445 iṭuṅku (iṭuṅki-) to shrink, contract> iṭuŋku �iṭuŋki-�
<Row Tam d445 iṭuku (iṭuki-) to shrink, contract> iṭuku �iṭuki-�
<Row Tam d445 ( > �
<Row Tam d446 iṭai (-v-, -nt-) to make room, get out of the way, retreat, fall back> iṭai �-v-� -nt-�
<Row Tam d446 iṭampu (iṭampi-) to keep aloof> iṭampu �iṭampi-�
<Row Tam d447 iṭai (-v-, -nt-) to grow weary (as with long waiting), be damped in spirits> iṭai �-v-� -nt-�
<Row Kolami d447 ḍay- (ḍayt-) to become thin (&lt; Te.). <i>> ḍay- �ḍayt-�
<Row Kuwi d447 ḍāh- (-it-) to become weak or thin. From DED(S) 435> ḍāh- �-it-�
<Row Toda d448 ïṛ kwa·y bamboo vessel into which butter and buttermilk are poured from vessels of the inner section of the ti· dairy, and from which they are poured into vessels of the outer section (to keep the ritual purity of objects in the inner section free from any outside contamination; lit. intermediatekwa·yvessel [forkwa·y, see 2225])> ɨṛ kva�y
<Row OIA d449 *ḍavva- etc. (e.g. H.ḍāwā, Mar.ḍāvā, Or.ḍebarā), whence Nk> �ḍavva
<Row OIA d449 *ḍāva- etc. (e.g. H.ḍāwā, Mar.ḍāvā, Or.ḍebarā), whence Nk> �ḍāva
<Row OIA d449 *ḍevva- etc. (e.g. H.ḍāwā, Mar.ḍāvā, Or.ḍebarā), whence Nk> �ḍevva
<Row OIA d449 demar (Voc 1583)> demar ��oc
<Row Tam d450 fem. iṭaicci > fem� iṭaicci
<Row Mal d450 fem. iṭacci; iṭaśśēri herdsmen's quarter. Cf. Ta> fem� iṭacci� iṭaśśēri
<Row Pengo d453 ḍū- (-t-) id> ḍū- �-t-�
<Row Kui d453 ḍīga (ḍīgi-) to touch, feel; <i>n.</i> a touch. Kuwi> ḍīga �ḍīgi-�
<Row Kui d453 ḍīg- (-it-) to touch. DED(S) 383> ḍīg- �-it-�
<Row Tam d456 iṇar (iṇari-) to be dense; <i>n.</i> a cluster of flowers, full-blown flower, pollen, bunch of fruit> iṇar �iṇari-�
<Row Tam d457 iṇai (-v-, -nt-) to join, unite (<i>intr.</i>), agree, be suited, be like, resemble; (-pp-, -tt-) to join (<i>tr.</i>), tie (as a garland); <i>n.</i> union, likeness, pair, couple> iṇai �-v-� -nt-�
<Row Tam d457 iṇaṅku (iṇaṅki-) to consent, comply with; <i>n.</i> union, friendship, fit mate> iṇaŋku �iṇaŋki-�
<Row Tam d457 iṇakku (iṇakki-) to cause to agree, unite, connect, fit; <i>n.</i> union, comparison, match> iṇakku �iṇakki-�
<Row Tam d457 eḷḷu (eḷḷi-) to equal> eḷḷu �eḷḷi-�
<Row Mal d457 fem. iṇaṅṅatti > fem� iṇaŋŋatti
<Row Kodagu d457 ëṇe a·ḍ- (snakes) mate> əṇe a�ḍ
<Row Tam d460 Ficus infectoria </i>; stone fig, <i>> �icus infectoria
<Row Tam d460 F. gibbosa parasitica </i>; tailed oval-leaved fig> �� gibbosa parasitica
<Row Tam d460 F. talboti; icci oval-leaved fig; jointed ovate-leaved fig> �� talboti� icci
<Row Tam d460 F. tsiela; icciyāl jointed ovate-leaved fig> �� tsiela� icciyāl
<Row Tam d460 F. gibbosa tuberculata; iratakam jointed ovate-leaved fig> �� gibbosa tuberculata� iratakam
<Row Mal d460 F. venosa </i>; a parasitical plant> �� venosa
<Row Kodagu d460 itti F. (? gibbosa) DED(S) 390> itti �� �� gibbosa�
<Row Kannada d464 Cucumis melo </i> Lin> �ucumis melo
<Row Tam d466 imir (-v-, -nt-) to sound, hum> imir �-v-� -nt-�
<Row Tam d466 imir̤ (-v-, -nt-) to sound, buzz; (-pp-, -tt-) to sound, hum; <i>n.</i> sound, hum, roar> imiṛ̆ �-v-� -nt-�
<Row Tam d469 iyaṅku (iyaṅki-) to move, stir, go, proceed, walk about; <i>n.</i> movement, act of going> iyaŋku �iyaŋki-�
<Row Tam d469 iyakku (iyakki-) to cause to go, train or break in (as a bull or horse); <i>n.</i> motion, going, marching> iyakku �iyakki-�
<Row Tam d469 icaṅku (icaṅki-) to go or lead to (as a way)> icaŋku �icaŋki-�
<Row Tam d469 icai (-pp-, -tt-) to bring about> icai �-pp-� -tt-�
<Row Tam d469 iyal (iyalv-, iyaṉṟ-; iyali-) to go on foot, dance; <i>n.</i> pace, gait> iyal �iyalv-� iyaṉṟ-� iyali-�
<Row Kota d469 i·y- (i·c-) to drive (cattle). <i>> i�y- �i�c-�
<Row Kota d469 i·c- (i·c-) to drive (cattle). <i>> i�c- �i�c-�
<Row Tam d470 iyampu (iyampi-) to sound, say, utter> iyampu �iyampi-�
<Row Tam d470 iyakku (iyakki-) to cause to sound> iyakku �iyakki-�
<Row Tam d470 icai (-pp-, -tt-) to sound, sound as a musical instrument, express, signify, play as on a lute; <i>n.</i> sound, noise, word, fame, song, music; ?> icai �-pp-� -tt-�
<Row Kui d470 ēsa (ēsi-) to sing, chant, recite, read aloud, relate, tell, say; <i>n.</i> act of singing, relating, telling> ēsa �ēsi-�
<Row Tam d471 iyal (iyalv-, iyaṉṟ-; iyali-) to be possible, befall, be associated with; accept, agree to, approach, resemble; <i>n.</i> fitness, good conduct, likeness, nature, quality> iyal �iyalv-� iyaṉṟ-� iyali-�
<Row Tam d471 iyaṟṟu (iyaṟṟi-) to do, effect, cause to act, control the movements of, create, compose> iyaṟṟu �iyaṟṟi-�
<Row Tam d471 iyai (-v-, -nt-) to be agreeable, agree, harmonize, resemble; (-pp-, -tt-) to join, connect, adapt> iyai �-v-� -nt-�
<Row Tam d471 icai (-v-, -nt-) to fit in (as one plank with another), harmonize, consent, agree; (-pp-, -tt-) to bind, resemble; <i>n.</i> union, harmony> icai �-v-� -nt-�
<Row Tam d472 ira (-pp-, -nt-) to beg alms, beseech, entreat> ira �-pp-� -nt-�
<Row Kannada d472 ere (erad-) to beg, ask, solicit> ere �erad-�
<Row Kodagu d472 era- (erap-, erand-) to beg> era- �erap-� erand-�
<Row Tam d473 iraṅku (iraṅki-) to feel pity, condescend, show grace; be aggrieved, distressed in mind; repent> iraŋku �iraŋki-�
<Row Tam d474 iraṭṭi (-pp-, -tt-) to double (<i>tr.</i>), repeat; be doubled, return, disagree; <i>n.</i> double quantity> iraṭṭi �-pp-� -tt-�
<Row Tam d474 iraṭṭu (iraṭṭi-) to double (<i>intr.</i>), sound alternately; wave alternately (<i>tr.); n.</i> doubleness> iraṭṭu �iraṭṭi-�
<Row Kota d474 ir va·d twenty> ir va�d
<Row Kota d474 irrva·d by twenties> irrva�d
<Row Kota d474 ir pa·ṇy two pa·ny measures> ir pa�ṇy
<Row Kota d474 i nu·r 200> i nu�r
<Row Kota d474 i·r a·ṛ two years> i�r a�ṛ
<Row Kota d474 i·r o·k two oḷk measures> i�r o�k
<Row Toda d474 e·ḍ (obl. e·ḍṇ- when preceded by plural personal or reflexive pronoun) two> e�ḍ �obl� e�ḍṇ
<Row Toda d474 e·ṇ-; e·ḷ- when preceded by plural personal or reflexive pronoun) two> e�ṇ-� e�ḷ
<Row Toda d474 ï foQ twenty> ɨ fo�
<Row Toda d474 ï nu·ṟ 200> ɨ nu�ṟ
<Row Toda d474 i kwa·w two kwa·x measures> i kva�v
<Row Toda d474 i·r o·ṛ two years> i�r o�ṛ
<Row Toda d474 i·r ak two> i�r ak
<Row Toda d474 i·ṭy double, even (of numbers)> i�ṭy
<Row Toda d474 ï·štyu· twice> ɨ�štyu�
<Row Kannada d474 adj. iru etc., īr> adj� iru
<Row Kodagu d474 in-nu·rï 200> in-nu�rɨ
<Row Kodagu d474 i·r a·ṇḍï two years> i�r a�ṇḍɨ
<Row Kodagu d474 i·rak ëttï two pairs of bullocks> i�rak əttɨ
<Row Kodagu d474 i·raba two by two (persons, things)> i�raba
<Row Kodagu d474 i·raṇḍï two by two (persons, things)> i�raṇḍɨ
<Row Kodagu d474 i·raḍi the usual two helpings at a meal> i�raḍi
<Row Telugu d474 īr- = reṇḍu in some cpds> īr- � reṇḍu
<Row Kolami d474 i·ral two women> i�ral
<Row Parji d474 adj. ir; iroṭ twice. <i>> adj� ir� iroṭ
<Row Gadaba d474 adj. ir > adj� ir
<Row Gondi d474 (Voc </i> 184)> ��oc
<Row Kui d474 ri'er two men> ri�er
<Row Kui d474 ri'ari two men> ri�ari
<Row Kuwi d474 ri'ari two men> ri�ari
<Row Kuwi d474 ri'ni two days> ri�ni
<Row Brah d474 adj. irā > adj� irā
<Row Kannada d475 rēgu (&lt; Te.) > rēgu ��lt� �e��
<Row Gondi d475 rēŋgā (Voc 3057)> rēŋgā ��oc
<Row OTelugu d476 iri (pl. irulu) stag> iri �pl� irulu�
<Row Telugu d477 Cassia </i> <i>> �assia
<Row betul d477 rērkā Cassia fistula (Voc 3062). DED(S) 404> rērkā �assia fistula ��oc
<Row Tam d478 iri (-v-, -nt-) to be destroyed, retreat, flee away; (-pp-, -tt-) to defeat, destroy, drive away> iri �-v-� -nt-�
<Row Kota d478 irymury gey- (gec-) to kill in a battle. DED(S) 405> irymury gey- �gec-�
<Row Kolami d479 iri- (irit-) to tear (<i>intr.</i>); irk- (irikt-)to tear (> iri- �irit-�
<Row Tam d480 iru (-pp-, -nt-) to exist, remain, sit down, live, belong to (dative of person); auxiliary> iru �-pp-� -nt-�
<Row Tam d480 iruttu (irutti-) to cause to sit, detain, fix permanently> iruttu �irutti-�
<Row Tam d480 iruvu (iruvi-) to cause to be or abide> iruvu �iruvi-�
<Row Kota d480 ig- (ir- in one form> ig- �ir
<Row Kota d480 it-) to exist, be in a place> it-�
<Row Kota d480 irpga·rn rich man; ?> irpga�rn
<Row Kota d480 igc- (igc-) to ignite (ticfire)> igc- �igc-�
<Row Toda d480 ïr- (ïQ-) to sit, remain, live; perfective-continuative auxiliary> ɨr- �ɨ�-�
<Row Toda d480 ïṣt- (ïṣty-) to seat, keep in a place> ɨṣt- �ɨṣty-�
<Row Toda d480 i·ṣk dwelling, act of dwelling> i�ṣk
<Row Kannada d480 iru (irdu, iddu) to be, exist, remain, stay, delay, belong to (dative of person)> iru �irdu� iddu�
<Row Kodagu d480 ir- (-ipp-, iñj-) to be in a place> ir- �-ipp-� iñj-�
<Row Tulu d480 ippuni (itt-) to be, exist, live in; have, possess (dative of person)> ippuni �itt-�
<Row Kui d480 rīnda (rīndi-) to be stable, steady, stand firm, stand still> rīnda �rīndi-�
<Row Kui d480 pl. action rītka (rītki-); rīspa (rīst-) to steady, set in position. <i>> pl� action rītka �rītki-�� rīspa �rīst-�
<Row Kuwi d480 re'nai to abide> re�nai
<Row Tam d482 Mesua ferrea (DCV)</i>> �esua ferrea
<Row Mal d483 irūḷ D. sisu; vīṭṭi Bombay blackwood> irūḷ �� sisu� vīṭṭi
<Row Kannada d483 iruguṇḍi D. sissoo; ibaḍi Roxb> iruguṇḍi �� sissoo� ibaḍi
<Row Kannada d483 bīṭe D. latifolia Roxb> bīṭe �� latifolia
<Row Telugu d483 iruvuḍu D. latifolia > iruvuḍu �� latifolia
<Row Kolami d484 i·rcu axle. <i>> i�rcu
<Row Kannada d485 hippe B. latifolia Roxb> hippe �� latifolia
<Row mandla d485 iru (pl. iruhk) > iru �pl� iruhk�
<Row kinwat d486 inum (pl. inmul) iron, sword. <i>> inum �pl� inmul�
<Row OIA d488 Andropogon </i> (acc. to some, <i>Pavonia odorata</i>); Parpola 1977-78, pp. 252-4. DED 413> �ndropogon
<Row Tam d489 irai (-v-, -nt-) to sound, roar (as the sea), rumble (as a crowd), wamble (as the bowels), whiz (as birds when flying); (-pp-, -tt-) to cry out (as in anger), hiss (as a snake), pant, breathe hard, wheeze, <i>n.</i> sound, roar, splash (as of a running river)> irai �-v-� -nt-�
<Row Tam d489 iraṅku (iraṅki-) to weep, cry, roar, sound (as yār̤)> iraŋku �iraŋki-�
<Row Tam d489 iraṭṭu (iraṭṭi-) to sound; make to sound, beat (as drum)> iraṭṭu �iraṭṭi-�
<Row Tam d489 irumu (irumi-) to cough; <i>n.</i> cough> irumu �irumi-�
<Row Telugu d494 illu (adj. iṇṭi) house, dwelling, habitation> illu �adj� iṇṭi�
<Row Konda d494 ilu (pl. ilku) house> ilu �pl� ilku�
<Row Pengo d494 il (obl. inj-, pl. ilku) house> il �obl� inj-� pl� ilku�
<Row Kuwi d494 illū (pl. ilka) > illū �pl� ilka�
<Row sunkar d494 il (pl. ilka) house. DED(S) 420> il �pl� ilka�
<Row bisam d494 il (pl. ilka) house. DED(S) 420> il �pl� ilka�
<Row Kannada d495 B. heptaphyllum </i> Roxb> �� heptapʰyllum
<Row Gondi d495 B. malabaricum (Voc </i> 3126)> �� malabaricum ��oc
<Row Kannada d496 reñje M. elengi Lin> reñje �� elengi
<Row Tulu d496 reñjevu M. elengi DED 422> reñjevu �� elengi
<Row Tam d501 ir̤a (-pp-, -nt-) to lose, forfeit; lose by death> iṛ̆a �-pp-� -nt-�
<Row Tam d502 ir̤i (-v-, -nt-) to descend, dismount, fall, drop down, be reduced in circumstances, be inferior; (-pp-, -tt-) to lower, let down, degrade, despise> iṛ̆i �-v-� -nt-�
<Row Tam d502 ir̤iccu (ir̤icci-) to lower, let down, remit (as taxes), pull down (as a building), disgrace> iṛ̆iccu �iṛ̆icci-�
<Row Tam d502 ir̤ittu (ir̤itti-) to lower, let down, remit (as taxes)> iṛ̆ittu �iṛ̆itti-�
<Row Toda d502 i·x- (i·xy-) to descend> i�x- �i�xy-�
<Row Toda d502 i·k- (i·ky-) to put down (burden)> i�k- �i�ky-�
<Row Kannada d502 ir̤i (ir̤id-) to come down, descend, alight, go down, set (as the sun), become less, subside, be depressed or humbled, become lean> iṛ̆i �iṛ̆id-�
<Row Kodagu d502 ïḷi- (ïḷiv-, ïḷiñj-) to descend, get ready> ɨḷi- �ɨḷiv-� ɨḷiñj-�
<Row Kodagu d502 ïlïp- (ïḷïpi-) > ɨlɨp- �ɨḷɨpi-�
<Row Kodagu d502 ï·p- (ï·pi-) to lower, get (bullocks) out of shed; ?> ɨ�p- �ɨ�pi-�
<Row Kodagu d502 aḷa- (-p-, -t-) to sit down (&lt;*ir̤ay-; MBE 1970, p. 147)> aḷa- �-p-� -t-�
<Row Kolami d502 dig- (dikt-) > dig- �dikt-�
<Row Kolami d502 dip- (dipt-) to make to come down from a height> dip- �dipt-�
<Row Kolami d502 digip- (digipt-) to make to come down from a height> digip- �digipt-�
<Row Parji d502 iṛkip- (iṛkit-) to make to descend, put down (burden). <i>> iṛkip- �iṛkit-�
<Row Gadaba d502 iṛigp- (iṛigt-) to make to descend> iṛigp- �iṛigt-�
<Row Konda d502 ḍig- (-it-) to descend, dismount; drip down (as oil from oil-press, flour from grindingstone, etc.)> ḍig- �-it-�
<Row Kui d502 dīva (dīt-) to fall, drop, fall down from, descend upon, occur> dīva �dīt-�
<Row Kui d502 pl. action dīpka (dīpki-); dippa (dipt-) to set down, put a pot on the fire (d&lt;-&gt; <i>Voc., Gramm.</i>140;ḍ- <i>Gramm.</i>187). <i>> pl� action dīpka �dīpki-�� dippa �dipt-�
<Row Kuwi d502 dī- (-t-) to fall. ?> dī- �-t-�
<Row Tam d503 ir̤ukku (ir̤ukki-) to slip down from a great height, fall down from a high rank, slip, slide, grow weak; forget, lose, destroy (cf. also 'lose' in 501); <i>n.</i> evil, disgrace, defect, inferiority, forgetfulness, slippery ground> iṛ̆ukku �iṛ̆ukki-�
<Row Kota d503 u·g- (u·yg-) to slide down a slope> u�g- �u�yg-�
<Row Kota d503 u·k- (u·yk-) to cause to slide down a slope> u�k- �u�yk-�
<Row Kota d503 u·j- (u·j-) to slide down a slope on a plank> u�j- �u�j-�
<Row Toda d503 u·x- (u·xy-) to glide along, slip through hands> u�x- �u�xy-�
<Row Toda d503 u·k- (u·ky-) to make to glide along, slip (bars of pen from their slots)> u�k- �u�ky-�
<Row Toda d503 ïx- (ïxy-) to slip, be slippery> ɨx- �ɨxy-�
<Row Tam d504 ir̤u (-pp-, -tt-) to draw, pull, drag along the ground, attract (as a magnet), wheedle, draw out, stretch, draw into (as a whirlpool), engulf, absorb; have convulsions> iṛ̆u �-pp-� -tt-�
<Row Tam d504 ici (-pp-, -tt-) to contract (as the muscles in spasm), ache (as the muscles from over-exertion); pull, draw, drag> ici �-pp-� -tt-�
<Row Kota d504 iḷv- (iḷt-) to drag on ground (<i>intr.</i>); drag (<i>tr.</i>), suck; ?> iḷv- �iḷt-�
<Row Kota d504 iv- (ivt-) to pull out or off> iv- �ivt-�
<Row Toda d504 ïxy- (ïxc-) (calf) sucks> ɨxy- �ɨxc-�
<Row Toda d504 i·ṣf- (i·ṣt-) to drag, pull- (or with 542 Ta.īr)> i�ṣf- �i�ṣt-�
<Row Kannada d504 i. goḷ to attract, captivate> i� goḷ
<Row Kodagu d504 ï·ḷ- (ï·p-, ï·t-) to drag> ɨ�ḷ- �ɨ�p-� ɨ�t-�
<Row Konda d504 īṛis- (-t-) to pull, drag> īṛis- �-t-�
<Row Kui d504 ḍripa (ḍrit-) to drag, drag away, abduct; <i>n.</i> act of dragging, abduction. <i>> ḍripa �ḍrit-�
<Row Kuwi d504 drī'nai to haul> drī�nai
<Row Kurux d504 īcnā (īcyas to draw out, pull out> īcnā �īcyas
<Row Kurux d504 iccyas) to draw out, pull out> iccyas�
<Row Kurux d504 īcnā (īcyas) to pluck (an ear of Indian corn)> īcnā �īcyas�
<Row Kurux d504 īsnā (īsyas) to pluck (an ear of Indian corn)> īsnā �īsyas�
<Row Tam d504 ir̤u (-pp-, -tt-) to draw, pull, drag along the ground, attract (as a magnet), wheedle, draw out, stretch, draw into (as a whirlpool), engulf, absorb; have convulsions> iṛ̆u �-pp-� -tt-�
<Row Tam d504 ici (-pp-, -tt-) to contract (as the muscles in spasm), ache (as the muscles from over-exertion); pull, draw, drag> ici �-pp-� -tt-�
<Row Kota d504 iḷv- (iḷt-) to drag on ground (<i>intr.</i>); drag (<i>tr.</i>), suck; ?> iḷv- �iḷt-�
<Row Kota d504 iv- (ivt-) to pull out or off> iv- �ivt-�
<Row Toda d504 ïxy- (ïxc-) (calf) sucks> ɨxy- �ɨxc-�
<Row Toda d504 i·ṣf- (i·ṣt-) to drag, pull- (or with 542 Ta.īr)> i�ṣf- �i�ṣt-�
<Row Kannada d504 i. goḷ to attract, captivate> i� goḷ
<Row Kodagu d504 ï·ḷ- (ï·p-, ï·t-) to drag> ɨ�ḷ- �ɨ�p-� ɨ�t-�
<Row Konda d504 īṛis- (-t-) to pull, drag> īṛis- �-t-�
<Row Kui d504 ḍripa (ḍrit-) to drag, drag away, abduct; <i>n.</i> act of dragging, abduction. <i>> ḍripa �ḍrit-�
<Row Kuwi d504 drī'nai to haul> drī�nai
<Row Kurux d504 īcnā (īcyas to draw out, pull out> īcnā �īcyas
<Row Kurux d504 iccyas) to draw out, pull out> iccyas�
<Row Kurux d504 īcnā (īcyas) to pluck (an ear of Indian corn)> īcnā �īcyas�
<Row Kurux d504 īsnā (īsyas) to pluck (an ear of Indian corn)> īsnā �īsyas�
<Row Tam d504 ir̤u (-pp-, -tt-) to gasp for breath> iṛ̆u �-pp-� -tt-�
<Row Tam d504 ir̤ai (-v-, -nt-) to breathe in a scarcely audible manner, as a dying person; (-pp-, -tt-) to breathe hard> iṛ̆ai �-v-� -nt-�
<Row Kota d504 eḷv- (eḷt-) to pant> eḷv- �eḷt-�
<Row Toda d504 eł̣f- (eł̣t-) to pant> eł̣f- �eł̣t-�
<Row Tam d505 ir̤uku (ir̤uki-) to daub, smear, rub over (as mortar)> iṛ̆uku �iṛ̆uki-�
<Row Tam d505 ir̤ai (-v-, -nt-) to rub against (as the shoots of the bamboo tree); (-pp-, -tt-) to rub so as to be dissolved (as a pill in honey or milk), daub, paint, draw> iṛ̆ai �-v-� -nt-�
<Row Tam d505 ir̤icu (ir̤ici-) to smear, plaster, spread over> iṛ̆icu �iṛ̆ici-�
<Row Pengo d505 ṛīz- (ṛīst-) to draw a line. DED(S) 428> ṛīz- �ṛīst-�
<Row Kui d506 ēspa (ēst-) to spin thread; <i>n.</i> act of spinning. DED(S, N) 429> ēspa �ēst-�
<Row Tam d507 ir̤ai (-v-, -nt-) to associate very intimately, have tender emotions (as in love), be together (as husband and wife), copulate (as snakes)> iṛ̆ai �-v-� -nt-�
<Row Kota d507 iṛ- (iṭy-) to have sexual intercourse with> iṛ- �iṭy-�
<Row Kolami d507 deŋg- (deŋkt-) to have sexual intercourse with. ?> deŋg- �deŋkt-�
<Row Tam d509 iḷaku (iḷaki-) to shake (<i>intr.</i>), agitate> iḷaku �iḷaki-�
<Row Tam d509 iḷakku (iḷakki-) to shake> iḷakku �iḷakki-�
<Row Kota d509 eḷg- (eḷgy-) (something) is slightly raised or imperfectly fixed in place, lift one's body slightly from ground, (mind) is moved (by pity)> eḷg- �eḷgy-�
<Row Kota d509 eḷk- (eḷky-) to lift slightly from position, lever out, pull (trigger)> eḷk- �eḷky-�
<Row Kota d509 eḷc- (eḷc-) (blister) rises> eḷc- �eḷc-�
<Row Kodagu d509 ëḷ- (ëḷi-) to leave one's position, leave abruptly, be removed from one's position> əḷ- �əḷi-�
<Row Kodagu d509 ëḷak- (ëḷaki-) to make to leave a position, uproot, (god) possesses (man who devil-dances)> əḷak- �əḷaki-�
<Row Gondi d509 lēske (pl. -r) medium through whom gods speak (he always shakes his head)> lēske �pl� -r�
<Row Gondi d509 lēske (pl. -r) priest, shaman (<i>Voc.</i> 3135)> lēske �pl� -r�
<Row Tam d510 iḷaku (iḷaki-) to become relaxed (as a bowstring), get loose (as screws), become pliable (as melted iron), get reduced in hardness owing to moisture, grow soft, liquefy, lessen in intensity or severity (as wind, rain, sunshine, fever), become tender, mild, yielding, placable> iḷaku �iḷaki-�
<Row Tam d510 iḷakku (iḷakki-) to slacken (<i>tr.</i>), relax (as a spring), loosen (as a rope), moisten (as the throat with liquid), relieve (as the bowels by cathartics), cause to relent, make less firm (as a peg driven into the ground)> iḷakku �iḷakki-�
<Row Tam d510 iḷakkari (-pp-, -tt-) to relax> iḷakkari �-pp-� -tt-�
<Row Gondi d510 caus. rēngstānā > caus� rēngstānā
<Row Gondi d510 caus. lēh- (Voc 3047). DED(S) 433, and from DED(S) 4246> caus� lēh- ��oc
<Row Tam d511 iḷi (-v-, -nt-) to become low-spirited because of being ridiculed by others; (-pp-, -tt-) to laugh, scorn, ridicule, disgrace, grin, show the teeth (as in cringing or in craving servilely); <i>n.</i> laughter, derisive laughter, disgrace, contempt, scorn, defect> iḷi �-v-� -nt-�
<Row Tam d511 ici (-pp-, -tt-) to laugh; <i>n.</i> laughter> ici �-pp-� -tt-�
<Row Tam d512 iḷai (-pp-, -tt-) to grow weary, be fatigued, get exhausted, become worn out, be emaciated, fail before a foe, lag behind a rival, become impoverished, reach the stage of diminishing returns (as land), grow weak and lacking in fruitfulness (as trees), fade or lose vigour (as a plant)> iḷai �-pp-� -tt-�
<Row Tam d512 iḷaku (iḷaki-) to grow weary, become tired, fade away (euphemism = die), perish> iḷaku �iḷaki-�
<Row Tam d512 eḷi (-v-, -nt-) to become feeble, low-spirited; ?> eḷi �-v-� -nt-�
<Row Tam d512 ciḷai (-pp-, -tt-) to be wearied, tired> ciḷai �-pp-� -tt-�
<Row Tam d513 iḷaku (iḷaki-) to sprout afresh, send forth tender shoots> iḷaku �iḷaki-�
<Row Kolami d513 le·ŋga calf> le�ŋga
<Row Parji d513 iled (pl. ilenkul) young man, youth> iled �pl� ilenkul�
<Row Parji d513 ile (pl. ilecil) young woman, girl. <i>> ile �pl� ilecil�
<Row Gadaba d513 ilenḍ (pl. iler) bridegroom. <i>> ilenḍ �pl� iler�
<Row betul d513 raiyōl (pl. raiyōṛ) adult boy> raiyōl �pl� raiyōṛ�
<Row Gondi d513 fem. raiyā > fem� raiyā
<Row mandla d513 raiyor (pl. -k) boy> raiyor �pl� -k�
<Row Gondi d513 fem. raiyā > fem� raiyā
<Row Gondi d513 fem. leya (pl. -sk) > fem� leya �pl� -sk�
<Row koya d513 leyonḍ (pl. leyor) young man> leyonḍ �pl� leyor�
<Row Gondi d513 fem. lēydaṛ (Voc 3066)> fem� lēydaṛ ��oc
<Row Kuwi d513 rā'a young woman, virgin> rā�a
<Row Kuwi d513 ṛa'a (pl. -sika) young woman> ṛa�a �pl� -sika�
<Row Tam d514 iṟa (-pp-, -nt-) to die, become obsolete, depart> iṟa �-pp-� -nt-�
<Row Tam d514 iṟakku (iṟakki-) to kill> iṟakku �iṟakki-�
<Row Tam d514 iṟu (iṟuv-, iṟṟ-) to die, end in; (-pp-, -tt-) to destroy, bring to an end> iṟu �iṟuv-� iṟṟ-�
<Row Kui d514 ejga (ejgi-) to die in childbirth (Su. 1973). DED 437> ejga �ejgi-�
<Row Tam d515 iṟa (-pp-, -nt-) to go beyond, transcend, excel, be pre-eminent, pass by (of time), transgress> iṟa �-pp-� -nt-�
<Row Tam d515 eṟt- (eṟty-) to overcome in contest, outstrip> eṟt- �eṟty-�
<Row Kurux d515 esnā (essas) to transgress. Or do Ta. and To. go with 2589 Ta. <i>ciṟa</i>? DED 438> esnā �essas�
<Row Tam d516 iṟaṅku (iṟaṅki-) to descend, alight, fall (as rain), disembark, settle into place, halt, abate (as poison, small-pox, etc., which are supposed to pass away from the head downward), bow respectfully, fall from a high state> iṟaŋku �iṟaŋki-�
<Row Tam d516 iṟakku (iṟakki-) to lower, let down, put down (load), unload; <i>n.</i> unburdening, discharging> iṟakku �iṟakki-�
<Row Tam d516 iṟai (-v-, -nt-) to bow before (as in salutation), worship> iṟai �-v-� -nt-�
<Row Tam d516 iṟaiñcu (iṟaiñci-) id., fall down, hang low (as a cluster of coconuts), bow, bend> iṟaiñcu �iṟaiñci-�
<Row Irula d516 ṟa·ṅgu̇ to descend> ṟa�ŋgu�
<Row Kota d516 erg- (ergy-) to go down, (food) is swallowed> erg- �ergy-�
<Row Kota d516 erk- (erky-) to put down (load), reduce (a fine), (priest) unties (front hair knot)> erk- �erky-�
<Row Toda d516 iṟk- (iṟky-) to swallow> iṟk- �iṟky-�
<Row Toda d516 muḏy iṟk- (iṟky-) to shave (beard and hair) in payment of vow (lit. to make the hair descend; &lt; Ta.; cf. 4921)> muḏy iṟk- �iṟky-�
<Row Kodagu d516 ëraŋg- (ëraŋgi-) (food, liquid) slips down throat, goes down slowly> əraŋg- �əraŋgi-�
<Row Kodagu d516 ërak- (ëraki-) to let slip down throat slowly> ərak- �əraki-�
<Row Belari d516 2.1) ija to climb down. <i>> � ija
<Row Gondi d516 caus. (Tr.) rehtānā etc. to cause to descend, (F-H.) distil (<i>Voc.</i> 3049)> caus� ��r�� rehtānā
<Row Konda d516 ṟes- (-t-) to go down, set (as sun), dismount, descend> ṟes- �-t-�
<Row Konda d516 ṟe- (-t-) to descend> ṟe- �-t-�
<Row Pengo d516 jū- (-t-) to descend. <i>> jū- �-t-�
<Row Kuwi d516 re'nai to descend> re�nai
<Row Kodagu d518 te·n-eri id. <i>> te�n-eri
<Row Tam d520 iṟu (iṟuv-, iṟṟ-) to break, snap (as a stick), become severed (as a limb); (-pp-, -tt-) to break off (as a branch), snap asunder, smash, break in pieces> iṟu �iṟuv-� iṟṟ-�
<Row Kui d520 renga (rengi-) to be broken in pieces (bread, cakes)> renga �rengi-�
<Row Kurux d520 esnā (essas) to break, divide by force (a stick, a tooth, etc.), quell, crush> esnā �essas�
<Row Tam d521 iṟu (-pp-, -tt-) to pay (as a tax, a debt)> iṟu �-pp-� -tt-�
<Row Kuwi d521 rēṅg- (-it-) to pay off> rēŋg- �-it-�
<Row Kurux d521 erxta'ānā to make one (so much) the poorer, fine, extort, make disgorge> erxta�ānā
<Row Tam d522 iṟu (-pp-, -tt-) to strain, percolate (as a liquid)> iṟu �-pp-� -tt-�
<Row Mal d522 iṟuka (iṟṟ-) to drip, drop> iṟuka �iṟṟ-�
<Row Tam d523 iṟu (-pp-, -tt-) to tarry, stay> iṟu �-pp-� -tt-�
<Row Tam d524 iṟuku (iṟuki-) to become tight (as a knot), harden (as land dried by the sun, molten, metals when they are cooled), become dry (as mortar or clay), thicken (as phlegm), congeal, coagulate, solidify, become firm, be fixed or rooted in> iṟuku �iṟuki-�
<Row Tam d524 iṟukku (iṟukki-) to tighten, tie close or hard, make compact, repress, restrain, drive in (as a nail); <i>n.</i> pressure, coercion, reproof, hard knot> iṟukku �iṟukki-�
<Row Kota d524 irg- (irgy-) to become tight, be compressed, be tightly wedged in> irg- �irgy-�
<Row Kota d524 irk- (irky-) to tighten (clothes), pinch, press tightly in crowd> irk- �irky-�
<Row Konda d524 iRku narrowness (of lane), tightness (of cloth, etc.)> i�ku
<Row Kui d524 ṛuhpa (ṛuht-) to twist and squeeze off or out, squeeze out filth from entrails; <i>n.</i> extraction by squeezing. ?> ṛuhpa �ṛuht-�
<Row Kurux d524 eṭṭnā (iṭṭyā) to remain stuck at one place, be hindered from coming out or making further progress, be too tight (of articles of clothing). DED(S) 447> eṭṭnā �iṭṭyā�
<Row Tam d526 iṟumā (-pp-, -nt-) to be elated, feel exulted; be self-conceited> iṟumā �-pp-� -nt-�
<Row Konda d529 ṟe- (-t-) to eat meat, relish> ṟe- �-t-�
<Row Tam d530 iṉi (-pp-, -tt-) to be sweet to the taste, be pleasant> iṉi �-pp-� -tt-�
<Row Kannada d530 in (iṃ etc.)> in �iṁ
<Row Tam d530 iṉi (-pp-, -tt-) to be sweet to the taste, be pleasant> iṉi �-pp-� -tt-�
<Row Kannada d530 in (iṃ etc.)> in �iṁ
<Row Tam d532 iṉai (-v-, -nt-) to lament, cry, grieve; (-pp- -tt-) to torment> iṉai �-v-� -nt-�
<Row Irula d533 i·ppi id> i�ppi
<Row PaluKurumba d533 i·pi id> i�pi
<Row Kota d533 i·p id> i�p
<Row Toda d533 i·py id. <i>> i�py
<Row Telugu d533 Bombinatrix glabra </i> (see 3268 (<i>b</i>) Ta.tēṉ)> �ombinatrix glabra
<Row Kolami d533 ni·ŋga fly> ni�ŋga
<Row Telugu d536 usiḍi (pl. usiḷḷu) winged white ant> usiḍi �pl� usiḷḷu�
<Row Tam d538 īṇṭu (īṇṭi-) to gather, come together, be close together, get to be a compact mass, abound> īṇṭu �īṇṭi-�
<Row Tam d538 īṭṭu (īṭṭi-) to collect, hoard, accumulate, acquire; <i>n.</i> a flock, swarm> īṭṭu �īṭṭi-�
<Row Tam d539 īṇṭu (īṇṭ-) to gouge, extract, pull out. ?> īṇṭu �īṇṭ-�
<Row Tam d542 īr (-pp-, -tt-) to drag along, pull, attract, carry away (as a current), excoriate (as a tiger), flay, draw, paint, write; (-v-, -nt-) to be drawn out; saw> īr �-pp-� -tt-�
<Row Toda d542 i·Q- (i·Qy-) to pull, drag> i��- �i��y-�
<Row Toda d542 i·ṣf- (i·ṣt-) id. (or with 504(<i>a</i>) Ta.ir̤u)> i�ṣf- �i�ṣt-�
<Row Parji d542 īrp- (īrt-) to pull. <i>> īrp- �īrt-�
<Row Pengo d542 nir- (-t-) to pull. DED(S, N) 461> nir- �-t-�
<Row Irula d546 i·ralu id> i�ralu
<Row Irula d546 i·rvo id> i�rvo
<Row AluKurumba d546 i·ruvu id> i�ruvu
<Row Kota d546 i·ruv id> i�ruv
<Row Toda d546 ü·ruf id. <i>> y�ruf
<Row Toda d547 i·ṇ cicada> i�ṇ
<Row Parji d548 īṭip- (īṭit-) to cause (leaves, etc.) to fall off> īṭip- �īṭit-�
<Row Parji d548 īlip- (īlit-) (hen) to shed its feathers. <i>> īlip- �īlit-�
<Row Gadaba d548 īlup- (īlut-) to make to fall> īlup- �īlut-�
<Row Mal d549 īr̤avan = Ta. īr̤avaṉ > īṛ̆avan � �a� īṛ̆avaṉ
<Row Kannada d549 fem. īḍigitti > fem� īḍigitti
<Row Telugu d549 fem. īṇḍradi > fem� īṇḍradi
<Row Toda d551 i·ṇm (obl. i·ṇt-) snot (or with 1606 Ta.cī). DED 470> i�ṇm �obl� i�ṇt-�
<Row M d552 īḍ Citrus aurantium DEDS 69> īḍ �itrus aurantium
<Row Toda d554 i·r gums> i�r
<Row Tam d555 īṉ (īṉp-, īṉṟ-) to bear, bring forth, yean, produce, yield, bring into being> īṉ �īṉp-� īṉṟ-�
<Row Tam d555 ī (-v-, -nt-) to create, bring into existence, bring forth> ī �-v-� -nt-�
<Row Kota d555 i·n (i·nḏ-) (animal) bears young> i�n �i�nḏ-�
<Row Kota d555 i·ṯ may (woman or buffalo) which having borne once or twice is barren (may) thereafter> i�ṯ may
<Row Toda d555 i·n (i·ḏ-) to bear (calf)> i�n �i�ḏ-�
<Row Toda d555 i·ṯ- (i·ṯy-) (goddess) brings forth child, (god) makes to bear (calf)> i�ṯ- �i�ṯy-�
<Row Toda d555 i·ṯ o·y- to be about to calve> i�ṯ o�y
<Row Toda d555 i·ṯ e·p ïr buffalo within a month of calving> i�ṯ e�p ɨr
<Row Toda d555 i·ṯ slime passed in dysentery or by buffalo during calving> i�ṯ
<Row Kannada d555 īn (īd-) to bring forth young, yean, cub> īn �īd-�
<Row Kannada d555 ī (īd-) to bring forth> ī �īd-�
<Row Konda d555 īnd- (-it-) (animals) to bring forth young> īnd- �-it-�
<Row Tam d557 adj. unta; ūṅkaṇ yonder, where the person spoken to is> adj� unta� ūŋkaṇ
<Row Tam d557 adj. unta; uṅkaṇ yonder, where the person spoken to is> adj� unta� uŋkaṇ
<Row Kota d557 u·n he, she, they (persons) (= nearer demonstr. stemi-, s.v. 410(<i>a</i>) Ta. i)> u�n
<Row Kota d557 u·ḷ he, she, they (persons) (= nearer demonstr. stemi-, s.v. 410(<i>a</i>) Ta. i)> u�ḷ
<Row Kota d557 u·r he, she, they (persons) (= nearer demonstr. stemi-, s.v. 410(<i>a</i>) Ta. i)> u�r
<Row Kannada d557 adj. ū; uva this male, this female, these persons, this thing, these things (intermediate)> adj� ū� uva
<Row Kuwi d557 ūmba'a there> ūmba�a
<Row Kurux d557 hū; hū̃rā that much of (shown from some distance), that much (i.e. as much as is with you, or as much as you said)> hū� hū̃rā
<Row Tam d557 adj. unta; ūṅkaṇ yonder, where the person spoken to is> adj� unta� ūŋkaṇ
<Row Tam d557 adj. unta; uṅkaṇ yonder, where the person spoken to is> adj� unta� uŋkaṇ
<Row Kota d557 u·n he, she, they (persons) (= nearer demonstr. stemi-, s.v. 410(<i>a</i>) Ta. i)> u�n
<Row Kota d557 u·ḷ he, she, they (persons) (= nearer demonstr. stemi-, s.v. 410(<i>a</i>) Ta. i)> u�ḷ
<Row Kota d557 u·r he, she, they (persons) (= nearer demonstr. stemi-, s.v. 410(<i>a</i>) Ta. i)> u�r
<Row Kannada d557 adj. ū; uva this male, this female, these persons, this thing, these things (intermediate)> adj� ū� uva
<Row Kuwi d557 ūmba'a there> ūmba�a
<Row Kurux d557 hū; hū̃rā that much of (shown from some distance), that much (i.e. as much as is with you, or as much as you said)> hū� hū̃rā
<Row Tam d558 uka (-pp-, -nt-) to be glad, pleased, desire, hanker after> uka �-pp-� -nt-�
<Row Tam d558 uva (-pp-, -nt-) to be glad, rejoice, be pleased with, like, be pleasing> uva �-pp-� -nt-�
<Row Kota d558 og- (ogy-) to be infatuated, desire strongly sexually; ?> og- �ogy-�
<Row Kota d558 ok a·ḷ lover> ok a�ḷ
<Row Kota d558 oka·c mistress> oka�c
<Row Kannada d558 ō (ōt-) to be attached to, love, be pleased with, be kind; ?> ō �ōt-�
<Row Tam d559 uka (-pp-, -nt-) to ascend, rise stately, soar upward> uka �-pp-� -nt-�
<Row Tam d559 ukaḷu (ukaḷi-) to leap, bound, frisk, gambol, jump over, run about> ukaḷu �ukaḷi-�
<Row Tam d559 ukaḷi (-pp-, -tt-) to leap, jump, delight, exult> ukaḷi �-pp-� -tt-�
<Row Tam d559 ukalu (ukali-) to billow, rise and roll in large waves> ukalu �ukali-�
<Row Tam d559 ukai (-pp-, -tt-) to rise, leap, jump up> ukai �-pp-� -tt-�
<Row Tam d560 Dillenia indica; ukā tooth-brush tree> �illenia indica� ukā
<Row Mal d560 uka-maram (D. speciosa) Rh> uka-maram ��� speciosa�
<Row Mal d560 Careya arborea; malay-uka Aleurites moluccana Rh> �areya arborea� malay-uka �leurites moluccana
<Row Telugu d560 uvva D. speciosa DED(S) 478> uvva �� speciosa
<Row Kota d561 u·r finger-nail, claw, each half of hoof> u�r
<Row Kota d561 u·r-gaṇ finger-nail> u�r-gaṇ
<Row Toda d561 ü·r finger-nail, toe-nail> y�r
<Row Toda d561 ü·r-xoṇ end of finger-nail> y�r-xoṇ
<Row Kolami d561 go·r (pl. go·ḍl) > go�r �pl� go�ḍl�
<Row Naikri d561 gōr (pl. gōrḷ) > gōr �pl� gōrḷ�
<Row Parji d561 gēri (pl. gēril) > gēri �pl� gēril�
<Row seoni d561 gōr (Voc 1233)> gōr ��oc
<Row Manda d561 gūr (pl. -ke) > gūr �pl� -ke�
<Row sunkar d561 gōru (pl. gōrka) > gōru �pl� gōrka�
<Row bisam d561 gōru (pl. gōrka) > gōru �pl� gōrka�
<Row Tam d562 uku (ukuv-, ukk-) to be shed as feathers or hair, be spilled, gush forth, fall down, die, set; (-pp-, -tt-) to let fall, spill, scatter, cast, shed as leaves or feathers, shed (fear), pour out> uku �ukuv-� ukk-�
<Row Kota d562 u·c- (u·c-) to be spilt; spill (<i>tr.</i>), pour (water, grain), pour off (water from grain)> u�c- �u�c-�
<Row Toda d562 u·c- (u·č-) to throw away (dirty water)> u�c- �u�č-�
<Row Toda d562 ux- (uk-) to leak, dribble> ux- �uk-�
<Row Toda d562 uf- (ufQ-) to fall down (of flowers or fruit); (uft-) to shake off (water from head, dust, mud), empty (bag of grain), throw (spear), shout (words of song,nöw)> uf- �uf�-�
<Row Kannada d562 ugu (okk-) to become loose, burst forth, flow, run, trickle; be shed or spilt; let loose, etc.; vomit> ugu �okk-�
<Row Kannada d562 ogisu = ugu > ogisu � ugu
<Row Tam d563 ukai (-v-, -nt-) to move as a boat, go as a vehicle, walk as an animal; (-pp-, -tt-) to drive as a carriage, ride as a horse, row as a boat, discharge as an arrow> ukai �-v-� -nt-�
<Row Tam d567 ukku (ukki-) to rot, decay, moulder, pine away, waste away> ukku �ukki-�
<Row Telugu d569 possibly &lt > possibly �lt
<Row Pk d570 ukkā- = kūpatulā- DED(S) 488> ukkā- � kūpatulā
<Row sunkar d574 jur'o id. DEDS 71> jur�o
<Row bisam d574 jur'o id. DEDS 71> jur�o
<Row Kannada d575 isaka (isike, iseka, iska) id. <i>> isaka �isike� iseka� iska�
<Row Kannada d575 usike (useka, uske) id. <i>> usike �useka� uske�
<Row Parji d576 ujip- (ujit-) to wipe, sweep. <i>> ujip- �ujit-�
<Row Kota d577 ucg- (ucgy-) to move slightly horizontally> ucg- �ucgy-�
<Row Kota d577 uck- (ucky-) id> uck- �ucky-�
<Row Toda d577 usx- (usxy-) id> usx- �usxy-�
<Row Toda d577 usk- (usky-) id. (<i>tr.</i>). DED 494> usk- �usky-�
<Row Telugu d578 ūyu (ūs-) to spit> ūyu �ūs-�
<Row Kolami d578 u·s- (u·st-) id> u�s- �u�st-�
<Row Tam d580 ucuppu (ucuppi-) to urge on, as dogs> ucuppu �ucuppi-�
<Row Tam d581 uccu (ucci-) to conquer in a game, get possession of another's property by fraud> uccu �ucci-�
<Row Pengo d582 uc- (-c-) to fix (e.g. net), set (trap), put (pot on fire)> uc- �-c-�
<Row Belari d583 2.2) ijḍe mortar> � ijḍe
<Row Gadaba d583 uyup- (uyut-) to pound (rice, etc.). <i>> uyup- �uyut-�
<Row Pengo d583 uh- (ust-) to husk (rice)> uh- �ust-�
<Row Kui d583 uhpa (uht-) to strike against, impress, make a mark, write; <i>n.</i> act of striking against, marking, writing. <i>> uhpa �uht-�
<Row sunkar d583 uh- (ust-) to pound paddy> uh- �ust-�
<Row Kuwi d583 uh'nai to pestle> uh�nai
<Row Kuwi d583A ūjjoje'e falsely> ūjjoje�e
<Row Kuwi d583A ūjje'e falsehood; (S.) ucee> ūjje�e
<Row Kuwi d583A veh'nasi liar> veh�nasi
<Row Tam d584 uñaṟṟu (uñaṟṟi-) to attempt vigorously, strive diligently, do, perform; urge, spur to action; <i>n.</i> zeal, effort> uñaṟṟu �uñaṟṟi-�
<Row Tam d585 uṭakku (uṭakki-) to be fitted to the string of the bow (as an arrow); shoot (as an arrow); <i>n.</i> thread of a screw> uṭakku �uṭakki-�
<Row Tam d587 uṭu (-pp-, -tt-) to put on (as clothes), surround, encircle> uṭu �-pp-� -tt-�
<Row Tam d587 uṭuttu (uṭutti-) to dress one> uṭuttu �uṭutti-�
<Row Kannada d587 uḍu (uṭṭ-) to put round the waist and fasten there by tucking in or by a knot, wind or wrap round the waist> uḍu �uṭṭ-�
<Row Kodagu d587 uḍï- (uḍïp- uḍït-) to put on (sari)> uḍɨ- �uḍɨp- uḍɨt-�
<Row Konda d587 uRpa- (-t-) to wear round one's waist as a loincloth, (woman) to wear a sari> u�pa- �-t-�
<Row Tam d588 (Keikádi dialect; Hislop </i>, Part II, p. 19> ��eikádi dialect� �islop
<Row Tam d588 Papers relating to the Aboriginal Tribes of the Central Provinces </i>, Part II, p. 19> �apers relating to tʰe �boriginal �ribes of tʰe �entral �rovinces
<Row Parji d591 uḍum (pl. uḍmul) tick. <i>> uḍum �pl� uḍmul�
<Row betul d591 urūm (pl. urūhk) > urūm �pl� urūhk�
<Row mandla d591 urūm (pl. urūhk) > urūm �pl� urūhk�
<Row sunkar d591 ṛu'ma tick> ṛu�ma
<Row Tam d592 Varanus bengalensis </i>> �aranus bengalensis
<Row Kolami d592 uḍug (pl. uḍgul) scaly pangolin (the meaning is probably wrong)> uḍug �pl� uḍgul�
<Row Naikri d592 huṛug (pl. huṛgul) id> huṛug �pl� huṛgul�
<Row Parji d592 uḍu (pl. uḍul) id. <i>> uḍu �pl� uḍul�
<Row betul d592 urrum (pl. urruhk) > urrum �pl� urruhk�
<Row mandla d592 urrum (pl. urruhk) > urrum �pl� urruhk�
<Row mandla d592 urrum (pl. urruhk) > urrum �pl� urruhk�
<Row Tam d594 uṭai Acacia planifrons; A. latronum; umbrella thorn > uṭai �cacia planifrons� �� latronum� umbrella tʰorn
<Row Kannada d594 oḍejāli A. planifrons (forjāli, see 2474). DEDS 73> oḍejāli �� planifrons
<Row Kolami d596 uṭ- (uṭt-) to fall down> uṭ- �uṭt-�
<Row Kurux d597 uṭnā (uṭṭas) to close an aperture by filling or obstructing> uṭnā �uṭṭas�
<Row Kurux d597 refl.-pass. uṭᵘrnā (uṭṭras) to set, be hidden behind> refl�-pass� uṭᵘrnā �uṭṭras�
<Row Kurux d598 uṛda'ānā to give one his fill, quench (thirst)> uṛda�ānā
<Row Tam d600 uṇ (uṇp- to eat or drink, suck (as a child), take food, swallow without biting, enjoy, experience> uṇ �uṇp
<Row Tam d600 uṇṇuv-, uṇṭ-) to eat or drink, suck (as a child), take food, swallow without biting, enjoy, experience> uṇṇuv-� uṇṭ-�
<Row Tam d600 ūṭṭu (ūṭṭi-) to put small quantity of food into the mouth (as of a child, sick person), coax and make one eat one's food (as a mother her child), entertain (as a guest), instil, infuse, dye, cause to experience (as the fruits of one's actions), suck (as a calf or kid); <i>n.</i> feeding, food, morsel given to a child or sick person> ūṭṭu �ūṭṭi-�
<Row Kota d600 uṇ- (uḍ-) to drink, suck> uṇ- �uḍ-�
<Row Kota d600 uṇkc- (uṇkc-) to make to drink, make to feast> uṇkc- �uṇkc-�
<Row Kota d600 u·ṭ- (u·yṭ-) to suck (young of animals that stand while suckling)> u�ṭ- �u�yṭ-�
<Row Kota d600 u·ṭm meal paid to god at god-making ceremony> u�ṭm
<Row Kota d600 u·ṇ food, food eaten after dry funeral> u�ṇ
<Row Toda d600 uṇ- (uḍ-) to drink, (child) takes breast, (rain) rains> uṇ- �uḍ-�
<Row Toda d600 u·ṇ food, feast> u�ṇ
<Row Kannada d600 uṇ (uṇḍ-) to eat what forms a person's (or in poetry, certain animals') real meal, or (with regard to children) mother's milk; enjoy (as riches), take (as interest on money)> uṇ �uṇḍ-�
<Row Kodagu d600 uṇṇ- (umb-, uṇḍ-) to eat a meal> uṇṇ- �umb-� uṇḍ-�
<Row Tulu d600 nuppu = uṇpu cooked rice (ornuppuwith 3704)> nuppu � uṇpu
<Row Kolami d600 un-(und-) to drink> un-�und-�
<Row Kolami d600 unip- (unipt-) to make to drink, not giving with one's own hand> unip- �unipt-�
<Row Kolami d600 urt- (urutt-) > urt- �urutt-�
<Row Naikri d600 un- (unḍ-) to drink> un- �unḍ-�
<Row Naiki d600 un- (unḍ-) to drink, smoke (cigarette)> un- �unḍ-�
<Row Parji d600 un- (unḍ-) to drink> un- �unḍ-�
<Row Gadaba d600 un- (unḍ-) to drink> un- �unḍ-�
<Row salur d600 un- (unḍ-) to eat, drink> un- �unḍ-�
<Row betul d600 unḍānā (uṭṭ-) to drink> unḍānā �uṭṭ-�
<Row koya d600 un- (uṭ-) to drink> un- �uṭ-�
<Row Konda d600 uṇ- (uṭ-) to drink> uṇ- �uṭ-�
<Row Pengo d600 uṇ- (uṭ-) to drink> uṇ- �uṭ-�
<Row Manda d600 un- (uc-) to drink, smoke> un- �uc-�
<Row Kui d600 uṇba (uṭ-) to drink, partake of food (withējua meal), smoke tobacco; <i>n.</i> act of drinking, smoking> uṇba �uṭ-�
<Row Kui d600 ūṛpa (ūṛt-) to cause to drink, give to drink, suckle> ūṛpa �ūṛt-�
<Row Kui d600 ūṭpa (ūṭt-) id.; <i>n.</i> act of giving to drink, suckling. <i>> ūṭpa �ūṭt-�
<Row Kuwi d600 ūṭ- (-h-) to give to drink> ūṭ- �-h-�
<Row Kurux d600 ōnnā (oṇḍas) to drink, eat (rice)> ōnnā �oṇḍas�
<Row Kurux d600 ōnta'ānā to give a meal, make drink> ōnta�ānā
<Row Malto d600 óne (onḍ-) to drink, be coloured> óne �onḍ-�
<Row Tam d601 uṇaṅku (uṇaṅki-) to dry (<i>intr.</i>, as grain, vegetables, fish), become gaunt, shrink, shrivel, pine away> uṇaŋku �uṇaŋki-�
<Row Tam d601 uṇakku (uṇakki-) to cause to dry, dry in the sun> uṇakku �uṇakki-�
<Row Tam d601 uṇattu (uṇatti-) to cause to dry, emaciate> uṇattu �uṇatti-�
<Row Tam d601 nuṇaṅku (nuṇaṅki-) to droop, fade, wither> nuṇaŋku �nuṇaŋki-�
<Row Kota d601 oṇg- (oṇgy-) to become dry in heat, wither> oṇg- �oṇgy-�
<Row Kota d601 oṇk- (oṇky-) to dry (<i>tr.</i>) in heat or sun> oṇk- �oṇky-�
<Row Toda d601 wïṇx- (wïṇxy-) to wither, dry> vɨṇx- �vɨṇxy-�
<Row Toda d601 wïṇg- (wïṇgy-) to become scorched (by sun)> vɨṇg- �vɨṇgy-�
<Row Toda d601 wïṇk- (wïṇky-) to wither, dry (<i>tr.</i>), roast (meat)> vɨṇk- �vɨṇky-�
<Row Kodagu d601 oṇaŋg- (oṇaŋgi-) to become dry, wither, heal> oṇaŋg- �oṇaŋgi-�
<Row Kodagu d601 oṇak- (oṇaki-) to dry> oṇak- �oṇaki-�
<Row Tam d603 uṇar (-v-, -nt-) to wake from sleep, get back to consciousness, recover from languor, be conscious of, know, consider, examine, experience, become reconciled (as husband to wife)> uṇar �-v-� -nt-�
<Row Tam d603 uṇarttu (uṇartti-) to teach, enlighten, wake from sleep, pacify, remind> uṇarttu �uṇartti-�
<Row Toda d606 uQur gums> u�ur
<Row Tam d608 utappu (utappi-) to scold, reprove> utappu �utappi-�
<Row Tam d608 utampu (utampi-) id.; to frighten> utampu �utampi-�
<Row Tam d609 utavu (utavi-) to give, contribute (as one's mite), help, aid, assist, be of use> utavu �utavi-�
<Row Kota d609 odg- (odgy-) to become ready, help> odg- �odgy-�
<Row Kota d609 odk- (odky-) to make ready> odk- �odky-�
<Row Kota d609 ot- (oty-) to be friendly> ot- �oty-�
<Row Toda d609 wïQx- (wïQxy-) to get ready (<i>intr.</i>), be of use> vɨ�x- �vɨ�xy-�
<Row Toda d609 wïQk- (wïQky-) to get ready> vɨ�k- �vɨ�ky-�
<Row Toda d609 wïQfy help, aid> vɨ�fy
<Row Toda d609 o·Qy help, usefulness> o��y
<Row Tam d613 utaṟu (utaṟi-) to shake off, shake out (as a cloth), renounce (as the world, friends, etc.); shake, as one's hands, feet, or body, through cold, fear, or anger> utaṟu �utaṟi-�
<Row Tam d613 utai (-pp-, -tt-) to tremble with fear, shiver with cold> utai �-pp-� -tt-�
<Row Tam d613 utir (-v-, -nt-) to be shaken with the wind; (-pp-, -tt-) to shake off> utir �-v-� -nt-�
<Row Gadaba d613 udurp- (udurt-) to shake> udurp- �udurt-�
<Row Tam d614 Odina wodier; uti falcate trumpet flower> �dina vodier� uti
<Row Tam d615 utir (-v-, -nt-) to drop off (as leaves, fruits), fall out (as hair), be blasted, drop down (as tears), crumble (as cakes), be demolished; (-pp-, -tt-) to cast leaves or fruits (as trees), cause to drop or fall in numbers, strip, knock out (as teeth), shed (as tears), break in pieces; <i>n.</i> crumb, piece, fragment> utir �-v-� -nt-�
<Row Toda d615 wïQ- (wïQy-) (waist-cloth) slips off> vɨ�- �vɨ�y-�
<Row Tam d616 utai (-v-, -nt-) to kick, plant the foot firmly against a post or a wall; (-pp-, -tt-) to kick, spurn, beat; <i>n.</i> kick, pressure of foot as in pushing, beating> utai �-v-� -nt-�
<Row Kota d616 od- (ot-) to kick> od- �ot-�
<Row Kota d616 ov- (ovt-) to kick> ov- �ovt-�
<Row Kota d616 o- (ot-) to kick> o- �ot-�
<Row Kota d616 od a·ṛ- (a·c-) to struggle, try (to do, find, etc.), perform the movements of sexual intercourse> od a�ṛ- �a�c-�
<Row Kota d616 od a·ṛḷ act of struggling> od a�ṛḷ
<Row Kannada d616 ode (odad- to kick, spur, fix the foot against or on> ode �odad
<Row Kannada d616 odd-) to kick, spur, fix the foot against or on> odd-�
<Row Kota d617 ut- (uty-) to draw out from a bundle, draw from socket or hole> ut- �uty-�
<Row Kodagu d617 utt- (utti-) to untie (knot). ?> utt- �utti-�
<Row Telugu d618 uttaṇḍamulu (pl.) gold necklace worn by women> uttaṇḍamulu �pl��
<Row Kannada d619 Achyranthes aspera </i> Lin> �cʰyrantʰes aspera
<Row Kannada d620 Phoenix dactylifera </i> L> �hoenix dactylifera
<Row Tam d625 untu (unti-) to push out, thrust forward, fling, discharge, cast away, drive, send> untu �unti-�
<Row Tam d625 uttu (utti-) to discard, throw away> uttu �utti-�
<Row Tam d625 nuntu (nunti-) to propel, thrust forth, cast away> nuntu �nunti-�
<Row Tam d625 uṉṉu (uṉṉi-) to propel> uṉṉu �uṉṉi-�
<Row Kota d625 ud- (udy-) to push (person, small object with hand)> ud- �udy-�
<Row Toda d625 ud- (udy-) to jostle. DED 536> ud- �udy-�
<Row Telugu d626 fem. upparadi > fem� upparadi
<Row Mal d627 uppila Macaranga indica R.W > uppila �acaranga indica ���
<Row Tulu d627 uppaligè M. i.; (B-K.) ipḷige => uppaligɛ �� i�� ��-��� ipḷige
<Row Kannada d628 fem. uppāṟati; uppāṟike the business of a bricklayer> fem� uppāṟati� uppāṟike
<Row Telugu d629 V. capparis sepia a thorny shrub, <i>> �� capparis sepia
<Row Telugu d629 Monetia barlerioides a thorny shrub, <i>> �onetia barlerioides
<Row Telugu d629 Azima tetracantha a thorny shrub, <i>> �zima tetracantʰa
<Row Telugu d629 Capparis sepiaria; puyyi a thorny shrub, <i>> �apparis sepiaria� puyyi
<Row Telugu d629 C. s </i> DED(N) 540> �� s
<Row Kota d632 uba·cm panting> uba�cm
<Row Toda d633 üf ïn- (ïḏ-) to blow, blow away (e.g. ashes)> yf ɨn- �ɨḏ-�
<Row Mal d634 umari Salicornia DED 546> umari �alicornia
<Row Tam d636 umi (-v-, -nt-) to spit, gargle> umi �-v-� -nt-�
<Row Tam d636 umir̤ (-v-, -nt-) to spit, gargle, emit, vomit> umiṛ̆ �-v-� -nt-�
<Row Tam d636 tumi (-v-, -nt-) to spit (contamination ofumiandtuppu)> tumi �-v-� -nt-�
<Row Kannada d636 ugur̤ (ugur̤d-) to emit (as saliva, etc.), spit out, spit, sputter; <i>n.</i> spittle, saliva> uguṛ̆ �uguṛ̆d-�
<Row Kota d637 u·ym flour> u�ym
<Row Toda d639 en mox uba· O my child! DEDS 78> en mox uba�
<Row Toda d639 en maṟy uba· O my child! DEDS 78> en maṟy uba�
<Row Kui d641 umung uta (uti-) to fall prostrate> umung uta �uti-�
<Row Kurux d641 umb'ū with the face turned downward> umb�ū
<Row Kurux d641 humbu'ū with the face turned downward> humbu�ū
<Row Kurux d641 umba'ā with the face turned downward> umba�ā
<Row Kurux d641 humba'ā with the face turned downward> humba�ā
<Row Kurux d641 omba'ā with the face turned downward> omba�ā
<Row Kurux d641 homba'ā with the face turned downward> homba�ā
<Row Kurux d641 umb'ū mannā to bow profoundly, go down on one's knees> umb�ū mannā
<Row Toda d643 ïni. ? ïni excl. said by narrator at end of every sentence in telling a story> ɨni� � ɨni
<Row OIA d643 nos. 14132 </i> II.72, in Frances Wilson, <i>> nos�
<Row OIA d643 14133; e.g. Līlāśuka Bilvamaṅgala's Kṛṣṇakarṇāmṛta </i> II.72, in Frances Wilson, <i>> e�g� �īlāśuka �ilvamaŋgala�s �ṛṣṇakarṇāmṛta
<Row OIA d643 The Love of Krishna </i> (University of Pennsylvania Press, 1975), pp. 166-7; Parpola 1977-78, pp. 246-50. DED 552> �he �ove of �rishna
<Row Kolami d644 umbul- (umbuṭ-) > umbul- �umbuṭ-�
<Row Naikri d644 umbuḷ- (umbuṭ-) to urinate> umbuḷ- �umbuṭ-�
<Row Gondi d644 mūl- (mūṭ-) to urinate> mūl- �mūṭ-�
<Row Pengo d644 mūṇku (pl.) id> mūṇku �pl��
<Row Manda d644 mūṇke (pl.) id> mūṇke �pl��
<Row Kui d644 mūlba (mūṭ-) to urinate> mūlba �mūṭ-�
<Row Kuwi d644 mrū'ka urine> mrū�ka
<Row sunkar d644 mūṇk- (-it-) to urinate> mūṇk- �-it-�
<Row bisam d644 mūṇk- (-it-) to urinate> mūṇk- �-it-�
<Row Tam d645 uy (-v-, -nt-) to live, subsist, have being, be saved, be relieved (from trouble), escape (as from danger); (-pp-, -tt-) to ensure salvation> uy �-v-� -nt-�
<Row Tam d645 uyir (-pp-, -tt-) to revive, regain consciousness, be in vigorous functioning activity, breathe hard, be wafted as fragrance, breathe one's last; give birth to, smell, say, declare, emit; <i>n.</i> life (animal or vegetable), soul, living being, wind, voice> uyir �-pp-� -tt-�
<Row Toda d645 ü·r life> y�r
<Row Toda d645 yu·k in song units> yu�k
<Row Toda d645 yu·k fïṯad drawing longing sighs> yu�k fɨṯad
<Row Toda d645 üy naṛQad walking with heavy breathing> yy naṛ�ad
<Row Kurux d645 ujjta'ānā to keep alive, bring back to consciousness, raise again to life, revive (fire, quarrel)> ujjta�ānā
<Row Tam d646 uyar (-v-, -nt-) to rise (as water), move toward the meridian (as a heavenly body), be high, elevated, lofty, grow, increase, be excellent, eminent> uyar �-v-� -nt-�
<Row Tam d646 caus.; n greatness, renown> caus�� n
<Row Tam d646 uyarttu (uyartti-) to lift up, elevate, raise (as price), promote to higher office, honour, praise, raise the voice> uyarttu �uyartti-�
<Row Tam d647 uyar (-v-, -nt-) to vanish, disappear, be removed> uyar �-v-� -nt-�
<Row Toda d647 u·r- (u·Q-) to disappear, belost> u�r- �u��-�
<Row Toda d647 u·f- (u·t-) to cause to disappear of a sudden, be a terrible fellow and do damage> u�f- �u�t-�
<Row Toda d647 u·Q in:> u��
<Row Toda d647 ïr u·Q places at the end of the road to the world of the dead 'where the buffaloes, the people disappear' (cf. 4376). DED(S) 556> ɨr u��
<Row Toda d647 o·ł̣ u·Q n. pr places at the end of the road to the world of the dead 'where the buffaloes, the people disappear' (cf. 4376). DED(S) 556> o�ł̣ u�� n� pr
<Row Tam d648 ura (-pp-, -tt-) to become loud (as the voice), become harsh (as a noise), become furious (as the wind), be boisterous (as the sea), become violent (as a controversy)> ura �-pp-� -tt-�
<Row Tam d648 urappu (urappi-) to whoop, shout so as to menace or intimidate, bluster, roar, frighten, cause to sound loudly> urappu �urappi-�
<Row Tam d648 uraṟu (uraṟi-) to resound, roar> uraṟu �uraṟi-�
<Row Tam d648 uraṟṟu (uraṟṟi-) to resound, roar> uraṟṟu �uraṟṟi-�
<Row Tam d648 urai (-pp-, -tt-) to sound, speak, tell; <i>n.</i> roar, loud noise, speaking, utterance, word, fame> urai �-pp-� -tt-�
<Row Kodagu d648 oraḍ- (oraḍuv-, oraṭ-) to answer (or with 650 Ko.orp-)> oraḍ- �oraḍuv-� oraṭ-�
<Row Telugu d648 ūraka (neg. gerund of *ūr-) silently, quietly, not speaking; merely, simply, vainly> ūraka �neg� gerund of �ūr-�
<Row Tam d649 ura (-pp-, -tt-) to become firm, hard (as the soil), become thick, coarse (as paper)> ura �-pp-� -tt-�
<Row Tam d649 uravu (uravi-) to become vigorous, get strong> uravu �uravi-�
<Row Kota d649 orp- (orpy-) to excel> orp- �orpy-�
<Row Toda d649 u·ṇ pith> u�ṇ
<Row Kota d650 orp- (orpy-) to act in overweening, desperate fashion, refuse to listen, (illness) is dangerous> orp- �orpy-�
<Row Toda d650 warp- (warpy-) to refuse to do something> varp- �varpy-�
<Row Kodagu d650 oraḍ- (oraḍuv-, oraṭ-) to answer (or with 557 Ta.ura)> oraḍ- �oraḍuv-� oraṭ-�
<Row Kuwi d650 ūr- (-it-) to disobey. DED 559> ūr- �-it-�
<Row Kota d651 oḷka·l mortar> oḷka�l
<Row Kota d651 oḷka·l kal a stone mortar> oḷka�l kal
<Row Kota d651 oḷki·k work of preparing grain by pounding> oḷki�k
<Row Tam d652 uri (-v-, -nt-) to peel (<i>intr.</i>, as skin, bark); strip off (as clothes), deprive of, rob; (-pp-, -tt-) to slough off, flay, strip off (as bark); <i>n.</i> rind, peel, skin stripped off, bark> uri �-v-� -nt-�
<Row Tam d652 uruvu (uruvi-) to strip (as beads from a string, as leaves from a twig), unsheath (as a sword)> uruvu �uruvi-�
<Row Toda d652 ušt- (ušty-) to take off (ring, bangle, shirt or coat, sari)> ušt- �ušty-�
<Row Parji d652 uykip- (uykit-) (serpent) to slough its skin> uykip- �uykit-�
<Row Kurux d652 urnā (uryas) to rub off the leaves of a branch, the spikes of a corn-ear, by passing the hand along> urnā �uryas�
<Row Kota d655 urkl mo·r slip-knot (mo·rid.)> urkl mo�r
<Row Kuwi d655 ūṛṛū (pl. ūṛka) snare> ūṛṛū �pl� ūṛka�
<Row Kuwi d655 uruta herh'nai id> uruta herh�nai
<Row sunkar d655 huru (pl. -ka) snare. (Possibly add 582; so K.) DED(S, N) 564> huru �pl� -ka�
<Row Tam d656 uru (-pp-, -tt-) to burn, smart, be angry> uru �-pp-� -tt-�
<Row Tam d656 uruttu (urutti-) to make angry> uruttu �urutti-�
<Row Irula d656 üri-ni·ru sweat> yri-ni�ru
<Row Irula d656 Ālku. uri id> �lku� uri
<Row Kota d656 ury- (urc-) to hate, be envious of, it pains; <i>n.</i> envy, heat (esp. of the sun), sweat> ury- �urc-�
<Row Toda d656 uf- (ut-) (fever) affects, burns> uf- �ut-�
<Row Toda d656 u·r foṛ- (foṭ-) (woman in the 5th month of pregnancy) undergoes ceremony of burning on wrist> u�r foṛ- �foṭ-�
<Row Toda d656 u·r foy- (foc-) (husband of pregnant woman) performs ceremony of burning her wrist> u�r foy- �foc-�
<Row Kodagu d656 uri (-v-, -ñj-) burning sensation is felt> uri �-v-� -ñj-�
<Row Kui d656 ruta (ruti-) to set fire to, ignite; <i>n.</i> setting fire to> ruta �ruti-�
<Row Kui d656 ru- (rut-) to set light to. <i>> ru- �rut-�
<Row Kuwi d656 rund- (-it-) to ignite> rund- �-it-�
<Row sunkar d656 rūh- (rūst-) to sweat> rūh- �rūst-�
<Row bisam d656 rūh- (rūst-) to sweat> rūh- �rūst-�
<Row Kuwi d656 gāma rūh'nai id. (gāmasweat)> gāma rūh�nai
<Row Tam d657 uru (-pp-, -tt-) to assume a form, issue forth, appear, come into existence; <i>n.</i> body, shape, form, beauty, idol> uru �-pp-� -tt-�
<Row Tam d657 uruvam = uru n.; uruvu shape, form> uruvam � uru n�� uruvu
<Row Toda d657 ušt- (ušty-) to appear, come into sight, (star) rises; uf back of trunk of body (alsou·fin songs; uncertainty about phonetics)> ušt- �ušty-�
<Row Tam d658 uru (-pp-, -tt-) to become ripe, mature. ?> uru �-pp-� -tt-�
<Row Tam d661 uruku (uruki-) to dissolve (<i>intr.</i>) with heat, melt, liquefy, be fused, become tender, melt (as the heart), be kind, glow with love, be emaciated> uruku �uruki-�
<Row Tam d661 urukku (urukki-) to melt (<i>tr.</i>) with heat (as metals or congealed substances), dissolve, liquefy, fuse, soften (as feelings), reduce, emaciate (as the body), destroy; <i>n.</i> steel, anything melted, product of liquefaction> urukku �urukki-�
<Row Kodagu d661 ur- (uri-) to melt> ur- �uri-�
<Row Kodagu d661 urïk- (urïki-) id> urɨk- �urɨki-�
<Row Kui d661 ūra (ūri-) to be dissolved> ūra �ūri-�
<Row Kui d661 pl. action ūrka (ūrki-); rūga (rūgi-) to be dissolved. <i>> pl� action ūrka �ūrki-�� rūga �rūgi-�
<Row Konda d662 ruŋ- (it-) to be broken> ruŋ- �it-�
<Row Tam d663 uruvu (uruvi-) to pierce through, penetrate (as an arrow, a needle)> uruvu �uruvi-�
<Row sunkar d663 uh- (ust-) to pierce> uh- �ust-�
<Row Tam d664 uruḷ (uruḷv-, uruṇṭ-) to roll, tumble over and over, revolve (as a wheel), spin, become round, globular; <i>n.</i> car wheel, wheeled vehicle> uruḷ �uruḷv-� uruṇṭ-�
<Row Tam d664 uruṭṭu (uruṭṭi-) to roll (<i>tr.</i>), revolve, whirl, impose and confound by high-sounding verbiage; <i>n.</i> rolling, wheel, roundness, fraud> uruṭṭu �uruṭṭi-�
<Row Mal d664 uruḷuka (uruṇṭ-) to roll (<i>intr.</i>), toss, revolve> uruḷuka �uruṇṭ-�
<Row Irula d664 ruḷḷu (ruṇḍ-) to roll> ruḷḷu �ruṇḍ-�
<Row Kota d664 urṇ- (urḍ-) to roll (<i>intr.</i>) over and over in one direction> urṇ- �urḍ-�
<Row Kota d664 urṭ- (urṭy-) id> urṭ- �urṭy-�
<Row Toda d664 u·ḷ- (u·ḍ-) to roll> u�ḷ- �u�ḍ-�
<Row Toda d664 u·ṭ- (u·ṭy-) id> u�ṭ- �u�ṭy-�
<Row Toda d664 u·ḷ ball (of butter, food, etc.), handful> u�ḷ
<Row Toda d664 uṭ- (uṭy-) to turn earth with cane at funeral (forpïṣ, see 4290)> uṭ- �uṭy-�
<Row Toda d664 pïṣ u·ṭ- (u·ṭy-) to turn earth with cane at funeral (forpïṣ, see 4290)> pɨṣ u�ṭ- �u�ṭy-�
<Row Kodagu d664 urïḍ- (urïṇḍ-) to roll> urɨḍ- �urɨṇḍ-�
<Row Kodagu d664 urïṭ- (urïṭi-) id. (<i>tr.</i>). Tu> urɨṭ- �urɨṭi-�
<Row Tam d664 uruḷ (uruḷv-, uruṇṭ-) to roll, tumble over and over, revolve (as a wheel), spin, become round, globular; <i>n.</i> car wheel, wheeled vehicle> uruḷ �uruḷv-� uruṇṭ-�
<Row Tam d664 uruṭṭu (uruṭṭi-) to roll (<i>tr.</i>), revolve, whirl, impose and confound by high-sounding verbiage; <i>n.</i> rolling, wheel, roundness, fraud> uruṭṭu �uruṭṭi-�
<Row Mal d664 uruḷuka (uruṇṭ-) to roll (<i>intr.</i>), toss, revolve> uruḷuka �uruṇṭ-�
<Row Irula d664 ruḷḷu (ruṇḍ-) to roll> ruḷḷu �ruṇḍ-�
<Row Kota d664 urṇ- (urḍ-) to roll (<i>intr.</i>) over and over in one direction> urṇ- �urḍ-�
<Row Kota d664 urṭ- (urṭy-) id> urṭ- �urṭy-�
<Row Toda d664 u·ḷ- (u·ḍ-) to roll> u�ḷ- �u�ḍ-�
<Row Toda d664 u·ṭ- (u·ṭy-) id> u�ṭ- �u�ṭy-�
<Row Toda d664 u·ḷ ball (of butter, food, etc.), handful> u�ḷ
<Row Toda d664 uṭ- (uṭy-) to turn earth with cane at funeral (forpïṣ, see 4290)> uṭ- �uṭy-�
<Row Toda d664 pïṣ u·ṭ- (u·ṭy-) to turn earth with cane at funeral (forpïṣ, see 4290)> pɨṣ u�ṭ- �u�ṭy-�
<Row Kodagu d664 urïḍ- (urïṇḍ-) to roll> urɨḍ- �urɨṇḍ-�
<Row Kodagu d664 urïṭ- (urïṭi-) id. (<i>tr.</i>). Tu> urɨṭ- �urɨṭi-�
<Row Toda d664 uḍy Qwï·ṟ cooked rice in shape of ball> uḍy �vɨ�ṟ
<Row Tam d665 urai (-v-, -nt-) to be reduced into a powder or paste, wear away by attrition, be indented or effaced by rubbing; (-pp-, -tt-) to rub into a paste, wear away by rubbing, grate, test on the touchstone, smear, polish; <i>n.</i> rubbing, friction, attrition; fineness of gold or silver as tested on the touchstone> urai �-v-� -nt-�
<Row Tam d665 uraicu (uraici-) to rub against (<i>intr.</i>), chafe, wear away by use; rub hard (<i>tr.</i>), scour, waste away by rubbing> uraicu �uraici-�
<Row Tam d665 uraiñcu (uraiñci-) to rub> uraiñcu �uraiñci-�
<Row Tam d665 uracu (uraci-) to rub against> uracu �uraci-�
<Row Tam d665 uriñcu (uriñci-) to rub oneself, rub against; to wear away by rubbing (<i>tr.</i>), grind away, scrape, smear, anoint> uriñcu �uriñci-�
<Row Tam d665 uriñu (uriñi-) to rub> uriñu �uriñi-�
<Row Tam d665 urāy (-v-, -nt-) to rub (<i>intr.</i>, as an animal against a tree, as two branches together)> urāy �-v-� -nt-�
<Row Tam d665 urāyñcu (urāyñci-) to rub (<i>intr.</i>, as an animal against a tree, as two branches together)> urāyñcu �urāyñci-�
<Row Tam d665 urōcu (urōci-) to rub> urōcu �urōci-�
<Row Tam d665 urōñcu (urōñci-) to rub> urōñcu �urōñci-�
<Row Kota d665 orv- (ort-) to rub into paste, rub with a stone in making pot> orv- �ort-�
<Row Kota d665 orj- (orj-) to rub> orj- �orj-�
<Row Kota d665 uj- (uj-) to rub, file, sharpen> uj- �uj-�
<Row Toda d665 warf- (wart-) to rub into paste, wipe, wash> varf- �vart-�
<Row Toda d665 ud- (udy-) to smear on body> ud- �udy-�
<Row Kannada d665 ore (orad-) to touch, rub, smear, apply to a touchstone, examine, grind, make thin or fine; <i>n.</i> rubbing, etc> ore �orad-�
<Row Kodagu d665 udd- (uddi-) to rub> udd- �uddi-�
<Row Parji d665 ujip- (ujit-) to wipe, sweep. <i>> ujip- �ujit-�
<Row Konda d665 rōs- (-t-) to touch slightly, stroke, rub against> rōs- �-t-�
<Row Kui d665 rūga- (rūgi-) to be smooth> rūga- �rūgi-�
<Row Kui d665 rūsa (rūsi-) to crush, grind; <i>n.</i> crushing, grinding> rūsa �rūsi-�
<Row Kui d665 pl. action rūska (rūski-); rūseni press for grinding sugarcane. <i>> pl� action rūska �rūski-�� rūseni
<Row sunkar d665 rub- (-it-) to rub on (oil, etc.)> rub- �-it-�
<Row OIA d665 proñch- (pra + uñch-) to rub, wipe, wipe out, efface (Turner> proñcʰ- �pra � uñcʰ-�
<Row OIA d665 nos. 1680, 9011); O > nos� ����� ������ �
<Row Kodagu d666 ukk- (ukki-) to boil over> ukk- �ukki-�
<Row Konda d666 urp- (-t-) to boil (as water)> urp- �-t-�
<Row Pengo d666 ur- (-t-) to boil up, effervesce. Manḍ> ur- �-t-�
<Row Pengo d666 ur- (-t-) id> ur- �-t-�
<Row Kui d666 urpa (urt-) to seethe, boil, bubble, emit froth; <i>n.</i> state of boiling, seething. <i>> urpa �urt-�
<Row Kuwi d666 urh'nai to swell (boiled milk)> urh�nai
<Row Kodagu d666 ukk- (ukki-) to boil over> ukk- �ukki-�
<Row Konda d666 urp- (-t-) to boil (as water)> urp- �-t-�
<Row Pengo d666 ur- (-t-) to boil up, effervesce. Manḍ> ur- �-t-�
<Row Pengo d666 ur- (-t-) id> ur- �-t-�
<Row Kui d666 urpa (urt-) to seethe, boil, bubble, emit froth; <i>n.</i> state of boiling, seething. <i>> urpa �urt-�
<Row Kuwi d666 urh'nai to swell (boiled milk)> urh�nai
<Row Tam d666 uppu (uppi-) to become big (as a seed), bloat, puff up (as the abdomen), rise (as leaven)> uppu �uppi-�
<Row Tam d666 upukku (upukki-) to swell, overflow> upukku �upukki-�
<Row Kota d666 ub- (uby-) (part of the body) swells> ub- �uby-�
<Row Kota d666 ubc- (ubc-) to coax child with pleasing words> ubc- �ubc-�
<Row Toda d666 ub- (uby-) to boil over; ?> ub- �uby-�
<Row Konda d666 ubi- (-t-) to swell, be inflamed, be bloated> ubi- �-t-�
<Row OIA d666 nos. 2338 > nos� ����
<Row salur d667 urk- (uruk-) to descend, jump> urk- �uruk-�
<Row Gadaba d670 urp- (urt-) to wash face. <i>> urp- �urt-�
<Row Konda d670 ūrpa- (-t-) to wash (hands, feet, face, etc.)> ūrpa- �-t-�
<Row Pengo d670 ur- (-t-) to wash face. <i>> ur- �-t-�
<Row sunkar d670 rūp- (-it-) id> rūp- �-it-�
<Row Tam d671 ula (-pp-, -nt-) to become diminished, be wasted, be devoid of, die, terminate> ula �-pp-� -nt-�
<Row Tam d671 ulai (-v-, -nt-) to perish, be ruined (as houses, land, crops); (-pp-, -tt-) to ruin> ulai �-v-� -nt-�
<Row BettaKurumba d672 1.11) alke pestle> � alke
<Row gowda d672 oṇikE pestle> oṇik�
<Row Tam d674 ular (-v-, -nt-) to become dry, wither, be parched up, pine away, droop> ular �-v-� -nt-�
<Row Tam d674 ularttu (ulartti-) to dry (<i>tr.</i>), desiccate> ularttu �ulartti-�
<Row Tam d674 ulaṟu (ulaṟi-) to dry up, wither, be injured, worn out> ulaṟu �ulaṟi-�
<Row Kannada d675 Crataeva tapia </i> or> �rataeva tapia
<Row Telugu d675 ulimiri Crataeva tapia DED 582> ulimiri �rataeva tapia
<Row Tam d676 Clupea ilisha </i>; a seafish, silvery shot with yellow and purple> �lupea ilisha
<Row Kolami d677 ul (obl. uṭ-) day, in:> ul �obl� uṭ-�
<Row Kolami d677 mu·nd ul three days> mu�nd ul
<Row Tam d678 uvaṭṭu (uvaṭṭi-) to loathe, recoil from, satiate, surfeit; <i>n.</i> nausea> uvaṭṭu �uvaṭṭi-�
<Row Tam d678 uvaṭṭi (-pp-, -tt-) to nauseate, loathe; <i>n.</i> nauseating, loathing> uvaṭṭi �-pp-� -tt-�
<Row Tam d678 ukaṭṭu (ukaṭṭi-) to nauseate> ukaṭṭu �ukaṭṭi-�
<Row Kuwi d678 ub- (-it-) to have indigestion> ub- �-it-�
<Row Tam d679 uvi (-v-, -nt-) to boil away; (-pp-, -tt-) to boil> uvi �-v-� -nt-�
<Row Gondi d679 up- (-it-) to boil food. DED(S) 585> up- �-it-�
<Row Tam d680 ur̤a (-v-, -nt-) to experience sorrow, pain, trouble, or fatigue, suffer> uṛ̆a �-v-� -nt-�
<Row Tam d680 ur̤ai (-pp-, -tt-) to labour hard, toil, suffer hardship; earn> uṛ̆ai �-pp-� -tt-�
<Row Kota d681 i·r o·k two oḷk; (foro·r akone oḷk, see 397 Ta.ār̤ākku, ar̤akku). <i>> i�r o�k
<Row Tam d682 ur̤ampu (ur̤ampi-) to be disturbed, confused> uṛ̆ampu �uṛ̆ampi-�
<Row Tam d682 ur̤appu (ur̤appi-) to confuse, disturb> uṛ̆appu �uṛ̆appi-�
<Row Tam d682 uḷampu (uḷampi-) to stir up game> uḷampu �uḷampi-�
<Row Kota d683 u·gaṇ pen-bars, planks used to close cowshed door> u�gaṇ
<Row Mal d685 ur̤iñña Cissus pedata used for Soma sacrifices> uṛ̆iñña �issus pedata
<Row Mal d685 Cardiospermum halicacabum used for Soma sacrifices> �ardiospermum halicacabum
<Row Mal d685 Sapindus laurifolius used for Soma sacrifices> �apindus laurifolius
<Row Tulu d685 Cardiospermum halicacabum (būru creeper). DED(S) 589> �ardiospermum halicacabum �būru
<Row Pengo d686 ṛūc- (-c-) to smear with cowdung> ṛūc- �-c-�
<Row Pengo d686 ṛoh- (ṛost-) to rub, scrape (e.g. strings of violin)> ṛoh- �ṛost-�
<Row Pengo d686 ṛūz- (ṛūst-) to scrape, plane> ṛūz- �ṛūst-�
<Row Kui d686 ṛūsa (ṛūsi-) to stroke, rub, scrape; <i>n.</i> stroking, scraping> ṛūsa �ṛūsi-�
<Row Kui d686 pl. action ṛūska (ṛūski-); ṛōsa (ṛōsi-) to scrape, draw one surface over another, play a violin> pl� action ṛūska �ṛūski-�� ṛōsa �ṛōsi-�
<Row Kui d686 pl. action ṛōska (ṛōski-) > pl� action ṛōska �ṛōski-�
<Row Kuwi d686 lūh'nai > lūh�nai
<Row Pengo d686 ṛūc- (-c-) to smear with cowdung> ṛūc- �-c-�
<Row Pengo d686 ṛoh- (ṛost-) to rub, scrape (e.g. strings of violin)> ṛoh- �ṛost-�
<Row Pengo d686 ṛūz- (ṛūst-) to scrape, plane> ṛūz- �ṛūst-�
<Row Kui d686 ṛūsa (ṛūsi-) to stroke, rub, scrape; <i>n.</i> stroking, scraping> ṛūsa �ṛūsi-�
<Row Kui d686 pl. action ṛūska (ṛūski-); ṛōsa (ṛōsi-) to scrape, draw one surface over another, play a violin> pl� action ṛūska �ṛūski-�� ṛōsa �ṛōsi-�
<Row Kui d686 pl. action ṛōska (ṛōski-) > pl� action ṛōska �ṛōski-�
<Row Kuwi d686 lūh'nai > lūh�nai
<Row Konda d686 ūs- (-t-) to apply oil, anoint> ūs- �-t-�
<Row Konda d686 caus. ūsis- to apply oil, etc. to one's own body> caus� ūsis
<Row Konda d686 ūspis-; ūspa- (-t-) to apply oil, etc. to one's own body> ūspis-� ūspa- �-t-�
<Row Pengo d686 ūc- (-c-) to rub on (oil on hair, etc.). <i>> ūc- �-c-�
<Row sunkar d686 ūh- (ūst-) to anoint oneself (p. 269)> ūh- �ūst-�
<Row Kuwi d686 ūsp- (-it-) to smear with cowdung. DED(S, N) 590, DEDS 839, and from DED(S) 593> ūsp- �-it-�
<Row Kota d687 uḷu·v spittle. <i>> uḷu�v
<Row Tam d688 ur̤u (-v-, -t-) to plough, dig up, root up (as pigs), scratch, incise (as bees in a flower)> uṛ̆u �-v-� -t-�
<Row Tam d688 fem. ur̤atti; ur̤avu ploughing, agriculture> fem� uṛ̆atti� uṛ̆avu
<Row Tam d688 ur̤akku (ur̤akki-) to plough> uṛ̆akku �uṛ̆akki-�
<Row Tam d688 tuṉṉu (tuṉṉi-) id. (&lt; Te.)> tuṉṉu �tuṉṉi-�
<Row Kota d688 ug- (uṛt-) to plough, be ploughed> ug- �uṛt-�
<Row Kota d688 u·v one furrow in ploughing> u�v
<Row Toda d688 uṣf- (uṣt-) to plough> uṣf- �uṣt-�
<Row Kannada d688 ur̤ (ur̤t, utt-) id> uṛ̆ �uṛ̆t� utt-�
<Row Kodagu d688 u·ḷ- (upp-, utt-) to plough. Tu> u�ḷ- �upp-� utt-�
<Row Kolami d688 ur- (urt-) to harrow; (SR.) to plough> ur- �urt-�
<Row Konda d688 ṛū- (-t-) to plough, till soil> ṛū- �-t-�
<Row Pengo d688 ṛū- (-t-) to plough> ṛū- �-t-�
<Row Kui d688 ṛūva (ṛūt-) id.; <i>n.</i> ploughing> ṛūva �ṛūt-�
<Row Kui d688 ūṛa (ūṛi-) to dig with snout, root up. <i>> ūṛa �ūṛi-�
<Row Kuwi d688 ruiyali (rū-) > ruiyali �rū-�
<Row sunkar d688 ṛū- (-t-) to plough> ṛū- �-t-�
<Row Kuwi d688 lū'nai to nuzzle (of a pig;pajji lūte)> lū�nai
<Row Kurux d688 uynā (ussas) to plough> uynā �ussas�
<Row Tam d689 ur̤u (-v-, -t-) to arrange or adjust (as hair with the fingers); ?> uṛ̆u �-v-� -t-�
<Row Tam d689 uḷar (-v-, -nt-; uḷari-) to spread out and draw the fingers through (as in drying wet hair), adjust or smooth out as birds their feathers> uḷar �-v-� -nt-� uḷari-�
<Row Kota d689 ug a·ṭ- (a·c-) to clean hair by untangling snarls, removing lice, etc> ug a�ṭ- �a�c-�
<Row Kodagu d689 u·k- (u·ki-) to comb> u�k- �u�ki-�
<Row Tam d690 Phaseolus mungo Linn > �haseolus mungo �inn
<Row Mal d690 ur̤unnu P. radiatus kidneybean> uṛ̆unnu �� radiatus
<Row Kannada d690 uddu P. mungo var. <i>> uddu �� mungo
<Row Tulu d690 urdu P. mungo kidney-bean> urdu �� mungo
<Row Telugu d690 uddulu P. radiatus black gram. <i>> uddulu �� radiatus
<Row Naikri d690 urndaḷ (pl.) urad> urndaḷ �pl��
<Row Kui d691 oṛpa (oṛt-) to pine for, lust after; <i>n.</i> desire, lust (or with 1006 Ta.ollu). DED 595> oṛpa �oṛt-�
<Row Parji d692 ḍū (pl. ḍuvul) tiger. <i>> ḍū �pl� ḍuvul�
<Row koya d692 ḍuv (pl. ḍūk) id> ḍuv �pl� ḍūk�
<Row Tam d693 Gobius ornatus </i>; a brown freshwater fish, <i>> �obius ornatus
<Row Tam d693 G. giuris </i>; a yellowish fish, found in fresh- and backwaters> �� giuris
<Row Tam d693 G. striatus; uḷuvai G. ornatus; G. giuris a sea-fish, brownish grey> �� striatus� uḷuvai �� ornatus� �� giuris
<Row Parji d694 uṛup (pl. uṛpul) spotted deer. <i>> uṛup �pl� uṛpul�
<Row Parji d695 uṛcip- (uṛcit-) to heap up, put together. <i>> uṛcip- �uṛcit-�
<Row salur d695 ūrs- (ūrus-) to wipe with finger (like cream from a cup). <i>> ūrs- �ūrus-�
<Row Gondi d695 Konḍa ūṛs- (-t-) to sweep or clean (a threshing floor)> �onḍa ūṛs- �-t-�
<Row Gondi d695 Kui ḍupka (&lt;ḍuk-p-; ḍukt-) to scrape together, sweep up, clear away rubbish, scavenge; <i>n.</i> act of scraping together, sweeping up, scavenging; ?> �ui ḍupka
<Row Gondi d695 rūṭpa (rūṭt-) to scrape into a heap. From DED(S) 506> rūṭpa �rūṭt-�
<Row Kota d696 uc- (uc-) to have diarrhoea> uc- �uc-�
<Row Toda d696 u·c- (u·č-) (buffalo) has diarrhoea> u�c- �u�č-�
<Row Kodagu d696 ucc-a·ṭ- to urinate> ucc-a�ṭ
<Row Kota d697 oḷ- (3 pers. neut. oḍo·) to exist, be in a place> oḷ- �� pers� neut� oḍo��
<Row Toda d697 wiḷd- (3 pers. wïḍ-i) to exist, be in a place> viḷd- �� pers� vɨḍ-i�
<Row Kannada d697 uḷ (3 pers. uṇṭu) to be, have; <i>adj.</i> that is, that is true> uḷ �� pers� uṇṭu�
<Row Kodagu d697 uḷḷ- (3 pers. uṇḍï) to be, be in a place, have> uḷḷ- �� pers� uṇḍɨ�
<Row Tulu d697 uḷḷ- (3 sg. neut. uṇḍu; pres. tense) to be, exist, have> uḷḷ- �� sg� neut� uṇḍu� pres� tense�
<Row Kolami d697 an- (anḍ-) > an- �anḍ-�
<Row Naikri d697 *uṇṭu. ? > �uṇṭu� �
<Row Kui d697 lohpa (loht-) to abide, remain, reside. ? <i>> lohpa �loht-�
<Row Tam d698 uḷḷu (uḷḷi-) to think, think on, remember> uḷḷu �uḷḷi-�
<Row Tam d698 uḷku (uḷki-) to think> uḷku �uḷki-�
<Row Kota d698 uḷpaṛ- (uḷpaṭ-) to obey> uḷpaṛ- �uḷpaṭ-�
<Row Toda d698 uḷpoṛ- (uḷpoṭ-) to agree (-kto)> uḷpoṛ- �uḷpoṭ-�
<Row Kolami d698 lo·pal the inside; in, inside> lo�pal
<Row betul d698 rōn (obl. rōt-) > rōn �obl� rōt-�
<Row mandla d698 rōn (obl. rōt-) > rōn �obl� rōt-�
<Row mandla d698 rōn (obl. rōt-) > rōn �obl� rōt-�
<Row adil d698 rōn (obl. rōt-) > rōn �obl� rōt-�
<Row seoni d698 lōtad (pl. lōtav) female member of a house> lōtad �pl� lōtav�
<Row Konda d698 olbi- (-t-) to think, ponder; feel, regret> olbi- �-t-�
<Row Kuwi d698 rō'i beneath> rō�i
<Row Kuwi d698 ṛō'i under> ṛō�i
<Row Kuwi d698 oṇp- (-it-) to think, remember> oṇp- �-it-�
<Row Kurux d698 oṛga'ānā to believe, think, fancy, assume> oṛga�ānā
<Row Tam d703 uṭku (uṭki-) to be afraid, feel shy; <i>n.</i> fear, shame, modesty> uṭku �uṭki-�
<Row Toda d705 u·ḷy id> u�ḷy
<Row Toda d705 pöḷ u·ḷy garlic (= Ta.veḷḷ-uḷḷi)> pøḷ u�ḷy
<Row Konda d706 uṟ- (uRt-) to butt, gore (buffalo, etc. with horns), crush (nits)> uṟ- �u�t-�
<Row Pengo d706 uz- (ust-) to butt, gore; to crush (lice)> uz- �ust-�
<Row Kui d706 pl. action uska (uski-) > pl� action uska �uski-�
<Row sunkar d706 ur- (-h-) to butt, gore> ur- �-h-�
<Row Tam d707 uṟaṅku (uṟaṅki-) to sleep, feel drowsy, be weary> uṟaŋku �uṟaŋki-�
<Row Tam d707 uṟaku (uṟaki-) to sleep> uṟaku �uṟaki-�
<Row Tam d707 uṟakku (uṟakki-) to put to sleep (as a child), weigh down the eyelids as in sleep> uṟakku �uṟakki-�
<Row Kota d707 org- (orgy-) to sleep> org- �orgy-�
<Row Toda d707 waṟx- (waṟxy-) to sleep> vaṟx- �vaṟxy-�
<Row Toda d707 waṟ- (waṟy-) to sleep> vaṟ- �vaṟy-�
<Row Toda d707 waṟk- (waṟky-) to make to sleep (by lullaby, etc.)> vaṟk- �vaṟky-�
<Row Kodagu d707 or- (ori-) to fall asleep> or- �ori-�
<Row Gondi d707 tr. urh- (<i>Voc.</i> 267a)> tr� urh
<Row Parji d708 utip- (utit-) > utip- �utit-�
<Row Parji d708 uṭip- (uṭit-) to make to hang> uṭip- �uṭit-�
<Row Konda d708 uRi net suspended from roof in kitchen to keep pots. ?> u�i
<Row Tam d709 uṟi (-v-, -nt-) to snuff up, sip up> uṟi �-v-� -nt-�
<Row Tam d709 uṟiñcu (uṟiñci-) to sip, suck up, draw into the mouth as in tasting liquids, snuff up, sniff, draw in sharply through the nose, take in, absorb as a sponge> uṟiñcu �uṟiñci-�
<Row Toda d709 ïṟ- (ïṟQ-) to drink (intoxicants)> ɨṟ- �ɨṟ�-�
<Row Kannada d709 ? uṟita sucking> � uṟita
<Row Pengo d709 uj- (ucc-) id. <i>> uj- �ucc-�
<Row Kuwi d709 jū'nai to imbibe, inhale, sip. From DED(S, N) 2154(<i>b</i>) and DED 2235> jū�nai
<Row Tam d710 uṟu (uṟuv-, uṟṟ-) to be, happen, dwell, be desirable, useful, be joined, come in contact with, touch, love> uṟu �uṟuv-� uṟṟ-�
<Row Tam d710 uṟuttu (uṟutti-) to cause to be, bring in contact, clap> uṟuttu �uṟutti-�
<Row Tam d710 uṟai (-v-, -nt-) to reside, dwell; <i>n.</i> place of residence> uṟai �-v-� -nt-�
<Row Tam d710 uṟaṅku (uṟaṅki-) to dwell, abide> uṟaŋku �uṟaŋki-�
<Row Tam d710 uṟar̤ (-v-, -nt-) to be close, dense, crowded> uṟaṛ̆ �-v-� -nt-�
<Row Toda d710 uṟf- (uṟt-) to have sexual intercourse with> uṟf- �uṟt-�
<Row Toda d710 ojuṟt- (ojuṟty-) to terrify (foroζ-to fear, see 55; foruṟt-, cf. Ta.uṟuttuto cause to be)> ojuṟt- �ojuṟty-�
<Row Kannada d710 uṟu (urt-, utt-) to be, stay, come about, arise> uṟu �urt-� utt-�
<Row Kui d710 ubga (&lt; ug-b-; ugd-) to agree with, suit, fit, fulfil. DED(S) 608> ubga ��lt� ug-b-� ugd-�
<Row Tam d711 uṟu (uṟuv-, uṟṟ-) to be numerous; <i>adj.</i> much, abundant> uṟu �uṟuv-� uṟṟ-�
<Row Tam d711 uṟuttu (uṟutti-) to increase> uṟuttu �uṟutti-�
<Row Tam d711 uṟai (-pp-, -tt-) to increase, grow> uṟai �-pp-� -tt-�
<Row Tam d712 uṟu (uṟuv-, uṟṟ-) to pass in one's mind; think> uṟu �uṟuv-� uṟṟ-�
<Row Tam d712 uṟuttu (uṟutti-) to impress strongly upon the mind. <i>> uṟuttu �uṟutti-�
<Row Tam d712 hunning (hur-, hutt-) (MBE 1962, p. 62; <i>BDCG</i>, § 3.16 and n. 11). DED(S) 610> hunning �hur-� hutt-�
<Row Tam d713 uṟukku (uṟukki-) to jump, leap over> uṟukku �uṟukki-�
<Row Konda d713 uRk- to run away. <i>> u�k
<Row Kuwi d713 urk- (-it-) to dance> urk- �-it-�
<Row Tam d715 uṟu (uṟuv-, uṟṟ-) to suffer, gather experience> uṟu �uṟuv-� uṟṟ-�
<Row Tam d715 uṟuttu (uṟutti-) to cause smarting or irritation, press uncomfortably (as a rough or uneven surface on one lying or sitting down), cause pain of mind, rankle> uṟuttu �uṟutti-�
<Row Kui d715 jūga (jūgi-) to suffer, be afflicted; <i>n.</i> suffering, affliction> jūga �jūgi-�
<Row Tam d717 Hopea decandra; urappu-ppiciṉ an evergreen tree> �opea decandra� urappu-ppiciṉ
<Row Tam d718 uṟumu (uṟumi-) to growl, grunt, (thunder) rumbles, murmur angrily> uṟumu �uṟumi-�
<Row Tam d718 uṟumpu (uṟumpi-) to growl, grunt, (thunder) rumbles, murmur angrily> uṟumpu �uṟumpi-�
<Row Tam d718 urumu (urumi-) to thunder, roar, grumble, growl> urumu �urumi-�
<Row Tam d718 uṟukku (uṟukki-) to meance, threaten, address with harshness, severity, or anger; <i>n.</i> threatening> uṟukku �uṟukki-�
<Row Konda d718 uṟmi- (-t-) to thunder, roar> uṟmi- �-t-�
<Row Konda d718 oṟli- (-t-) to groan (as in illness, fever)> oṟli- �-t-�
<Row Kui d718 rūmba (rūmbi-) to roar; <i>n.</i> roar; ?> rūmba �rūmbi-�
<Row Kui d718 rūma (rūmi-) to roar; <i>n.</i> roar; ?> rūma �rūmi-�
<Row Kui d718 ṛunja (ṛunji-) to thunder, reverberate; <i>n.</i> sound of thunder. <i>> ṛunja �ṛunji-�
<Row Kolami d719 ruv- (ruvt-) to throw> ruv- �ruvt-�
<Row Kolami d719 rusi- (rusit-) id. (&lt;ruv-+si·-to give)> rusi- �rusit-�
<Row Konda d719 uṟmi- (-t-) to be flung at high speed (as a stone)> uṟmi- �-t-�
<Row Konda d719 uṟmis- (-t-) to fling, as a stone. DED(S, N) 617> uṟmis- �-t-�
<Row Tam d720 uṟai (-v-, -nt-) to thicken, curdle, coagulate, congeal, freeze; <i>n.</i> reserve of curds for curdling milk> uṟai �-v-� -nt-�
<Row Tam d721 uṟai (-pp-, -tt-) to become firm, steadfast, decided (as the mind)> uṟai �-pp-� -tt-�
<Row Kota d721 urv- (urd-) to sink into ground or hole of its own weight> urv- �urd-�
<Row Tam d722 uṟai (-pp-, -tt-) to be biting, pungent, sharp; <i>n.</i> pungency, corrosiveness> uṟai �-pp-� -tt-�
<Row Parji d724 udip- (udit-) to measure. <i>> udip- �udit-�
<Row salur d724 uyk- (uyt-) > uyk- �uyt-�
<Row pottangi d724 uyup- (uyut-) id. DED(S) 622> uyup- �uyut-�
<Row salur d724 uyup- (uyut-) id. DED(S) 622> uyup- �uyut-�
<Row Kolami d725 ud- (utt-) to sit> ud- �utt-�
<Row Kolami d725 udip- (udipt-) to make to sit> udip- �udipt-�
<Row Naikri d725 udd- (utt-) to sit> udd- �utt-�
<Row Naiki d725 ud- (utt-) to sit> ud- �utt-�
<Row Parji d725 untip- (untit-) to cause to sit. <i>> untip- �untit-�
<Row salur d725 uṇ- (uṇḍ-) to sit> uṇ- �uṇḍ-�
<Row Tam d727 uṉṉu (uṉṉi-) to think, consider, have words on the tip of one's tongue> uṉṉu �uṉṉi-�
<Row Tam d727 uṉṉi (-pp-, -tt-) to meditate, contemplate; <i>n.</i> that which is fit to be meditated upon> uṉṉi �-pp-� -tt-�
<Row Kota d727 uny- (unc-) to think> uny- �unc-�
<Row Kota d727 unypga·rn thinker> unypga�rn
<Row Toda d727 uny- (unc-) to think> uny- �unc-�
<Row Brah d727 hunning (hur-, hutt-) to look, look at, look for, wait for, consider (MBE 1962, p. 62; <i>BDCG</i>, § 3.16 and n. 11)> hunning �hur-� hutt-�
<Row Kota d728 u· gums> u�
<Row Kui d728 ūju (pl. ūnga) flesh, meat, fleshy part of fruit. <i>> ūju �pl� ūnga�
<Row Kuwi d728 ūyū (pl. ūnga )> ūyū �pl� ūnga
<Row sunkar d728 ūyu (pl. ūŋga) meat, flesh. ?> ūyu �pl� ūŋga�
<Row bisam d728 ūyu (pl. ūŋga) meat, flesh. ?> ūyu �pl� ūŋga�
<Row Tam d729 ūkku (ūkki-) to make an effort, act with energy; <i>n.</i> zeal, spirit> ūkku �ūkki-�
<Row Kurux d730 ūxta'ānā to detain one till it is night, wait for the night to come> ūxta�ānā
<Row Tam d731 ūṅku (ūṅki-) to swing> ūŋku �ūŋki-�
<Row Tam d731 ūkku (ūkki-) to swing (<i>tr.</i>), shake> ūkku �ūkki-�
<Row Tam d731 uyal (uyalv-, uyaṉṟ-) to wave, shake> uyal �uyalv-� uyaṉṟ-�
<Row Kolami d731 u·se a cradle> u�se
<Row Parji d731 ūcip- (ūcit-) id. (<i>tr.</i>)> ūcip- �ūcit-�
<Row Parji d731 ūcal (pl. ūcacil) a swing, cradle> ūcal �pl� ūcacil�
<Row Parji d731 ūkip- (ūkit-) to cause to hang or swing. <i>> ūkip- �ūkit-�
<Row salur d731 ūyŋ- (ūyuŋ-) to swing. <i>> ūyŋ- �ūyuŋ-�
<Row Parji d734 caus. ulcip- (ulcit-) > caus� ulcip- �ulcit-�
<Row Kui d734 ūja (ūji-) to assemble, congregate, come together; <i>n.</i> act of assembling> ūja �ūji-�
<Row Kui d734 ūspa (ūst-) to gather, collect, accumulate, garner; <i>n.</i> act of gathering, collecting> ūspa �ūst-�
<Row Kota d736 u·nj- (u·nj-) to move along by jerks, (child) moves over ground on bottom by jerking along> u�nj- �u�nj-�
<Row Konda d736 ūz- (-it-) to crawl or creep (child, ants, snake, etc.)> ūz- �-it-�
<Row Kuwi d736 ūs- (-it-) to slide, roll> ūs- �-it-�
<Row Kota d737 u·ṛ central parting of hair. DED 633> u�ṛ
<Row Telugu d739 A. decapetalum </i> DED 635> �� decapetalum
<Row Tam d741 ūtu (ūti-) to blow (as a wind instrument, a fire), blow out (as a lamp), blow or breathe upon to allay pain, refine with fire (as gold); be inflated, swell (as the stomach after eating), blow with bellows or blow-pipe; <i>n.</i> trumpet (esp. toy trumpet), musical pipe> ūtu �ūti-�
<Row Tam d741 uti (-pp-, -tt-) to swell, increase in size (or with <i>DBIA</i> 44)> uti �-pp-� -tt-�
<Row Kota d741 u·d- (u·yd-) to become swollen, bloated> u�d- �u�yd-�
<Row Telugu d741 ū̃ḋa swelling of any part of the body, esp. the belly> ū̃�a
<Row Naiki d741 ūnd- (ūnt-) id> ūnd- �ūnt-�
<Row Konda d741 ūk- (-t-) to blow or play (on a pipe, flute, etc.), blow air through the mouth> ūk- �-t-�
<Row Manda d741 ūk- (-t-) to kindle fire by blowing> ūk- �-t-�
<Row sunkar d741 ūk- (-it-) to blow> ūk- �-it-�
<Row Tam d742 ūtu (ūti-) to gnaw through and bore holes (as a beetle or moth)> ūtu �ūti-�
<Row Konda d743 ūd- (-it-) to become wet, be soaked> ūd- �-it-�
<Row Konda d743 ūt- (-t-) to wet, soak> ūt- �-t-�
<Row Pengo d743 ūd- (ūtt-) to become wet> ūd- �ūtt-�
<Row Pengo d743 caus. ūdi ki-; ūt- (-t-) to urinate> caus� ūdi ki-� ūt- �-t-�
<Row Kuwi d743 ūth'nai to wet> ūtʰ�nai
<Row sunkar d743 ūd- (-it-) to become wet, damp> ūd- �-it-�
<Row Kuwi d743 ūt- (-h-) to make wet, damp> ūt- �-h-�
<Row Tam d746 fem. ūmacci dumbness, dumb person> fem� ūmacci
<Row Tam d746 ūmaicci; ūmai dumbness, dumb person> ūmaicci� ūmai
<Row Konda d748 īm- (-it-) to fly, as a bird (Sova dial.)> īm- �-it-�
<Row Pengo d748 ūm- (-t-) to fly, swim> ūm- �-t-�
<Row Pengo d748 ūp- (-t-) to cause to fly. <i>> ūp- �-t-�
<Row sunkar d748 ūmb- (-it-) to fly> ūmb- �-it-�
<Row Tam d749 ūr (-v-, -nt-) to move slowly, creep (as an infant), crawl (as a snake), circulate (as blood), extend over a surface (as spots on the skin), flow (as juice from the sugar-cane); (-pp-, -tt-) to suck> ūr �-v-� -nt-�
<Row Mal d749 ūruka (ūrnn-) to creep (as snake); (ūri-) to glide down, slip, crawl> ūruka �ūrnn-�
<Row Konda d749 ūṟ- (-it-) to crawl on knees, as infants> ūṟ- �-it-�
<Row Tam d750 ūr (-v-, -nt-) to be unloosed, relaxed> ūr �-v-� -nt-�
<Row Kota d751 irp- (irpy-) to blow through (tube, wind instrument)> irp- �irpy-�
<Row Toda d751 ürp- (ürpy-) to play (flute)> yrp- �yrpy-�
<Row Kodagu d751 urïp- (urïpi-) to play (flute)> urɨp- �urɨpi-�
<Row muria d751 ur- (? ūr-) to blow with mouth, play on flute, kindle fire by blowing, exorcize> ur- �� ūr-�
<Row Kota d752 u·r village> u�r
<Row Toda d752 u·r village of Tamils or Badagas> u�r
<Row Kodagu d752 u·rï village> u�rɨ
<Row Tulu d752 u·r (pl. u·ḍl) village> u�r �pl� u�ḍl�
<Row Naikri d752 ūr (pl. ūḍḷ) village> ūr �pl� ūḍḷ�
<Row Parji d754 ūluvi (pl. ūluvul, ūlukul) plantain. <i>> ūluvi �pl� ūluvul� ūlukul�
<Row Tam d756 ūr̤ (-pp-, -tt-) to decay (as flesh, fruits), become putrid, be spoiled, rot, stink> ūṛ̆ �-pp-� -tt-�
<Row Tam d756 ūr̤ali (-pp-, -tt-) to become spoiled, decayed (as meat, fruits)> ūṛ̆ali �-pp-� -tt-�
<Row Tam d756 ūcu (ūci-) to decay, become rotten, become stale> ūcu �ūci-�
<Row Tam d756 ūy (-v-, -nt-) to be overripe, decay> ūy �-v-� -nt-�
<Row Tam d756 ur̤u (-pp-, -tt-) to decay, rot, putrefy> uṛ̆u �-pp-� -tt-�
<Row Gondi d757 tr. oṛih- > tr� oṛih
<Row Konda d757 uṛzi- (-t-) to peel off (skin, etc.)> uṛzi- �-t-�
<Row Konda d757 ūṛ- (-it-) to be peeled off (skin, flesh), come off (as a garment loosely put on)> ūṛ- �-it-�
<Row Kui d757 ṛuha (ṛuhi-) to lose the skin by peeling> ṛuha �ṛuhi-�
<Row Kui d757 ṛuhpa (ṛuht-) to take the skin off by burning. <i>> ṛuhpa �ṛuht-�
<Row Kuwi d757 ṛūc- (-it-) to strip off (fibres from bark, etc.)> ṛūc- �-it-�
<Row Kurux d757 oṛᵒknā (uṛᵘkyas) to strip a tree of its bark> oṛᵒknā �uṛᵘkyas�
<Row Gondi d757 tr. oṛih- > tr� oṛih
<Row Konda d757 uṛzi- (-t-) to peel off (skin, etc.)> uṛzi- �-t-�
<Row Konda d757 ūṛ- (-it-) to be peeled off (skin, flesh), come off (as a garment loosely put on)> ūṛ- �-it-�
<Row Kui d757 ṛuha (ṛuhi-) to lose the skin by peeling> ṛuha �ṛuhi-�
<Row Kui d757 ṛuhpa (ṛuht-) to take the skin off by burning. <i>> ṛuhpa �ṛuht-�
<Row Kuwi d757 ṛūc- (-it-) to strip off (fibres from bark, etc.)> ṛūc- �-it-�
<Row Kurux d757 oṛᵒknā (uṛᵘkyas) to strip a tree of its bark> oṛᵒknā �uṛᵘkyas�
<Row Pengo d757 uk- (-t-) to strip off (bark)> uk- �-t-�
<Row Kui d757 ūga (ūgi-) to be stripped off, split off, skinned> ūga �ūgi-�
<Row sunkar d757 huk- (-h-) to take off (clothes), flay (tōlu huk-)> huk- �-h-�
<Row Kuwi d757 huk'nai to extricate> huk�nai
<Row Kuwi d757 hukk'nai to undress, loose> hukk�nai
<Row Kuwi d757 tōlu hukk'nai to skin> tōlu hukk�nai
<Row Kuwi d757 huṅg- (-it-) to become loose> huŋg- �-it-�
<Row Kuwi d757 huk- (-h-) to untie, loosen. DED(S, N) 636> huk- �-h-�
<Row Telugu d758 fem. ūḍigapudi; ūḍigapu relating to a servant or slave> fem� ūḍigapudi� ūḍigapu
<Row Tam d760 uḷampu (uḷampi-) to make a noise, howl (like a jackal)> uḷampu �uḷampi-�
<Row Tam d760 uḷaṟu (uḷaṟi-) to roar, shout, clamour without sense> uḷaṟu �uḷaṟi-�
<Row Tam d760 uḷai (-v-, -nt-) to howl (as a jackal); (-pp-, -tt-) to sound, roar, howl (as a jackal), give forth a sound, call, invite; <i>n.</i> sound, high tone of voice, weeping> uḷai �-v-� -nt-�
<Row Mal d760 o·ḷ a·ṛ- (a·c-) (jackal) howls> o�ḷ a�ṛ
<Row Mal d760 o·ḷa·ṛ (<i>obl.</i>o·ḷa·ṭ-) the howl of a jackal. Ka> o�ḷa�ṛ
<Row Mal d760 ūḷ (ūḷd-) to call near from a distance, cry out, howl> ūḷ �ūḷd-�
<Row Mal d760 ūḷu (ūḷi-) to call near from a distance, cry out, howl> ūḷu �ūḷi-�
<Row Tam d761 ūṟu (ūṟi-) to spring, flow (as water in a well), issue, ooze, percolate, soak, be steeped, gather (as milk in the breast, toddy in palm flowers), water (as the mouth)> ūṟu �ūṟi-�
<Row Tam d761 ūṟṟu (ūṟṟi-) to pour out, cause to flow, spill, pour out, cast away as useless, empty or clear (as a vessel of its contents), extract (as oil from castor seeds by boiling them); <i>n.</i> flowing, gushing forth (blood from an artery, milk from the udder, pouring of rut from a must elephant), spring, fountain, moisture oozing from the ground; ?> ūṟṟu �ūṟṟi-�
<Row Tam d761 uṟai (-pp-, -tt-) to drop (as rain), form (as dew); <i>n.</i> leaking, drop of water, rain> uṟai �-pp-� -tt-�
<Row Tam d761 uvaṟu (uvaṟi-) to spring up, well up> uvaṟu �uvaṟi-�
<Row Tam d761 uvaṟṟu (uvaṟṟi-) to cause to swell up; to flow> uvaṟṟu �uvaṟṟi-�
<Row Toda d761 u·ṟ- (u·ṟy-) to spring forth, be filtered, ooze> u�ṟ- �u�ṟy-�
<Row Toda d761 u·ṯ- (u·ṯy-) to drain, filter> u�ṯ- �u�ṯy-�
<Row Kodagu d761 utt- (utti-) to ooze> utt- �utti-�
<Row Kolami d761 u·r- (u·rt-) (house) leaks> u�r- �u�rt-�
<Row Kui d761 urpa (urt-) to ooze, spring up, sweat; <i>n.</i> state of sweating. <i>> urpa �urt-�
<Row Tam d763 ūṉṟu (ūṉṟi-) to be fixed, strike root; fix, plant, set firmly in the ground (as a post), lean upon (as a staff, a person), support, press down, bear down with pressure, drive in (as a spear); <i>n.</i> prop, support> ūṉṟu �ūṉṟi-�
<Row Kota d763 u·v- (u·d-) to sink into ground of its own weight> u�v- �u�d-�
<Row Kota d763 u·d- (u·yd-) to sink into ground of its own weight> u�d- �u�yd-�
<Row Kota d763 u·t- (u·yt-) to fix into ground by pressure> u�t- �u�yt-�
<Row Kota d763 u·ṇḍ- (u·ṇḍy-) to transplant> u�ṇḍ- �u�ṇḍy-�
<Row Kota d763 u·ṇ- (u·ṇy-) to transplant> u�ṇ- �u�ṇy-�
<Row Toda d763 u·ṟ- (u·ṟy-) to stick in ground (a stick, etc.); (hole, path, abandoned site) closes up, grows over> u�ṟ- �u�ṟy-�
<Row Toda d763 u·ṟy growth on an abandoned place> u�ṟy
<Row Toda d763 u·n e·r the plough that they stick in the ground (in song; &lt; Badaga; fore·r, see 2815 Ta.ēr)> u�n e�r
<Row Kodagu d763 u·r- (u·ri-) to thrust end of stick to ground while walking> u�r- �u�ri-�
<Row Parji d763 untip- (untit-) to plant. <i>> untip- �untit-�
<Row Gadaba d763 unḍup- (unḍut-) to transplant> unḍup- �unḍut-�
<Row Konda d763 uṇs- (-t-) to plant, transplant, fix (a post) in the earth> uṇs- �-t-�
<Row Konda d763 ūṟ- (-it-) to rest on a support> ūṟ- �-it-�
<Row Pengo d763 ruz- (rust-) to plant> ruz- �rust-�
<Row Kui d763 uha (uhi-) to plant, transplant; <i>n.</i> planting> uha �uhi-�
<Row Kui d763 usa (usi-) to set a post into the ground, kneel> usa �usi-�
<Row Kui d763 uta (uti-) to kneel. <i>> uta �uti-�
<Row Kurux d763 uddᵘrnā (uddras) to lean upon a walking-stick> uddᵘrnā �uddras�
<Row Kurux d763 udᵘrnā (udras) to lean upon a walking-stick> udᵘrnā �udras�
<Row Malto d763 údure (udurya) to lean upon> údure �udurya�
<Row Pengo d764 pl. evar; edaŋ that (<i>nt.</i>)> pl� evar� edaŋ
<Row Pengo d764 pl. èvaŋ; edel that (<i>fem.</i>), that woman, she> pl� ɛvaŋ� edel
<Row Pengo d764 pl. evek; eneŋ in that way, so> pl� evek� eneŋ
<Row Manda d764 pl. evar; edel she, that woman> pl� evar� edel
<Row Kuwi d764 iccai) > iccai�
<Row Brah d764 pl. ēfk; ēhun in that manner; <i>adj.</i> that sort of> pl� ēfk� ēhun
<Row Tam d765 eḵku (eḵki-) to pull with fingers (as cotton), search for (as true meaning of a passage), scrutinize> eḵku �eḵki-�
<Row Kota d765 ek- (eky-) to scratch (oneself, an itching limb)> ek- �eky-�
<Row Toda d765 ök- (öky-) to scratch oneself> øk- �øky-�
<Row Pengo d765 ec- (-c-) to card cotton; intens. ecka- > ec- �-c-� to card cotton� intens� ecka
<Row Kui d765 ēspa (ēst-) to unravel. DED(S, N) 652> ēspa �ēst-�
<Row Tam d766 eḵku (eḵki-) to reach up, stretch oneself in reaching for a thing; climb, mount, get up> eḵku �eḵki-�
<Row Tam d766 ekku (ekki-) to rise, go up; stand on tiptoe> ekku �ekki-�
<Row Kuwi d766 ekh'nai to heighten, promote, overburden> ekʰ�nai
<Row Kota d769 ekm (obl. ekt-) counting, taking account of something> ekm �obl� ekt-�
<Row Kota d769 ekaṭ- (ekac-) to count (kaṭ-to tie)> ekaṭ- �ekac-�
<Row Kota d769 eku·ṭ- (eku·c-) to count (ku·ṭ-to make to join, gather)> eku�ṭ- �eku�c-�
<Row Kota d769 ekmu·ṛ- (ekmu·c-) to count> ekmu�ṛ- �ekmu�c-�
<Row Toda d769 ökm (obl. ökt-) arithmetic, account, figures> økm �obl� økt-�
<Row Tam d770 ekku (ekki-) to be heaped up (as sand on the shore)> ekku �ekki-�
<Row havyaka d772 ekku (usura ekku) to breathe as a child after crying loudly> ekku �usura ekku�
<Row gowda d772 ekkiḍikE hiccough> ekkiḍik�
<Row betul d772 aṭkī (pl. -hk) id. (<i>Voc.</i> 330)> aṭkī �pl� -hk�
<Row Tam d774 ekku (ekki-) to contract the abdominal muscles, as beggars do to show hunger, as persons while dressing round the waist, as a cow in refusing to give milk> ekku �ekki-�
<Row Toda d774 pi·ṟ eg- (egy-) to contract the stomach (pi·ṟstomach)> pi�ṟ eg- �egy-�
<Row Telugu d777 ) > �
<Row Kota d779 ec- (ec-) to pick (berries, fruit)> ec- �ec-�
<Row Konda d779 es- (-t-) to play on ṭoyla or any stringed instrument> es- �-t-�
<Row Pengo d779 ec- (-c-) to pluck> ec- �-c-�
<Row Kui d779 espa (est-) > espa �est-�
<Row Kui d779 es- (-t-) id.; [W. has> es- �-t-�
<Row sunkar d779 eh- (est-) > eh- �est-�
<Row Tam d780 eñcu (eñci-) to remain, be left behind, survive, lack, be deficient, be spoiled, marred, transgress> eñcu �eñci-�
<Row Tam d780 eñcali (-pp-, -tt-) to bring discredit upon, cause degradation, cause discomfiture> eñcali �-pp-� -tt-�
<Row halakki d780 nEñjəla spittle, food or drink which has come in contact with the mouth and is regarded as impure> n�ñjəla
<Row Konda d780 enz- (-it-) to remain, be left over> enz- �-it-�
<Row Konda d780 es- (-t-) to leave or save (food, etc.) for others, let something remain, leave over> es- �-t-�
<Row Pengo d780 eŋ- (eŋt-) to be left over> eŋ- �eŋt-�
<Row Pengo d780 eŋg- (eŋt-) to be left over> eŋg- �eŋt-�
<Row Pengo d780 ek- (-t-) to leave over> ek- �-t-�
<Row Kurux d780 caus. eŋgrta'ānā; eŋgrkā what remains over and above, excess, surplus, remainder> caus� eŋgrta�ānā� eŋgrkā
<Row Tam d783 eṭṭu (eṭṭi-) to reach up to, come within reach, approach, be attained, be within mental grasp, be so shallow as not to submerge one, be sufficient so as to reach, go out of reach> eṭṭu �eṭṭi-�
<Row Kota d783 eṭ- (eṭy-) to be sufficient, be a match for> eṭ- �eṭy-�
<Row Kota d783 eṭe·r- (eṭe·ry-) to reach, be sufficient> eṭe�r- �eṭe�ry-�
<Row Toda d784 pu·ṭ eighteen> pu�ṭ
<Row Kodagu d784 ëṭ-ṇu·rï 800> əṭ-ṇu�rɨ
<Row Kurux d785 eṭnā (eṭṭas) to tear to pieces, lacerate> eṭnā �eṭṭas�
<Row Kurux d785 refl.-pass. eṭrnā > refl�-pass� eṭrnā
<Row Kolami d786 iḍḍ- (iṭt-) to tell, show> iḍḍ- �iṭt-�
<Row Kurux d786 eṛnā (eḍḍas) to call, summon, invite or command to come or assemble, rouse from sleep> eṛnā �eḍḍas�
<Row Kurux d790 eṛbnā (iṛbyas) to cut the throat of, slaughter, sacrifice> eṛbnā �iṛbyas�
<Row Kota d791 eṛc- (eṛc-) to think and say ill of one, shame, laugh to shame> eṛc- �eṛc-�
<Row Kannada d792 fem. eḍḍati stupidity> fem� eḍḍati
<Row Kannada d792 heḍḍati; eḍḍatana stupidity> heḍḍati� eḍḍatana
<Row Kannada d792 fem. eḍati > fem� eḍati
<Row Tulu d792 fem. heḍḍi; eḍavaṭṭů dull, stupid> fem� heḍḍi� eḍavaṭṭɯ
<Row Tam d793 eṇṇu (eṇṇi-) to think, consider, determine, esteem, conjecture, count, reckon, compute, set a price upon> eṇṇu �eṇṇi-�
<Row Toda d793 öṇ- (öṇy-) to count> øṇ- �øṇy-�
<Row Toda d793 öṇm (obl. öṇt-) counting, numbers> øṇm �obl� øṇt-�
<Row Kodagu d793 ëṇṇ- (ëṇṇi-) to say, tell> əṇṇ- �əṇṇi-�
<Row Toda d795 öQïr openly, (to lie) on one's back> ø�ɨr
<Row Kota d796 et- (eyt-) to take (by picking up and carrying), take off (cloak), raise (as legs to the sky when one is knocked down), join (hands in salutation), open (eyes in amazement), build (house)> et- �eyt-�
<Row Kolami d796 et- (ett-) to lift up> et- �ett-�
<Row Kolami d796 etip- (etit-) id. <i>> etip- �etit-�
<Row Konda d796 et- (-t-) to carry child on waist, take child into lap> et- �-t-�
<Row Pengo d796 et- (-t-) to take child on hip> et- �-t-�
<Row Kui d796 eta (eti-) to carry a child on the hip supported by a cloth wound around it> eta �eti-�
<Row Kui d796 pl. action etka (etki-) <i>> pl� action etka �etki-�
<Row sunkar d796 et- (-it-) to carry child on hip. ?> et- �-it-�
<Row Tam d797 ettu (etti-) to inveigle, lure, cheat, defraud; <i>n.</i> inveigling, cheating> ettu �etti-�
<Row Kurux d798 ettnā (ittyas) to come or go downward, descend, alight, run or flow down, cross (a river), be dispirited> ettnā �ittyas�
<Row Kurux d798 etta'ānā to cause to descend, beat down (price), take down or off, let down> etta�ānā
<Row Toda d799 öQwïł̣y place with good view. DED 685> ø�vɨł̣y
<Row Konda d800 ṟīnz- (-it-) to fan, wave> ṟīnz- �-it-�
<Row Konda d800 caus. ṟīnzpis- (K.'s correction forrīnz-, etc.;*eṟiñc-&gt;*ṟī̆nj-)> caus� ṟīnzpis
<Row Pengo d800 jinj- (jinc-) to fan> jinj- �jinc-�
<Row Kui d800 jīnja (jīnji-) to blow, fan; <i>n.</i> act of blowing, fanning> jīnja �jīnji-�
<Row sunkar d800 jinj- (-it-) to fan, wave, shake> jinj- �-it-�
<Row Kurux d801 endxa'ānā to remove the outer envelope from a fruit, clean and trim vegetables. ?> endxa�ānā
<Row Parji d802 enderp- (endert-) to bring. <i>> enderp- �endert-�
<Row Kannada d803 fem. ebaḍi > fem� ebaḍi
<Row Tam d805 ey (-v-, -t-) to discharge arrows; <i>n.</i> arrow> ey �-v-� -t-�
<Row Tam d805 ēvu (ēvi-) to hurl, discharge (as an arrow), throw (as a dart); <i>n.</i> arrow> ēvu �ēvi-�
<Row Tam d805 evvu (evvi-) to discharge (as a missile or arrow)> evvu �evvi-�
<Row Tam d805 ēcu (ēci-) to hurl, dart> ēcu �ēci-�
<Row Kota d805 ey- (ec-) to shoot> ey- �ec-�
<Row Kota d805 iy- (ic-) to shoot> iy- �ic-�
<Row Kota d805 icv- (ict-) to shoot> icv- �ict-�
<Row Kota d805 ic- (ic-) to shoot> ic- �ic-�
<Row Toda d805 ef- (et-) to shoot (arrow)> ef- �et-�
<Row Kannada d805 isu (ecc-) to shoot (as an arrow), throw> isu �ecc-�
<Row Parji d805 ey- (eñ-) to shoot (arrow). <i>> ey- �eñ-�
<Row Malto d805 iṉhe (inj-) to pelt, stone> iṉhe �inj-�
<Row Tam d806 ey (-pp-, -tt-) to know, understand> ey �-pp-� -tt-�
<Row Toda d806 ïy- (ïs-) to know how to. <i>> ɨy- �ɨs-�
<Row pottangi d806 etap- (etat-) to think> etap- �etat-�
<Row Konda d806 nes- (-t-) to know, be capable of. DED(S) 692> nes- �-t-�
<Row Tam d807 ey (-pp-, -tt-) to grow weary, fail in strength, flag as from want of food; exert oneself> ey �-pp-� -tt-�
<Row Tam d809 eytu (eyti-) to approach, reach, obtain, be suitable> eytu �eyti-�
<Row Toda d809 ïc- (ïč-) to reach, be sufficient> ɨc- �ɨč-�
<Row Toda d809 ic- (ič-) id. (said to be &lt; Badaga)> ic- �ič-�
<Row Kodagu d809 ett- (etti-) to arrive> ett- �etti-�
<Row Tulu d809 deliver; (B-K.) ettů to reach. <i>> deliver� ��-��� ettɯ
<Row Kolami d809 end- (ent-) to arrive> end- �ent-�
<Row Parji d809 epip- (epit-) > epip- �epit-�
<Row Parji d809 eypip- (eypit-) to reach. <i>> eypip- �eypit-�
<Row Konda d809 ī- (-t-) to arrive> ī- �-t-�
<Row Kui d809 epa (et-) to arrive, reach, overtake, be sufficient> epa �et-�
<Row Kui d809 eppa (ept-) to cause to reach, cause to arrive at, cause to suffice. <i>> eppa �ept-�
<Row Kuwi d809 ep- (-it-) to cause to reach> ep- �-it-�
<Row sunkar d809 e- (-t-) > e- �-t-�
<Row Kuwi d809 ne- (-t-) to arrive> ne- �-t-�
<Row Tam d811 eri (-v-, -nt-) to burn, blaze, shine, (sore or fever) burns, suffer a painful emotion; (-pp-, -tt-) to burn, consume by fire, scorch in flame; <i>n.</i> fire, flame, brightness> eri �-v-� -nt-�
<Row Kota d811 erv- (erd-) to shine brightly (anything except sun)> erv- �erd-�
<Row Toda d811 er- (erQ-) to be very bright> er- �er�-�
<Row Toda d811 e·f fever> e�f
<Row Kodagu d811 eri- (erip-, eric-) (mouth) has burning or astringent sensation> eri- �erip-� eric-�
<Row Tulu d811 caus. eriyāvuni; eri the glare or heat of fire> caus� eriyāvuni� eri
<Row Kolami d811 erk- (erekt-) to light (fire)> erk- �erekt-�
<Row Parji d811 erip- (erit-) to burn the mouth. <i>> erip- �erit-�
<Row Konda d811 er- (-t-) to kindle fire, light, burn> er- �-t-�
<Row Kui d811 ērpa (ērt-) to light, ignite, set fire to; <i>n.</i> ignition, lighting> ērpa �ērt-�
<Row Kui d811 rīva (rīt-) (fire) burns. <i>> rīva �rīt-�
<Row Kuwi d811 er- (-t-) to light, ignite, kindle> er- �-t-�
<Row Irula d812 ra·yi > ra�yi
<Row Tam d813 eruku (eruki-) to have loose motions (said of cattle)> eruku �eruki-�
<Row Kolami d813 erŋg- (ereŋkt-) to defecate> erŋg- �ereŋkt-�
<Row Kurux d813 erxnā (irxyas) (small children, animals) have a motion, (adults) have diarrhoea> erxnā �irxyas�
<Row Mal d814 C. gigantea </i> R. Br> �� gigantea
<Row Tulu d814 C. gigantea </i>> �� gigantea
<Row OIA d814 arka- C. gigantea DED 697> arka- �� gigantea
<Row Telugu d815 eddu (pl. eḍlu) ox, bullock, bull> eddu �pl� eḍlu�
<Row Kolami d815 eḍ (pl. eḍl) bullock> eḍ �pl� eḍl�
<Row Naikri d815 heḍḍ (pl. heḍḷ) id> heḍḍ �pl� heḍḷ�
<Row Kolami d817 resn a·te wild dog (i.e.*res na·te; see 3650)> resn a�te
<Row Kolami d823 er- (e-, a-; edd-) to become, happen, (story) is finished> er- �e-� a-� edd-�
<Row Naiki d823 en- (ed- to be> en- �ed
<Row Naiki d823 edd-) to be> edd-�
<Row Parji d823 er- (eñ-) to become, happen, be. <i>> er- �eñ-�
<Row Gadaba d823 er- (ed-, en-) to be, become, happen, be born> er- �ed-� en-�
<Row salur d823 ēr- (edd-, enn-) to become> ēr- �edd-� enn-�
<Row Tam d824 erukku (erukki-) to cut, hew, strike (as a bush), beat (as a drum), kill, destroy> erukku �erukki-�
<Row Gondi d824 erkem (pl. erke) billhook (<i>Voc.</i> 349)> erkem �pl� erke�
<Row Kui d824 erga (ergi-) to make a clearing, clear jungle or thick grass or scrub; <i>n.</i> act of clearing a jungle. <i>> erga �ergi-�
<Row Kuwi d824 erg- (-it-) to cut, slash. ?> erg- �-it-�
<Row Kota d827 ed ma·r chest of body (ma·rid.)> ed ma�r
<Row Toda d827 eQy courage> e�y
<Row Konda d827 eduṟam (pl. -ku) chest. DED(S) 683> eduṟam �pl� -ku�
<Row Kurux d828 errnā (irryas) to sweep> errnā �irryas�
<Row Kurux d828 errta'ānā to make sweep> errta�ānā
<Row Tam d829 ilaku (ilaki-) to shine, glisten, glitter> ilaku �ilaki-�
<Row Tam d829 ilaṅku (ilaṅki-) to shine, glisten, glitter> ilaŋku �ilaŋki-�
<Row Kui d831 fem. ēla gaṭari DED(S) 709> fem� ēla gaṭari
<Row Naiki d833 elli (pl. -g) id> elli �pl� -g�
<Row Parji d833 el (pl. elkul) id. <i>> el �pl� elkul�
<Row betul d833 allī (pl. alk) id., (Tr. also) mouse> allī �pl� alk�
<Row mandla d833 allī (pl. alk) id., (Tr. also) mouse> allī �pl� alk�
<Row Parji d837 elub (pl. elbul) white ant. <i>> elub �pl� elbul�
<Row Gadaba d837 elub (pl. elbul) > elub �pl� elbul�
<Row salur d837 ellūb (pl. elbūl) > ellūb �pl� elbūl�
<Row salur d837 elb (elub) id. <i>> elb �elub�
<Row Parji d842 oli- (&lt; *olg-) id. DED 716> oli- ��lt� �olg-�
<Row Parji d843 elkip- (elkit-) id. <i>> elkip- �elkit-�
<Row pottangi d843 eliŋp- (eliŋt-) to peel off <i>> eliŋp- �eliŋt-�
<Row Toda d844 elm (acc. elnm, dat. eltkm) all (only in songs:noun + o·s + elm)> elm �acc� elnm� dat� eltkm�
<Row Kodagu d844 ella· all> ella�
<Row Tulu d844 -la (? -lā) = additive particle> la �� -lā�
<Row Tulu d844 *-um (in all usages; MBE 1974a, pp. 107-8)> �-um
<Row Kuwi d844 ele'e whole. DED(S, N) 718> ele�e
<Row Tam d851 er̤u (-v-, -nt-) to rise (as from seat or bed), ascend (as heavenly body), rise by one's own power (as a bird), appear, originate, be excited, aroused, increase, swell, grow (as a tree, breasts), return to life, awake, spread (as fame, rumour), begin, commence> eṛ̆u �-v-� -nt-�
<Row Tam d851 er̤uppu (er̤uppi-) to cause or help to rise, erect (a building), awake, rouse, restore to life, excite, stimulate, instigate, agitate, inflame (as the passions), raise (as the voice in speaking or singing); <i>n.</i> rousing, waking> eṛ̆uppu �eṛ̆uppi-�
<Row Tam d851 er̤umpu (er̤umpi-) = er̤u; empu (empi-) to rise, spring up> eṛ̆umpu �eṛ̆umpi-� � eṛ̆u� empu �empi-�
<Row Tam d851 er̤uvu (er̤uvi-) to cause to rise> eṛ̆uvu �eṛ̆uvi-�
<Row Tam d851 evvu (evvi-) to rise> evvu �evvi-�
<Row Tam d851 eṭu (-pp-, -tt-) to take up, raise, bear, carry, hold up, weigh in a balance, undertake, utter or sing in a loud voice, speak highly of, choose, build (as a wall), remove; be inflated (as a monkey's cheeks), be high (as the forehead), be prominent (as nose or ear)> eṭu �-pp-� -tt-�
<Row Tam d851 eṭuppu (eṭuppi-) to awake, produce (as harmonious sounds from an instrument), dispel, drive away> eṭuppu �eṭuppi-�
<Row Mal d851 er̤umpuka = er̤uka; eṭukka to raise, lift, take up, build, undertake, choose; become raised, visible, prominent> eṛ̆umpuka � eṛ̆uka� eṭukka
<Row Kota d851 eṛv- (eṛd-) (smoke) rises up, spring up from position> eṛv- �eṛd-�
<Row Kota d851 fly; (eṛt-) to make to spring up from position> fly� �eṛt-�
<Row Toda d851 öḍ- (öḍQ-) to be high or raised, rise, get up (from sitting or lying), (tree) grows, (peacock) dances> øḍ- �øḍ�-�
<Row Toda d851 öoQ where (mud) has not risen in water (=öḍo<at>Q</at>; &lt; Badaga)> øo�
<Row Toda d851 öṛf- (öṛt-) to carry, place (corpse) on fire, arouse from sleep, give (girl) in marriage, bring to life> øṛf- �øṛt-�
<Row Toda d851 öṛt- (öṛty-) to arouse from sleep, rouse, resurrect> øṛt- �øṛty-�
<Row Kannada d851 ēr̤ (er̤d-) to stand up, rise, awake, spring up, be produced, be obtained> ēṛ̆ �eṛ̆d-�
<Row Kannada d851 ēr̤u (edd-) to stand up, rise, awake, spring up, be produced, be obtained> ēṛ̆u �edd-�
<Row Kodagu d851 ë·ḷ- (ë·v, ëdd-) to get up> ə�ḷ- �ə�v� ədd-�
<Row Kodagu d851 ëḍï- (ëḍïp-, ëḍït-) to raise> əḍɨ- �əḍɨp-� əḍɨt-�
<Row Kodagu d851 ëpp- (ëppi-) to raise up, make to get up> əpp- �əppi-�
<Row Tulu d851 ēñc̣ů ladder. <i>> ēñc�ɯ
<Row Gondi d851 (Voc </i> 1563)> ��oc
<Row Kui d851 ḍēnja (ḍēnji-) to be raised, uplifted, weighed; <i>n.</i> an uplift> ḍēnja �ḍēnji-�
<Row Kui d851 pl. action ḍēska (ḍēski-); ḍēspa (ḍēst-) to raise, lift, uplift, rear, build, praise, flatter, weigh; <i>n.</i> act of raising, erection, flattery, weighing> pl� action ḍēska �ḍēski-�� ḍēspa �ḍēst-�
<Row Kui d851 ḍehka (ḍehki-) to carry on the shoulders; <i>n.</i> act of carrying, etc> ḍehka �ḍehki-�
<Row Kuwi d851 dēki'nai > dēki�nai
<Row Kuwi d851 ḍēk- (-it-) to carry> ḍēk- �-it-�
<Row Tam d851 er̤u (-v-, -nt-) to rise (as from seat or bed), ascend (as heavenly body), rise by one's own power (as a bird), appear, originate, be excited, aroused, increase, swell, grow (as a tree, breasts), return to life, awake, spread (as fame, rumour), begin, commence> eṛ̆u �-v-� -nt-�
<Row Tam d851 er̤uppu (er̤uppi-) to cause or help to rise, erect (a building), awake, rouse, restore to life, excite, stimulate, instigate, agitate, inflame (as the passions), raise (as the voice in speaking or singing); <i>n.</i> rousing, waking> eṛ̆uppu �eṛ̆uppi-�
<Row Tam d851 er̤umpu (er̤umpi-) = er̤u; empu (empi-) to rise, spring up> eṛ̆umpu �eṛ̆umpi-� � eṛ̆u� empu �empi-�
<Row Tam d851 er̤uvu (er̤uvi-) to cause to rise> eṛ̆uvu �eṛ̆uvi-�
<Row Tam d851 evvu (evvi-) to rise> evvu �evvi-�
<Row Tam d851 eṭu (-pp-, -tt-) to take up, raise, bear, carry, hold up, weigh in a balance, undertake, utter or sing in a loud voice, speak highly of, choose, build (as a wall), remove; be inflated (as a monkey's cheeks), be high (as the forehead), be prominent (as nose or ear)> eṭu �-pp-� -tt-�
<Row Tam d851 eṭuppu (eṭuppi-) to awake, produce (as harmonious sounds from an instrument), dispel, drive away> eṭuppu �eṭuppi-�
<Row Mal d851 er̤umpuka = er̤uka; eṭukka to raise, lift, take up, build, undertake, choose; become raised, visible, prominent> eṛ̆umpuka � eṛ̆uka� eṭukka
<Row Kota d851 eṛv- (eṛd-) (smoke) rises up, spring up from position> eṛv- �eṛd-�
<Row Kota d851 fly; (eṛt-) to make to spring up from position> fly� �eṛt-�
<Row Toda d851 öḍ- (öḍQ-) to be high or raised, rise, get up (from sitting or lying), (tree) grows, (peacock) dances> øḍ- �øḍ�-�
<Row Toda d851 öoQ where (mud) has not risen in water (=öḍo<at>Q</at>; &lt; Badaga)> øo�
<Row Toda d851 öṛf- (öṛt-) to carry, place (corpse) on fire, arouse from sleep, give (girl) in marriage, bring to life> øṛf- �øṛt-�
<Row Toda d851 öṛt- (öṛty-) to arouse from sleep, rouse, resurrect> øṛt- �øṛty-�
<Row Kannada d851 ēr̤ (er̤d-) to stand up, rise, awake, spring up, be produced, be obtained> ēṛ̆ �eṛ̆d-�
<Row Kannada d851 ēr̤u (edd-) to stand up, rise, awake, spring up, be produced, be obtained> ēṛ̆u �edd-�
<Row Kodagu d851 ë·ḷ- (ë·v, ëdd-) to get up> ə�ḷ- �ə�v� ədd-�
<Row Kodagu d851 ëḍï- (ëḍïp-, ëḍït-) to raise> əḍɨ- �əḍɨp-� əḍɨt-�
<Row Kodagu d851 ëpp- (ëppi-) to raise up, make to get up> əpp- �əppi-�
<Row Tulu d851 ēñc̣ů ladder. <i>> ēñc�ɯ
<Row Gondi d851 (Voc </i> 1563)> ��oc
<Row Kui d851 ḍēnja (ḍēnji-) to be raised, uplifted, weighed; <i>n.</i> an uplift> ḍēnja �ḍēnji-�
<Row Kui d851 pl. action ḍēska (ḍēski-); ḍēspa (ḍēst-) to raise, lift, uplift, rear, build, praise, flatter, weigh; <i>n.</i> act of raising, erection, flattery, weighing> pl� action ḍēska �ḍēski-�� ḍēspa �ḍēst-�
<Row Kui d851 ḍehka (ḍehki-) to carry on the shoulders; <i>n.</i> act of carrying, etc> ḍehka �ḍehki-�
<Row Kuwi d851 dēki'nai > dēki�nai
<Row Kuwi d851 ḍēk- (-it-) to carry> ḍēk- �-it-�
<Row Kota d851 etor- (etoṯ-) to come to senses after sleep> etor- �etoṯ-�
<Row Kota d851 etorc- (etorc-) to bring to senses after sleep> etorc- �etorc-�
<Row Kannada d851 eccaṟ (er̤catt-, eccatt-) to awake, be wakeful, vigilant, recover health> eccaṟ �eṛ̆catt-� eccatt-�
<Row Telugu d851 heccarikincu = eccarincu etc> heccarikincu � eccarincu
<Row Parji d851 ecip- (ecit-) to arouse, waken up> ecip- �ecit-�
<Row Kurux d851 ejnā (ejjas) to rouse from sleep> ejnā �ejjas�
<Row Tam d853 er̤utu (er̤uti-) to write, paint, draw; become indented by pressure> eṛ̆utu �eṛ̆uti-�
<Row Kota d853 eḷd- (eḷdy-) to write> eḷd- �eḷdy-�
<Row Kodagu d853 ëḷïd- (ëḷïdi-) to write> əḷɨd- �əḷɨdi-�
<Row Tam d856 eḷi (-pp-, -tt-) to cry down, disparage> eḷi �-pp-� -tt-�
<Row Tam d856 eḷḷu (eḷḷi-) to ignore, disregard, ridicule> eḷḷu �eḷḷi-�
<Row Tam d856 eḷku (eḷki-) to despise, slight> eḷku �eḷki-�
<Row Parji d857 ili (pl. ilil) id. <i>> ili �pl� ilil�
<Row Gadaba d857 ilij (pl. iljil) > ilij �pl� iljil�
<Row salur d857 illij (pl. iljīl; j = dz) id. <i>> illij �pl� iljīl� j � dz�
<Row Mal d857 arjāl (pl. -or) id> arjāl �pl� -or�
<Row Konda d857 olzu (pl. olsku) > olzu �pl� olsku�
<Row sunkar d857 o'ṛi id> o�ṛi
<Row Tam d858 eḷku (eḷki-) to fear, be bashful, hesitate> eḷku �eḷki-�
<Row Kurux d858 elcnā (ilcyas) to fear, have a reverential awe of, have misgivings> elcnā �ilcyas�
<Row Kurux d858 elᵉgta'ānā to frighten, threaten> elᵉgta�ānā
<Row Tam d859 eṟi (-v-, -nt-) to throw, discharge, hack, chop, smash, destroy, beat, pounce, kick; <i>n.</i> throw, fling, kick> eṟi �-v-� -nt-�
<Row Tam d859 eṟṟu (eṟṟi-) to strike, kick, butt, cut, cleave, pierce, kill; <i>n.</i> kicking, hitting, pushing, attacking> eṟṟu �eṟṟi-�
<Row Tam d859 iṟu (-pp-, -tt-) to throw as a spear, fling> iṟu �-pp-� -tt-�
<Row Kota d859 eyr- (erc-) to cut, kill, slaughter (animal); (head) aches> eyr- �erc-�
<Row Kota d859 et- (ety-) to fight> et- �ety-�
<Row Kota d859 e·rp a cut, blow> e�rp
<Row Kota d859 e·r pa·ṛ pain of wound> e�r pa�ṛ
<Row Kota d859 e·rp pa·ṛ pain of wound> e�rp pa�ṛ
<Row Toda d859 eṟy (eṟs-) to throw, cut, sting, charge with horns, sacrifice> eṟy �eṟs-�
<Row Toda d859 iṟ- (iṟQ-) to hit with weapon> iṟ- �iṟ�-�
<Row Toda d859 i·ṟk depression made by cutting> i�ṟk
<Row Toda d859 -eṯ- (-eṯy-) mediative-causative suffix (e.g.tïneṯ-to cause to eat)> eṯ- �-eṯy-�
<Row Kannada d859 iṟi (iṟid-) to throw, beat, strike, pierce, kill, butt; throb (as a sore)> iṟi �iṟid-�
<Row salur d859 ey- (eṭṭ-) to throw. <i>> ey- �eṭṭ-�
<Row Konda d859 eR- (-t-) to shoot (arrow), fling or pelt (with a stone)> e�- �-t-�
<Row Konda d859 iṟ- (iRt-) to throw> iṟ- �i�t-�
<Row Pengo d859 ec- (ecc-) to shoot with bow> ec- �ecc-�
<Row Kui d859 pl. action iska (iski-) > pl� action iska �iski-�
<Row sunkar d859 ir- (-h-) to throw> ir- �-h-�
<Row Kuwi d859 irh'nai to pelt. DED(S) 731> irh�nai
<Row Konda d860 ṟel- (ṟen-, ṟeR-) to pull> ṟel- �ṟen-� ṟe�-�
<Row Pengo d860 jel- (-t-) id> jel- �-t-�
<Row Kui d860 jelba (jes-) to pull, draw; <i>n.</i> act of pulling, drawing> jelba �jes-�
<Row Kui d860 pl. action jelka (jelki-) > pl� action jelka �jelki-�
<Row Kuwi d860 rejali (rec-) to drag, pull> rejali �rec-�
<Row sunkar d860 re'- (recc-) to pull. DED(S, N) 4243> re�- �recc-�
<Row Tam d861 eṟi (-pp-, -tt-) to shine, glitter> eṟi �-pp-� -tt-�
<Row Tam d862 eṟi (-pp-, -tt-) to take pity, have compassion> eṟi �-pp-� -tt-�
<Row Tam d862 eṟṟu (eṟṟi-) to feel compassion> eṟṟu �eṟṟi-�
<Row Toda d862 koṇ el- (eṯ-) to long for (person,-k); mu·n el- (eṯ-)to like (cf. 5031)> koṇ el- �eṯ-�
<Row Toda d862 mu·neṯ affection, love (only recorded as woman's name; MBE 1974b, p. 90)> mu�neṯ
<Row Telugu d865 Eṟṟana n. pr. 14th cent. author (eṟṟa + annaelder brother)> �ṟṟana
<Row Telugu d865 Eṟama n. pr. man (8th cent.; inscr., p. 355); modern names> �ṟama
<Row Telugu d865 Errayya (MBE 1978, p. 355). <i>> �rrayya
<Row Telugu d865 Erramma (MBE 1978, p. 355). <i>> �rramma
<Row Tam d866 eṟṟu (eṟṟi-) to throw out (as water from a vessel)> eṟṟu �eṟṟi-�
<Row Tam d866 iṟai (-v-, -nt-) to scatter (<i>intr.</i>), disperse; (-pp-, -tt-) to splash (<i>tr.</i>), spatter, scatter, strew, draw and pour out water, irrigate, bale out, squander> iṟai �-v-� -nt-�
<Row Tam d866 iṟaṭṭu (iṟaṭṭi-) to sprinkle, splash> iṟaṭṭu �iṟaṭṭi-�
<Row Toda d866 eṟ- (eṟQ-) to scoop up (water with vessel)> eṟ- �eṟ�-�
<Row Parji d867 edp- (edt-) to lift out> edp- �edt-�
<Row Pengo d867 eh- (est-) to lift off from the fire> eh- �est-�
<Row Manda d867 eh- (-t-) id> eh- �-t-�
<Row Kui d867 ehpa (eht-) to remove something from the fire; save, deliver, rescue; <i>n.</i> deliverance. <i>> ehpa �eht-�
<Row Tam d868 eṉ (eṉp-, eṉṟ-) to say, utter, express> eṉ �eṉp-� eṉṟ-�
<Row Tam d868 eṉpi (-pp-, -tt-) to make one establish or prove (as a statement)> eṉpi �-pp-� -tt-�
<Row Kota d868 in- (iḏ-) to say (so-and-so), be said to be (so-and-so)> in- �iḏ-�
<Row Kota d868 -n- (-ḏ-) to say (so-and-so), be said to be (so-and-so)> n- �-ḏ-�
<Row Toda d868 ïn- (ïḏ-) to say (so-and-so)> ɨn- �ɨḏ-�
<Row Kannada d868 en (end-) to say, speak, call, name> en �end-�
<Row Kannada d868 an (and-) to say, speak, call, name> an �and-�
<Row Kodagu d868 *enn- (emb-, end-) to say (so-and-so)> �enn- �emb-� end-�
<Row Kolami d868 en- (ent-) > en- �ent-�
<Row Naikri d868 en- (ent-) to say> en- �ent-�
<Row Naiki d868 en- (enḍ-) id> en- �enḍ-�
<Row Parji d868 en- (end-, ett-) to say (so-and-so). <i>> en- �end-� ett-�
<Row betul d868 indānā (inj-) to say, call> indānā �inj-�
<Row adil d868 ind- (itt-) > ind- �itt-�
<Row yavatmal d868 ind- (itt-) > ind- �itt-�
<Row muria d868 ind- (itt-) > ind- �itt-�
<Row maria d868 in- (-t-) to say (<i>Voc.</i> 173)> in- �-t-�
<Row Konda d868 in- (iR-) id> in- �i�-�
<Row Pengo d868 in- (ic-) id> in- �ic-�
<Row Manda d868 in- (ic-) id> in- �ic-�
<Row Kui d868 inba (is-) to say, be articulate; <i>n.</i> saying, speaking, articulation> inba �is-�
<Row Kui d868 ispa (ist-) to cause to say, make articulate. <i>> ispa �ist-�
<Row sunkar d868 in- (icc-) to say> in- �icc-�
<Row Kurux d868 ānta'ānā to make say, get one to designate or show> ānta�ānā
<Row Tam d870 ēntu (ēnti-) to rise high, be elevated, be eminent, excellent> ēntu �ēnti-�
<Row Tam d870 ēttu (ētti-) to praise, extol; <i>n.</i> praising, extolling> ēttu �ētti-�
<Row Tam d871 ēku (ēki-) to go, pass, walk> ēku �ēki-�
<Row Kurux d871 ēknā (īkyas) to walk, direct or conduct affairs> ēknā �īkyas�
<Row Kui d874 ēga (ēgi-) to be open, ajar, unclosed, gaping, open out <i>> ēga �ēgi-�
<Row Kui d874 ēpka (&lt; ēk-p-; ēkt-) to open, open up, prize open. <i>> ēpka ��lt� ēk-p-� ēkt-�
<Row Kuwi d874 ida'a ekhmū uncover this!> ida�a ekʰmū
<Row Kuwi d874 ēk'- in:> ēk�
<Row Kuwi d874 nī gūti ēk'mu id> nī gūti ēk�mu
<Row Kuwi d874 ēg- (-it-) to be open> ēg- �-it-�
<Row Kurux d875 ēxnā (īxyas) to lose heat, cool, down, lose the heat of excitement or passion> ēxnā �īxyas�
<Row Kurux d875 ēxta'ānā to cool> ēxta�ānā
<Row Kolami d877 e·gar (pl. -sil) watchman's raised platform> e�gar �pl� -sil�
<Row Naikri d877 hegar (pl. hegaḍḷ) id. DED 743> hegar �pl� hegaḍḷ�
<Row Tam d878 ēṅku (ēṅki-) to pine, languish, long for, yearn after> ēŋku �ēŋki-�
<Row Tam d878 ēkkaṟu (ēkkaṟi-) to languish, long for> ēkkaṟu �ēkkaṟi-�
<Row Tam d878 ēcaṟu (ēcaṟuv-, ēcaṟṟ-) to long for, desire; be troubled, feel sorry> ēcaṟu �ēcaṟuv-� ēcaṟṟ-�
<Row Kota d878 e·ŋg- (e·ŋgy-) to grieve> e�ŋg- �e�ŋgy-�
<Row Kota d878 e·katm extreme sorrow. <i>> e�katm
<Row Tam d879 ēṅku (ēṅki-) to sound, scream as a peacock, weep, wail> ēŋku �ēŋki-�
<Row Tam d879 ēe Sāmaveda (or with 470Ta. iyampu)> ēe �āmaveda
<Row Kota d879 e·kalc- (e·kalc-) to shout to someone from a distance> e�kalc- �e�kalc-�
<Row Toda d879 ö·x- (ö·xy-) to scream (peacock or diviner)> ø�x- �ø�xy-�
<Row Toda d879 ö·xm (obl. ö·xt-) scream of a peacock or a diviner> ø�xm �obl� ø�xt-�
<Row Kodagu d879 e·ŋg- (e·ŋgi-) to lengthen note (in singing, crowing). <i>> e�ŋg- �e�ŋgi-�
<Row Tam d880 ēcu (ēci-) to abuse, reproach, rail at, insult> ēcu �ēci-�
<Row Kota d886 e·ṇer edge> e�ṇer
<Row Telugu d886 intro. p. 123) ēnu one edge of a blade of hoe or spade. DED(S) 751> intro� p� ���� ēnu
<Row Konda d888 ēṇṭa (pl. ēṇṭeŋ) ploughshaft. Kuwi> ēṇṭa �pl� ēṇṭeŋ�
<Row pottangi d891 ēt. bāmb id. DEDS 106> ēt� bāmb
<Row salur d891 ēt. bāmb id. DEDS 106> ēt� bāmb
<Row Kota d893 e·d- (e·dy-) to drive away. <i>> e�d- �e�dy-�
<Row Tam d894 ēntu (ēnti-) to stretch out the hands, receive or hold in the hands, hold up, support> ēntu �ēnti-�
<Row Kota d895 edk- (edky-) to jump high, (Todas) dance> edk- �edky-�
<Row Toda d895 öQk- (öQky-) to jump> ø�k- �ø�ky-�
<Row Kolami d895 e·nd- (e·nt-) to dance in rejoicing> e�nd- �e�nt-�
<Row Naikri d895 ēnd- (ēnt-) to dance> ēnd- �ēnt-�
<Row Naiki d895 ēnd- (ēnt-) id> ēnd- �ēnt-�
<Row Parji d895 ētip- (ētit-) to make to dance> ētip- �ētit-�
<Row Parji d895 enkip- (enkit-) to make to play. <i>> enkip- �enkit-�
<Row Gadaba d895 endikp- (endikt-) to make to play. <i>> endikp- �endikt-�
<Row Konda d895 ēnd- (-it-) to dance, play> ēnd- �-it-�
<Row Pengo d895 ēnd- (ēnt-) to dance, (top) to revolve> ēnd- �ēnt-�
<Row Pengo d895 ēt- (-t-) to make to dance, make (top) spin> ēt- �-t-�
<Row Manda d895 intens. ētka- > intens� ētka
<Row Kui d895 ēnda (ēndi-) to dance; <i>n.</i> a dance> ēnda �ēndi-�
<Row Kui d895 pl. action ētka (ētki-) > pl� action ētka �ētki-�
<Row sunkar d895 ēnd- (-it-) to dance> ēnd- �-it-�
<Row Kuwi d895 ēt- (-h-) to cause to dance (child, doll, etc.)> ēt- �-h-�
<Row Tam d898 ēmār (-pp-, -tt-) to be confused, bewildered> ēmār �-pp-� -tt-�
<Row Tam d898 ēmāṟu (ēmāṟi-) to be beguiled, inveigled> ēmāṟu �ēmāṟi-�
<Row Tam d898 ēmāṟṟu (ēmāṟṟi-) to hoodwink, deceive> ēmāṟṟu �ēmāṟṟi-�
<Row Tam d898 ēmuṟu (ēmuṟuv-, ēmuṟṟ-) to be perplexed, bewildered> ēmuṟu �ēmuṟuv-� ēmuṟṟ-�
<Row Kota d898 e·ma·r- (e·ma·ry-) to gasp (from sudden fright, shock, while dying)> e�ma�r- �e�ma�ry-�
<Row Kota d898 e·ma·n- (e·ma·nd-) to be cheated; be dazed by being caught suddenly in wrongdoing> e�ma�n- �e�ma�nd-�
<Row Kota d898 e·ma·t- (e·ma·ty-) to cheat> e�ma�t- �e�ma�ty-�
<Row Kota d898 e·ma·tl tricks> e�ma�tl
<Row Toda d898 e·mo·t- (e·mo·ty-) to deceive. ?> e�mo�t- �e�mo�ty-�
<Row Tam d899 ēy (-v-, -nt-) to be suited, be fit, be similar to, meet; (-pp-, -tt-) to be similar to, tell a seeming truth, deceive> ēy �-v-� -nt-�
<Row Mal d899 e·p joint of two pieces of iron> e�p
<Row Mal d899 e·gu·ṛ- (e·gu·c-) to gather> e�gu�ṛ- �e�gu�c-�
<Row Mal d899 e·gu·ṭ- (e·gu·c-) to gather (fuel, honey, grain, money)> e�gu�ṭ- �e�gu�c-�
<Row Toda d899 e·y- (e·c-) to join (pieces or two ends) together> e�y- �e�c-�
<Row Toda d899 ö·ku·ṛ- (ö·ku·ṛy-) (things) are gathered, (men) work together> ø�ku�ṛ- �ø�ku�ṛy-�
<Row Toda d899 ö·ku·ṭ- (ö·ku·ṭy-) to gather (things). For Ko. and To., cf. 1882. DED 744, 761> ø�ku�ṭ- �ø�ku�ṭy-�
<Row Kodagu d901 e·ri parapet of well, bund (in paddy-fields, of tank)> e�ri
<Row Kota d903 er uk- (uky-) to play 'peeping tom'> er uk- �uky-�
<Row Kui d903 ēra (ēri-) to spy, scout; <i>n.</i> spying, scouting> ēra �ēri-�
<Row Kui d903 pl action ērka (ērki-). ? > pl action ērka �ērki-�� �
<Row sunkar d903 hēnḍ- (hēṭ-) id> hēnḍ- �hēṭ-�
<Row bisam d903 hēnḍ- (hēṭ-) id> hēnḍ- �hēṭ-�
<Row Kurux d903 ērnā (īryas) to see, look, look at, look after, look for, wait for, examine, try> ērnā �īryas�
<Row Kurux d903 ērta'ānā to let see, show> ērta�ānā
<Row Tam d905 ēl (ēṟp-, ēṟṟ-; ēlv- ēṉṟ-) to happen, occur, be suitable, convenient, just; to receive, welcome, admit, consent, beg, undertake, engage in> ēl �ēṟp-� ēṟṟ-� ēlv- ēṉṟ-�
<Row Mal d905 vb.n. ēlpāṭu; ēlpeṭukka to entrust with> vb�n� ēlpāṭu� ēlpeṭukka
<Row Kota d905 e·l- (e·ṯ-) to catch in something held up> e�l- �e�ṯ-�
<Row Kota d905 e·rpa·ṛ- (obl. e·rpa·ṭ-) preparation, selection of a man to do something> e�rpa�ṛ- �obl� e�rpa�ṭ-�
<Row Kota d905 e·rpaṛt- (e·rpaṛty-) to prepare (thing or to do something), appoint (a person)> e�rpaṛt- �e�rpaṛty-�
<Row Toda d905 e·f- (e·t-) to receive, take> e�f- �e�t-�
<Row Parji d905 ēp- (ēt-) to get. <i>> ēp- �ēt-�
<Row Konda d905 els- (-t-) to become large, (family) to increase in size> els- �-t-�
<Row Pengo d905 ēn- (-t-) to beg> ēn- �-t-�
<Row Pengo d905 en- (-t-) to beg> en- �-t-�
<Row Kui d905 ēṇba (ēṭ-) to put forth the hand to receive, accept, accept the word of, obey; <i>n.</i> acceptance, reception> ēṇba �ēṭ-�
<Row Kui d905 ēṇpa (ēṇt-) to accept, receive. <i>> ēṇpa �ēṇt-�
<Row Kuwi d905 ē'nai to accept> ē�nai
<Row Kuwi d905 ēnh'nai to receive> ēnh�nai
<Row Tam d906 ēl (ēṟp-, ēṟṟ-; ēlv-, ēṉṟ-) to oppose in battle, encounter (as a foe)> ēl �ēṟp-� ēṟṟ-� ēlv-� ēṉṟ-�
<Row Mal d906 ēlkka (ēṟṟ-) to hit, meet in battle> ēlkka �ēṟṟ-�
<Row Tam d907 Elettaria cardamomum </i>; cardamom> �lettaria cardamomum
<Row Kodagu d907 e·lakki cardamom seeds> e�lakki
<Row Kodagu d907 e·la male cardamom plantation> e�la male
<Row Kodagu d907 e·latï male cardamom plantation> e�latɨ male
<Row Tam d909 ēvu (ēvi-) to command, direct, incite, inspire (as god), speak> ēvu �ēvi-�
<Row Kota d909 e·lv matter, affair, errand> e�lv
<Row Kota d909 e·lvga·rn servant> e�lvga�rn
<Row Toda d909 ö·fil a command, order (&lt; Ta.)> ø�fil
<Row Toda d909 e·fil a command, order (&lt; Ta.)> e�fil
<Row Toda d909 e·fil o·ł̣ servant. DED(S) 771> e�fil o�ł̣
<Row Toda d909 e·f o·ł̣ servant. DED(S) 771> e�f o�ł̣
<Row Kota d910 e·y (Sholur dialecte·g) seven> e�y
<Row Kota d910 e pa·ṇy seven> e pa�ṇy
<Row Kota d910 pa·ṇy measures> pa�ṇy
<Row Toda d910 pa·w seventeen> pa�v
<Row Toda d910 ö· kwa·x seven> ø� kva�x
<Row Toda d910 kwa·x measures> kva�x
<Row Kodagu d910 ë·ḷï seven> ə�ḷɨ
<Row Kodagu d910 ë·ḷane seventh> ə�ḷane
<Row Kodagu d910 ë·ḷ-ṇu·rï 700> ə�ḷ-ṇu�rɨ
<Row Gondi d910 (Voc </i> 396)> ��oc
<Row Toda d911 e·ḷy poor> e�ḷy
<Row Konda d915 eṟlis- (-t-) to separate (as one's legs), keep away from> eṟlis- �-t-�
<Row Konda d915 ēṟp- (-t-) to keep apart, keep separate> ēṟp- �-t-�
<Row Konda d915 ṟēs- (-t-) to winnow; ?> ṟēs- �-t-�
<Row Konda d915 nēspa- (-t-) to clean or winnow (rice, etc.)> nēspa- �-t-�
<Row Kui d915 ēja (ēji-) to be separate from, detached, move aside, make way for; <i>n.</i> act of moving aside> ēja �ēji-�
<Row Kui d915 ēspa (ēst-) to separate; <i>n.</i> act of separating> ēspa �ēst-�
<Row Kuwi d915 erl- (-it-) to go by a different path> erl- �-it-�
<Row Kuwi d915 ērs- (-it-) to separate, keep separate> ērs- �-it-�
<Row Tam d916 ēṟu (ēṟi-) to rise, ascend (as the heavenly bodies), mount, climb, abound in number, weight, or measure, increase in price, quality, spread, be diffused (as poison), grow, be laden (as cargo)> ēṟu �ēṟi-�
<Row Tam d916 ēṟṟu (ēṟṟi-) to lift up, raise, increase (as price), load (as a cart or ship), eulogize, found, establish> ēṟṟu �ēṟṟi-�
<Row Tam d916 ēl (ēṟp-, ēṟṟ-; ēlv-, ēṉṟ-) to be excessive, abound; awake from sleep; bear, lift up, carry> ēl �ēṟp-� ēṟṟ-� ēlv-� ēṉṟ-�
<Row Mal d916 ēlkka (ēṟṟ-) to multiply> ēlkka �ēṟṟ-�
<Row Kota d916 e·r- (e·ry-) (advice) is listened to> e�r- �e�ry-�
<Row Kota d916 e·r up> e�r
<Row Kota d916 e·re·r up> e�re�r
<Row Kota d916 e·rr up> e�rr
<Row Kota d916 e·r big> e�r
<Row Kota d916 e·ṯ- (e·c) to place (burden) on (person or animal)> e�ṯ- �e�c�
<Row Kota d916 e·ṯl act of raising (e.g. a fine)> e�ṯl
<Row Kota d916 e·ṯ aṇ edge of bank of stream or tank (or with 5159 Ta.yāṟu; cf. 122> e�ṯ aṇ
<Row Tam d916 ) > �
<Row Toda d916 ö·ṟ- (ö·ṟy-) to rise high, (poison, disease) is diffused, load (bullock, cart)> ø�ṟ- �ø�ṟy-�
<Row Toda d916 ö·ṟc- (ö·ṟč-) to make high> ø�ṟc- �ø�ṟč-�
<Row Toda d916 ö·ł (ö·ṯ-) to be fat. (boil) comes to a head> ø�� �ø�ṯ-�
<Row Toda d916 eṯ- (eṯy-) to raise, in:> eṯ- �eṯy-�
<Row Toda d916 po·w ful eṯ- to thatch the ti· dairy (i.e. to raise the thatching grass to/of the dairy)> po�v ful eṯ
<Row Toda d916 a·s̱ fo·n eṯ- to burn the model house at a woman's funeral (lit. to raise the house to the sky)> a�s̱ fo�n eṯ
<Row Kodagu d916 ë·r- (ë·ri-) (liquor) rises to head, (poison) diffuses and kills; be more than enough, extra> ə�r- �ə�ri-�
<Row Kodagu d916 ë·ra more than enough> ə�ra
<Row Kolami d916 le·p- (le·pt-) to arouse (to search, to do something), begin (a search), compete, put (curdling agent into milk, match to pipe)> le�p- �le�pt-�
<Row Kuwi d916 re'nai to ascend (but <i>Voc.</i>, p. 91, to descend)> re�nai
<Row Kota d917 e·r male buffalo> e�r
<Row Kota d917 tir e·r buffalo calf at Toda calf sacrifice> tir e�r
<Row Toda d917 e·ṟ male buffalo, bull. ?> e�ṟ
<Row Brah d917 arē (pl. arisk) male individual, person, husband (cf. <i>BDCG</i>, p. 10). ?> arē �pl� arisk�
<Row Telugu d921 ) > �
<Row Telugu d921 see Burrow > see �urrov
<Row Telugu d921 The Sanskrit Language > �he �anskrit �anguage
<Row Telugu d921 p. 379 > p� ���
<Row Telugu d921 and Mayrhofer > and �ayrhofer
<Row Telugu d921 s.v > s�v
<Row Kui d923 ō; oko <i>adj., adv.</i> distant, far away> ō� oko
<Row Brah d923 pl. ōfk; ōhun thus; <i>adj.</i> such> pl� ōfk� ōhun
<Row Tam d924 o (-pp-, -tt-) to be suited to, appropriate, be acceptable, be in happy concord, resemble, equal, appear as if it were> o �-pp-� -tt-�
<Row Tam d924 oppu (oppi-) to agree, accede to, assent; <i>n.</i> that which is fit or proper, beauty, consent, approval, uniformity, likeness, analogy> oppu �oppi-�
<Row Tam d924 oppi (-pp-, -tt-) to liken, compare, embellish; cause to agree, deliver> oppi �-pp-� -tt-�
<Row Tam d924 oppuvi (-pp-, -tt-) to surrender, consign, illustrate> oppuvi �-pp-� -tt-�
<Row Tam d924 ovvu (ovvi-) to be like, be congruous, consistent> ovvu �ovvi-�
<Row Kota d924 op- (opy-) to be acceptable; accept, agree with> op- �opy-�
<Row Kota d924 opc- (opc-) to hand over, entrust> opc- �opc-�
<Row Toda d924 up- (upy-) to be pleased, agree> up- �upy-�
<Row Toda d924 upc- (upč-) to hand over> upc- �upč-�
<Row Toda d924 ufc- (ufč-) to hand over> ufc- �ufč-�
<Row Kodagu d924 o- (opp-, ott-) to be suitable; consent, agree> o- �opp-� ott-�
<Row Kodagu d924 otta- (ottaṇḍ-) to consent> otta- �ottaṇḍ-�
<Row Kodagu d924 oppa·ra good manners, quiet and respectful manners> oppa�ra
<Row Kolami d924 ovol (pl. ovosil ) thing or person of first rank> ovol �pl� ovosil
<Row Parji d924 opip- (opit-) to give in charge, hand over. <i>> opip- �opit-�
<Row Konda d924 op- (-t-) to agree. <i>> op- �-t-�
<Row Kuwi d924 ōp- (-it-) to agree, consent, allow> ōp- �-it-�
<Row Kurux d924 okknā (ukkyas to be exactly adapting to, fit in well, agree with, tally together. DED(S, N) 781> okknā �ukkyas
<Row Kurux d924 okkos) to be exactly adapting to, fit in well, agree with, tally together. DED(S, N) 781> okkos�
<Row Tam d925 okkali (-pp-, -tt-) to hold friendly communion with one's relations, maintain one's relations, give them medical aid, etc> okkali �-pp-� -tt-�
<Row Kota d927 ok- (oky-) to drive (cattle) round in threshing> ok- �oky-�
<Row Toda d927 wik- (wïky-) (bullocks) go round in threshing> vik- �vɨky-�
<Row Kodagu d927 okk- (okki-) to thresh (paddy crop) by driving cattle round on heaps of grain> okk- �okki-�
<Row Tam d927 ukai (-v-, -nt-) to move (as a boat), go (as a vehicle), walk (as an animal); (-pp-, -tt-) to drive, ride, row (as a boat), discharge (as an arrow), stir up (as dust)> ukai �-v-� -nt-�
<Row Toda d927 moQy wax- (waxt-) to stir up the ashes after burning of relics at second funeral, in order to see if anything is left (mo<at>Q</at>ymay mean 'ashes'; cf.mo<at>Q</at>y xö·s̱thekö·s̱tree at No·ṣ mund where these ashes are put)> mo�y vax- �vaxt-�
<Row Kurux d930 okknā (ukkyas) to sit down, seat oneself, alight, perch, hold a session, come to a standstill, acquire steadiness, reside> okknā �ukkyas�
<Row Kurux d930 okta'ānā to invite to sit down, give firmness to, settle> okta�ānā
<Row Kolami d931 p. 83) panta okeng to reap (i.e. cart crops from field)> p� ��� panta okeng
<Row Parji d931 okp- (okt-) to remove in loads, cart. <i>> okp- �okt-�
<Row Gadaba d931 oskap- (oskat-) to remove. <i>> oskap- �oskat-�
<Row Konda d931 ok- (-t-) to carry on the head or shoulder in a container> ok- �-t-�
<Row Konda d931 caus. okis- > caus� okis
<Row Pengo d931 ok- (-t-) to carry harvest from field> ok- �-t-�
<Row Kui d931 opka (&lt; ok-p-; okt-) to remove in loads, cart; <i>n.</i> carting, cartage. <i>> opka ��lt� ok-p-� okt-�
<Row Kuwi d931 okh'nai to remove> okʰ�nai
<Row Gondi d934 oga (ogi-) to trap, snare; <i>n.</i> act of trapping. <i>> oga �ogi-�
<Row Kuwi d934 og- (-it-) to set a trap. DED(S) 790> og- �-it-�
<Row Kolami d935 oŋg- (oŋkt-) to carry (child) on hip> oŋg- �oŋkt-�
<Row Kolami d935 oḍŋg- (oḍoŋkt-) to have (child) with oneself while sleeping> oḍŋg- �oḍoŋkt-�
<Row Kurux d936 uŋgkhnā (uŋgkhyas) to get drunk, be intoxicated> uŋgkʰnā �uŋgkʰyas�
<Row Kurux d936 oŋgkhta'ānā to make drunk, produce loss of sensibility (as cold or chloroform), turn the head of> oŋgkʰta�ānā
<Row Kuwi d937 oc- (-it-) to pronounce, guess> oc- �-it-�
<Row Tam d939 oci (-v-, -nt-) to be coy, bashful> oci �-v-� -nt-�
<Row Tam d939 oñci (-pp-, -tt-) to feel abashed, be shy> oñci �-pp-� -tt-�
<Row Tam d940 oci (-v-, -nt-) to be broken as a stick, bend under a weight; (-pp-, -tt-) to break as a stick> oci �-v-� -nt-�
<Row Kota d945 -o·ṛ id> o�ṛ
<Row Tam d946 oṭi (-v-, -nt-) to break, break off, snap, cease, discontinue, be ruined; (-pp-, -tt-) to break, snap as stick or bone, destroy> oṭi �-v-� -nt-�
<Row Tam d946 uṭai (-v-, -nt-) to break as a pot burst into fragments, crack, be split, be ruined; (-pp-, -tt-) to break into pieces, fracture, split, ruin> uṭai �-v-� -nt-�
<Row Tam d946 noṭi (-pp-, -tt-) to break> noṭi �-pp-� -tt-�
<Row Kota d946 oṛv- (oṛd-) to break> oṛv- �oṛd-�
<Row Kota d946 (oṛt-) id> �oṛt-�
<Row Kota d946 oṛc- (oṛc-) to break (kindling)> oṛc- �oṛc-�
<Row Kota d946 o·ṭ hole> o�ṭ
<Row Toda d946 waṛ- (waṛQ-) to break in pieces, as pot> vaṛ- �vaṛ�-�
<Row Toda d946 waṛf- (waṛt-) id> vaṛf- �vaṛt-�
<Row Toda d946 wïṛy- (wïṛs-) (joints) crack; (wïṛc-) to crack (joints)> vɨṛy- �vɨṛs-�
<Row Kannada d946 oḍe- (oḍev-, oḍand-) to break, be broken (pot)> oḍe- �oḍev-� oḍand-�
<Row Kannada d946 oḍa- (oḍap- oḍat-) to break (pot)> oḍa- �oḍap- oḍat-�
<Row Kolami d946 o·ḍ- (o·ḍt-) to burst> o�ḍ- �o�ḍt-�
<Row Kolami d946 o·ṭ- (o·ṭt-) to smash (pot)> o�ṭ- �o�ṭt-�
<Row Naiki d946 : oṭup- to break> � oṭup
<Row Naiki d946 ōṛ- (ōṭṭ-) to break> ōṛ- �ōṭṭ-�
<Row Parji d946 ōṭip- (ōṭit-) to cause to burst. <i>> ōṭip- �ōṭit-�
<Row koya d946 urh- (Voc 261; or with 662 Konḍa> urh- ��oc
<Row Pengo d946 ōh- (ōst-) to strike with hammer, smash (clods)> ōh- �ōst-�
<Row Kui d946 ōja (ōji-) to be burst, broken, cracked> ōja �ōji-�
<Row Kui d946 ohpa (oht- should it be> ohpa �oht
<Row sunkar d946 ōy- (-it-) to be broken> ōy- �-it-�
<Row Kuwi d946 ōh- (ōst-) to break. DED(S) 799, DEDS 113> ōh- �ōst-�
<Row BettaKurumba d947 1.11) uyge hips> � uyge
<Row Kota d953 ocg- (ocgy-) to sweep (*ṭi&gt;*ṛy&gt; c)> ocg- �ocgy-�
<Row Kodagu d953 oḍïk- (oḍïki-) id. <i>> oḍɨk- �oḍɨki-�
<Row salur d953 orp- (orup-) to clean floor by hand. From DED(N) 506> orp- �orup-�
<Row Tam d954 oṭuṅku (oṭuṅki-) to be restrained, become tranquil, become reduced, grow less, shrink, slide to one side (as when meeting a superior), be subservient, be concealed, hidden, cease (as noise), be weary> oṭuŋku �oṭuŋki-�
<Row Tam d954 oṭukku (oṭukki-) to subjugate, reduce, restrain, subdue, rob; <i>n.</i> contraction, compression, that which is narrow, dent or depression in a metal utensil> oṭukku �oṭukki-�
<Row Kota d954 oṛg- (oṛgy-) to be destroyed> oṛg- �oṛgy-�
<Row Kota d954 oṛk- (oṛky-) to reduce (iron) in breadth> oṛk- �oṛky-�
<Row Toda d954 wïḍg- (wïḍgy-) to be crushed> vɨḍg- �vɨḍgy-�
<Row Toda d954 wïṛk- (wïṛky-) to crush, beat black and blue> vɨṛk- �vɨṛky-�
<Row Kui d954 ḍūmba (ḍūmbi-) to be shrunken, contracted, wrinkled; <i>n.</i> shrinkage, contraction> ḍūmba �ḍūmbi-�
<Row Kui d954 ḍūppa (ḍūpt-) to cause to shrink, shorten, contract, draw in, tuck up; <i>n.</i> act of shortening, etc> ḍūppa �ḍūpt-�
<Row Kurux d954 oṛᵒgnā (oṛg- to press, flatten, trample out of shape, kill by crushing, throttle> oṛᵒgnā �oṛg
<Row Kurux d954 oṛgc-) to press, flatten, trample out of shape, kill by crushing, throttle> oṛgc-�
<Row Kurux d954 oṛga'ānā to press, flatten, trample out of shape, kill by crushing, throttle> oṛga�ānā
<Row Kurux d954 oṛᵒknā (uṛᵘkhyas) to crush out of shape, cause to wither, kill (plant)> oṛᵒknā �uṛᵘkʰyas�
<Row Kota d957 oṛc- (oṛc-) (Kurumba) kills by witchcraft> oṛc- �oṛc-�
<Row Toda d957 wïṛy- (wïṛc-) to bewitch, kill by magic. DED 806> vɨṛy- �vɨṛc-�
<Row Tam d958 oṭṭu (oṭṭi-) to stick (as with paste or gum), glue on, betake oneself to, make friends with; <i>n.</i> patch, piece stuck or fastened on, birdlime, union, friendship> oṭṭu �oṭṭi-�
<Row Tam d958 oṇṭu (oṇṭi-) to join> oṇṭu �oṇṭi-�
<Row Kota d958 oṭ- (oṭy-) to stick> oṭ- �oṭy-�
<Row Kota d958 oṭ- (oc-) to fasten up (hair) on nape of neck> oṭ- �oc-�
<Row Parji d958 oṭp- (oṭt-) to apply whitewash, etc. <i>> oṭp- �oṭt-�
<Row pottangi d958 orp- (ort-) to smear with cowdung. DED(S) 807> orp- �ort-�
<Row Tam d959 oṭṭu (oṭṭi-) to wager, stake, bind oneself to do a thing; <i>n.</i> oath> oṭṭu �oṭṭi-�
<Row Kui d959 oḍa (oḍi-) to swear an oath; <i>n.</i> swearing. <i>> oḍa �oḍi-�
<Row Tam d960 oṭṭu (oṭṭi-) to shrink, contract> oṭṭu �oṭṭi-�
<Row Telugu d961 *oṭi-n̄āṇ waist-string (see 947, 2908); cf. esp. Ma> �oṭi-n̄āṇ
<Row Kota d962 oḍ- (oḍy-) to set (net, springtrap)> oḍ- �oḍy-�
<Row Kui d967 oḍa (oḍi-) to be clear, pure, bright; <i>n.</i> purity, cleanness> oḍa �oḍi-�
<Row Kui d967 pl. action oṭka (oṭki-) > pl� action oṭka �oṭki-�
<Row Kuwi d967 oth'nai to purify, refine, heal> otʰ�nai
<Row Kuwi d967 oḍ- (-it-) to grow well, recover; be filtered> oḍ- �-it-�
<Row Kuwi d967 oṭ- (-h-) to strain, filter> oṭ- �-h-�
<Row Tam d969 oṇtu (oṇṭi-) to take shelter, conceal oneself (as a person to shoot game), lurk (as an animal for prey)> oṇtu �oṇṭi-�
<Row Tam d969 oṭṭu (oṭṭi-) to play the eavesdropper, lurk, lie in ambush> oṭṭu �oṭṭi-�
<Row Kota d969 oḍ- (oḍy-) to crouch down behind shelter, eavesdrop. <i>> oḍ- �oḍy-�
<Row Kota d972 ota·c id> ota�c
<Row Tam d973 ottu (otti-) to make room for> ottu �otti-�
<Row Tam d973 oṟṟu (oṟṟi-) to make room for> oṟṟu �oṟṟi-�
<Row Kota d973 ot- (oty-) to precede on the way, go fast> ot- �oty-�
<Row Tam d973 ottu (otti-) to make room for> ottu �otti-�
<Row Tam d973 oṟṟu (oṟṟi-) to make room for> oṟṟu �oṟṟi-�
<Row Kota d973 ot- (oty-) to precede on the way, go fast> ot- �oty-�
<Row Tam d973 otuṅku (otuṅki-) to get out of the way, step aside (as a mark of respect, before a superior), retreat, be defeated, seek refuge; be finished, settled, adjusted, completed> otuŋku �otuŋki-�
<Row Tam d973 otukku (otukki-) to put on one side (as the hair), cause to get out of the way (as cattle in the road), push into a corner, separate (as persons in a quarrel), gather on one side or tuck up (as one's clothes while crossing a river), place out of reach, expel (as from caste), dispatch (as a business), settle; <i>n.</i> that which is apart, refuge, screen> otukku �otukki-�
<Row Toda d973 wïQx- (wïQxy-) (horns of fighting buffaloes) slip apart> vɨ�x- �vɨ�xy-�
<Row Tam d974 ottu (otti-) to keep time with cymbals or with the hands; <i>n.</i> time in music> ottu �otti-�
<Row Kui d976 ota (oti-) to fetch (persons)> ota �oti-�
<Row Kurux d976 otthᵒrnā (otthras) to take out, bring out, expel> ottʰᵒrnā �ottʰras�
<Row Kurux d976 ondᵒrnā (ondras) to bring, take along, take for wife> ondᵒrnā �ondras�
<Row Kurux d978 odnā (oddas) to kindle a fire by means of straw or shavings> odnā �oddas�
<Row Kannada d980 sift; onasu to cause to shake to and fro> sift� onasu
<Row Kurux d981 refl.&lt;-&gt; pass. oprnā > refl��lt�-�gt� pass� oprnā
<Row Tam d984 oy (-v-, -nt-) to drag along (as a flood), launch (as a boat), send forth, give> oy �-v-� -nt-�
<Row Tam d984 uy (-pp-, -tt-) to carry, take away, lead, guide, send, discharge (as arrow), give> uy �-pp-� -tt-�
<Row Toda d984 üy- (üs-) to chase> yy- �ys-�
<Row Kannada d984 uy (oyd-) to carry off, conduct, carry, convey> uy �oyd-�
<Row Belari d984 2.1) ogi to pull> � ogi
<Row Parji d984 uy- (un̄-) to carry, take, take away. <i>> uy- �un̄-�
<Row Gadaba d984 uy- (ud-, un-) to take, take away. <i>> uy- �ud-� un-�
<Row Konda d984 o- (-t-) to carry, take away, take along with oneself> o- �-t-�
<Row Konda d984 caus. opis- > caus� opis
<Row Pengo d984 ō- (-t-) to take> ō- �-t-�
<Row Manda d984 ū- (-t-) id> ū- �-t-�
<Row Kui d984 opa (ot-) to lead away, take away (persons); <i>n.</i> act of leading away> opa �ot-�
<Row Kui d984 ōva (ōt-) to take away (things), take, receive; <i>n.</i> act of taking. <i>> ōva �ōt-�
<Row Kuwi d984 oiyali (ō-) to take away, remove> oiyali �ō-�
<Row Kurux d984 ho'onā (occas to take, receive, transport, conduct> ho�onā �occas
<Row Kurux d984 hoccas) to take, receive, transport, conduct> hoccas�
<Row Kurux d984 refl. ho'ornā; pass. hōtārnā; caus. hōta'ānā > refl� ho�ornā� pass� hōtārnā� caus� hōta�ānā
<Row Malto d984 oye (oc-) to take away> oye �oc-�
<Row Kurux d986 uira'ānā to put in order, arrange. DEDS(N) 116> uira�ānā
<Row gowda d988 orlE > orl�
<Row Tam d990 ori (-pp-, -tt-) to be united in harmony> ori �-pp-� -tt-�
<Row Tam d990 orukku (orukki-) to bring together> orukku �orukki-�
<Row Tam d990 fem. orutti; oruttu concentration of mind> fem� orutti� oruttu
<Row Tam d990 orumi (-pp-, -tt-) to be in unison, unite> orumi �-pp-� -tt-�
<Row Tam d990 oruvu (oruvi-) to resemble, equal> oruvu �oruvi-�
<Row Mal d990 fem. oruvaḷ to bring together> fem� oruvaḷ
<Row Mal d990 orutti; orukkuka to bring together> orutti� orukkuka
<Row Kota d990 or pa·ṇy one pa·ṇy measure> or pa�ṇy
<Row Kota d990 o·r ak one oḷk measure> o�r ak
<Row Kota d990 o·r a·ṛ one year> o�r a�ṛ
<Row Kota d990 o·ra·ḷc co-wife> o�ra�ḷc
<Row Kota d990 o ca·ry one side> o ca�ry
<Row Kota d990 orrvi· one at a time, once every day> orrvi�
<Row Kota d990 obi· same place, together> obi�
<Row Kota d990 otalg- (otalgy-) to go on one side, avoid by going around; ?> otalg- �otalgy-�
<Row Kota d990 oŋg- (oŋgy-) to be a half-breed, change (<i>intr.</i>) magically into something else> oŋg- �oŋgy-�
<Row Kota d990 oŋgc- (oŋgc-) to breed from two different strains, change (<i>tr.</i>) magically into something else> oŋgc- �oŋgc-�
<Row Toda d990 wï·r ak one ačok measure> vɨ�r ak
<Row Toda d990 wï·r o·ṛ one year> vɨ�r o�ṛ
<Row Toda d990 o kwa·w one> o kva�v
<Row Toda d990 kwa·x measure> kva�x
<Row Toda d990 o nu·ṟ 100> o nu�ṟ
<Row Toda d990 o fe·s̱y one wall of pen (esp. in song)> o fe�s̱y
<Row pampa d990 orvaN one man or person> orva�
<Row Kodagu d990 one (adj.); obbë one man> one �adj��� obbə
<Row Kodagu d990 o·r a·ṇḍï one year> o�r a�ṇḍɨ
<Row Kodagu d990 o·raḍi only one helping at a meal (instead of the usual two)> o�raḍi
<Row Kodagu d990 o·rak ëttï one pair of bullocks> o�rak əttɨ
<Row Kodagu d990 o·randï one by one (thing, person respectively)> o�randɨ
<Row Kodagu d990 o·rabë one by one (thing, person respectively)> o�rabə
<Row Konda d990 uRku uRku one each> u�ku u�ku
<Row Kui d990 ro'onji one man> ro�onji
<Row Kuwi d990 rō'osi one man> rō�osi
<Row Kuwi d990 rondi'e one woman> rondi�e
<Row sunkar d990 ro'esi one man> ro�esi
<Row Kuwi d990 rōhe'e together, all at once> rōhe�e
<Row Kurux d990 fem. utxī alone, lonely> fem� utxī
<Row Kurux d990 fem. hurmī id> fem� hurmī
<Row Tam d990 ori (-pp-, -tt-) to be united in harmony> ori �-pp-� -tt-�
<Row Tam d990 orukku (orukki-) to bring together> orukku �orukki-�
<Row Tam d990 fem. orutti; oruttu concentration of mind> fem� orutti� oruttu
<Row Tam d990 orumi (-pp-, -tt-) to be in unison, unite> orumi �-pp-� -tt-�
<Row Tam d990 oruvu (oruvi-) to resemble, equal> oruvu �oruvi-�
<Row Mal d990 fem. oruvaḷ to bring together> fem� oruvaḷ
<Row Mal d990 orutti; orukkuka to bring together> orutti� orukkuka
<Row Kota d990 or pa·ṇy one pa·ṇy measure> or pa�ṇy
<Row Kota d990 o·r ak one oḷk measure> o�r ak
<Row Kota d990 o·r a·ṛ one year> o�r a�ṛ
<Row Kota d990 o·ra·ḷc co-wife> o�ra�ḷc
<Row Kota d990 o ca·ry one side> o ca�ry
<Row Kota d990 orrvi· one at a time, once every day> orrvi�
<Row Kota d990 obi· same place, together> obi�
<Row Kota d990 otalg- (otalgy-) to go on one side, avoid by going around; ?> otalg- �otalgy-�
<Row Kota d990 oŋg- (oŋgy-) to be a half-breed, change (<i>intr.</i>) magically into something else> oŋg- �oŋgy-�
<Row Kota d990 oŋgc- (oŋgc-) to breed from two different strains, change (<i>tr.</i>) magically into something else> oŋgc- �oŋgc-�
<Row Toda d990 wï·r ak one ačok measure> vɨ�r ak
<Row Toda d990 wï·r o·ṛ one year> vɨ�r o�ṛ
<Row Toda d990 o kwa·w one> o kva�v
<Row Toda d990 kwa·x measure> kva�x
<Row Toda d990 o nu·ṟ 100> o nu�ṟ
<Row Toda d990 o fe·s̱y one wall of pen (esp. in song)> o fe�s̱y
<Row pampa d990 orvaN one man or person> orva�
<Row Kodagu d990 one (adj.); obbë one man> one �adj��� obbə
<Row Kodagu d990 o·r a·ṇḍï one year> o�r a�ṇḍɨ
<Row Kodagu d990 o·raḍi only one helping at a meal (instead of the usual two)> o�raḍi
<Row Kodagu d990 o·rak ëttï one pair of bullocks> o�rak əttɨ
<Row Kodagu d990 o·randï one by one (thing, person respectively)> o�randɨ
<Row Kodagu d990 o·rabë one by one (thing, person respectively)> o�rabə
<Row Konda d990 uRku uRku one each> u�ku u�ku
<Row Kui d990 ro'onji one man> ro�onji
<Row Kuwi d990 rō'osi one man> rō�osi
<Row Kuwi d990 rondi'e one woman> rondi�e
<Row sunkar d990 ro'esi one man> ro�esi
<Row Kuwi d990 rōhe'e together, all at once> rōhe�e
<Row Kurux d990 fem. utxī alone, lonely> fem� utxī
<Row Kurux d990 fem. hurmī id> fem� hurmī
<Row Tam d990 ori (-pp-, -tt-) to be united in harmony> ori �-pp-� -tt-�
<Row Tam d990 orukku (orukki-) to bring together> orukku �orukki-�
<Row Tam d990 fem. orutti; oruttu concentration of mind> fem� orutti� oruttu
<Row Tam d990 orumi (-pp-, -tt-) to be in unison, unite> orumi �-pp-� -tt-�
<Row Tam d990 oruvu (oruvi-) to resemble, equal> oruvu �oruvi-�
<Row Mal d990 fem. oruvaḷ to bring together> fem� oruvaḷ
<Row Mal d990 orutti; orukkuka to bring together> orutti� orukkuka
<Row Kota d990 or pa·ṇy one pa·ṇy measure> or pa�ṇy
<Row Kota d990 o·r ak one oḷk measure> o�r ak
<Row Kota d990 o·r a·ṛ one year> o�r a�ṛ
<Row Kota d990 o·ra·ḷc co-wife> o�ra�ḷc
<Row Kota d990 o ca·ry one side> o ca�ry
<Row Kota d990 orrvi· one at a time, once every day> orrvi�
<Row Kota d990 obi· same place, together> obi�
<Row Kota d990 otalg- (otalgy-) to go on one side, avoid by going around; ?> otalg- �otalgy-�
<Row Kota d990 oŋg- (oŋgy-) to be a half-breed, change (<i>intr.</i>) magically into something else> oŋg- �oŋgy-�
<Row Kota d990 oŋgc- (oŋgc-) to breed from two different strains, change (<i>tr.</i>) magically into something else> oŋgc- �oŋgc-�
<Row Toda d990 wï·r ak one ačok measure> vɨ�r ak
<Row Toda d990 wï·r o·ṛ one year> vɨ�r o�ṛ
<Row Toda d990 o kwa·w one> o kva�v
<Row Toda d990 kwa·x measure> kva�x
<Row Toda d990 o nu·ṟ 100> o nu�ṟ
<Row Toda d990 o fe·s̱y one wall of pen (esp. in song)> o fe�s̱y
<Row pampa d990 orvaN one man or person> orva�
<Row Kodagu d990 one (adj.); obbë one man> one �adj��� obbə
<Row Kodagu d990 o·r a·ṇḍï one year> o�r a�ṇḍɨ
<Row Kodagu d990 o·raḍi only one helping at a meal (instead of the usual two)> o�raḍi
<Row Kodagu d990 o·rak ëttï one pair of bullocks> o�rak əttɨ
<Row Kodagu d990 o·randï one by one (thing, person respectively)> o�randɨ
<Row Kodagu d990 o·rabë one by one (thing, person respectively)> o�rabə
<Row Konda d990 uRku uRku one each> u�ku u�ku
<Row Kui d990 ro'onji one man> ro�onji
<Row Kuwi d990 rō'osi one man> rō�osi
<Row Kuwi d990 rondi'e one woman> rondi�e
<Row sunkar d990 ro'esi one man> ro�esi
<Row Kuwi d990 rōhe'e together, all at once> rōhe�e
<Row Kurux d990 fem. utxī alone, lonely> fem� utxī
<Row Kurux d990 fem. hurmī id> fem� hurmī
<Row Tam d990 oṭṭai) > oṭṭai�
<Row Kannada d990 fem. oṇṭigitti > fem� oṇṭigitti
<Row Telugu d990 fem. oṇṭarikatte > fem� oṇṭarikatte
<Row Gondi d990 (Voc </i> 235)> ��oc
<Row Tam d990 ori (-pp-, -tt-) to be united in harmony> ori �-pp-� -tt-�
<Row Tam d990 orukku (orukki-) to bring together> orukku �orukki-�
<Row Tam d990 fem. orutti; oruttu concentration of mind> fem� orutti� oruttu
<Row Tam d990 orumi (-pp-, -tt-) to be in unison, unite> orumi �-pp-� -tt-�
<Row Tam d990 oruvu (oruvi-) to resemble, equal> oruvu �oruvi-�
<Row Mal d990 fem. oruvaḷ to bring together> fem� oruvaḷ
<Row Mal d990 orutti; orukkuka to bring together> orutti� orukkuka
<Row Kota d990 or pa·ṇy one pa·ṇy measure> or pa�ṇy
<Row Kota d990 o·r ak one oḷk measure> o�r ak
<Row Kota d990 o·r a·ṛ one year> o�r a�ṛ
<Row Kota d990 o·ra·ḷc co-wife> o�ra�ḷc
<Row Kota d990 o ca·ry one side> o ca�ry
<Row Kota d990 orrvi· one at a time, once every day> orrvi�
<Row Kota d990 obi· same place, together> obi�
<Row Kota d990 otalg- (otalgy-) to go on one side, avoid by going around; ?> otalg- �otalgy-�
<Row Kota d990 oŋg- (oŋgy-) to be a half-breed, change (<i>intr.</i>) magically into something else> oŋg- �oŋgy-�
<Row Kota d990 oŋgc- (oŋgc-) to breed from two different strains, change (<i>tr.</i>) magically into something else> oŋgc- �oŋgc-�
<Row Toda d990 wï·r ak one ačok measure> vɨ�r ak
<Row Toda d990 wï·r o·ṛ one year> vɨ�r o�ṛ
<Row Toda d990 o kwa·w one> o kva�v
<Row Toda d990 kwa·x measure> kva�x
<Row Toda d990 o nu·ṟ 100> o nu�ṟ
<Row Toda d990 o fe·s̱y one wall of pen (esp. in song)> o fe�s̱y
<Row pampa d990 orvaN one man or person> orva�
<Row Kodagu d990 one (adj.); obbë one man> one �adj��� obbə
<Row Kodagu d990 o·r a·ṇḍï one year> o�r a�ṇḍɨ
<Row Kodagu d990 o·raḍi only one helping at a meal (instead of the usual two)> o�raḍi
<Row Kodagu d990 o·rak ëttï one pair of bullocks> o�rak əttɨ
<Row Kodagu d990 o·randï one by one (thing, person respectively)> o�randɨ
<Row Kodagu d990 o·rabë one by one (thing, person respectively)> o�rabə
<Row Konda d990 uRku uRku one each> u�ku u�ku
<Row Kui d990 ro'onji one man> ro�onji
<Row Kuwi d990 rō'osi one man> rō�osi
<Row Kuwi d990 rondi'e one woman> rondi�e
<Row sunkar d990 ro'esi one man> ro�esi
<Row Kuwi d990 rōhe'e together, all at once> rōhe�e
<Row Kurux d990 fem. utxī alone, lonely> fem� utxī
<Row Kurux d990 fem. hurmī id> fem� hurmī
<Row Tam d990 oṭṭai) > oṭṭai�
<Row Kannada d990 fem. oṇṭigitti > fem� oṇṭigitti
<Row Telugu d990 fem. oṇṭarikatte > fem� oṇṭarikatte
<Row Gondi d990 (Voc </i> 235)> ��oc
<Row Tam d990 oṉṟu (oṉṟi-) to unite, become one, be on intimate terms with> oṉṟu �oṉṟi-�
<Row Tam d990 oṉṟi (-pp-, -tt-) to unite; <i>n.</i> singleness, one who is alone> oṉṟi �-pp-� -tt-�
<Row Tam d990 oṟṟi (-pp-, -tt-) to be united with, be odd (as numbers)> oṟṟi �-pp-� -tt-�
<Row Kota d990 ond- (ondy-) (things) grow together, (persons) are reconciled; intimacy arises> ond- �ondy-�
<Row Kota d990 ot- (oty-) to be friendly> ot- �oty-�
<Row Toda d990 wïḏ (obl. wïḏn- one> vɨḏ �obl� vɨḏn
<Row Toda d990 wïn-) one> vɨn-�
<Row Toda d990 wïḏi· alone> vɨḏi�
<Row Kodagu d990 onna·ndï one day> onna�ndɨ
<Row Tam d991 oruṅku (oruṅki-) to sink, decline, become reduced, be ruined, perish; <i>n.</i> suppression, restraint> oruŋku �oruŋki-�
<Row Tam d991 orukku (orukki-) to subdue, control, kill, slay> orukku �orukki-�
<Row Tam d993 oruvu (oruvi-) to abandon, renounce, pass over, escape, be excepted> oruvu �oruvi-�
<Row Kui d994 ori'i id., mouse. <i>> ori�i
<Row Tam d996 oli (-pp-, -tt-) to sound, roar; <i>n.</i> sound, noise, roar, speech> oli �-pp-� -tt-�
<Row Tam d996 ulampu (ulampi-) to make a noise, roar, thunder> ulampu �ulampi-�
<Row Tam d996 ōlu (ōli-) to make a noise> ōlu �ōli-�
<Row Kota d996 o·l a·ṭ- (a·c-) to drive round bullocks when threshing> o�l a�ṭ- �a�c-�
<Row Kannada d996 uli (ulid-) to sound, cry, utter, speak, say; <i>n.</i> sound, cry, word> uli �ulid-�
<Row Kurux d996 olᵒxnā (ulxyas) in phrase> olᵒxnā �ulxyas�
<Row Tam d997 oli (-v-, -nt-; -pp-, -tt-) to shoot forth, be luxuriant, prosper, thrive> oli �-v-� -nt-� -pp-� -tt-�
<Row Tam d998 oli (-pp-, -tt-) to wash as clothes, remove as dirt> oli �-pp-� -tt-�
<Row Kodagu d998 oli- (olip-, olic-) to wash (clothes)> oli- �olip-� olic-�
<Row Kodagu d998 olap- (olapi-) to wash (plates, pots)> olap- �olapi-�
<Row Kodagu d998 olamb- (olambi-) to gargle and spit out (water)> olamb- �olambi-�
<Row Toda d999 was̱f- (was̱t-) to defecate (of adults)> vas̱f- �vas̱t-�
<Row Toda d999 wa·l pił̣ drainage hole in wall (cf. 4317, esp. Ta.pur̤al,To.pïḷ)> va�l pił̣
<Row Parji d1001 olip- (olit-) to char, scorch> olip- �olit-�
<Row Tam d1003 olku (olki-) to shake, move, wave> olku �olki-�
<Row Tam d1003 ulukku (ulukki-) to shake (<i>tr.</i>, as a tree), tremble (as in an earthquake)> ulukku �ulukki-�
<Row Tam d1003 uluppu (uluppi-) to shake off, cause to shed (as fruit or leaves from a tree)> uluppu �uluppi-�
<Row Tam d1003 ulai (-v-, -nt-) to be disordered (as one's affairs), become unsettled, loose, degenerate in morals, be agitated in mind, be dispersed (as an assembly, army), wander about> ulai �-v-� -nt-�
<Row Tam d1003 ulai (-pp-, -tt-) to throw into disorder, unsettle, ruin, harass (as a demon); <i>n.</i> flurry, excitement, agitation> ulai �-pp-� -tt-�
<Row Kodagu d1003 oli- (oliv-, oliñj-) (fruit) drops from tree in large quantities> oli- �oliv-� oliñj-�
<Row Tam d1004 olku (olki-) to grow weak or faint, pine, be disheartened, become reduced, slender, thin, be emaciated> olku �olki-�
<Row Tam d1004 oṟku (oṟki-) to be deficient, be wanting, fall short, droop> oṟku �oṟki-�
<Row Kota d1006 ola·d bad> ola�d
<Row Kota d1006 ola·pm bad return for good action, refusing to keep a bargain> ola�pm
<Row Toda d1006 walo(Q) bad> valo���
<Row Toda d1006 üs̱- (üs̱y-) to long for> ys̱- �ys̱y-�
<Row Telugu d1006 valacu (neg. gerund ollaka) to love, wish, desire> valacu �neg� gerund ollaka�
<Row Kui d1006 oṛpa (oṛt-) to pine for, lust after; <i>n.</i> desire, lust (or with 691 Ta.ur̤uval)> oṛpa �oṛt-�
<Row Tam d1007 ollu (olli-) to mend (as a net), braid (as a basket)> ollu �olli-�
<Row Tam d1009 or̤i (-v-, -nt-) to cease, be finished, ended, die, be settled, decided, be empty, unoccupied> oṛ̆i �-v-� -nt-�
<Row Tam d1009 or̤i (-pp-, -tt-) to finish, bring to an end, destroy, expel, empty> oṛ̆i �-pp-� -tt-�
<Row Tam d1009 or̤iccu (or̤icci-) to put an end to, banish, vacate, destroy> oṛ̆iccu �oṛ̆icci-�
<Row Tam d1009 oy (-v-, -nt-) to wipe out, efface; be off, escape> oy �-v-� -nt-�
<Row Toda d1009 wïḍy- (wïḍs-) to be separated from (-k) by predeceasing or not surviving or by others predeceasing, leave behind> vɨḍy- �vɨḍs-�
<Row Toda d1009 oḍy- (oḍc-) to be separated from (-k) by predeceasing or not surviving or by others predeceasing, leave behind> oḍy- �oḍc-�
<Row Toda d1009 wïḍy- (wïḍc-) to put by, save> vɨḍy- �vɨḍc-�
<Row Kodagu d1009 oḷi- (oḷiv-, oḷiñj-) to halt for night, dwell> oḷi- �oḷiv-� oḷiñj-�
<Row Kodagu d1009 oy- (oyp-, oyc-) to exhaust, finish (song-word; ? &lt; Ma.)> oy- �oyp-� oyc-�
<Row Tam d1010 or̤uku (or̤uki-) to flow, leak, trickle down> oṛ̆uku �oṛ̆uki-�
<Row Tam d1010 or̤ukku (or̤ukki-) to cause to drop, drip; <i>n.</i> leaking, dripping, flowing> oṛ̆ukku �oṛ̆ukki-�
<Row Kota d1010 ok- (oky-) to ooze, (liquid, e.g. blood) pours out> ok- �oky-�
<Row Toda d1010 waṛf- (waṛt-) (po·x blood) flows (or with 5221 Ta> vaṛf- �vaṛt-� �po�x
<Row Toda d1010 vaṭi) > vaṭi�
<Row Kodagu d1010 okk- (okki-) to flow, float away, be carried away by stream> okk- �okki-�
<Row Tam d1011 or̤uku (or̤uki-) to be arranged in regular order, act according to laws; <i>n.</i> land record, register> oṛ̆uku �oṛ̆uki-�
<Row Tam d1011 or̤uṅku (or̤uṅki-) to be regular or in order; place in line, set in order; <i>n.</i> row, line, order, regularity, propriety, regulation> oṛ̆uŋku �oṛ̆uŋki-�
<Row Tam d1012 or̤ukku (or̤ukki-) to draw out, as gold thread> oṛ̆ukku �oṛ̆ukki-�
<Row Kota d1012 oṛk- (oṛky-) to embroider> oṛk- �oṛky-�
<Row Toda d1012 wïṛk- (wïṛky-) id> vɨṛk- �vɨṛky-�
<Row Pengo d1012 ṛoc- (-c-) to sew; plait, weave> ṛoc- �-c-�
<Row Kui d1012 osa (osi-) to sew, weave; <i>n.</i> sewing, weaving> osa �osi-�
<Row Kui d1012 pl. action oska (oski-) > pl� action oska �oski-�
<Row Kuwi d1012 oh'nai to mesh> oh�nai
<Row Kuwi d1012 huc- (-it-) to weave> huc- �-it-�
<Row Parji d1013 oṛ- (oṛt-) to be able. <i>> oṛ- �oṛt-�
<Row Gadaba d1013 oṛ- (oṛt-) > oṛ- �oṛt-�
<Row Tam d1015 oḷi (-v-, -nt-) to hide, steal away> oḷi �-v-� -nt-�
<Row Tam d1015 oḷi (-pp-, -tt-) to hide, conceal, disguise; lie hid; <i>n.</i> hiding, lurking-place, screeen, cover for a fowler, decoy animal> oḷi �-pp-� -tt-�
<Row Kota d1015 oyḷ- (oḷc-) to hide> oyḷ- �oḷc-�
<Row Toda d1015 wïł̣y- (wïł̣c-) to hide> vɨł̣y- �vɨł̣c-�
<Row Kodagu d1015 oḷi- (oḷip-, oḷic-) to hide> oḷi- �oḷip-� oḷic-�
<Row salur d1015 olp- (olup-) to hide <i>> olp- �olup-�
<Row Tam d1016 oḷir (-v-, -nt-) to shine> oḷir �-v-� -nt-�
<Row Tam d1016 oḷiṟu (oḷiṟi-) to shine> oḷiṟu �oḷiṟi-�
<Row Kodagu d1018 oḷḷe pa·mbï water-snake> oḷḷe pa�mbɨ
<Row Tam d1019 oṟu (-pp-, -tt-) to dislike, be disgusted with, rebuke, punish, suppress (as the desires), mortify (as the body)> oṟu �-pp-� -tt-�
<Row Tam d1019 uṟai (-pp-, -tt-) to rebuke, disgrace> uṟai �-pp-� -tt-�
<Row Tam d1021 oṟṟu (oṟṟi-) to press, hug close, stamp (as a seal), press down, press upon, attack, apply fomentation; <i>n.</i> fomentation> oṟṟu �oṟṟi-�
<Row Tam d1021 ottu (otti-) to place in contact with, foment> ottu �otti-�
<Row Kota d1021 ot- (oty-) to blow (bellows); (dangerous illness) becomes very bad> ot- �oty-�
<Row Kodagu d1021 ott- (otti-) to press, squeeze> ott- �otti-�
<Row Kodagu d1021 otta·ya urging> otta�ya
<Row Kuwi d1021 uh'nai to press. DED(S) 859> uh�nai
<Row Tam d1022 oṟṟu (oṟṟi-) to spy out; <i>n.</i> espionage, a spy> oṟṟu �oṟṟi-�
<Row Tam d1022 oṟṟuvi (-pp-, -tt-) to keep oneself informed of events through spies> oṟṟuvi �-pp-� -tt-�
<Row Kurux d1024 on'nā to be sharp, cut> on�nā
<Row Kota d1025 orba·d > orba�d
<Row Kota d1025 onba·d id> onba�d
<Row Kota d1025 patrmba·d nineteen> patrmba�d
<Row Kota d1025 potrmba·d nineteen> potrmba�d
<Row Kota d1025 orba· calg nine calg measures> orba� calg
<Row Toda d1025 wïnboQ (wïnbo before nouns) nine> vɨnbo� �vɨnbo
<Row Toda d1025 pu·ṇboQ nineteen> pu�ṇbo�
<Row Toda d1025 e·ṇ boQ ninety> e�ṇ bo�
<Row Toda d1025 wïnbo nu·ṟ 900> vɨnbo nu�ṟ
<Row Kodagu d1025 ombay nu·rï 900> ombay nu�rɨ
<Row Tam d1029 ōkkāḷi (-pp-, -tt-) to retch, vomit> ōkkāḷi �-pp-� -tt-�
<Row Tam d1029 ōṅku (ōṅki-) to retch, vomit> ōŋku �ōŋki-�
<Row Tam d1029 ōṅkāri (-pp-, -tt-) to retch, vomit> ōŋkāri �-pp-� -tt-�
<Row Tam d1029 ōṅkāḷi (-pp-, -tt-) to retch, vomit> ōŋkāḷi �-pp-� -tt-�
<Row OIA d1029 *ōkk -. DED(S) 866> �ōkk
<Row Kurux d1031 ōgnā (ūgyas) to swim, float> ōgnā �ūgyas�
<Row Kurux d1031 ōgta'ānā to make swim, float (trees, etc.)> ōgta�ānā
<Row Kota d1032 o·garv- (o·gard-) to listen without speaking, be silent when called, keep silent (*o·g-+ 1258*karv-to lie hidden)> o�garv- �o�gard-�
<Row Toda d1032 o·x to hear (a song-word)> o�x
<Row Tam d1033 ōṅku (ōṅki-) to grow, rise high (as a tree), ascend (as a flame), be lofty, spread, be exalted, dignified, increase in wealth or renown; lift up, raise (as arm, weapon, pestle)> ōŋku �ōŋki-�
<Row Tam d1033 ōkku (ōkki-) to raise, lift up, cause to rise> ōkku �ōkki-�
<Row Tam d1033 ōccu (ōcci-) to raise in order to strike> ōccu �ōcci-�
<Row Tam d1033 ōppu (ōppi-) to raise> ōppu �ōppi-�
<Row Kota d1033 o·k- (o·yk-) to raise (hand to strike, corpse on to fire)> o�k- �o�yk-�
<Row Toda d1033 wï·k- (wï·ky-) to aim> vɨ�k- �vɨ�ky-�
<Row Kota d1036 o·j noise whose origin is not seen. DED(S) 873> o�j
<Row Kui d1037 ōspa (ōst-) to be bright, shine, glitter, give light> ōspa �ōst-�
<Row Kuwi d1037 ojjam'ni pōda a pretty girl> ojjam�ni pōda
<Row Kuwi d1037 ōjali turh'nai to rig> ōjali turh�nai
<Row Kuwi d1037 I may look nice. DEDS 125> �
<Row Tam d1041 ōṭu (ōṭi-) to run, flee, sail, operate (as the mind), happen, be defeated> ōṭu �ōṭi-�
<Row Tam d1041 ōṭṭu (ōṭṭi-) to cause to run, propel, steer, drive away, destroy, darn> ōṭṭu �ōṭṭi-�
<Row Kota d1041 o·ṛ- (o·c-) to run> o�ṛ- �o�c-�
<Row Kota d1041 o·ṭ act of running> o�ṭ
<Row Toda d1041 wï·ḍ- (wï·ḍy-) to run> vɨ�ḍ- �vɨ�ḍy-�
<Row Toda d1041 wï·ṭ act of running> vɨ�ṭ
<Row Toda d1041 wï·ṯ- (wï·ṯy-) to drive calf from udder by hitting it under the chin (*ōṭṭ-to cause to run; forṯ, MBE 1974b, p. 44, n. 20)> vɨ�ṯ- �vɨ�ṯy-�
<Row Kodagu d1041 o·ḍ- (o·ḍi-) to run> o�ḍ- �o�ḍi-�
<Row Kui d1041 ḍunja (ḍunji-) to start, start forth, break cover, come to light, attempt; <i>n.</i> starting forth, attempt> ḍunja �ḍunji-�
<Row Kui d1041 pl. action ḍuska (ḍuski-); ḍuspa (ḍust-) to cause to start forth, drive out of cover, bring to light, remind; <i>n.</i> driving of game or enemy. DED(S, N) 877> pl� action ḍuska �ḍuski-�� ḍuspa �ḍust-�
<Row Tam d1042 ōṭu (obl. ōṭṭ- ) shell (of egg, tortoise, crab), tile, potsherd, earthen vessel, skull> ōṭu �obl� ōṭṭ
<Row Kota d1042 o·ṛ (obl. o·ṭ-) shell, tile, potsherd, skull> o�ṛ �obl� o�ṭ-�
<Row Toda d1042 wï·ṛ (obl. wï·ṭ-) tile, skull, shell (of snail)> vɨ�ṛ �obl� vɨ�ṭ-�
<Row Kodagu d1042 o·ḍï tortoise shell, skull, wide circular dish> o�ḍɨ
<Row Kota d1043 e·ṛ (obl. e·ṭ-) sp. <i>> e�ṛ �obl� e�ṭ-�
<Row Kota d1043 o·ṛ (obl. o·ṭ-) sp. <i>> o�ṛ �obl� o�ṭ-�
<Row Kota d1043 Ochlandra </i> (thin bamboo-like plant)> �cʰlandra
<Row Toda d1043 wa·ṛ id> va�ṛ
<Row Toda d1043 wa·ṭ mïł̣ shoots of bamboo (formïł̣, see 4997)> va�ṭ mɨł̣
<Row Kodagu d1043 o·ṭe reed> o�ṭe
<Row Kannada d1044 Garcinia pictoria </i> Roxb., the Mysore gamboge tree> �arcinia pictoria
<Row Tulu d1044 G. cambogia </i> DED 880> �� cambogia
<Row Kodagu d1046 o·ṇi lane leading to house> o�ṇi
<Row Kodagu d1049 o·di share. DED 884> o�di
<Row Kurux d1051 uinā (uyyas) to marry> uinā �uyyas�
<Row Tam d1052 ōtu (ōti-) to read, recite, utter mantras, repeat prayers, speak, declare> ōtu �ōti-�
<Row Tam d1052 ōtuvi (-pp-, -tt-) to teach the Vedas, instruct> ōtuvi �-pp-� -tt-�
<Row Kota d1052 o·d- (o·dy-) to read, pronounce (charms), learn> o�d- �o�dy-�
<Row Kota d1052 o·t a charm> o�t
<Row Toda d1052 wï·Q- (wï·Qy-) to read> vɨ��- �vɨ��y-�
<Row Toda d1052 wï·t incantation> vɨ�t
<Row Kodagu d1052 o·d (o·di-) to read> o�d �o�di-�
<Row Tam d1053 Chamaeleo vulgaris </i>; bloodsucker lizard> �hamaeleo vulgaris
<Row Tam d1053 Calotes versicolor; ōti bloodsucker lizard> �alotes versicolor� ōti
<Row Toda d1053 wï·č large jungle lizard> vɨ�č
<Row Kodagu d1053 o·ndi chameleon> o�ndi
<Row Kodagu d1053 o·tike·të chameleon> o�tike�tə
<Row Kannada d1054 Ligusticum </i> (or> �igusticum
<Row Telugu d1054 S. ammi </i>> �� ammi
<Row Telugu d1054 P. ajowan </i>> �� ajovan
<Row M d1054 ō̃vā L. ajwaen bishop's weed, or the seed of it, <i>> ō̃vā �� ajvaen
<Row M d1054 S. ammi. [C. copticum </i> Benth. = <i>> �� ammi� ��� copticum
<Row M d1054 L. ajawain </i> Fleming = <i>> �� ajavain
<Row M d1054 L. ajouan </i> Roxb. = <i>> �� ajouan
<Row M d1054 P. ajowan </i> DC. = <i>> �� ajovan
<Row M d1054 S. ammi </i> Jacq.] DED 890> �� ammi
<Row Tam d1056 ōmpu (ōmpi-) to protect, cherish, bring up> ōmpu �ōmpi-�
<Row Tam d1057 ōy (-v-, -nt-) to cease, come to an end, expire, perish, be diminished, reduced, become tired, weary, weak, rest> ōy �-v-� -nt-�
<Row Tam d1057 ōvu (ōvi-) to cease, terminate, become extinct; <i>n.</i> cessation> ōvu �ōvi-�
<Row Tam d1057 oci (-v-, -nt-) to suffer, become weary> oci �-v-� -nt-�
<Row Tam d1059 ōr (-v-, -nt-) to consider attentively, examine, know> ōr �-v-� -nt-�
<Row Tam d1059 ōr (-pp-, -tt-) to consider, select, choose, think, regard, listen attentively> ōr �-pp-� -tt-�
<Row Kota d1059 o·riḍ- (o·riṭ-) to listen> o�riḍ- �o�riṭ-�
<Row Toda d1059 wï·rïḍ- (wï·rïṭ-) id. (this form is of the perseverative aspect: to listen in spite of all difficulties)> vɨ�rɨḍ- �vɨ�rɨṭ-�
<Row Kota d1060 o·ry flat ground beyond bank of stream> o�ry
<Row salur d1061 ōrg- (ōrug-) to call. DED(S) 895> ōrg- �ōrug-�
<Row Toda d1062 wï·ry steep hillside> vɨ�ry
<Row Kodagu d1062 o·re slanting> o�re
<Row Tam d1063 ōrmi (-pp-, -tt-) to be courageous> ōrmi �-pp-� -tt-�
<Row Kuwi d1063 orh'nai to endure> orh�nai
<Row Kurux d1064 ōrta'ānā to warm, heat> ōrta�ānā
<Row Kolami d1066 o·l- (o·lt-) to see, look at> o�l- �o�lt-�
<Row Kota d1070 o·l palm leaf, ornaments worn on body> o�l
<Row Toda d1070 wa·l writing, education> va�l
<Row Kodagu d1070 o·le screw-pine leaf, writing on screw-pine leaf, woman's ear-ring> o�le
<Row Tam d1071 ō (-pp-, -tt-) to copulate> ō �-pp-� -tt-�
<Row Kodagu d1071 o·ḷ- (o·p-, o·t-) to have sexual intercourse with> o�ḷ- �o�p-� o�t-�
<Row Kannada d1075 esp. vain desire > esp� vain desire
<Row Kota d1077 peṇ gakadg Pogostemon Plectranthus macraei <i> ('our k.')> peṇ gakadg �ogostemon �lectrantʰus macraei
<Row Kota d1077 ka·ṛ gakadg <i>> ka�ṛ gakadg
<Row Kota d1077 Pl. nepetaefolius </i> ('jungle k.')> �l� nepetaefolius
<Row Toda d1077 kakaQx Pogostemon speciosum </i><i> <div>  > kaka�x �ogostemon speciosum
<Row Tam d1079 kakku (kakki-) to vomit, eject; <i>n.</i> whooping cough> kakku �kakki-�
<Row Kota d1079 kak- (kaky-) to cough, regurgitate> kak- �kaky-�
<Row Kota d1079 kakc- (kakc-) to make to cough> kakc- �kakc-�
<Row Toda d1079 kak- (kaky-) to vomit> kak- �kaky-�
<Row Toda d1079 kakc- (kakč-) to make to vomit> kakc- �kakč-�
<Row Kodagu d1079 kakk- (kakki-) to vomit> kakk- �kakki-�
<Row Konda d1079 kak- (-t-) id> kak- �-t-�
<Row Pengo d1079 kak- (-t-) id> kak- �-t-�
<Row Manda d1079 intens. kabga- > intens� kabga
<Row Kuwi d1079 kakv- (-it-) id> kakv- �-it-�
<Row Kui d1080 kapka (&lt; kak-p-; kakt-) ) to laugh, laugh at, ridicule; <i>n.</i> laughter, ridicule> kapka ��lt� kak-p-� kakt-�
<Row sunkar d1080 kak- (-h-) > kak- �-h-�
<Row Kuwi d1080 kakh'nai to laugh> kakʰ�nai
<Row Kannada d1081 kakki Cassia fistula L> kakki �assia fistula
<Row Kodagu d1081 kë·kï id. DED(N) 910> kə�kɨ
<Row Kurux d1082 refl.-pass. xakkhrnā > refl�-pass� xakkʰrnā
<Row Tam d1087 kacaṅku (kacaṅki-) to be squeezed, crumpled; be displeased, hurt in mind> kacaŋku �kacaŋki-�
<Row Tam d1087 kacakku (kacakki-) to rub, bruise between the fingers or hands, squeeze, crumple; harass, annoy; <i>n.</i> squeezing, bruising> kacakku �kacakki-�
<Row Tam d1087 kayaṅku (kayaṅki-) to be squeezed by the hand, bruised, mashed> kayaŋku �kayaŋki-�
<Row Tam d1087 kayakku (kayakki-) to squeeze in the hand, bruise, mash> kayakku �kayakki-�
<Row Kurux d1087 khacnā (khaccas) to squeeze soft matter (e.g. grains) into a compact mass by pressing, trampling upon, working inside with a stick. DED 915> kʰacnā �kʰaccas�
<Row Pengo d1088 kanj- (kanc-) to be dirty, become dirty> kanj- �kanc-�
<Row Pengo d1088 kanj- (kanc-) to be dirty, become dirty> kanj- �kanc-�
<Row Kota d1088 kacp- (kacpy-) to be exposed to pollution (funeral, disease), have forbidden sexual intercourse> kacp- �kacpy-�
<Row Toda d1088 kasp- (kaspy-) to break rules of the sacred dairies> kasp- �kaspy-�
<Row Kota d1089 gaj-va·yṇ man who talks nonsensically (va·ymouth)> gaj-va�yṇ
<Row Telugu d1089 gay&lt;-&gt; āḷincu to behave as a termagant> gay�lt�-�gt� āḷincu
<Row Telugu d1089 gayy&lt;-&gt; āḷincu to behave as a termagant> gayy�lt�-�gt� āḷincu
<Row Kui d1089 fem. kāsali > fem� kāsali
<Row Konda d1090 kas- (-t-) to be lit (as fire), burn> kas- �-t-�
<Row Konda d1090 kasis- (-t-) to light (lamp, fire). <i>> kasis- �-t-�
<Row Kuwi d1090 (S </i> p. 78> ��
<Row Kuwi d1090 Voc </i> p. 78> �oc
<Row Tam d1091 kaci (-v-, -nt-) to ooze out (as moisture from a wall), perspire, weep> kaci �-v-� -nt-�
<Row Kolami d1092 p. 78) kasur > p� ��� kasur
<Row Telugu d1093 Citrus bergamia </i> (cf. <i><xref="dbia">DBIA</xref="dbia"></i> 229)> �itrus bergamia
<Row Tam d1097 kaccu (kacci-) to bite, gnaw, nibble (nursery)> kaccu �kacci-�
<Row Toda d1097 koc- (koč-) to bite> koc- �koč-�
<Row Kui d1097 kasa (kasi-) to bite, sting; <i>n.</i> a bite, sting> kasa �kasi-�
<Row Kui d1097 pl. action kaska (kaski-) > pl� action kaska �kaski-�
<Row sunkar d1097 kacc- (-it-) to bite> kacc- �-it-�
<Row Parji d1099 kañcip- (kañcit-) to fasten bullock to yoke. <i>> kañcip- �kañcit-�
<Row pottangi d1099 kanuyk- (kanuyt-) to yoke bullocks to cart or plough. <i>> kanuyk- �kanuyt-�
<Row salur d1099 kanuyk- (kanuyt-) to yoke bullocks to cart or plough. <i>> kanuyk- �kanuyt-�
<Row Pengo d1099 gac- (-c-) to tie, bind> gac- �-c-�
<Row Manda d1099 geh- (-t-) to bind> geh- �-t-�
<Row Kui d1099 gaspa (gast-) to tie a knot, hang, suspend; <i>n.</i> hanging, suspension, suicide by hanging> gaspa �gast-�
<Row Kui d1099 gah- (gast-) to tie. <i>> gah- �gast-�
<Row Kui d1102 kaja (kaji-) to be congealed, solidified by growing cold> kaja �kaji-�
<Row Kui d1102 ganja (ganji-) to solidify, coagulate, become solid> ganja �ganji-�
<Row Kui d1102 pl. action gaska (gaski-) > pl� action gaska �gaski-�
<Row Kota d1107 kaj ni·r water poured off rice> kaj ni�r
<Row Tam d1109 kaṭa (-pp-, -nt-) to pass through, traverse, cross, exceed, excel, win, overcome, transgress; go, proceed, pass (as time, water, clouds, etc.)> kaṭa �-pp-� -nt-�
<Row Tam d1109 kaṭattu (kaṭatti-) to cause to go, drive, transport, pass (as time); <i>n.</i> boat> kaṭattu �kaṭatti-�
<Row Tam d1109 kaṭavu (kaṭavi-) to cause to go, drive, ride, dispatch, discharge (as a missile); <i>n.</i> way, path, direction> kaṭavu �kaṭavi-�
<Row Tam d1109 kaṭāvu (kaṭāvi-) to discharge (as missiles), ride, drive, drive in (as a nail, peg, wedge), urge> kaṭāvu �kaṭāvi-�
<Row Tam d1109 kaṭācu (kaṭāci-) to drive (as a nail), throw> kaṭācu �kaṭāci-�
<Row Tam d1109 kiṭācu (kiṭāci-) to drive (as a nail), throw> kiṭācu �kiṭāci-�
<Row Kota d1109 kaṛv- (kaṛd-) to cross (river), come out or leave (house), (years) pass; (sun, moon) rises> kaṛv- �kaṛd-�
<Row Kota d1109 kaṛt- (kayt- to make to cross, send off> kaṛt- �kayt
<Row Kota d1109 kaṛty-) to make to cross, send off> kaṛty-�
<Row Kota d1109 me·-ki·- (&lt; *kay-; me·-kaṛt-) to get up (cf. 5086> me�-ki�- ��lt� �kay-� me�-kaṛt-�
<Row Tam d1109 to make to get up; kaṛv cattle-path through bushes, ford> to make to get up� kaṛv
<Row Toda d1109 kaḍ- (kaḍQ-) to leave, pass, cross> kaḍ- �kaḍ�-�
<Row Toda d1109 kaṛt- (kaṛty-) to send, take across> kaṛt- �kaṛty-�
<Row Toda d1109 kaḍ fo·y corner of mouth (forpo·y, see 5352)> kaḍ fo�y
<Row Toda d1109 kaḍ xo·l mox last-born son (forko·l, see 1479)> kaḍ xo�l mox
<Row Kodagu d1109 kaḍa- (kaḍap-, kaḍand-) to cross> kaḍa- �kaḍap-� kaḍand-�
<Row Kodagu d1109 kaḍat- (kaḍati-) to take across> kaḍat- �kaḍati-�
<Row Parji d1109 kaḍa (pl. kaḍel) end, side> kaḍa �pl� kaḍel�
<Row Parji d1109 kaḍp- (kaḍt-) to cross> kaḍp- �kaḍt-�
<Row Parji d1109 kaḍ- (kaṭṭ-) to throw (normally used as aux. vb.). <i>> kaḍ- �kaṭṭ-�
<Row Gadaba d1109 karp- (kart-) to cross> karp- �kart-�
<Row salur d1109 kar- (kaṭ-) to drop, give birth to. <i>> kar- �kaṭ-�
<Row Konda d1109 gaṛvi- (-t-) to go beyond the boundary of a village, fail a promise, disregard (elder's words)> gaṛvi- �-t-�
<Row Konda d1109 nā- (-t-) to cross (&lt;*ṇā-&lt;*gṇā-)> nā- �-t-�
<Row Konda d1109 nāv- (-it-) to cross (&lt;*ṇā-&lt;*gṇā-)> nāv- �-it-�
<Row Pengo d1109 nā- (-t-) to cross> nā- �-t-�
<Row Kui d1109 gṛāsa (gṛāsi-) to pass something over or through, pass a thing through the outstretched legs> gṛāsa �gṛāsi-�
<Row Kui d1109 gṛāpa (gṛāt-) to cross, cross over, ford, pass by; <i>n.</i> act of crossing, fording, passing by> gṛāpa �gṛāt-�
<Row Kui d1109 ḍṛāpa (ḍṛāt-) to step over, overflow; <i>n.</i> step, sill, threshold. <i>> ḍṛāpa �ḍṛāt-�
<Row Kuwi d1109 gla'nai to pass, cross (river)> gla�nai
<Row Kurux d1109 kaṛta'ānā to take across; pass over, skip over> kaṛta�ānā
<Row Kurux d1109 kaṭta'ānā to take across; pass over, skip over> kaṭta�ānā
<Row Tam d1110 kaṭakaṭa- (-pp-, -tt-) to rattle (as a pin in a jewel)> kaṭakaṭa- �-pp-� -tt-�
<Row OIA d1110 *gaḍagaḍa- no. 4419> �gaḍagaḍa
<Row OIA d1110 *ghaḍaghaḍa- also cf> �gʰaḍagʰaḍa
<Row Tam d1110 kaṭakaṭa- (-pp-, -tt-) to rattle (as a pin in a jewel)> kaṭakaṭa- �-pp-� -tt-�
<Row OIA d1110 *gaḍagaḍa- no. 4419> �gaḍagaḍa
<Row OIA d1110 *ghaḍaghaḍa- also cf> �gʰaḍagʰaḍa
<Row OIA d1112 *gaḍa-baḍa- confused. DED 933> �gaḍa-baḍa
<Row Kannada d1114 Rusa aristotelis; kaḍiti a kind of deer or elk> �usa aristotelis� kaḍiti
<Row gowda d1114 kaḍE stag> kaḍ�
<Row Kannada d1116 kaḍavoḍa N. cadamba Roxb> kaḍavoḍa �� cadamba
<Row OIA d1116 Skt. kadamba- Miq. = <i>> �kt� kadamba
<Row OIA d1116 kalamba-. [A. cadamba Miq. = <i>> kalamba-� ��� cadamba
<Row OIA d1116 N. cadamba </i> Roxb.] DED(N) 937> �� cadamba
<Row M d1117 gā̃ndhīl (māśī) gadfly or other fly of which the bite occasions a bump. DED(S, N) 938> gā̃ndʰīl �māśī�
<Row Mal d1120 kaṭala. ? > kaṭala� �
<Row Kota d1120 kacl (kaṭalai &gt; *kaṛly &gt; *kaṛyl &gt; kacl) > kacl �kaṭalai �gt� �kaṛly �gt� �kaṛyl �gt� kacl�
<Row Tam d1121 kaṭalai Melastoma malabathricum Indian rhododendron. <i>> kaṭalai �elastoma malabatʰricum
<Row Kota d1123 kaṛc na·g buffalo calf between two and three years> kaṛc na�g
<Row Kota d1123 ke·v calf of buffalo or cow, under one year (? &lt;*kṛe·v); ? ke·n im, ke·no·ṛ imbuffalo with its calf> ke�v
<Row Kota d1123 ke·n a·v cow with its calf. ?> ke�n a�v
<Row Kota d1123 ke·no·ṛ a·v cow with its calf. ?> ke�no�ṛ a�v
<Row Kui d1123 ḍrāḍu (pl. ḍrāṭka) id> ḍrāḍu �pl� ḍrāṭka�
<Row OIA d1123 *kaḍḍa- DED(S) 943> �kaḍḍa
<Row Tam d1124 kaṭi (-pp-, -tt-) to bite, bite off, bite and eat, gnaw, nibble, champ, hurt; <i>n.</i> biting, scar of a bite> kaṭi �-pp-� -tt-�
<Row Kota d1124 kayṛ- (kaṛc-) to bite> kayṛ- �kaṛc-�
<Row Toda d1124 koṛy- (koṛc-) to have desire to scratch> koṛy- �koṛc-�
<Row Kodagu d1124 kaḍi- (kaḍip-, kaḍic-) to bite> kaḍi- �kaḍip-� kaḍic-�
<Row Konda d1124 kaṭ- (-t-) to bite, sting; (hunger, thirst) to be felt> kaṭ- �-t-�
<Row Pengo d1124 in: ṭaḍaŋ kaṭ- to gnash the teeth> in� ṭaḍaŋ kaṭ
<Row Tam d1125 kaṭi (-v-, -nt-) to cut away; (-pp-, -tt-) to cut into pieces> kaṭi �-v-� -nt-�
<Row Kurux d1125 xaṭṭnā (xaṭṭyas) to divide, separate in several sets or parts, portion out. DED(S) 946> xaṭṭnā �xaṭṭyas�
<Row Tam d1126 kaṭi (-v-, -nt-) to reprove, rebuke, chide> kaṭi �-v-� -nt-�
<Row Telugu d1131 kaḍise Cluytia collina DED 948> kaḍise �luytia collina
<Row Kuwi d1132 klā'ni tiger, leopard> klā�ni
<Row sunkar d1132 kṛaˀ ni (pl. -ŋa) tiger> kṛaˀ ni �pl� -ŋa�
<Row bisam d1132 kṛaˀ ni (pl. -ŋa) tiger> kṛaˀ ni �pl� -ŋa�
<Row Kota d1133 kaṛva·ḷm reins> kaṛva�ḷm
<Row Toda d1133 kaḍoṇm (obl. kaḍoṇt-) id> kaḍoṇm �obl� kaḍoṇt-�
<Row Toda d1134 koṛ ko·y gall-nut (? ink-nut, myrobalan)> koṛ ko�y
<Row maria d1134 kakā (? kahkā) id. (<i>Voc.</i> 540). <i>> kakā �� kahkā�
<Row Konda d1134 kaRka id. <i>> ka�ka
<Row Tam d1135 kaṭu (-pp-, -tt-) to throb and pain (as from sting, venomous bite, prick, toothache), ache (as from rheumatism, colic, dysentery, the leg from walking, head from carrying load, arm from writing), be too highly seasoned, pungent, be angry, indignant, wroth, move swiftly; <i>n.</i> bitterness, pungency, poison, astringency; severe, cruel, harsh, extreme> kaṭu �-pp-� -tt-�
<Row Tam d1135 kaṭukaṭu (-pp-, -tt-) to throb (as from the sting of a scorpion), be too highly seasoned, show signs of anger (as by sour looks, harsh words)> kaṭukaṭu �-pp-� -tt-�
<Row Tam d1135 kaṭuku (kaṭuki-) to move fast, blow hard as wind, increase> kaṭuku �kaṭuki-�
<Row Tam d1135 kaṭai (-v-, -nt-) to increase, as the passion of love> kaṭai �-v-� -nt-�
<Row Toda d1136 kaṛQas̱ first-born (k. moxfirst-born son,k. xu·xfirst-born daughter)> kaṛ�as̱
<Row Toda d1136 kaṛQas̱ fi·ṟ first pregnancy> kaṛ�as̱ fi�ṟ
<Row Tam d1137 Brassica juncea </i>, mustard seed> �rassica juncea
<Row betul d1139 kuddum (pl. kudduhk) the ball of mahua and flour which Gonds take on journeys as provisions (<i>Voc.</i> 734; &lt; Te.)> kuddum �pl� kudduhk�
<Row Tam d1141 kaṭai (-v-, -nt-) to churn, turn in lathe, mash to pulp (as vegetables with the bowl of a ladle)> kaṭai �-v-� -nt-�
<Row Kota d1141 kaṛv- (kaṛd-) to churn> kaṛv- �kaṛd-�
<Row Toda d1141 kaṛ- (kaṛQ-) to churn> kaṛ- �kaṛ�-�
<Row Kodagu d1141 kaḍe- (kaḍev-, kaḍand-) to grind with mortar and pestle> kaḍe- �kaḍev-� kaḍand-�
<Row Tulu d1141 kạdcilů a turning lathe> k�dcilɯ
<Row Konda d1141 karas- (-t-) to stir with ladle> karas- �-t-�
<Row Kui d1141 kaṛsa (kaṛsi-) to knead; <i>n.</i> act of kneading> kaṛsa �kaṛsi-�
<Row Toda d1144 koṭyxo·ṟn clever person> koṭyxo�ṟn
<Row Kodagu d1144 fem. gëṭṭigati > fem� gəṭṭigati
<Row betul d1145 kaṭṭul (obl. kaṭṭud-, pl. kaṭṭuhk) bed, cot> kaṭṭul �obl� kaṭṭud-� pl� kaṭṭuhk�
<Row muria d1145 kaṭṭul (obl. kaṭṭud-, pl. kaṭṭuhk) bed, cot> kaṭṭul �obl� kaṭṭud-� pl� kaṭṭuhk�
<Row Kota d1146 kaṭo·ḷ wall of temple compound> kaṭo�ḷ
<Row Tam d1147 kaṭṭu (kaṭṭi-) to tie, fasten, build, wear, put on, bind by spells, marry, shut up, store, hug, compare with, be equal; <i>n.</i> tie, band, fastening, regulations, custom, building, marriage, bundle, packet, dam, causeway> kaṭṭu �kaṭṭi-�
<Row Kota d1147 kaṭ- (kac-) to tie, build, manage (house), be equal> kaṭ- �kac-�
<Row Kota d1147 kaṭaṛm (obl. kaṭaṛt- ) wall of brick or stone> kaṭaṛm �obl� kaṭaṛt
<Row Kota d1147 kaṭma·nm caste custom, order given> kaṭma�nm
<Row Toda d1147 koṭ- (koṭy-) to tie, build, kill by witchcraft, obstruct, hug, manage (a house)> koṭ- �koṭy-�
<Row Toda d1147 tü·l goṭy and> ty�l goṭy
<Row Toda d1147 po·l goṭy (for which see 2698> po�l goṭy
<Row Kodagu d1147 këṭṭ- (këṭṭi-) to tie, build> kəṭṭ- �kəṭṭi-�
<Row Kolami d1147 kaṭ- (kaṭt-) to tie, build> kaṭ- �kaṭt-�
<Row Konda d1147 gaṭu (pl. gaṭku ) bund, bank (of river, tank, etc.)> gaṭu �pl� gaṭku
<Row sunkar d1147 gaṭṭu (pl. gaṭka) bund of field> gaṭṭu �pl� gaṭka�
<Row Kuwi d1147 gāttū (pl. gāttūŋa, gātka) boundary> gāttū �pl� gāttūŋa� gātka�
<Row Tam d1148 kaṭṭu (kaṭṭi-) to harden, consolidate, congeal, coagulate, be congested (as the throat), swell (as a boil, tumour); <i>n.</i> boil, abscess, tumour; firmness, strength> kaṭṭu �kaṭṭi-�
<Row Kota d1148 kaṭ-ka·vl close watch> kaṭ-ka�vl
<Row Toda d1148 koṭ- (koṭy-) (blister) to form, swell> koṭ- �koṭy-�
<Row Kodagu d1148 kaṭṭi mo·rï curd (cf. 4902 Ta.mucar)> kaṭṭi mo�rɨ
<Row Kui d1148 ḍṛahpa (ḍṛaht-) to be hard, stiff, difficult, troublesome; <i>n.</i> hardness, stiffness, difficulty, trouble> ḍṛahpa �ḍṛaht-�
<Row Kuwi d1148 adv. gattininga. ? > adv� gattininga� �
<Row Kurux d1148 kaṛᵃrnā (kaṛryas) to congeal, freeze, be paralysed with fear. ?> kaṛᵃrnā �kaṛryas�
<Row Tam d1149 kaṭṭu (kaṭṭi-) to remit, pay up> kaṭṭu �kaṭṭi-�
<Row Kota d1149 kaṭ- (kac-) to pay, pay off> kaṭ- �kac-�
<Row Toda d1149 koṭ- (koṭy-) to pay (revenue tax, fine, offering to temple)> koṭ- �koṭy-�
<Row Tam d1151 fem. kaṭṭaicci > fem� kaṭṭaicci
<Row Kota d1151 kaḍ pi· constipated stool. <i>> kaḍ pi�
<Row OIA d1151 *gāṇṭa- short, stunted (Burrow 1967, p. 41); cf. also> �gāṇṭa
<Row Irula d1154 ebbukaṭṭe Strobilanthes conehead (forebbu, cf. 4411 Ko. peb a profuse flowering of> ebbukaṭṭe �trobilantʰes
<Row AluKurumba d1154 Strobil- </i>> �trobil
<Row Toda d1154 kaṭ Strobilanthes flower. Ka> kaṭ �trobilantʰes
<Row Toda d1154 kaṭṭe Strobilanthes DED 968> kaṭṭe �trobilantʰes
<Row Parji d1156 gaḍḍom (pl. gaḍḍocil) beard, moustache> gaḍḍom �pl� gaḍḍocil�
<Row Parji d1156 gaḍḍal (pl beard. <i>> gaḍḍal �pl
<Row koya d1156 gaḍḍok (pl.) id., chin> gaḍḍok �pl��
<Row Konda d1156 gaḍemku (pl.) beard. <i>> gaḍemku �pl��
<Row Kolami d1159 kan (pl. kanḍl) eye, small hole in ground, cave> kan �pl� kanḍl�
<Row Naikri d1159 kan (pl. kanḍḷ) eye, spot in peacock's tail> kan �pl� kanḍḷ�
<Row Naiki d1159 kan (pl. -l) eye. <i>> kan �pl� -l�
<Row Parji d1159 kan (pl. kanul) eye. <i>> kan �pl� kanul�
<Row Gadaba d1159 kaṇ (pl. kaṇkul) id> kaṇ �pl� kaṇkul�
<Row Gadaba d1159 kaṇa (pl. kaṇul) hole> kaṇa �pl� kaṇul�
<Row salur d1159 kanu (pl. kankul) eye. <i>> kanu �pl� kankul�
<Row betul d1159 kan (pl. kank) id> kan �pl� kank�
<Row adil d1159 kaṛ (pl. kaṛk) id> kaṛ �pl� kaṛk�
<Row Pengo d1159 kaṇga (pl. -ŋ, kaṇku) id> kaṇga �pl� -ŋ� kaṇku�
<Row Manda d1159 kan (pl. -ke) id> kan �pl� -ke�
<Row Kui d1159 kanu (pl. kan-ga) > kanu �pl� kan-ga�
<Row Kui d1159 kanu (pl. kaṛka) id. <i>> kanu �pl� kaṛka�
<Row Kuwi d1159 kannū (pl. karňka) > kannū �pl� karňka�
<Row Kuwi d1159 kannu (pl. kanka) > kannu �pl� kanka�
<Row sunkar d1159 kanu (pl. kaṇka) id> kanu �pl� kaṇka�
<Row bisam d1159 kanu (pl. kaṇka) id> kanu �pl� kaṇka�
<Row Kolami d1159 kan (pl. kanḍl) eye, small hole in ground, cave> kan �pl� kanḍl�
<Row Naikri d1159 kan (pl. kanḍḷ) eye, spot in peacock's tail> kan �pl� kanḍḷ�
<Row Naiki d1159 kan (pl. -l) eye. <i>> kan �pl� -l�
<Row Parji d1159 kan (pl. kanul) eye. <i>> kan �pl� kanul�
<Row Gadaba d1159 kaṇ (pl. kaṇkul) id> kaṇ �pl� kaṇkul�
<Row Gadaba d1159 kaṇa (pl. kaṇul) hole> kaṇa �pl� kaṇul�
<Row salur d1159 kanu (pl. kankul) eye. <i>> kanu �pl� kankul�
<Row betul d1159 kan (pl. kank) id> kan �pl� kank�
<Row adil d1159 kaṛ (pl. kaṛk) id> kaṛ �pl� kaṛk�
<Row Pengo d1159 kaṇga (pl. -ŋ, kaṇku) id> kaṇga �pl� -ŋ� kaṇku�
<Row Manda d1159 kan (pl. -ke) id> kan �pl� -ke�
<Row Kui d1159 kanu (pl. kan-ga) > kanu �pl� kan-ga�
<Row Kui d1159 kanu (pl. kaṛka) id. <i>> kanu �pl� kaṛka�
<Row Kuwi d1159 kannū (pl. karňka) > kannū �pl� karňka�
<Row Kuwi d1159 kannu (pl. kanka) > kannu �pl� kanka�
<Row sunkar d1159 kanu (pl. kaṇka) id> kanu �pl� kaṇka�
<Row bisam d1159 kanu (pl. kaṇka) id> kanu �pl� kaṇka�
<Row Kota d1159 ka ṇi·r > ka ṇi�r
<Row Kota d1159 kaṇ ṇi·r > kaṇ ṇi�r
<Row Toda d1159 keṇi·r > keṇi�r
<Row betul d1159 kānēr (pl. kānehk) > kānēr �pl� kānehk�
<Row mandla d1159 kānēr (pl. kānehk) > kānēr �pl� kānehk�
<Row Kui d1159 kanḍru (pl. -ka) > kanḍru �pl� -ka�
<Row Kuwi d1159 kandrū (pl. -ŋa) > kandrū �pl� -ŋa�
<Row Telugu d1160 ganupu (ganapu, genapu, genupu) > ganupu �ganapu� genapu� genupu�
<Row Telugu d1160 gunupu = gaṇupu > gunupu � gaṇupu
<Row Tam d1162 kaṇakaṇa (-pp-, -tt-) to sound, rattle, jingle, tinkle> kaṇakaṇa �-pp-� -tt-�
<Row OIA d1162 *ghanaghana- (or*ghaṇaghaṇa-). DEDS (N) 148> �gʰanagʰana
<Row Parji d1165 kaṛcid (pl. kaṛcil) wood for fuel> kaṛcid �pl� kaṛcil�
<Row Gadaba d1165 kaṛsid (pl. kaṛsil) > kaṛsid �pl� kaṛsil�
<Row Kota d1166 kaṇki·t sickle (i.e. handle +katyknife)> kaṇki�t
<Row Tam d1171 Rhizophora mucronata </i>; dichotomous mangrove> �hizopʰora mucronata
<Row gowda d1171 gEṇḍE bulbous root> g�ṇḍ�
<Row Kodagu d1171 ila·ti kaṇḍe sweet potato (ila·tiEngland)> ila�ti kaṇḍe
<Row Kota d1172 kaṇḍo·n man not related to one> kaṇḍo�n
<Row Kota d1172 fem. kaṇḍo·ḷ > fem� kaṇḍo�ḷ
<Row Kodagu d1172 fem. kaṇḍava ?> fem� kaṇḍava
<Row Naikri d1173 gaṛek (pl. -er) man, male> gaṛek �pl� -er�
<Row Kota d1175 kaṇṭ-po·t flesh of hind thigh of animal> kaṇṭ-po�t
<Row Kota d1175 kaṇṭ-ka·l calf of leg> kaṇṭ-ka�l
<Row betul d1175 khānḍum (pl. khānḍk) > kʰānḍum �pl� kʰānḍk�
<Row Kuwi d1176 gandranga rath'nai to cut in pieces> gandranga ratʰ�nai
<Row Gondi d1180 fem. gānḍke > fem� gānḍke
<Row Kodagu d1183 këṇi- (këṇiv-, këṇiñj-) to get stuck, caught; (këṇip-, këṇic-) to entangle, get into trouble> kəṇi- �kəṇiv-� kəṇiñj-�
<Row Tam d1184 kaṇṇu (kaṇṇi-) to be attached to, be fastened to> kaṇṇu �kaṇṇi-�
<Row Tam d1186 katavu (katavi-) to be angry with, be displeased with, quarrel with; <i>n.</i> anger, wrath> katavu �katavi-�
<Row Tam d1186 katar̤ (-v-, -nt-) to be angry with, displeased with, be furious> kataṛ̆ �-v-� -nt-�
<Row Tam d1186 kati (-pp-, -tt-) to be angry with> kati �-pp-� -tt-�
<Row Kolami d1186 ka·ti (? kaati) anger, hate. <i>> ka�ti �� kaati�
<Row Tam d1188 katar̤ (-v-, -nt-) to be hasty, run swiftly> kataṛ̆ �-v-� -nt-�
<Row Tam d1188 katalu (katali-) to move, shake> katalu �katali-�
<Row Tam d1188 kati (-pp-, -tt-) to hasten, move rapidly> kati �-pp-� -tt-�
<Row Mal d1188 kadartu (d not> kadartu �d
<Row Kota d1188 gadb- (gadby-) to hurry> gadb- �gadby-�
<Row Naikri d1188 kadal- (-t-) to move> kadal- �-t-�
<Row Konda d1188 kadli- (-t-) to shake, stir, move. DED(S, N) 999> kadli- �-t-�
<Row Tam d1189 kataṟu (kataṟi-) to cry aloud from pain or grief, shriek, scream, roar, yell> kataṟu �kataṟi-�
<Row Tam d1191 kati (-pp-, -tt-) to become large, grow big, abound, be superior to> kati �-pp-� -tt-�
<Row Tam d1193 katir (-pp-, -tt-) to shine, glow, become manifest, abound, increase; <i>n.</i> ray of light, beam, light> katir �-pp-� -tt-�
<Row Tam d1197 katukku (katukki-) to gorge, glut> katukku �katukki-�
<Row BettaKurumba d1199 1.11) kadvāya cheek> � kadvāya
<Row Tam d1200 katuvu (katuvi-) to seize, grasp, take more than a proper share of> katuvu �katuvi-�
<Row Kannada d1200 fem. kadiki > fem� kadiki
<Row Tam d1201 katuvu (katuvi-) to be troubled, perturbed> katuvu �katuvi-�
<Row Tam d1202 katuvu (katuvi-) to pare, slice off, whittle, strip off (as fibres from a nut), chisel> katuvu �katuvi-�
<Row Kota d1204 kati·r- (katrc- &lt> kati�r- �katrc
<Row Kota d1204 katy-tayr, katy-tarc-) to cut> katy-tayr� katy-tarc-�
<Row Kota d1204 kaṇki·t sickle (forkaṇ, see 1166)> kaṇki�t
<Row Tam d1206 kattu (katti-) to caw, screech, chatter, yelp, growl, bray, bleat, croak, cry, scream, babble, roar; <i>n.</i> crying, bawling, chattering> kattu �katti-�
<Row Kota d1207 kat- (katy-) to burn (<i>intr.</i>); light (lamp)> kat- �katy-�
<Row Kota d1207 katc- (katc-) to set fire to> katc- �katc-�
<Row Toda d1207 kot- (koty-) (fire) burns with flame, glitter, flash; light (lamp)> kot- �koty-�
<Row Kodagu d1207 katt- (katti-) to burn with a blaze> katt- �katti-�
<Row Kolami d1208 katk- (katakt-) to strike down (man), break down (tree)> katk- �katakt-�
<Row Konda d1208 kat- (-t-) to cut down (tree) with an axe, fell> kat- �-t-�
<Row Konda d1208 katki- (-t-) to cut down (trees)> katki- �-t-�
<Row Pengo d1208 kat- (-t-) to cut (with axe)> kat- �-t-�
<Row Kui d1208 kata (kati-) to cut down, fell, cut, hew> kata �kati-�
<Row Kui d1208 pl. action katka (katki-) > pl� action katka �katki-�
<Row bisam d1208 katt- (-it-) > katt- �-it-�
<Row Kuwi d1208 kat- (-it-) to cut (trees, bushes, etc.)> kat- �-it-�
<Row Kuwi d1208 katk- (-it-) to chop into pieces> katk- �-it-�
<Row Mal d1209 kandāyam (d not> kandāyam �d
<Row Kota d1209 kandi·g revenue money> kandi�g
<Row Tam d1212 kenti (-pp-, -tt-) to hop, skip> kenti �-pp-� -tt-�
<Row Tam d1212 kentu (kenti-) to hop, skip> kentu �kenti-�
<Row sunkar d1212 get- (-it-) to dance> get- �-it-�
<Row Telugu d1213 Cajanus indicus; pl. kandulu > �ajanus indicus� pl� kandulu
<Row pottangi d1213 kardi (pl. -l) id. <i>> kardi �pl� -l�
<Row seoni d1213 kandi (pl. -hku) tuar pulse (&lt; Te.; <i>Voc.</i> 502)> kandi �pl� -hku�
<Row Parji d1215 kandi (pl. -l) necklace, beads. <i>> kandi �pl� -l�
<Row pottangi d1215 kandi (pl. -l) bead, (<i>pl.</i>) necklace> kandi �pl� -l�
<Row Tam d1221 kappu (kappi-) to overspread (as a cloud)> kappu �kappi-�
<Row Tam d1221 kavi (-v-, -nt-) to cover, overspread, overshadow, surround> kavi �-v-� -nt-�
<Row Tam d1221 kavi (-pp-, -tt-) to cover (as with an umbrella), overshade, cover over (as an arch)> kavi �-pp-� -tt-�
<Row Tam d1221 kammu (kammi-) to be overcast, cloudy, gloomy, dark> kammu �kammi-�
<Row Kota d1221 kavc- (kavc-) to cover with a garment> kavc- �kavc-�
<Row Toda d1221 kofc- (kofč-) to cover; to be in great numbers, (crowd) comes in great numbers> kofc- �kofč-�
<Row Toda d1221 kofy- (kofs-) to surround in great numbers or on all sides (e.g. people, fire)> kofy- �kofs-�
<Row Konda d1221 kap- (-t-) (clouds) to overcast the sky. <i>> kap- �-t-�
<Row Kuwi d1221 kaph'nai to outflank> kapʰ�nai
<Row OIA d1221 *khappa- cover (Burrow 1967, p. 41). DED (S, N) 1024> �kʰappa
<Row Tam d1222 kappu (kappi-) to gorge, cram into mouth> kappu �kappi-�
<Row Tam d1222 kavvu (kavvi-) to seize with the mouth, grasp with eagerness; <i>n.</i> bite, seizing by the mouth (as dog), eating> kavvu �kavvi-�
<Row Tam d1222 kauvu (kauvi-) to seize with the mouth, grasp with eagerness; <i>n.</i> bite, seizing by the mouth (as dog), eating> kauvu �kauvi-�
<Row Kodagu d1222 kabb- (kabbi-) to seize with wide-open mouth (of dogs, tigers, etc.)> kabb- �kabbi-�
<Row Pengo d1222 kap- (-t-) to bite> kap- �-t-�
<Row Manda d1222 kap- (-t-) id> kap- �-t-�
<Row Kui d1222 kappa (kapt-) to swallow liquid hastily, gulp, drink> kappa �kapt-�
<Row Kuwi d1222 kap- (-it-) to eat fast like a dog> kap- �-it-�
<Row Kuwi d1222 gab- (-it-) to eat fast> gab- �-it-�
<Row Kurux d1222 habka'ānā to bite> habka�ānā
<Row Mal d1222 morsel; kavaḷuka to gargle, swallow> morsel� kavaḷuka
<Row Mal d1222 kava·ḷm offering of plantain fruits to gods by stuffing them into diviners' mouths> kava�ḷm
<Row Kannada d1222 pill; kabaḷisu to eat, gulp, devour; Te> pill� kabaḷisu
<Row OIA d1223 *khappa- hole (Burrow 1967, p. 41). DED(S, N) 1026> �kʰappa
<Row Kuwi d1224 po·ke id. (Probably*kVppokk. . .&gt;*kpōk. . . &gt;pōke; cf. Ko. and Konḍa.) DED(S, N) 1027> po�ke
<Row Telugu d1230 caus. kamalincu > caus� kamalincu
<Row Tam d1231 kamaṟu (kamaṟi-) to feel a pungent sensation as that produced by chillies on the fire> kamaṟu �kamaṟi-�
<Row Kota d1234 ganjgu·ly id> ganjgu�ly
<Row betul d1234 kākṛing (pl.) armpits (? &lt; H., Mar.kākh). DED(N) 1034> kākṛing �pl��
<Row OIA d1242 kuruvinda-. [Pennisetum typhoideum Rich. = <i>> kuruvinda-� ��ennisetum typʰoideum
<Row OIA d1242 Panicum spicatum </i> Roxb. = <i>> �anicum spicatum
<Row Kolami d1243 gappal (pl.) a set of baskets> gappal �pl��
<Row Tam d1246 kammu (kammi-) to become hoarse, be rough or jarring (as a wind instrument)> kammu �kammi-�
<Row Tam d1247 kamakama (-pp-, -tt-) to be very fragrant> kamakama �-pp-� -tt-�
<Row Tam d1247 kamar̤ (-v-, -nt-) to emit fragrance> kamaṛ̆ �-v-� -nt-�
<Row Kurux d1247 gamgam-amba'anā to perfume, impregnate with a sweet odour> gamgam-amba�anā
<Row Tam d1247 kamakama (-pp-, -tt-) to be very fragrant> kamakama �-pp-� -tt-�
<Row Tam d1247 kamar̤ (-v-, -nt-) to emit fragrance> kamaṛ̆ �-v-� -nt-�
<Row Kurux d1247 gamgam-amba'anā to perfume, impregnate with a sweet odour> gamgam-amba�anā
<Row Tam d1249 kaya (-pp-, -nt-) to be bitter; abhor, loathe, detest> kaya �-pp-� -nt-�
<Row Tam d1249 kai (-pp-, -tt-) to be bitter, astringent, unpleasant; dislike, be angry with, hate> kai �-pp-� -tt-�
<Row Tam d1249 kaca (-pp-, -nt-) to taste bitter, be embittered, disgusted> kaca �-pp-� -nt-�
<Row Kota d1249 kac- (kac-) to be bitter> kac- �kac-�
<Row Kota d1249 kac va·y mouth when it has bitter taste from beer, etc> kac va�y
<Row Toda d1249 koy- (koc-) to be bitter> koy- �koc-�
<Row Kodagu d1249 kay- (kayp-, kayc-) to be bitter> kay- �kayp-� kayc-�
<Row Telugu d1249 cē̃du (cē̃ti-) bitterness; bitter> cē̃du �cē̃ti-�
<Row Kolami d1249 se·nd bitter> se�nd
<Row Parji d1249 kēp- (kēt-) to be sour or bitter> kēp- �kēt-�
<Row betul d1249 (Gramm p. 65> ��ramm
<Row Pengo d1249 ke- (-t-) to be bitter> ke- �-t-�
<Row Tam d1250 fem. kayatti; kayavu baseness, meanness, theft, pillage> fem� kayatti� kayavu
<Row Mal d1252 Cyprinus; kayyan a river fish> �yprinus� kayyan
<Row Naiki d1252 kayye (pl. -l) id> kayye �pl� -l�
<Row Kota d1254 ki·r-na·ṇ rope> ki�r-na�ṇ
<Row Kodagu d1254 ke·rï rope> ke�rɨ
<Row Kodagu d1254 ce·ri coconut fibre, coir. <i>> ce�ri
<Row Kolami d1256 kayŋg- (kayaŋkt-) to laugh> kayŋg- �kayaŋkt-�
<Row Naiki d1256 kayman (pl. kaymar) husband's younger brother, wife's younger brother. ? <i>> kayman �pl� kaymar�
<Row Pengo d1256 gṟay- (-t-) to laugh. ?> gṟay- �-t-�
<Row Tam d1258 kara (-pp-, -nt-) to conceal, steal; hide (<i>intr.</i>), lie hidden, keep oneself out of sight> kara �-pp-� -nt-�
<Row Kota d1258 o·garv- (o·gard-) to listen without speaking, be silent when called, keep silent (*o·g-[see 1032] +*karv-to lie hidden)> o�garv- �o�gard-�
<Row Toda d1258 kar- (karQ-) to steal, hide> kar- �kar�-�
<Row Toda d1258 kar naṛ- (naṛQ-) to have sexual intercourse stealthily (fornaṛ-, see 3582)> kar naṛ- �naṛ�-�
<Row Toda d1263 ka·ṛ id> ka�ṛ
<Row Toda d1263 ka·ṛïk wïḍ black (lit. which is like a bear); (Su. 1977, p. 1)> ka�ṛɨk vɨḍ
<Row Kota d1265 kako·ṭ hoe with sharp, broad blade (for-ko·ṭ, see 2064)> kako�ṭ
<Row Tam d1268 karaṇṭu (karaṇṭi-) to paw (as a dog), gnaw (as a rat), scrape> karaṇṭu �karaṇṭi-�
<Row Kannada d1270 Corypha umbraculifera </i> Lin> �orypʰa umbraculifera
<Row Tulu d1271 S. hirtus </i> DED 1068> �� hirtus
<Row Kui d1273 krēmbu (pl. krēpka) sore, wound. DEDS 165> krēmbu �pl� krēpka�
<Row Kota d1274 kavi·r stomach (internal organ; for-vi·r, see 5259). ?> kavi�r
<Row Toda d1274 ko·ł̣ friend (ego·ł̣my friend,tan go·ł̣his friend) (cf. the meaning 'love' in Ka.; for*arV&gt;o·, Emeneau, <i>TPS</i> 1957, pp. 60ff.)> ko�ł̣
<Row Kui d1277 krāḍa (krāḍi-) to be greedy, avaricious; <i>n.</i> greediness, avarice. DEDS(N) 166> krāḍa �krāḍi-�
<Row Tam d1278 karukku (karukki-) to darken by heat, burn, scorch, toast, fry> karukku �karukki-�
<Row Tam d1278 karuku (karuki-) to be scorched, blackened by fire or sun, become dark in evening> karuku �karuki-�
<Row Tam d1278 kari (-v-, -nt-) to be charred, scorched, become black> kari �-v-� -nt-�
<Row Tam d1278 kari (-pp-, -tt-) to char; <i>n.</i> charcoal, charred wood, lampblack> kari �-pp-� -tt-�
<Row Mal d1278 vb. n </i>> vb� n
<Row Mal d1278 karivu; karimpu dark colour, grey> karivu� karimpu
<Row Toda d1278 kary- (kars-) to be singed, scorched, fried too much> kary- �kars-�
<Row Toda d1278 kaga·ṟf darkness (-ga·ṟfin 1395)> kaga�ṟf
<Row Toda d1278 ka-pic Jasminum bignoniaceum (see 4139); ?> ka-pic �asminum bignoniaceum
<Row Toda d1278 koš fïṛ- (fïṭ-) to dawn (lit, the darkness goes away); ?> koš fɨṛ- �fɨṭ-�
<Row Toda d1278 ka·y maḍ the blackheaded one (i.e. the Toda; in song;maḍhead) (Su. 1976, p. 91; or with 1494 Ta.kār̤)> ka�y maḍ
<Row Toda d1278 ka·ye maḍ the blackheaded one (i.e. the Toda; in song;maḍhead) (Su. 1976, p. 91; or with 1494 Ta.kār̤)> ka�ye maḍ
<Row Kodagu d1278 kari- (kariv-, kariñj-) to be singed> kari- �kariv-� kariñj-�
<Row Tulu d1278 fem. karguḍi > fem� karguḍi
<Row Parji d1278 kerip- (kerit-) > kerip- �kerit-�
<Row Parji d1278 kervip- (kervit-) id. <i>> kervip- �kervit-�
<Row Kui d1278 grīpa (grīt-) to cremate the dead; <i>n.</i> cremation> grīpa �grīt-�
<Row Tam d1278 karukku (karukki-) to darken by heat, burn, scorch, toast, fry> karukku �karukki-�
<Row Tam d1278 karuku (karuki-) to be scorched, blackened by fire or sun, become dark in evening> karuku �karuki-�
<Row Tam d1278 kari (-v-, -nt-) to be charred, scorched, become black> kari �-v-� -nt-�
<Row Tam d1278 kari (-pp-, -tt-) to char; <i>n.</i> charcoal, charred wood, lampblack> kari �-pp-� -tt-�
<Row Mal d1278 vb. n </i>> vb� n
<Row Mal d1278 karivu; karimpu dark colour, grey> karivu� karimpu
<Row Toda d1278 kary- (kars-) to be singed, scorched, fried too much> kary- �kars-�
<Row Toda d1278 kaga·ṟf darkness (-ga·ṟfin 1395)> kaga�ṟf
<Row Toda d1278 ka-pic Jasminum bignoniaceum (see 4139); ?> ka-pic �asminum bignoniaceum
<Row Toda d1278 koš fïṛ- (fïṭ-) to dawn (lit, the darkness goes away); ?> koš fɨṛ- �fɨṭ-�
<Row Toda d1278 ka·y maḍ the blackheaded one (i.e. the Toda; in song;maḍhead) (Su. 1976, p. 91; or with 1494 Ta.kār̤)> ka�y maḍ
<Row Toda d1278 ka·ye maḍ the blackheaded one (i.e. the Toda; in song;maḍhead) (Su. 1976, p. 91; or with 1494 Ta.kār̤)> ka�ye maḍ
<Row Kodagu d1278 kari- (kariv-, kariñj-) to be singed> kari- �kariv-� kariñj-�
<Row Tulu d1278 fem. karguḍi > fem� karguḍi
<Row Parji d1278 kerip- (kerit-) > kerip- �kerit-�
<Row Parji d1278 kervip- (kervit-) id. <i>> kervip- �kervit-�
<Row Kui d1278 grīpa (grīt-) to cremate the dead; <i>n.</i> cremation> grīpa �grīt-�
<Row Tam d1278 karukku (karukki-) to darken by heat, burn, scorch, toast, fry> karukku �karukki-�
<Row Tam d1278 karuku (karuki-) to be scorched, blackened by fire or sun, become dark in evening> karuku �karuki-�
<Row Tam d1278 kari (-v-, -nt-) to be charred, scorched, become black> kari �-v-� -nt-�
<Row Tam d1278 kari (-pp-, -tt-) to char; <i>n.</i> charcoal, charred wood, lampblack> kari �-pp-� -tt-�
<Row Mal d1278 vb. n </i>> vb� n
<Row Mal d1278 karivu; karimpu dark colour, grey> karivu� karimpu
<Row Toda d1278 kary- (kars-) to be singed, scorched, fried too much> kary- �kars-�
<Row Toda d1278 kaga·ṟf darkness (-ga·ṟfin 1395)> kaga�ṟf
<Row Toda d1278 ka-pic Jasminum bignoniaceum (see 4139); ?> ka-pic �asminum bignoniaceum
<Row Toda d1278 koš fïṛ- (fïṭ-) to dawn (lit, the darkness goes away); ?> koš fɨṛ- �fɨṭ-�
<Row Toda d1278 ka·y maḍ the blackheaded one (i.e. the Toda; in song;maḍhead) (Su. 1976, p. 91; or with 1494 Ta.kār̤)> ka�y maḍ
<Row Toda d1278 ka·ye maḍ the blackheaded one (i.e. the Toda; in song;maḍhead) (Su. 1976, p. 91; or with 1494 Ta.kār̤)> ka�ye maḍ
<Row Kodagu d1278 kari- (kariv-, kariñj-) to be singed> kari- �kariv-� kariñj-�
<Row Tulu d1278 fem. karguḍi > fem� karguḍi
<Row Parji d1278 kerip- (kerit-) > kerip- �kerit-�
<Row Parji d1278 kervip- (kervit-) id. <i>> kervip- �kervit-�
<Row Kui d1278 grīpa (grīt-) to cremate the dead; <i>n.</i> cremation> grīpa �grīt-�
<Row Kota d1278 ka·r black> ka�r
<Row Kota d1278 ka·r may rain of SW. monsoon> ka�r
<Row Kota d1278 ka·rŋgal n.pr rock at> ka�rŋgal n�pr
<Row Kota d1278 Me·na·ṛ village> �e�na�ṛ
<Row Toda d1278 ko·r young grass at first rain after winter frosts. <i>> ko�r
<Row Parji d1279 kerba (pl. kerbel) egg. <i>> kerba �pl� kerbel�
<Row Mal d1282 Mimosa catechu; karumaram <i>Shorea robusta</i>; ebony> �imosa catecʰu� karumaram
<Row Kannada d1282 karimara D. melanoxylon Roxb> karimara �� melanoxylon
<Row Tulu d1282 Vatica laccifera </i> [for this as a <i>> �atica laccifera
<Row Tulu d1282 Shorea </i> sp., see 2473]> �horea
<Row Tam d1283 karutu (karuti-) to intend, recollect, suppose, consider, regard, desire, ponder> karutu �karuti-�
<Row Kota d1283 karnd- (karndy-) to prepare (to do), have great desire (to do)> karnd- �karndy-�
<Row Toda d1284 fem. konoḍyč; kaṟno·ṭ Carnatic; ancient, of ancient times> fem� konoḍyč� kaṟno�ṭ
<Row Toda d1287 kaš-tu·ṟ any bush about 3-4 feet high (cf. 3401)> kaš-tu�ṟ
<Row Tam d1288 karumpu (in cpds. karuppu-) sugar-cane> karumpu �in cpds� karuppu-�
<Row Tam d1291 karai (-v-, -nt-) to sound, roar, weep, lament, call, invite; (-pp-, -tt-) to call, summon> karai �-v-� -nt-�
<Row Kota d1291 karv- (kard-) to bellow, caw> karv- �kard-�
<Row Kota d1291 gagc- (gagc-) to make first tentative unmusical notes on clarinet when starting to play> gagc- �gagc-�
<Row Toda d1291 kar- (karQ-) to bellow> kar- �kar�-�
<Row Parji d1291 kerip- (kerit-) to cackle. <i>> kerip- �kerit-�
<Row Kurux d1291 xarxa'ānā to make ring, perform music> xarxa�ānā
<Row Tam d1292 karai (-v-, -nt-) to dissolve in water, be reduced from solid to liquid form, wear away (as soil by the action of water), become emaciated, become gradually attenuated> karai �-v-� -nt-�
<Row Tam d1292 karai (-pp-, -tt-) to dissolve in water (<i>tr.</i>), melt, liquefy, extirpate> karai �-pp-� -tt-�
<Row Kota d1292 karg- (kargy-) to dissolve, melt (<i>intr.</i>), be affected in the heart (by fear)> karg- �kargy-�
<Row Kota d1292 kark- (karky-) to dissolve, melt> kark- �karky-�
<Row Toda d1292 karx- (karxy-) to dissolve, melt> karx- �karxy-�
<Row Toda d1292 kark- (karky-) id> kark- �karky-�
<Row Kodagu d1292 kar- (kari-) to be digested> kar- �kari-�
<Row Kodagu d1292 karak- (karaki-) to digest; (Shanmugam) to dissolve> karak- �karaki-�
<Row Kota d1293 ka·ṛ field> ka�ṛ
<Row Tam d1297 kal (kaṟp-, kaṟṟ-) to learn, study, practise (as arts), acquire skill in the use of arms> kal �kaṟp-� kaṟṟ-�
<Row Tam d1297 kaṟpi (-pp-, -tt-) to teach, instruct> kaṟpi �-pp-� -tt-�
<Row Mal d1297 kalkka (kaṟṟ-) to learn> kalkka �kaṟṟ-�
<Row Kota d1297 kal- (kaṯ-) to learn> kal- �kaṯ-�
<Row Kota d1297 kalc- (kalc-) to teach> kalc- �kalc-�
<Row Kota d1297 kalyv (? kaḷyv) education> kalyv �� kaḷyv�
<Row Toda d1297 kal- (kaṯ-) to learn> kal- �kaṯ-�
<Row Toda d1297 kalc- (kalč-) to teach> kalc- �kalč-�
<Row Kannada d1297 kal (kalt-) to learn> kal �kalt-�
<Row Kannada d1297 kali (kalit-) to learn> kali �kalit-�
<Row Kolami d1297 karp- (karapt-) to learn, teach> karp- �karapt-�
<Row Kui d1297 grāmba (grāmbi-) to learn, study; <i>n.</i> act of learning, study> grāmba �grāmbi-�
<Row Kui d1297 grāppa (grāpt-) to teach, instruct, instigate; <i>n.</i> instruction, teaching, doctrine, instigation. <i>> grāppa �grāpt-�
<Row sunkar d1297 jāp- (-it-) to learn; (-h-) to teach> jāp- �-it-�
<Row Tam d1298 kal (kaṟ-, kaṉ-) stone, pebble, boulder, precious stone, milestone> kal �kaṟ-� kaṉ-�
<Row Telugu d1298 kallu (pl. kanḍlu) id> kallu �pl� kanḍlu�
<Row salur d1298 kanḍu (pl. kanḍkil) id. <i>> kanḍu �pl� kanḍkil�
<Row muria d1298 kal (obl. kad-, pl. kalk) > kal �obl� kad-� pl� kalk�
<Row maria d1298 kal (obl. kad-, pl. kalk) > kal �obl� kad-� pl� kalk�
<Row gommu d1298 kall (pl. kalku) > kall �pl� kalku�
<Row gommu d1298 kalli (pl. kalku) > kalli �pl� kalku�
<Row Pengo d1298 kal (pl. -ku) id> kal �pl� -ku�
<Row Tam d1299 kala (-pp-, -nt-) to mix (<i>intr., tr.</i>), unite in friendship, form friendly or matrimonial alliance with, copulate> kala �-pp-� -nt-�
<Row Tam d1299 kalacu (kalaci-) to mingle> kalacu �kalaci-�
<Row Tam d1299 kalavu (kalavi-) to mix <i>> kalavu �kalavi-�
<Row Tam d1299 kalāvu (kalāvi-) to mix, join together, unite> kalāvu �kalāvi-�
<Row Kota d1299 kalv- (kald-) to knead, mix (solid in water)> kalv- �kald-�
<Row Kota d1299 gal gu·ṛ (gu·c-) to join (<i>intr.</i>) in dense mass (or with 1303)> gal gu�ṛ �gu�c-�
<Row Toda d1299 kas̱f- (kas̱t-) to mix (rice and milk, rice and curry), feed (solid food to child)> kas̱f- �kas̱t-�
<Row Kodagu d1299 kala- (kalap-, kaland-) to knead> kala- �kalap-� kaland-�
<Row Kolami d1299 kalay- (kalayt-) to be mixed (liquids, grains)> kalay- �kalayt-�
<Row Kolami d1299 kalp- (kalapt-) to mix> kalp- �kalapt-�
<Row Konda d1299 kali- (-t-) to meet, come together, be mingled> kali- �-t-�
<Row Kuwi d1299 kal- (-h-) to mix together> kal- �-h-�
<Row Kuwi d1299 kalp- (-it-) to mix> kalp- �-it-�
<Row Kuwi d1299 kalh- (-it-) to copulate> kalh- �-it-�
<Row Tam d1300 kala (-pp-, -nt-) to appear, come into being, spread (as news)> kala �-pp-� -nt-�
<Row Tam d1300 kali (-pp-, -tt-) to grow luxuriantly, sprout, come into being, appear, increase; <i>n.</i> flourishing, prospering> kali �-pp-� -tt-�
<Row Kolami d1300 kal- (neg.) (presentfuture paradigm, present-future or past in meaning) possibly be, may be> kal- �neg��
<Row Konda d1300 kalgi- (-t-) to accrue as prosperity, happen. <i>> kalgi- �-t-�
<Row Tam d1302 kalakala (-pp-, -tt-) to reiterate in sound, rustle, tinkle, chink, clink, rattle> kalakala �-pp-� -tt-�
<Row Tam d1302 kali (-pp-, -tt-) to sound, clamour, roar; <i>n.</i> sound> kali �-pp-� -tt-�
<Row Tam d1302 kallu (kalli-) to cause to sound, as a drum> kallu �kalli-�
<Row Tam d1302 kaḷakaḷa (-pp-, -tt-) to rattle, chatter, gurgle> kaḷakaḷa �-pp-� -tt-�
<Row Kota d1302 gal gal in- (id-) (tree) shakes> gal gal in- �id-�
<Row Tam d1303 kalaṅku (kalaṅki-) to be stirred up, agitated, ruffled (as water), be confused, abashed> kalaŋku �kalaŋki-�
<Row Tam d1303 kalakku (kalakki-) to confuse, nonplus> kalakku �kalakki-�
<Row Tam d1303 kalāvu (kalāvi-) to be perturbed, confused, be displeased, angry> kalāvu �kalāvi-�
<Row Tam d1303 kalāy (-pp-, -tt-) to get angry, quarrel> kalāy �-pp-� -tt-�
<Row Tam d1303 kalur̤ (-v-, -nt-) to become turbid (as water), be disturbed in mind, weep; <i>n.</i> weeping, muddiness> kaluṛ̆ �-v-� -nt-�
<Row Tam d1303 kalir̤ (-v-, -nt-) to weep, be troubled in mind; <i>n.</i> muddy water> kaliṛ̆ �-v-� -nt-�
<Row Kota d1303 kalg- (kalgy-) to be mixed, confused in relationship> kalg- �kalgy-�
<Row Kota d1303 kalk- (kalky-) to mix> kalk- �kalky-�
<Row Kota d1303 gal gu·ṛ- (gu·c-) (storm) is violent and unceasing (or with 1299)> gal gu�ṛ- �gu�c-�
<Row Toda d1303 kalx- (kalxy-) to be stirred up (water so that it becomes muddy)> kalx- �kalxy-�
<Row Toda d1303 kalk- (kalky-) to stir up (water so that it becomes muddy)> kalk- �kalky-�
<Row Kodagu d1303 kalaŋg- (kalaŋgi-) to be stirred up> kalaŋg- �kalaŋgi-�
<Row Kodagu d1303 kalak- (kalaki-) to stir up, churn> kalak- �kalaki-�
<Row Kui d1303 glahpa (glaht-) to mix by stirring, stir, confuse, perplex, confound, cause to be confused; <i>n.</i> act of stirring, confusing. <i>> glahpa �glaht-�
<Row Kota d1305 kalm (obl. kalt-) clay pot in the making> kalm �obl� kalt-�
<Row Tam d1306 kalavari (-pp-, -tt-) to be confused, perturbed> kalavari �-pp-� -tt-�
<Row OIA d1306 *khalabhala- DED 1099> �kʰalabʰala
<Row Tam d1311 kalai (-v-, -nt-) to disperse (as an assembly, a defeated army), be scattered (as clouds), be ruined, wander in thought, be blurred (as writing on slate); (-pp-, -tt-) to disperse (<i>tr.</i>), break up, scatter, detach, exile, frustrate, erase (as writing on slate)> kalai �-v-� -nt-�
<Row Kota d1312 kal a·ṛ Nilgiri ibex. DED 1103> kal a�ṛ
<Row Kurux d1315 kalᵃgnā (kalgas > kalᵃgnā �kalgas
<Row Kurux d1315 kalgyas) > kalgyas�
<Row Tam d1319 kallu (kalli-) to dig out (as a hole), hollow (as a rat), excavate, scoop out (as a nut), erode> kallu �kalli-�
<Row Tam d1319 kellu (kelli-) to dig> kellu �kelli-�
<Row Kota d1319 kelv- (kelt-) to dig with fingers or paws> kelv- �kelt-�
<Row Kurux d1320 khapp'anā at one stroke, abruptly, unawares. DED(S) 1109> kʰapp�anā
<Row Kurux d1320 khapp'lē at one stroke, abruptly, unawares. DED(S) 1109> kʰapp�lē
<Row Tam d1325 kavar (-v-, -nt-) to separate into various channels, deviate, depart from instructions; churn (or with 1340); (-pp-, -tt-) to branch off (as roads), fork, bifurcate; <i>n.</i> bifurcated branch (as of tree or river), prong> kavar �-v-� -nt-�
<Row Tam d1325 kavai (-pp-, -tt-) to fork (as a branch); <i>n.</i> division, cleavage (as of hoof, a crab's claws), branch of a tree, forked stick, crossroads> kavai �-pp-� -tt-�
<Row Tam d1325 kappi (-pp-, -tt-) to fork as a branch> kappi �-pp-� -tt-�
<Row Kota d1325 kavc go·l forked stick used as potholder> kavc go�l
<Row Kannada d1325 kave = kaval > kave � kaval
<Row Tam d1326 kavar (-v-, -nt-) to seize, grasp, catch, steal, get control of, receive, experience, desire, have sexual connexion with> kavar �-v-� -nt-�
<Row Tam d1326 kavavu (kavavi-) to desire, embrace, copulate; <i>n.</i> copulation> kavavu �kavavi-�
<Row Tam d1326 kavai (-pp-, -tt-) to include, join with, embrace> kavai �-pp-� -tt-�
<Row Tam d1328 kaval (kavalv-, kavaṉṟ-) care, anxiety, distress, concern, interest, fear> kaval �kavalv-� kavaṉṟ-�
<Row Tam d1328 kavaṟṟu (kavaṟṟi-) to cause anxiety or sorrow> kavaṟṟu �kavaṟṟi-�
<Row Tam d1328 kavaṉi (-pp-, -tt-) to be attentive, attend to, heed, observe> kavaṉi �-pp-� -tt-�
<Row Tam d1328 kavi (-v-, -nt-) to be eagerly intent upon> kavi �-v-� -nt-�
<Row Tam d1333 kavi (-v-, -nt-) to break down (as the bank of a river), crash, fall> kavi �-v-� -nt-�
<Row Kota d1333 kavc- (kavc-) to unfasten, knock off (something fixed in place)> kavc- �kavc-�
<Row Toda d1333 köfy- (köfs-) to have piece broken off; (köfc-) to break piece off> køfy- �køfs-�
<Row Tam d1335 kavir̤ (-v-, -nt-) to be capsized, turned bottom upwards, bow one's head from modesty, shame, or confusion, stoop, bend down, be overthrown; (-pp-, -tt-) to turn over, capsize, overthrow, destroy, put a cover on> kaviṛ̆ �-v-� -nt-�
<Row Toda d1335 kof- (kofQ-) to be turned upside down; (koft-) to turn upside down> kof- �kof�-�
<Row Kodagu d1335 kaviⁿ- (kaviⁿv-, kaviⁿñj-) to bend or lie face downwards; (kaviⁿmp-, kaviⁿñc-) to turn face downwards> kaviⁿ- �kaviⁿv-� kaviⁿñj-�
<Row Tam d1340 kavar (-v-, -nt-) to churn (or with 1325 Ta.kavar)> kavar �-v-� -nt-�
<Row Tam d1341 kavar (-v-, -nt-) to call, summon> kavar �-v-� -nt-�
<Row Kurux d1344 kab'ā-kub'urnā to take short steps forward in a leaning position> kab�ā-kub�urnā
<Row Tam d1347 kar̤aṅku, kar̤al, kar̤aṟci, kar̤aṟ-kāy, bonducella) > kaṛ̆aŋku� kaṛ̆al� kaṛ̆aṟci� kaṛ̆aṟ-kāy� bonducella�
<Row gowda d1347 kəḷiñjikāy E molucca bean, <i>G. b.</i> Lin> kəḷiñjikāy �
<Row Telugu d1347 gacca C. b bonduc. [<i>Caesalpinia = Guilandina.</i>] DED(N) 1134> gacca �� b
<Row Telugu d1347 gracca C. b bonduc. [<i>Caesalpinia = Guilandina.</i>] DED(N) 1134> gracca �� b
<Row Tam d1349 kar̤al (kar̤alv-, kar̤aṉṟ-) to become loose (as a fastening, shoe, handle, hair, part of any mechanism), be unhinged, slip off, slough off, become extricated, disentangled, be put out of joint, fall out (as a loose tooth)> kaṛ̆al �kaṛ̆alv-� kaṛ̆aṉṟ-�
<Row Tam d1349 kar̤aṟṟu (kar̤aṟṟi-) to unfasten, loosen, un&lt;-&gt; hinge, dislocate, unlock, disentangle, extricate, strip, take off, divest, remove> kaṛ̆aṟṟu �kaṛ̆aṟṟi-�
<Row Tam d1349 kar̤ālu (kar̤āli-) to become loose> kaṛ̆ālu �kaṛ̆āli-�
<Row Tam d1349 kar̤i (-v-, -nt-) to be removed; (-pp-, -tt-) to remove, strip off> kaṛ̆i �-v-� -nt-�
<Row Kota d1349 kakc- (kakc-) to snatch or pull hastily> kakc- �kakc-�
<Row Toda d1349 ka·l- (ka·ḏ-) to fall from height, (fruit, leaves) fall from tree> ka�l- �ka�ḏ-�
<Row Toda d1349 ka·ṯ- (ka·ṯy-) to make to fall from tree, pluck, shed (tears); ?> ka�ṯ- �ka�ṯy-�
<Row Toda d1349 kakc- (kakč-) to take off (hinges of box)> kakc- �kakč-�
<Row Kodagu d1349 kay- (kayp-, kayc-) to remove, undo (knot)> kay- �kayp-� kayc-�
<Row Pengo d1349 kṛaŋ- (kṛaŋt-) to be or become loose> kṛaŋ- �kṛaŋt-�
<Row Pengo d1349 kṛaŋg- (kṛaŋt-) to be or become loose> kṛaŋg- �kṛaŋt-�
<Row Kui d1349 kṛenga (kṛengi-) to be shaken, shake> kṛenga �kṛengi-�
<Row Tam d1350 kar̤al (kar̤alv-, kar̤aṉṟ-) to protrude, bulge out, pass through (as an arrow)> kaṛ̆al �kaṛ̆alv-� kaṛ̆aṉṟ-�
<Row Kota d1350 kaṛv- (kaṛd-) to be stretched, protrude through hole (e.g. piles)> kaṛv- �kaṛd-�
<Row Kota d1350 kaṛt- (kaṛty-) to make to protrude through hole> kaṛt- �kaṛty-�
<Row gowda d1350 gaḷalE swelling of a gland> gaḷal�
<Row Toda d1353 ko·ly sp. bamboo (largest type)> ko�ly
<Row Parji d1353 karri (pl. karrul ) bamboo shoot. <i>> karri �pl� karrul
<Row Tam d1354 kar̤aṟu (kar̤aṟi-) to thunder> kaṛ̆aṟu �kaṛ̆aṟi-�
<Row Kolami d1354 karadil- (karadilt-) lightning strikes (subjectabarsky)> karadil- �karadilt-�
<Row Belari d1355 (LSB 2.3) gaḷde id. <i>> ���� ���� gaḷde
<Row Tam d1356 kar̤i (-v-, -nt-) to pass (as time, season), slip away (as prosperity, adversity), elapse, become spent, be ruined, expire, die, finish, come to an end, be discharged (as excreta); (-pp-, -tt-) to reject, discard, separate, abandon, deduct, cut off (hair, nails), prune, spend or waste (as time), void (excreta)> kaṛ̆i �-v-� -nt-�
<Row Tam d1356 kar̤ippu (kar̤ippi-) to spend, pass (as time), complete; <i>n.</i> expulsion, rejection, that which is cast aside> kaṛ̆ippu �kaṛ̆ippi-�
<Row Tam d1356 kar̤al (kar̤alv-, kar̤aṉṟ-) to pass away, disappear, be expended> kaṛ̆al �kaṛ̆alv-� kaṛ̆aṉṟ-�
<Row Kota d1356 kana·ṛ (<i>obl.</i>kana·ṭ-) distant place where no one lives (i.e.ka- + na·ṛ); kavc- (kavc-)to finish (ceremony)> kana�ṛ
<Row Toda d1356 koḍy- (koḍs-) (period of time) passes, disappear from sight, pass successfully over all the difficulties of life; (koḍc-) to disappear from sight, die> koḍy- �koḍs-�
<Row Toda d1356 koḍc- (koḍč-) to make disappear, chase out of sight, drive (buffalo) over hill, finish funeral> koḍc- �koḍč-�
<Row Kodagu d1356 kayy- (kayyuv-, kayñj-) (time) passes> kayy- �kayyuv-� kayñj-�
<Row Kodagu d1356 kay- (kayp-, kayc-) to pass (time); perform (ceremony)> kay- �kayp-� kayc-�
<Row Parji d1356 kay- (kañ-) to defecate> kay- �kañ-�
<Row Konda d1356 kaṛs- (-t-) to evacuate the bowels> kaṛs- �-t-�
<Row Pengo d1356 kṛac- (-c-) id> kṛac- �-c-�
<Row Kui d1356 kṛahpa (kṛaht-) id.; <i>n.</i> evacuation of the bowels. <i>> kṛahpa �kṛaht-�
<Row sunkar d1356 gṛah- (gṛast-) to excrete> gṛah- �gṛast-�
<Row Kuwi d1356 grāssali (grāst-) to void dung> grāssali �grāst-�
<Row Tam d1357 kar̤i (-v-, -nt-) to be able (<i>dial.</i>)> kaṛ̆i �-v-� -nt-�
<Row Kodagu d1357 kayy- (kayyuv-, kayñj-) to be possible> kayy- �kayyuv-� kayñj-�
<Row Kota d1359 kayḷ- (kaḷc-) to taste salty> kayḷ- �kaḷc-�
<Row Kota d1359 kaḷc- (kaḷc-) to taste salty> kaḷc- �kaḷc-�
<Row OIA d1359 *kallara- DED (S, N) 1145> �kallara
<Row Pengo d1360 kṛaŋ- (kṛaŋt-) to go bad, become rotten (egg). DEDS 175> kṛaŋ- �kṛaŋt-�
<Row Pengo d1360 kṛaŋg- (kṛaŋt-) to go bad, become rotten (egg). DEDS 175> kṛaŋg- �kṛaŋt-�
<Row Toda d1361 ko·w point, pointed stick, wooden skewer used by Kotas, peg> ko�v
<Row Kolami d1364 ga·ḍdi > ga�ḍdi
<Row gommu d1364 gāṛdi (Voc 1073). <i>> gāṛdi ��oc
<Row koya d1364 gāṛdi (Voc 1073). <i>> gāṛdi ��oc
<Row Tam d1368 kar̤umu (kar̤umi-) to be full, complete, abundant, copious, overflow; <i>n.</i> denseness as a tuft of hair> kaṛ̆umu �kaṛ̆umi-�
<Row Kui d1368 garja (garji-) to spread out, increase, multiply, grow thick and outspreading. DED 1153> garja �garji-�
<Row Tam d1369 kar̤uvu (kar̤uvi-) to wash, rinse, purify> kaṛ̆uvu �kaṛ̆uvi-�
<Row Kota d1369 kaṛt- (kayt- to wash (<i>tr.</i>; hands, face, child)> kaṛt- �kayt
<Row Kota d1369 kaṛty-) to wash (<i>tr.</i>; hands, face, child)> kaṛty-�
<Row Kota d1369 kaḷv a·l bathroom> kaḷv a�l
<Row Kodagu d1369 katt- (katti-) to wash (plate, hands)> katt- �katti-�
<Row Kui d1369 kahpa (kaht-) to lave, anoint, wash the face. <i>> kahpa �kaht-�
<Row Kurux d1369 xajrnā xajj (xajj earth, clay)> xajrnā xajj �xajj
<Row Toda d1370 ka·w forked stick> ka�v
<Row Parji d1370 kaṛcid (pl. kaṛcil) wood for fuel> kaṛcid �pl� kaṛcil�
<Row Gadaba d1370 kaṛsid (pl. kaṛsil) > kaṛsid �pl� kaṛsil�
<Row salur d1370 kaḍcil (pl.) wood for fuel> kaḍcil �pl��
<Row Gadaba d1370 kanḍven (pl. kanḍvēl) id. (or all these with 1165 Ko.kaṇk)> kanḍven �pl� kanḍvēl�
<Row Pengo d1371 kaṛde (pl. -r) boy, son> kaṛde �pl� -r�
<Row Manda d1371 kaṛde (pl. -r) boy. DEDS 176> kaṛde �pl� -r�
<Row Tam d1372 kaḷ (kaṭp-, kaṭṭ-) to rob, steal, deceive; <i>n.</i> stealing, theft, robbery> kaḷ �kaṭp-� kaṭṭ-�
<Row Tam d1372 fem. kaḷvi; kaḷvam act of thieving> fem� kaḷvi� kaḷvam
<Row Mal d1372 fem. kaḷḷi > fem� kaḷḷi
<Row Kota d1372 kaḷv- (kaḷd-) to steal; <i>n.</i> state of being habitually a thief, trickiness> kaḷv- �kaḷd-�
<Row Kota d1372 fem. kayḷ; kaḷ cinm adulterated gold> fem� kayḷ� kaḷ cinm
<Row Kota d1372 kaḷ ga ṇo·ṭ- to peep> kaḷ ga ṇo�ṭ
<Row Kota d1372 kaḷ gaṇ ṇo·ṭ- to peep> kaḷ gaṇ ṇo�ṭ
<Row Toda d1372 koḷ- (koḷd-) to steal> koḷ- �koḷd-�
<Row Kannada d1372 kaḷ (kaḷd-) to steal; <i>n.</i> stealing, falsehood, deceit> kaḷ �kaḷd-�
<Row Kodagu d1372 kaḷ- (kapp-, kaṭṭ-) to steal> kaḷ- �kapp-� kaṭṭ-�
<Row Tulu d1372 fem. kaṇḍelu; kaṇḍoṇuni to steal, rob> fem� kaṇḍelu� kaṇḍoṇuni
<Row betul d1372 kallē (pl. -rk) > kallē �pl� -rk�
<Row Manda d1372 kaṛ- (-t-) to steal. <i>> kaṛ- �-t-�
<Row Kurux d1372 xaṛnā (xaḍḍas) to steal, win by address or gradual and imperceptible means> xaṛnā �xaḍḍas�
<Row Malto d1372 qale (qaḍ-) to rob, steal> qale �qaḍ-�
<Row Tam d1373 kaḷ (kaṭp-, kaṭṭ-) to weed, pluck> kaḷ �kaṭp-� kaṭṭ-�
<Row Tam d1373 kaḷai (-v-, -nt-) to weed, pull up, pluck out, remove, extirpate, exterminate; <i>n.</i> weeds> kaḷai �-v-� -nt-�
<Row Kota d1373 kaḷv- (kaḷt-) to take out or scoop out (with finger, stick, beak), flick away dirt from liquid or semi-liquid (e.g. clay)> kaḷv- �kaḷt-�
<Row Tam d1374 kaḷi (-pp-, -tt-) to be intoxicated, be in rut, exult, rejoice, be proud; <i>n.</i> intoxication, delight, mirth, toddy, honey, drunkard, pride, must of elephant> kaḷi �-pp-� -tt-�
<Row OIA d1374 nos. 2950-1 > nos� ����
<Row Kota d1376 kava·l ground in front of house (i.e.ka- + va·l; for the latter, see 5354)> kava�l
<Row sunkar d1376 kṛānu (pl. kṛā̃ka) > kṛānu �pl� kṛā̃ka�
<Row Tam d1377 kaḷā Carissa spinarum (alsokaḷavu); large Bengal currant, <i>> kaḷā �arissa spinarum
<Row Tam d1377 C. carandas; Vaccinium nilgherrense; V. leschenaultii </i>; Nepal barberry> �� carandas� �accinium nilgʰerrense� �� lescʰenaultii
<Row Kannada d1377 C. carandas L > �� carandas �
<Row Tam d1383 Euphorbia </i>; milkhedge, <i>E> �upʰorbia
<Row Tam d1385 kaṟa (-pp-, -nt-) to milk, yield milk (as a cow), extort> kaṟa �-pp-� -nt-�
<Row Kota d1385 karv- (kard-) to milk> karv- �kard-�
<Row Kota d1385 karpo·y pen and cowshed attached (i.e. 'milking place' or the like; is the second memberpo·yoro·y, for which see 4112 ?)> karpo�y
<Row Toda d1385 kaṟ- (kaṟQ-) to milk, give milk> kaṟ- �kaṟ�-�
<Row Kodagu d1385 kara- (karap-, karand-) to milk> kara- �karap-� karand-�
<Row Tam d1386 kaṟakaṟa (-pp-, -tt-) to crackle in the mouth (as a crisp cake); utter a rattling sound; <i>n.</i> onom. expr. signifying rattling sound> kaṟakaṟa �-pp-� -tt-�
<Row Tam d1386 kaṟaṅku (kaṟaṅki-) to sound; <i>n.</i> a sound> kaṟaŋku �kaṟaŋki-�
<Row Tam d1386 karakara (-pp-, -tt-) to be crisp in the mouth (as a fried cake)> karakara �-pp-� -tt-�
<Row Tam d1387 kaṟaṅku (kaṟaṅki-) to whirl; <i>n.</i> whirling, gyration, kite> kaṟaŋku �kaṟaŋki-�
<Row Tam d1387 kaṟakku (kaṟakki-) to spin (as yarn)> kaṟakku �kaṟakki-�
<Row Kota d1389 to·krl small peg used in pegging down hide to dry (to·l + karl; forto·l, see 3559)> to�krl
<Row Konda d1389 kaṟu (pl. kaRku) a small piece of wood, dried plants, twigs, etc.; used as fuel> kaṟu �pl� ka�ku�
<Row Tam d1390 kaṟi (-pp-, -tt-) to chew, eat by biting or nibbling; <i>n.</i> chewing, eating by biting> kaṟi �-pp-� -tt-�
<Row Tam d1390 kaṟumpu (kaṟumpi-) to eat bit by bit> kaṟumpu �kaṟumpi-�
<Row Tam d1390 kaṟuvu (kaṟuvi-) to nibble as a rat> kaṟuvu �kaṟuvi-�
<Row Tam d1391 kari (-pp-, -tt-) to season (as curries with ghee or oil and spices)> kari �-pp-� -tt-�
<Row Kota d1392 kayr- (karc-) to laugh> kayr- �karc-�
<Row Toda d1392 kaṟy- (kaṟs-) id> kaṟy- �kaṟs-�
<Row Gondi d1392 caus. karsih- (<i>Voc.</i> 565)> caus� karsih
<Row Gondi d1392 caus. karpis- > caus� karpis
<Row Konda d1392 kaṟzi- (-t-) to play, sport, dance> kaṟzi- �-t-�
<Row Pengo d1392 kraz- (krast-) > kraz- �krast-�
<Row Kui d1392 kaha (kahi-) id. <i>> kaha �kahi-�
<Row sunkar d1392 kah- (-it-) > kah- �-it-�
<Row Kuwi d1392 kay- (-it-) id> kay- �-it-�
<Row Toda d1393 kaṟy- (kaṟc-) to make ornamental dots on metal articles, beautify (anything)> kaṟy- �kaṟc-�
<Row Kolami d1394 gar (pl. gaḍl) feather> gar �pl� gaḍl�
<Row Naikri d1394 gar (pl. -śil ) id. DED(S) 1174> gar �pl� -śil
<Row Tam d1395 kaṟu (-pp-, -tt-) to grow black, darken, become dirty, impure; to mature> kaṟu �-pp-� -tt-�
<Row Tam d1395 kaṟukaṟu (-pp-, -tt-) to become very black> kaṟukaṟu �-pp-� -tt-�
<Row Tam d1395 kāṟu (kāṟi-) to be blackened> kāṟu �kāṟi-�
<Row Kota d1395 karyp; karpṭy black person (male or female)> karyp� karpṭy
<Row Toda d1395 kaṟf- (kaṟt-) to become black, dark> kaṟf- �kaṟt-�
<Row Toda d1395 kaga·ṟf darkness (-ga·ṟfbelongs here;ka-in 1278(<i>a</i>))> kaga�ṟf
<Row Toda d1395 ka·r id. (in song unitnïn ga·ṟ fïṭleaving off your darkness)> ka�r
<Row Kodagu d1395 kara- (karap-, karat-) to become black> kara- �karap-� karat-�
<Row Konda d1395 tr. kaṟis- > tr� kaṟis
<Row Tam d1396 kaṟu (-pp-, -tt-) to resent, get angry with; <i>n.</i> rancour, vengeful enmity> kaṟu �-pp-� -tt-�
<Row Tam d1396 kaṟukaṟu (-pp-, -tt-) to rage> kaṟukaṟu �-pp-� -tt-�
<Row Tam d1396 kaṟumu (kaṟumi-) to show signs of anger, be enraged> kaṟumu �kaṟumi-�
<Row Tam d1396 kaṟuvu (kaṟuvi-) to exhibit signs of displeasure; to rankle, entertain malice, implacable hatred; <i>n.</i> anger, wrath; enmity, hostility, hatred> kaṟuvu �kaṟuvi-�
<Row Kannada d1396 fem. kaṟubi; kaṟubatana the state of being an envious person, envy. ? <i>> fem� kaṟubi� kaṟubatana
<Row Mal d1397 kaṟuka Agrostis linearis a grass used for the funeral ceremonies and veli of Sūdras> kaṟuka �grostis linearis
<Row Toda d1397 kakaṟx Eragrostis nigra Nees. (so Rivers, p. 738, with misspelling <i>Eragrostica; TGT</i>, commentary on text 56)> kakaṟx �ragrostis nigra
<Row Kannada d1397 Agrostis linearis </i> Retz> �grostis linearis
<Row Mal d1397 kaṟuka Agrostis linearis a grass used for the funeral ceremonies and veli of Sūdras> kaṟuka �grostis linearis
<Row Toda d1397 kakaṟx Eragrostis nigra Nees. (so Rivers, p. 738, with misspelling <i>Eragrostica; TGT</i>, commentary on text 56)> kakaṟx �ragrostis nigra
<Row Kannada d1397 Agrostis linearis </i> Retz> �grostis linearis
<Row OIA d1397 Andropogon serratus </i> [AngloIndian harial(l)i, huriallee (&lt> �ndropogon serratus
<Row OIA d1397 Cynodon dactylon </i>, for which Hooker records that one taxonomist used <i>> �ynodon dactylon
<Row OIA d1397 Agrostis linearis </i>] DED(S) 1176> �grostis linearis
<Row Kota d1399 karv- (kard-) (rope) becomes tight; (kart-) to tighten (knot)> karv- �kard-�
<Row Toda d1399 kaṟ- (kaṟQ-) to become tight> kaṟ- �kaṟ�-�
<Row Toda d1399 kaṟf- (kaṟt-) to tighten (<i>tr.</i>). DED 1177> kaṟf- �kaṟt-�
<Row sunkar d1403 kan- (kacc-) > kan- �kacc-�
<Row Kuwi d1403 kanjali (kac-, imper. kanamū) id. ?> kanjali �kac-� imper� kanamū�
<Row Pengo d1403 kanḍ- (-t-) to copulate. DEDS(N) 180> kanḍ- �-t-�
<Row Tam d1404 kaṉa (-pp-, -tt-) to be heavy, stout, abundant, etc> kaṉa �-pp-� -tt-�
<Row Tam d1404 kaṉai (-v-, -nt-) to be crowded, intense; <i>n.</i> density, abundance> kaṉai �-v-� -nt-�
<Row Tam d1404 kañal (kañalv-, kañaṉṟ-) to be close, crowded, densely packed> kañal �kañalv-� kañaṉṟ-�
<Row Tam d1406 kaṉal (kaṉalv-, kaṉaṉṟ-) to be hot, boil, be angry; burn <i>> kaṉal �kaṉalv-� kaṉaṉṟ-�
<Row Tam d1406 kaṉaṟṟu (kaṉaṟṟi-) to cause to burn, render warm, shine brightly> kaṉaṟṟu �kaṉaṟṟi-�
<Row Tam d1406 kaṉi (-v-, -nt-) to be redhot, glow, get angry> kaṉi �-v-� -nt-�
<Row Kota d1406 kanc- (kanc-) to expose (dead person's jewelry) to fire to remove pollution> kanc- �kanc-�
<Row Kannada d1406 kanal (kanald-) to be angry; (PBh.) to glow like live coals; <i>n.</i> wrath, anger> kanal �kanald-�
<Row Kui d1406 kamba (kambi-) to be burned, injured by fire, consumed by fire; <i>n.</i> injury or destruction by fire> kamba �kambi-�
<Row Kui d1406 kappa (kapt-) to cause to burn, char, scorch> kappa �kapt-�
<Row Tam d1407 kaṉavu (kaṉavi-) to dream> kaṉavu �kaṉavi-�
<Row Kolami d1407 kars- (karast-) to see a dream> kars- �karast-�
<Row Pengo d1407 kṛēnj- (kṛēnc-) to dream> kṛēnj- �kṛēnc-�
<Row Kui d1407 kṛīnja (kṛīnji-) to dream; <i>n.</i> dream> kṛīnja �kṛīnji-�
<Row Kui d1407 kṛīspa (kṛīst-) to cause to dream, reveal in a dream> kṛīspa �kṛīst-�
<Row Tam d1408 kaṉi (-v-, -nt-) to ripen, be over-ripe, melt, grow tender, become soft (as the heart by affection, love, devotion); (-pp-, -tt-) to melt, soften; <i>n.</i> ripeness, ripe fruit> kaṉi �-v-� -nt-�
<Row Tam d1408 kaṉukku (kaṉukki-) to cause to grow mellow by heat> kaṉukku �kaṉukki-�
<Row sunkar d1408 kamb- (-it-) id. DED(S) 1183(<i>b</i>)> kamb- �-it-�
<Row bisam d1408 kamb- (-it-) id. DED(S) 1183(<i>b</i>)> kamb- �-it-�
<Row Tam d1409 kaṉai (-pp-, -tt-) to sound (as a drum), bellow, neigh; (-v-, -nt-) to sound (as a drum); <i>n.</i> sound, roar, resonance> kaṉai �-pp-� -tt-�
<Row Kota d1409 kanv- (kand-) (cow or buffalo) bellows for calf> kanv- �kand-�
<Row Toda d1409 kenf- (kent-) to roar (wild animal, child), make roaring sound in throat when one has a cold> kenf- �kent-�
<Row Kui d1409 k. āva to make a noise, be noisy> k� āva
<Row Kui d1409 k. bogaṛi a noise. DED(S) 1185> k� bogaṛi
<Row Tam d1410 kaṉṟu (kaṉṟi-) to be scorched, sunburnt, melt (as the heart), become sore (as by a blow, as the feet with walking, as the hands with first using a tool), fade, become pale (as from exhaustion)> kaṉṟu �kaṉṟi-�
<Row Parji d1411 kar (pl. -kul) sapling. <i>> kar �pl� -kul�
<Row maria d1411 kar̥anji (pl. kar̥asku) half-grown young of pig (<i>Voc.</i> 567)> kaṛanji �pl� kaṛasku�
<Row Konda d1411 kās- (-t-) to bring forth young (of human beings), bear children> kās- �-t-�
<Row Tam d1416 kā (-pp-, -tt-) to preserve, shelter, watch, guard, ward off, rescue, wait for; <i>n.</i> preservation, protection> kā �-pp-� -tt-�
<Row Tam d1416 kāppāṭu (kāppāṭi-) to conceal, screen> kāppāṭu �kāppāṭi-�
<Row Tam d1416 kāppāṟṟu (kāppāṟṟi-) to guard, protect, save> kāppāṟṟu �kāppāṟṟi-�
<Row Kota d1416 ka·v- (ka·t-) to watch, guard> ka�v- �ka�t-�
<Row Kota d1416 ka·vl act of watching, gaol> ka�vl
<Row Kota d1416 ka·pa·ṛ- (ka·pa·ṛy-) to help, save> ka�pa�ṛ- �ka�pa�ṛy-�
<Row Kota d1416 ka·pa·t- (ka·pa·ty-) to help, save> ka�pa�t- �ka�pa�ty-�
<Row Toda d1416 ko·f- (ko·t-) to wait, watch, (woman) marries (man)> ko�f- �ko�t-�
<Row Toda d1416 ko·fil act of watching> ko�fil
<Row Kannada d1416 kā (kād-) to guard, protect, keep, save, tend, watch, keep in check> kā �kād-�
<Row Kannada d1416 kāy (kād- to guard, protect, keep, save, tend, watch, keep in check> kāy �kād
<Row Kannada d1416 kāyd-) to guard, protect, keep, save, tend, watch, keep in check> kāyd-�
<Row Kannada d1416 kāyi (kāyid-) to guard, protect, keep, save, tend, watch, keep in check> kāyi �kāyid-�
<Row Kannada d1416 kāyu (kād-) id., to wait> kāyu �kād-�
<Row Kodagu d1416 ka·- (ka·p-, ka·t-) to wait> ka�- �ka�p-� ka�t-�
<Row Kodagu d1416 ka·pa·ḍ- (ka·pa·ḍi-) to protect> ka�pa�ḍ- �ka�pa�ḍi-�
<Row Kolami d1416 kay- (kayt-) to graze (cattle), (Kin.) watch (crops)> kay- �kayt-�
<Row Parji d1416 kāp- (kāt-) to wait. <i>> kāp- �kāt-�
<Row Gadaba d1416 kāp- (kāt-) to wait, watch, keep awake> kāp- �kāt-�
<Row Pengo d1416 kā- (-t-) to wait, watch, wake> kā- �-t-�
<Row Manda d1416 kā- (-t-) to be awake, watch, wait> kā- �-t-�
<Row Manda d1416 kāt- (-t-) to watch for, wait for (me, etc.)> kāt- �-t-�
<Row Kui d1416 kāpa (kāt-) to await, look out for, last, outlast; <i>n.</i> act of awaiting, survival. <i>> kāpa �kāt-�
<Row Kuwi d1416 kā'nai to wait, guard> kā�nai
<Row sunkar d1416 kā- (-t-) to be awake, watch over> kā- �-t-�
<Row Tam d1417 kāvu (kāvi-) to carry on the shoulder (as a palanquin, a pole with weight at each end), bear anything heavy on the arms or on the head> kāvu �kāvi-�
<Row sunkar d1417 kānju (pl. kāska) id> kānju �pl� kāska�
<Row Kuwi d1417 kānjū (pl. kāska) a banghi. ?> kānjū �pl� kāska�
<Row OIA d1417 nos. 3009 > nos� ����
<Row OIA d1417 3011 > �
<Row Kurux d1419 kānā (past keras [cf. 2814 Ta> kānā �past keras
<Row Kurux d1419 fut. kālos, kāos; imper. kalā; gerund kālā) to go, lead to (as a road), progress favourably, go on, continue, perish, pass (of time), come to an end, (stomach) has diarrhoea, bring oneself to, be able to> fut� kālos� kāos� imper� kalā� gerund kālā�
<Row Brah d1419 hining (pres. indef. kāv let us (incl.) go) to go, depart, disappear, be past, pass beyond, be no longer fit for, flow, (stomach) has diarrhoea; (for> hining �pres� indef� kāv
<Row Brah d1419 kār; pres.-fut. kāva let us (incl.) go) to go, depart, disappear, be past, pass beyond, be no longer fit for, flow, (stomach) has diarrhoea; (for> kār� pres�-fut� kāva
<Row Brah d1419 kāra; kāmbo let us (incl.) go) to go, depart, disappear, be past, pass beyond, be no longer fit for, flow, (stomach) has diarrhoea; (for> kāra� kāmbo
<Row Konda d1421 kāk- (-t-) to keep open (mouth)> kāk- �-t-�
<Row Pengo d1421 kāk- (-t-) to open (mouth)> kāk- �-t-�
<Row Kui d1421 kāu rūja (rūji-) to yawn; <i>n.</i> yawning, a yawn. <i>> kāu rūja �rūji-�
<Row Parji d1422 kākanḍi (pl. kākacil) brinjal. <i>> kākanḍi �pl� kākacil�
<Row Gadaba d1422 kākal (pl. kākasil) id. DEDS 182> kākal �pl� kākasil�
<Row OIA d1423 Cypraea moneta </i> DED(S) 1196> �ypraea moneta
<Row Kui d1424 fem. kākaligaṭari > fem� kākaligaṭari
<Row Tam d1425 Corvus splendens; kākkāv-eṉal the cawing of a crow> �orvus splendens� kākkāv-eṉal
<Row Kota d1425 ka·k id> ka�k
<Row Kota d1425 ka·yk id> ka�yk
<Row Kota d1425 ka... ka noise of crow cawing> ka��� ka
<Row Toda d1425 ka·k crow> ka�k
<Row Toda d1425 ka·n- (ka·ḏ-) to caw (i.e.ka· + ïn-, ïḏ-to say)> ka�n- �ka�ḏ-�
<Row Kodagu d1425 ka·ke crow> ka�ke
<Row Kodagu d1425 ka·- (ka·v-, ka·nd-) to caw> ka�- �ka�v-� ka�nd-�
<Row Kolami d1425 ka·ka crow> ka�ka
<Row Parji d1425 kākal (pl. kākacil) id. <i>> kākal �pl� kākacil�
<Row Gadaba d1425 kākal (pl. kākasil) id. <i>> kākal �pl� kākasil�
<Row maria d1425 kākaṛ (pl. kākasku) )> kākaṛ �pl� kākasku�
<Row maria d1425 kākaṛi (pl. kākasku) )> kākaṛi �pl� kākasku�
<Row seoni d1425 kākaṛ (pl. kākahku) id. (<i>Voc.</i> 619)> kākaṛ �pl� kākahku�
<Row Kuwi d1425 kā'vwa > kā�vva
<Row Kuwi d1425 ka'wa > ka�va
<Row bisam d1425 kā'va id> kā�va
<Row Kolami d1426 ka·kl a·ḍ- (aṭṭ-) to abuse. <i>> ka�kl a�ḍ- �aṭṭ-�
<Row Kuwi d1426 kākh'nai to growl, howl> kākʰ�nai
<Row Kuwi d1426 kakh'nai to roar. DEDS 184> kakʰ�nai
<Row Toda d1428 ka·g black thread; blue cloth of olden times, now used for funeral purposes> ka�g
<Row Telugu d1429 kāsara Luffa tuberosa DEDS 187> kāsara �uffa tuberosa
<Row Kota d1431 ka·c rupee> ka�c
<Row Toda d1431 ko·s id> ko�s
<Row Tulu d1432 Acacia catechu </i>; the sediment of boiled areca-nut> �cacia catecʰu
<Row Konda d1437 kāḍ- (-it-) to be burnt, charred> kāḍ- �-it-�
<Row sunkar d1437 kāḍ- (-it-) to be burnt (rice in cooking)> kāḍ- �-it-�
<Row Tam d1438 kāṭu (obl. kāṭṭu-) forest, jungle, desert> kāṭu �obl� kāṭṭu-�
<Row Mal d1438 kāṭu (obl. kāṭṭu-) wilderness, wood, jungle, waste ground for burning corpses> kāṭu �obl� kāṭṭu-�
<Row Irula d1438 ka·ḍu forest patch cleared for cultivation, field or garden in the forest. <i>> ka�ḍu
<Row PaluKurumba d1438 ka·ḍu id> ka�ḍu
<Row Kota d1438 ka·ṛ (obl. ka·ṭ-) jungle without trees, uncultivated ground, unfenced field> ka�ṛ �obl� ka�ṭ-�
<Row Kota d1438 ka·ṛo·n man not of one's own family (=kaṇḍo·n)> ka�ṛo�n
<Row Toda d1438 ko·ṛ (obl. ko·ṭ-) cultivated field> ko�ṛ �obl� ko�ṭ-�
<Row Toda d1438 ko·ḍ uninhabited place> ko�ḍ
<Row Toda d1438 ko·ḍ so·ty wild animal> ko�ḍ so�ty
<Row Kodagu d1438 ka·ḍï jungle> ka�ḍɨ
<Row Kodagu d1438 ka·ṭi bison> ka�ṭi
<Row Telugu d1438 kāḍu (obl. kāṭ-) forest, wilderness, cemetery> kāḍu �obl� kāṭ-�
<Row Kolami d1438 ve·gaḍ (obl. ve·gaṭ-) field> ve�gaḍ �obl� ve�gaṭ-�
<Row Kodagu d1440 ka·ṭa trouble; rubbish (&lt; Ka.)> ka�ṭa
<Row Tam d1443 kāṇ (kāṇp-, kaṇṭ-) to see, consider, investigate, appear, become visible; <i>n.</i> sight, beauty> kāṇ �kāṇp-� kaṇṭ-�
<Row Tam d1443 kāṭṭu (kāṭṭi-) to show; <i>n.</i> showing> kāṭṭu �kāṭṭi-�
<Row Tam d1443 kaṇṇu (kaṇṇi-) to purpose, think, consider> kaṇṇu �kaṇṇi-�
<Row Kota d1443 ka·ṇ- (kaḍ-) to see> ka�ṇ- �kaḍ-�
<Row Kota d1443 ka·ṭ- (ka·c-) to show> ka�ṭ- �ka�c-�
<Row Kota d1443 kaḍ aṯ- (ac-) to find out> kaḍ aṯ- �ac-�
<Row Kota d1443 kaḍ ayr- (arc-) to find out> kaḍ ayr- �arc-�
<Row Kota d1443 ka·ṇky payment of vow to god> ka�ṇky
<Row Kota d1443 kaŋga·c wonderful sight such as never seen before> kaŋga�c
<Row Toda d1443 ko·ṇ- (koḍ-) to see> ko�ṇ- �koḍ-�
<Row Toda d1443 ko·ṭ- (ko·ṭy-) to show> ko�ṭ- �ko�ṭy-�
<Row Toda d1443 ko·ṇky offering to Hindu temple or to Kurumba> ko�ṇky
<Row Kannada d1443 kāṇ (kaṇḍ-) to see, appear; <i>n.</i> seeing, appearing> kāṇ �kaṇḍ-�
<Row Kodagu d1443 ka·ṇ- (ka·mb-, kaṇḍ-) to see; seem, look (so-and-so)> ka�ṇ- �ka�mb-� kaṇḍ-�
<Row Kodagu d1443 ka·ṭ- (ka·ṭi-) to show> ka�ṭ- �ka�ṭi-�
<Row Parji d1443 kanḍp- (kanḍt-) to look for, seek. <i>> kanḍp- �kanḍt-�
<Row Gadaba d1443 kanḍp- (kanḍt-) to search> kanḍp- �kanḍt-�
<Row Toda d1444 ko·ṇy a milk measure (= 1/2 pïṇ or 4 ačok [see 397])> ko�ṇy
<Row Tam d1445 kātali (-pp-, -tt-) to love, long for; <i>n.</i> beloved woman, wife, daughter> kātali �-pp-� -tt-�
<Row Tam d1447 kātu (kāti-) to kill, murder, cut, divide; <i>n.</i> murder> kātu �kāti-�
<Row Irula d1448 ka·du ear> ka�du
<Row PaluKurumba d1448 ka·du id. DED 1214> ka�du
<Row Kui d1453 gāpa (gāt-) to sprout, shoot forth, grow. <i>> gāpa �gāt-�
<Row Kuwi d1453 gā- (-t-) id> gā- �-t-�
<Row Kuwi d1453 gālh'nai to sprout> gālh�nai
<Row Kota d1454 ka·v handle> ka�v
<Row Toda d1454 ko·f hollow stem, handle of tool> ko�f
<Row Tam d1455 Bambusa arundinacea </i> and> �ambusa arundinacea
<Row Kodagu d1455 ke·mbï > ke�mbɨ
<Row Telugu d1456 ḳā̃puramu dwelling, residence, abode, domicile. <i>> �ā̃puramu
<Row Gondi d1456 (Bastar; Burrow-Bhattacharya </i>, p. x> ��astar� �urrov-�hattacʰarya
<Row Gondi d1456 The Parji Language </i>, p. x> �he �arji �anguage
<Row Kui d1457 gāmba (gāmbi-) to exceed, increase, surpass, be much or many; <i>n.</i> increase, excess> gāmba �gāmbi-�
<Row Kui d1457 gāppa (gāpt-) to cause to increase, make more of, make larger> gāppa �gāpt-�
<Row Kuwi d1457 gaph'nai to increase> gapʰ�nai
<Row Kuwi d1457 wenḍe gāph'nai to multiply> venḍe gāpʰ�nai
<Row Tam d1458 kāy (-v-, -nt-) to grow hot, burn, be warm (as body), wither, parch, be dried up, begin to heal (sore, wound, boil), shine, be indignant, angry, be prejudiced, hate; burn (<i>tr.</i>), consume, kill> kāy �-v-� -nt-�
<Row Tam d1458 kāyccu (kāycci-) to boil, cook, heat by fire, dry or warm as in the sun or near the fire, reprove; <i>n.</i> heating (as metal or a stone), boiling (as a liquid)> kāyccu �kāycci-�
<Row Tam d1458 kāyttu (kāytti-) to ignite, cause to burn, boil, cook, heat by fire> kāyttu �kāytti-�
<Row Tam d1458 kāntu (kānti-) to burn, smart (as a sore), be scorched, charred, shine, be hot with indignation, burn with envy, be angry with, heat> kāntu �kānti-�
<Row Tam d1458 kāṭṭu (kāṭṭi-) to heat, as a vessel of ghee> kāṭṭu �kāṭṭi-�
<Row Kota d1458 ka·y- (ka·c-) to become hot, warm oneself, bask in sun> ka�y- �ka�c-�
<Row Kota d1458 ka·c- (ka·c-) to make hot, boil, dry before fire> ka�c- �ka�c-�
<Row Kota d1458 ka·ŋg heat of fire or sun; ?> ka�ŋg
<Row Kota d1458 ka·ko·l a spit (ko·lstick)> ka�ko�l
<Row Toda d1458 ko·y- (ko·s-) to be hot, (sun, moon) shines, boil, bask in sun> ko�y- �ko�s-�
<Row Toda d1458 ko·c- (ko·č-) to heat (<i>tr.</i>), boil> ko�c- �ko�č-�
<Row Toda d1458 ko·s föṭy lamp lit in funeral hut (cf. 5475)> ko�s føṭy
<Row Toda d1458 ko·s föṭyk lamp lit in funeral hut (cf. 5475)> ko�s føṭyk
<Row Toda d1458 ni·xoy- (ni·xos-) to be thirsty (i.e.ni·rwater +ko·y-)> ni�xoy- �ni�xos-�
<Row Kannada d1458 kāy (kāyd-, kād-) to grow hot, grow red-hot, burn with passion, be angry> kāy �kāyd-� kād-�
<Row Kodagu d1458 ka·y- (ka·yuv-, ka·ñj-) to be hot, boil, bask in sun> ka�y- �ka�yuv-� ka�ñj-�
<Row Kodagu d1458 ka·c- (ka·ci-) to boil (<i>tr.</i>), melt (ghee)> ka�c- �ka�ci-�
<Row Kodagu d1458 ka·ca heat> ka�ca
<Row Kodagu d1458 ka·yela illness> ka�yela
<Row Kolami d1458 ka·ŋg- (ka·ŋkt-) to become hot> ka�ŋg- �ka�ŋkt-�
<Row Kolami d1458 ka·ŋgip- (ka·ŋgipt-) to heat> ka�ŋgip- �ka�ŋgipt-�
<Row Kolami d1458 ka·p- (ka·pt-) to boil> ka�p- �ka�pt-�
<Row Parji d1458 kāpip- (kāpit-) to heat> kāpip- �kāpit-�
<Row Gadaba d1458 kāyp- (kāyt-) to boil (<i>tr.</i>; water, etc.)> kāyp- �kāyt-�
<Row Konda d1458 kāp- (-t-) to boil, as water> kāp- �-t-�
<Row Konda d1458 kāmb- (-it-) to be boiled (as water), get warm> kāmb- �-it-�
<Row Konda d1458 kāy- (-t-) to warm oneself at fireplace> kāy- �-t-�
<Row Pengo d1458 kāy- (-t-) to warm oneself (in the sun or by the fire)> kāy- �-t-�
<Row Kui d1458 kānda (kāndi-) to be hot> kānda �kāndi-�
<Row Kui d1458 kāspa (kāst-) to make hot, heat; <i>n.</i> act of making hot> kāspa �kāst-�
<Row Kui d1458 kāga (kāgi-) to warm oneself by the fire or in the sun; <i>n.</i> act of warming oneself> kāga �kāgi-�
<Row Kui d1458 kāṛa (kāṛi-) to be hot (sun), (spirit) is distressed. <i>> kāṛa �kāṛi-�
<Row Kuwi d1458 kāth'nai to heat> kātʰ�nai
<Row bisam d1458 kāp- (-it-) to heat> kāp- �-it-�
<Row Kuwi d1458 kāy- (-it-) to become hot> kāy- �-it-�
<Row Kuwi d1458 kānd- (-it-) id> kānd- �-it-�
<Row Kuwi d1458 kāt- (-h-) to heat> kāt- �-h-�
<Row Kurux d1458 xāynā (xayyas) to lose moisture, dry up, evaporate, lose flesh, waste away> xāynā �xayyas�
<Row Kurux d1458 xaida'ānā to make dry, desiccate (by exposing to the sun, fire, or the air)> xaida�ānā
<Row Kannada d1458 and 1500 Ma. kāḷuka > and ���� �a� kāḷuka
<Row Tam d1459 kāy (-pp-, -tt-) to bear fruit; <i>n.</i> unripe fruit, unripe boil> kāy �-pp-� -tt-�
<Row Kota d1459 ka·y unripe fruit, coconut> ka�y
<Row Toda d1459 ko·y- (ko·c-) to bear fruit> ko�y- �ko�c-�
<Row Toda d1459 ko·y unripe fruit> ko�y
<Row Kannada d1459 kāy (kāyt-, kāt-) fruit to grow or develop> kāy �kāyt-� kāt-�
<Row Kodagu d1459 ka·y unripe fruit (guava, if unspecified), kidneys> ka�y
<Row Kolami d1459 kay- (kayt-) (fruit) is produced> kay- �kayt-�
<Row Naikri d1459 kāyk (pl. kāykuḷ) fruit> kāyk �pl� kāykuḷ�
<Row pottangi d1459 kekin (pl. kekil) fruit. <i>> kekin �pl� kekil�
<Row salur d1459 kekin (pl. kekil) fruit. <i>> kekin �pl� kekil�
<Row Kui d1459 kāu (pl. kānga) fruit, berry, kernel, seed. <i>> kāu �pl� kānga�
<Row OIA d1459 *kacca- raw, unripe. DED(S, N) 1220> �kacca
<Row Tam d1460 kāy (-pp-, -tt-) to become callous, form warts or excrescences on the body (as from wounds, walking, using tools); <i>n.</i> cicatrice from a wound, wart> kāy �-pp-� -tt-�
<Row Tam d1464 Memecylon edule </i>; oblong cordate-leaved bilberry> �emecylon edule
<Row Mal d1464 M. tinctorium; kāsāvu M. malabaricum; kāyām-pū flower of <i>> �� tinctorium� kāsāvu �� malabaricum� kāyām-pū
<Row Mal d1464 M. edule </i> DED(S) 1225> �� edule
<Row Tam d1466 kār (-pp-, -tt-) to be pungent, acrid, hot to the taste, be very saltish or brackish> kār �-pp-� -tt-�
<Row Tam d1466 kari (-pp-, -tt-) to be saltish to the taste, smart (as the eyes from oil or soap or chilli), feel an irritating sensation in the throat due to acidity of the stomach; nag, worry> kari �-pp-� -tt-�
<Row Tam d1466 karakara (-pp-, -tt-) to feel irritation (as from sand or grit in the eye), feel irritation in the throat, be hoarse> karakara �-pp-� -tt-�
<Row Kota d1466 ka·rm (obl. ka·rt-) hot taste (of peppers, chillies, etc.), burning sensation if pepper is put in eye> ka�rm �obl� ka�rt-�
<Row Toda d1466 ko·rm curry> ko�rm
<Row Toda d1466 kary- (karc-) (nose) tickles> kary- �karc-�
<Row Kodagu d1466 ka·ra hot (as taste of curry)> ka�ra
<Row Tam d1466 ) > �
<Row Konda d1467 kār- (-t-) to dig, make a pit, dig out (weeds, etc.)> kār- �-t-�
<Row Pengo d1467 kār- (-t-) to dig> kār- �-t-�
<Row Kui d1467 kārpa (kārt-) to dig up; <i>n.</i> act of digging up. <i>> kārpa �kārt-�
<Row sunkar d1467 kār- (-h-) > kār- �-h-�
<Row Kuwi d1467 karh'nai to dig> karh�nai
<Row Kuwi d1467 kārh'nai to sculp, spade> kārh�nai
<Row sunkar d1474 kark- (-it-) to gnaw> kark- �-it-�
<Row Kuwi d1474 kār- (-it-) to nibble> kār- �-it-�
<Row Kuwi d1474 kar- (-it-) to chew meat (e.g. from the bone)> kar- �-it-�
<Row Kuwi d1474 kark- (-it-) to gnaw> kark- �-it-�
<Row Tam d1475 Canthium parviflorum </i>, emetic-nut> �antʰium parviflorum
<Row Toda d1475 ka·r muł̣ gorse, <i>> ka�r muł̣
<Row Toda d1475 Ulex europaeus </i> [an introduced species]> �lex europaeus
<Row Kannada d1475 Webera tetranda </i> Willd. [= <i>> �ebera tetranda
<Row Kannada d1475 Canthium parviflorum </i> Lam.]> �antʰium parviflorum
<Row Kannada d1475 Terminalia chebula; gāre the tree> �erminalia cʰebula� gāre
<Row Kodagu d1475 ka·re mara Randia dumetorum and> ka�re mara �andia dumetorum
<Row Telugu d1475 gāra Balanites Aegyptiaca > gāra �alanites �egyptiaca
<Row Tam d1475 Canthium </i>, and <i>> �antʰium
<Row Tam d1475 Randia </i>, and <i>> �andia
<Row Tam d1475 Vangueria </i>, and <i>> �angueria
<Row Tam d1475 Griffithia </i>, and <i>> �riffitʰia
<Row Tam d1475 Balanites </i>, and <i>> �alanites
<Row Tam d1475 Ulex </i> are spiny, and the others not. An attempt to reconcile Hooker's synonymy and Lushington's synonyms and English equivalents produces inconsistencies. Lushington gives 'emetic nut' as the English equivalent, with qualifiers of several species: <i>> �lex
<Row Tam d1475 Randia dumetorum </i> Lamk. = <i>> �andia dumetorum
<Row Tam d1475 R. malabarica </i> Wall. 'common emetic nut'; <i>> �� malabarica
<Row Tam d1475 R. malabarica </i> Lamk. = <i>> �� malabarica
<Row Tam d1475 Canthium parviflorum </i> Schlecht. 'bedaly e. n.'; <i>> �antʰium parviflorum
<Row Tam d1475 R. uliginosa </i> 'grey e.n.'. But Hooker's further synonymy with <i>> �� uliginosa
<Row Tam d1475 R. malabarica </i> Lamk. of <i>> �� malabarica
<Row Tam d1475 Webera tetranda </i> Willd. disagrees with Lushington's <i>> �ebera tetranda
<Row Tam d1475 Canthium parviflorum </i> Lamk. = <i>> �antʰium parviflorum
<Row Tam d1475 Webera tetranda </i> Willd. 'honey-thorn'. To be noted also is Hooker's <i>> �ebera tetranda
<Row Tam d1475 Vangueria spinosa </i> Roxb. = <i>> �angueria spinosa
<Row Tam d1475 Canthium </i> Wall., and Lushington's <i>> �antʰium
<Row Tam d1475 V. s </i> 'spinous honey-thorn'. Our dictionaries in part defy exact interpretation by species.] DED(S) 1234> �� s
<Row Tam d1477 kāl (kālv-, kāṉṟ-) to vomit, disgorge> kāl �kālv-� kāṉṟ-�
<Row Tam d1477 kāṟu (kāṟi-) to hawk, bring up phlegm> kāṟu �kāṟi-�
<Row Kota d1477 ka·r- (ka·ry-) to vomit> ka�r- �ka�ry-�
<Row Toda d1477 ko·n- (ko·ḏ-) id> ko�n- �ko�ḏ-�
<Row Kodagu d1477 ka·r- (ka·ri-) to vomit> ka�r- �ka�ri-�
<Row Tam d1478 kāl (kālv-, kāṉṟ-) to flow (as saliva from mouth, blood from a vein, tears from eyes), leap forth as a waterfall> kāl �kālv-� kāṉṟ-�
<Row Tam d1478 kali (-pp-, -tt-) to trickle, flow gently> kali �-pp-� -tt-�
<Row Toda d1478 ko·ζ saliva (which dribbles), drool> ko��
<Row Kota d1479 ka·l leg, foot, base (of tree), quarter> ka�l
<Row Toda d1479 ko·l leg, foot, quarter, family, progeny> ko�l
<Row Toda d1479 kaḍ xo·l mox last-born son (forkaḍ, see 1109)> kaḍ xo�l mox
<Row Toda d1479 ko·lk ïr- (child) sits on mother's leg to defecate> ko�lk ɨr
<Row Toda d1479 ko·s̱ excrement> ko�s̱
<Row Toda d1479 me·ṇ go·s̱ shade (lit. foot) of tree> me�ṇ go�s̱
<Row Kodagu d1479 ka·lï leg, foot, quarter> ka�lɨ
<Row Parji d1479 kēl (pl. kēlul) leg. <i>> kēl �pl� kēlul�
<Row Gadaba d1479 kāl (pl. kālgil) id. <i>> kāl �pl� kālgil�
<Row bisam d1479 kāl (pl. -ka) leg. ?> kāl �pl� -ka�
<Row Toda d1480 ko·fo·y ditch (in song)> ko�fo�y
<Row Kota d1481 ka·ṯ id> ka�ṯ
<Row Toda d1481 ko·ṯ id> ko�ṯ
<Row Kodagu d1481 ka·tï id. DED 1240> ka�tɨ
<Row Kota d1484 ka·l in:> ka�l
<Row Kota d1484 ko· ka·l Kota village (cf. 1762)> ko� ka�l
<Row Toda d1484 kwï· ko·l id> kvɨ� ko�l
<Row Toda d1484 ko·l id. (in song-unit:ko·lïš xwï·fKota in the Kota village). DEDS 200> ko�l
<Row Kannada d1485 A. schoenanthus </i> L. DED 1244> �� scʰoenantʰus
<Row Tam d1487 Sterculia guttata </i> Roxb.; (Lush.) <i>> �terculia guttata
<Row Tam d1487 S. nobilis </i> R. Br> �� nobilis
<Row Mal d1487 kāḷam S. balanghas Linn. [Lush. also various other <i>> kāḷam �� balangʰas
<Row Mal d1487 Sterculia </i> species.] DED 1246> �terculia
<Row Kota d1490 ka·yv sannyāsi's dress of orange cloth> ka�yv
<Row Tam d1491 kār̤ (-pp-, -tt-) to become hard, mature, be firm or strong in mind, implacable; <i>n.</i> hardness, solidity or close grain (as of timber), core, strength of mind> kāṛ̆ �-pp-� -tt-�
<Row Kota d1491 ka·dl flat band of muscle on either side of backbone> ka�dl
<Row Toda d1491 ko·ṣf- (ko·ṣt-) to be envious> ko�ṣf- �ko�ṣt-�
<Row Tam d1492 kār̤ (-pp-, -tt-) to be pungent, acrid> kāṛ̆ �-pp-� -tt-�
<Row Kodagu d1493 ka·ḷï grain (&lt; Ka.)> ka�ḷɨ
<Row Toda d1494 ka·y maḍ the black-headed one (i.e. the Toda, in song; or with 1278(<i>a</i>) Ta.karu)> ka�y maḍ
<Row Toda d1494 ka·ye maḍ the black-headed one (i.e. the Toda, in song; or with 1278(<i>a</i>) Ta.karu)> ka�ye maḍ
<Row Kuwi d1494 kāṛ- (-it-) to become black> kāṛ- �-it-�
<Row Naikri d1495 gaḷ (pl. -śil) fish-hook. <i>> gaḷ �pl� -śil�
<Row Kodagu d1499 ga·ḷi wind> ga�ḷi
<Row Kolami d1499 ga·li id> ga�li
<Row Kodagu d1502 ka·ḷe bull which is leader of the herd. DED 1261> ka�ḷe
<Row Konda d1503 kaR- to smear, daub, whitewash> ka�
<Row Pengo d1503 kāz- (kāst-) to plaster, rub on (medicine)> kāz- �kāst-�
<Row Kui d1503 kāja (kāji-) to daub, plaster over holes; <i>n.</i> daubing, plastering> kāja �kāji-�
<Row Kui d1503 kahpa (kaht-) to smear, plaster. <i>> kahpa �kaht-�
<Row Tam d1504 kāṟu (kāṟi-) to taste bitter, musty, or rancid (as stale food)> kāṟu �kāṟi-�
<Row Toda d1506 ka·ṟ silver bangle worn on right leg by chief men> ka�ṟ
<Row Kannada d1507 kānagu Dalbergia arborea Heyne (<i>D. lanceolaria</i> Linn. [i.e. rosewood])> kānagu �albergia arborea
<Row OIA d1507 karañja- Pongamia glabra (Turner, <i>> karañja- �ongamia glabra
<Row OIA d1507 Galedupa indica </i> Lamk. = <i>> �aledupa indica
<Row OIA d1507 G. arborea </i> Roxb.] DED(S) 1265> �� arborea
<Row Kota d1510 kicv- (kict-) to make a grimace (of derision, etc.) by opening mouth and drawing back lips, open mouth at death> kicv- �kict-�
<Row Kota d1510 kicva·yṇ one who acts foolishly through temporary inadvertence> kicva�yṇ
<Row Kota d1510 ginj- (ginj-) (dog) shows (teeth) with a snarl> ginj- �ginj-�
<Row Kannada d1510 kisi (kisid- to expand, open, withdraw the lips from the teeth so as to show them, grin, put astride> kisi �kisid
<Row Kannada d1510 kist-) to expand, open, withdraw the lips from the teeth so as to show them, grin, put astride> kist-�
<Row Kannada d1510 vb.n. kisa to grin in laughter, grin> vb�n� kisa
<Row Kannada d1510 kisu; kisikisi nagu to grin in laughter, grin> kisu� kisikisi nagu
<Row OIA d1510 *khiss- grin, snarl (probably only some items). DED(N) 1268> �kʰiss
<Row Tam d1511 ceyir- (-pp-, -tt-) to be angry with, show signs of anger, afflict, cause pain; <i>n.</i> anger, rage, battle, fight> ceyir- �-pp-� -tt-�
<Row Tam d1512 Citrus aurantium </i>; Seville orange> �itrus aurantium
<Row Konda d1513 kis- (-t-) to pinch, nip, squeeze with fingers> kis- �-t-�
<Row Konda d1513 caus. kisis- > caus� kisis
<Row Pengo d1513 kic- (-c-) to pinch> kic- �-c-�
<Row Kui d1513 kisa (kisi-) to pinch, nip; <i>n.</i> a pinch, nip> kisa �kisi-�
<Row Kui d1513 pl. action kiska (kiski-) > pl� action kiska �kiski-�
<Row sunkar d1513 kicc- (-it-) > kicc- �-it-�
<Row Naikri d1514 kicc (c = ts) id> kicc �c � ts�
<Row Naiki d1514 kic (c = ts) id> kic �c � ts�
<Row Kannada d1515 kicu = kica; kicak-annu to chatter (as babies do)> kicu � kica� kicak-annu
<Row OIA d1515 Arundo karka </i>; a kind of bird. DED(S, N) 1273> �rundo karka
<Row Toda d1516 kiskwïṭ- (kiskwïṭy-) id> kiskvɨṭ- �kiskvɨṭy-�
<Row Toda d1516 kiskwiḷ- (kiskwïḍ-) tickling is (with dative). DED 1274> kiskviḷ- �kiskvɨḍ-�
<Row Konda d1518 kizay- (-t-) to jeer at, ridicule. <i>> kizay- �-t-�
<Row Tam d1524 kiṭa (-pp-, -nt-) to lie, lie down (as in sleep, in inactivity), dwell, sleep, rest, be bedridden> kiṭa �-pp-� -nt-�
<Row Tam d1524 kiṭattu (kiṭatti-) to place in a recumbent posture, lay to rest, stretch oneself on the ground> kiṭattu �kiṭatti-�
<Row Tam d1524 kiṭappu (kiṭappi-) to cause to lie down; <i>n.</i> resting, sleeping> kiṭappu �kiṭappi-�
<Row yavatmal d1524 ker- (-t-) to fall at the feet (<i>Voc.</i> 558). ?> ker- �-t-�
<Row Malto d1524 kóḍe (koḍya) to lie down> kóḍe �koḍya�
<Row Tam d1530 kiṭukiṭu (-pp-, -tt-) to tremble, shake, shiver, totter (as a loose wall), chatter (as the teeth with cold); <i>n.</i> quaking, trembling> kiṭukiṭu �-pp-� -tt-�
<Row Tam d1530 kiṭukiṭāy (-pp-, -tt-) to be amazed, tremble with fear> kiṭukiṭāy �-pp-� -tt-�
<Row Tam d1531 kiṭukiṭu (-pp-, -tt-) to sound (as the rolling of a carriage), rumble (as a thundercloud); <i>n.</i> a small drum> kiṭukiṭu �-pp-� -tt-�
<Row sunkar d1536 gṛi'ma id. DEDS 209> gṛi�ma
<Row Tam d1538 kiṭṭu (kiṭṭi-) to draw near (in time or place), be on friendly terms with, be attained, accomplished, be clenched (as the teeth in lockjaw); approach, attack, meet, tie, bind> kiṭṭu �kiṭṭi-�
<Row Tam d1538 kiṭai (-pp-, -tt-) to be obtained, found, come into one's possession, join, come together; approach, encounter, oppose; <i>n.</i> comparison, likeness, equality> kiṭai �-pp-� -tt-�
<Row Toda d1538 kiṭ- (kiṭy-) to be caught (in crowd, by buffalo's horns, by promise that one must keep, etc.)> kiṭ- �kiṭy-�
<Row Kodagu d1538 kïṭṭ- (kïṭṭi-) to be got, come into possession of> kɨṭṭ- �kɨṭṭi-�
<Row Konda d1538 giṭ- (-t-) to be fair (of price in bargain)> giṭ- �-t-�
<Row Pengo d1538 giṭā- (giṭa ā-) to correspond> giṭā- �giṭa ā-�
<Row Tam d1542 kiṇṭu (kiṇṭi-) to poke, stir, scratch (as a fowl), dig up, burrow in (as rats, worms), dig, probe, examine, incite (as to a quarrel)> kiṇṭu �kiṇṭi-�
<Row Tam d1542 keṇṭu (keṇṭi-) to dig, cut and eat> keṇṭu �keṇṭi-�
<Row Kota d1542 kej- (kej-) to flay, cut open or cut up (carcass, meat)> kej- �kej-�
<Row Toda d1542 köḍ- (köḍy-) to flay> køḍ- �køḍy-�
<Row Toda d1543 kïṇm (obl. kïṇt-) metal eating vessel> kɨṇm �obl� kɨṇt-�
<Row Tam d1545 onom. expr. signifying tinkling sound; kiṇi cymbal> onom� expr� signifying tinkling sound� kiṇi
<Row Toda d1545 köṇïl ïn- (ïḏ-) id> køṇɨl ɨn- �ɨḏ-�
<Row Toda d1545 köṇ göṇ ïn- (ïḏ-) (bell) to peal> køṇ gøṇ ɨn- �ɨḏ-�
<Row Kannada d1545 Crotalaria </i> in its various species, of which the seeds rattle> �rotalaria
<Row Tam d1546 citar (-v-, -nt-) to scatter, strew, be scattered, strewn, spread over> citar �-v-� -nt-�
<Row Tam d1546 citar (-pp-, -tt-) to shed, scatter; <i>n.</i> spilling, shedding, pollen, powder> citar �-pp-� -tt-�
<Row Tam d1546 citaṟu (citaṟi-) to disperse, scatter (<i>tr.</i>, as grain); be shed, scattered (as a flock), be squandered> citaṟu �citaṟi-�
<Row Tam d1546 citai (-v-, -nt-) to be scattered, dispersed> citai �-v-� -nt-�
<Row Tam d1546 citai (-pp-, -tt-) to scatter> citai �-pp-� -tt-�
<Row Tam d1546 cintu (cinti-) to be strewn, spilled, trickle, be destroyed; scatter, strew, spill, sprinkle, destroy> cintu �cinti-�
<Row Tam d1546 cīntu (cīnti-) to cast, scatter> cīntu �cīnti-�
<Row Kota d1546 kid- (kidy-) to sprinkle from ends of fingers> kid- �kidy-�
<Row Toda d1546 kïd- (kïdy-) to sprinkle> kɨd- �kɨdy-�
<Row Kurux d1546 kid'gnā to rain, spray. DED(S) 1294> kid�gnā
<Row Tam d1547 citar (-pp-, -tt-) to separate, split, cut, hack; <i>n.</i> rag, cloth> citar �-pp-� -tt-�
<Row Tam d1547 citai (-v-, -nt-) to be sundered> citai �-v-� -nt-�
<Row Tam d1547 citai (-pp-, -tt-) to shear; <i>n.</i> sail> citai �-pp-� -tt-�
<Row Tam d1547 cintu (cinti-) to cut off> cintu �cinti-�
<Row BettaKurumba d1548 1.12) kadli id> � kadli
<Row Kui d1549 ki'eṛi id. <i>> ki�eṛi
<Row sunkar d1549 ki'eṇi mārnu id> ki�eṇi mārnu
<Row Tulu d1551 k. āpini to be tickled> k� āpini
<Row Tulu d1551 k. māḍuni to tickle> k� māḍuni
<Row Tulu d1551 k. āpini to be tickled> k� āpini
<Row Tulu d1551 k. māḍuni to tickle> k� māḍuni
<Row Tam d1552 kittu (kitti-) to hop, leap about on one leg> kittu �kitti-�
<Row Tam d1552 kintu (kinti-) id., to limp, hobble, stand or walk on toes of one foot or both, go on tiptoe> kintu �kinti-�
<Row Tam d1552 kuntu (kunti-) to stand on tiptoe, hop on one leg; <i>n.</i> hopping> kuntu �kunti-�
<Row Tam d1552 kontu (konti-) to hop, as in a game; <i>n.</i> a hopping game> kontu �konti-�
<Row Gadaba d1554 kindrap- (kindrat-) to make to revolve> kindrap- �kindrat-�
<Row Pengo d1554 kindrā- (kindra ā-) to revolve> kindrā- �kindra ā-�
<Row Kurux d1554 kindra'ānā to put into circular motion. DED(S) 1299> kindra�ānā
<Row Tulu d1560 kirmbelụ itching, scratching> kirmbel�
<Row Kolami d1561 kivar- (kivart-) to feel for in darkness> kivar- �kivart-�
<Row Tam d1562 ciri (-pp-, -tt-) to laugh, neigh (as a horse), blossom, ridicule; <i>n.</i> laughter, smile> ciri �-pp-� -tt-�
<Row Kuwi d1562 khṛikhali (ṛ = r) to neigh. DED(S) 1304> kʰṛikʰali �ṛ � r�
<Row Kuwi d1563 gri'ni ankle. DEDS 216> gri�ni
<Row Tam d1564 cirai (-pp-, -tt-) to shave, cut with a sickle> cirai �-pp-� -tt-�
<Row Tam d1564 cirāy (-pp-, -tt-) to get scratched (as in the skin)> cirāy �-pp-� -tt-�
<Row Tam d1564 curaṇṭu (curaṇṭi-) to scratch, scrape with fingernail or instrument, erase> curaṇṭu �curaṇṭi-�
<Row Tam d1564 cuṛaṇṭu (cuṟaṇṭi-) to scratch, scrape with fingernail or instrument, erase> cuṛaṇṭu �cuṟaṇṭi-�
<Row Kota d1564 kekarv- (kekart-) to scratch lightly (to wake a person), (cattle) paw the ground before fighting, (animal) digs> kekarv- �kekart-�
<Row Kota d1564 kekrv- (kekrt-) to scratch lightly (to wake a person), (cattle) paw the ground before fighting, (animal) digs> kekrv- �kekrt-�
<Row Toda d1564 kerf- (kert-) to scratch, egg on> kerf- �kert-�
<Row Toda d1564 kök- (köky-) (buffalo) scratches itself against rock> køk- �køky-�
<Row gowda d1564 kE·ri to scratch> k��ri
<Row Kolami d1564 kerk- (kerekt-) to shave> kerk- �kerekt-�
<Row Parji d1564 kirp- (kirt-) (fowl) scratches> kirp- �kirt-�
<Row Kurux d1564 xercnā (xircyas) to rub off, scour> xercnā �xircyas�
<Row Kurux d1566 kirnā (kirryas) to come back, return, face about, come round in turn> kirnā �kirryas�
<Row Kurux d1566 kirta'ānā to send or take back, return (<i>tr.</i>), give in return> kirta�ānā
<Row Tam d1570 kil (kiṟp-, kiṟṟ-) to be able> kil �kiṟp-� kiṟṟ-�
<Row Kota d1570 gicg- (gicgy-) to be a fit or deserving person, be able> gicg- �gicgy-�
<Row Toda d1570 kïs̱- (kïḏ-) to be able; ?> kɨs̱- �kɨḏ-�
<Row Toda d1570 kel o·ḷ old man> kel o�ḷ
<Row Tam d1571 cilku (cilki-) to become few, dwindle> cilku �cilki-�
<Row Kota d1571 kil gaṭ- (gac-) to be too small for one's years> kil gaṭ- �gac-�
<Row Tam d1574 cilai (-pp-, -tt-) to sound, resound, roar, twang; rage, be angry; <i>n.</i> sound, roar, bellow, twang> cilai �-pp-� -tt-�
<Row Tam d1574 cilampu (cilampi-) to sound, make a tinkling noise, echo; <i>n.</i> sound, noise, resonance; tinkling anklets> cilampu �cilampi-�
<Row Tam d1574 cilucilu (-pp-, -tt-) to sound (as in frying), talk without restraint, make a hissing noise> cilucilu �-pp-� -tt-�
<Row Tam d1574 cilumpu (cilumpi-) to sound> cilumpu �cilumpi-�
<Row Kota d1574 kilc- (kilc-) to utter shrill cry of joy; ? gel> kilc- �kilc-�
<Row Kota d1574 iḍ- (iṭ-) (bullock) makes noise when it sees another bullock and prepares to fight> iḍ- �iṭ-�
<Row Toda d1574 kis̱- (kis̱Q-) to crow> kis̱- �kis̱�-�
<Row Toda d1574 ïr fö·r xis̱- to call out buffalo names to amuse oneself> ɨr fø�r xis̱
<Row Toda d1574 kilk- (kilky-) to neigh> kilk- �kilky-�
<Row Toda d1574 ki·l ik- (iky-) (elephant) to trumpet (the verb is said to be &lt; Badaga)> ki�l ik- �iky-�
<Row Gondi d1574 caus. kilh- > caus� kilh
<Row Kui d1574 klāpa (klāt-) to crow, coo, lament; <i>> klāpa �klāt-�
<Row Tam d1575 kilukku (kilukki-) to ring, rattle, clink; <i>n.</i> rattling, tinkling; rattling sticks of schoolboys, children's rattle-box> kilukku �kilukki-�
<Row Tam d1575 kilukilu (-pp-, -tt-) to rattle, tinkle, resound with noise> kilukilu �-pp-� -tt-�
<Row Tam d1575 kiluṅku (kiluṅki-) to tinkle, ring, rattle, jingle> kiluŋku �kiluŋki-�
<Row Kannada d1578 Batatas ipomoea </i> generally meant for the common sweet potato, <i>> �atatas ipomoea
<Row Kannada d1578 B. edulis </i> Chois> �� edulis
<Row Tulu d1578 D. aculeata </i>> �� aculeata
<Row Tam d1579 kir̤avi; kir̤ataṉ old fellow (used in contempt); <i>fem.</i>> kiṛ̆avi� kiṛ̆ataṉ
<Row Mal d1579 kir̤atti. ? > kiṛ̆atti� �
<Row Toda d1579 kel o·ḷ old man> kel o�ḷ
<Row Tam d1581 kir̤i (-v-, -nt-) to be torn, rent in shreds, be scratched, give way, split, be defeated, perish; (-pp-, -tt-) to tear, rend, split, cut, rip up, lacerate, uproot, scratch; <i>n.</i> piece of cloth torn off, gold or other valuables tied up in a piece of cloth as a prize> kiṛ̆i �-v-� -nt-�
<Row Tam d1581 kīr̤ (-v-, -nt-) to rend, tear, split, destroy, dig, be uprooted> kīṛ̆ �-v-� -nt-�
<Row Kota d1581 kig- (kiṛt-) to pluck up, pull (teeth), seize forcibly, go away in a hurry> kig- �kiṛt-�
<Row Kota d1581 kit- (kity-) to tear with the teeth> kit- �kity-�
<Row Kota d1581 kiv- (kivd-) to become torn; (kivt-) to tear> kiv- �kivd-�
<Row Toda d1581 kïšf- (kïšt-) to pluck out by roots, rape> kɨšf- �kɨšt-�
<Row Kannada d1581 kīr̤ (kir̤t-) to draw or pull out, pluck up or out, uproot, pull off, rob> kīṛ̆ �kiṛ̆t-�
<Row Pengo d1582 giṛ- (-t-) to comb. ?> giṛ- �-t-�
<Row Kui d1582 kulpa (kult-) to separate, take out weeds, comb the hair> kulpa �kult-�
<Row sunkar d1582 kiṇ- (-h-) > kiṇ- �-h-�
<Row bisam d1582 kiṭ- (-it-) to comb> kiṭ- �-it-�
<Row Tam d1583 kiḷar (-v-, -nt-) to rise, ascend, emerge, shoot up, increase, shine, be conspicuous, be exalted, be roused; <i>n.</i> light> kiḷar �-v-� -nt-�
<Row Tam d1583 kiḷarttu (kiḷartti-) to raise up, fill> kiḷarttu �kiḷartti-�
<Row Tam d1583 kiḷampu (kiḷampi-) to rise in air or water, shoot up, sprout, emerge from obscurity, prosper, be stirred, increase> kiḷampu �kiḷampi-�
<Row Tam d1583 kiḷappu (kiḷappi-) to raise, excite, rouse; <i>n.</i> raising, rousing> kiḷappu �kiḷappi-�
<Row Pengo d1583 gil- (-t-) (leaves) to sprout> gil- �-t-�
<Row Kui d1583 klēja (klēji-) > klēja �klēji-�
<Row Kui d1583 kelja (kelji-) to be distended (udder), be ready for milking> kelja �kelji-�
<Row Kui d1583 kṛīpa (kṛīt-) to swell; <i>n.</i> inflation, expansion. DED(S) 1317:> kṛīpa �kṛīt-�
<Row Parji d1584 kil (pl. kilkul) > kil �pl� kilkul�
<Row salur d1584 killiŋ (pl. kilkīl) DED(N) 1318> killiŋ �pl� kilkīl�
<Row Tam d1588 kiḷai (-pp- -tt-) to dig up, stir, scratch up (as fowls), root up (as pigs), burrow into (as roots), excavate; (-v-, -nt-) to pry out (as a thorn from the flesh with a needle)> kiḷai �-pp- -tt-�
<Row Tam d1588 kiḷaṟu (kiḷaṟi-) to poke, ransack, dig up, disturb, stir (as with a ladle), probe, disclose> kiḷaṟu �kiḷaṟi-�
<Row Tam d1588 kiḷḷu (kiḷḷi-) to dig out, scoop> kiḷḷu �kiḷḷi-�
<Row Toda d1588 kiḷy- (kiḷc-) to ladle out (food)> kiḷy- �kiḷc-�
<Row Kodagu d1588 kaḷa- (kaḷap-, kaḷat-) to dig> kaḷa- �kaḷap-� kaḷat-�
<Row Tam d1589 kiḷḷu (kiḷḷi-) to pinch with the thumb and fingers, nip, pluck; <i>n.</i> pinching, nipping> kiḷḷu �kiḷḷi-�
<Row Toda d1589 kiḷy- (kiḷc-) to pinch with fingernails> kiḷy- �kiḷc-�
<Row Manda d1589 kṛik- (-t-) to pluck (flower). DED(S) 1322> kṛik- �-t-�
<Row Tam d1590 kiṟāvu (kiṟāvi-) to cry (as a peacock)> kiṟāvu �kiṟāvi-�
<Row Kota d1590 kiry- (kirc-) to shout> kiry- �kirc-�
<Row Toda d1590 kiṟc- (kiṟč-) to shout> kiṟc- �kiṟč-�
<Row Kui d1590 kihpa (kiht-) to shout, cry out> kihpa �kiht-�
<Row Kuwi d1590 kīrṛ- (-it-) (Isr.) to shriek, moan with pain, (Ṭ.) shout> kīrṛ- �-it-�
<Row Brah d1590 k. tining to abuse (or with 1597 Ta.ciṟukku). DED(S) 1323> k� tining
<Row Tam d1594 ciṟu (cīṟ before vowel)> ciṟu �cīṟ
<Row Tam d1594 ciṟu (-pp-, -tt-) to be small, short, stunted in growth, shrink, diminish, be impoverished, sink low> ciṟu �-pp-� -tt-�
<Row Tam d1594 ciṟuku (ciṟuki-) to be small, short, stunted in growth, shrink, diminish, be impoverished, sink low> ciṟuku �ciṟuki-�
<Row Tam d1594 ciṟukku (ciṟukki-) to reduce in size or quantity, lessen> ciṟukku �ciṟukki-�
<Row Tam d1594 ciṟāmpu (ciṟāmpi-) to shrink, look small, grow lean> ciṟāmpu �ciṟāmpi-�
<Row Kannada d1594 fem. kiṟiyaḷ; epic. pl. kiṟiyar > fem� kiṟiyaḷ� epic� pl� kiṟiyar
<Row Naiki d1594 kīken (pl. kīker) id> kīken �pl� kīker�
<Row Tam d1595 kiṟukiṟu (-pp-, -tt-) to be giddy, swim (as the head), be confounded, confused, disconcerted> kiṟukiṟu �-pp-� -tt-�
<Row Tam d1595 kiṟukku (kiṟukki-) to feel giddy, be delirious; <i>n.</i> giddiness, craziness> kiṟukku �kiṟukki-�
<Row Tam d1597 ciṟukku (ciṟukki-) to be angry with> ciṟukku �ciṟukki-�
<Row Tam d1597 ceṟu (-v-, -nt-) to hate, dislike, detest, be angry with; (-pp-, -tt-) to be angry at, detest; <i>n.</i> anger> ceṟu �-v-� -nt-�
<Row Tam d1597 ciraṟṟu (ciraṟṟi-) to be angry with> ciraṟṟu �ciraṟṟi-�
<Row Kota d1597 cirv- (cirt-) id> cirv- �cirt-�
<Row Brah d1597 k. tining to abuse (or with 1590 Ta.kiṟāvu); kirkgrudge, rancour. DED(S, N) 1329> k� tining
<Row Tam d1598 kiṟuṅku (kiṟuṅki-) to move (<i>intr.</i>), stir, shake, stagger> kiṟuŋku �kiṟuŋki-�
<Row Toda d1599 kïṟme·ṇ id> kɨṟme�ṇ
<Row Tam d1600 ciṉa (-pp-, -nt-) to be enraged, be very angry, become red with inflammation (as tumour)> ciṉa �-pp-� -nt-�
<Row Tam d1600 ciṉavu (ciṉavi-) to be angry, indignant, fight> ciṉavu �ciṉavi-�
<Row Kodagu d1604 kinn- (kinni-) to tear into strips (rags, plantain or screwpine leaves)> kinn- �kinni-�
<Row Kolami d1604 kini- (kinit-) to break into pieces> kini- �kinit-�
<Row Kolami d1604 kink- (kinikt-) id> kink- �kinikt-�
<Row Mal d1606 cīka (cīnnu) to rot, be spoiled> cīka �cīnnu�
<Row Mal d1606 tr. cīkka; cīkku rotten> tr� cīkka� cīkku
<Row Kota d1606 kit- (kity-) to rot, (wound, corpse) decays and stinks> kit- �kity-�
<Row Toda d1606 i·ṇm (obl. i·ṇt-) snot (or with 551 Ta.īḷai)> i�ṇm �obl� i�ṇt-�
<Row Kodagu d1606 ki·y- (ki·yuv-, ki·ñj-) to become rotten> ki�y- �ki�yuv-� ki�ñj-�
<Row Kolami d1606 sivk- (sivikt-) to become rotten> sivk- �sivikt-�
<Row Kolami d1606 si·m pus> si�m
<Row Kui d1606 srīva (srīt-) > srīva �srīt-�
<Row Kui d1606 srihpa (sriht-) to rot, decay. <i>> srihpa �sriht-�
<Row Kuwi d1606 sir- (sirh-) to go bad> sir- �sirh-�
<Row Kodagu d1608 ki·je pakki weaver bird> ki�je pakki
<Row Tam d1610 cīvu (cīvi-) to comb or brush the hair> cīvu �cīvi-�
<Row Toda d1610 ki·c- (ki·č-) to comb. <i>> ki�c- �ki�č-�
<Row Kodagu d1610 ci·p- (ci·pi-) to comb> ci�p- �ci�pi-�
<Row Kodagu d1610 ci·pï a comb> ci�pɨ
<Row Tam d1612 cīy (-pp-, -tt-) to cut with adze, cut down> cīy �-pp-� -tt-�
<Row Kota d1612 ki·c- (ki·c-) to cut by chipping> ki�c- �ki�c-�
<Row Toda d1612 ki·c- (ki·č-) to scrape> ki�c- �ki�č-�
<Row Konda d1612 kīs- (-t-) to scrape, scratch> kīs- �-t-�
<Row Kodagu d1613 ki·ri > ki�ri
<Row Kota d1616 ki·r (obl. ki·ṯ-) loose bosom and waist of woman's clothes when tied at waist for working> ki�r �obl� ki�ṯ-�
<Row Mal d1617 Chenopodium album </i> and various <i>> �henopodium album
<Row Mal d1617 Amarantus </i> species> �marantus
<Row Kota d1617 ki·r sp> ki�r
<Row Toda d1617 ki·ry id> ki�ry
<Row Tam d1617 Amarantus </i> species. The botanical identification of the several <i>A.</i> species is apparently still a problem. Hooker's possibilities include <i>> �marantus
<Row Tam d1617 Amaranthus </i> species. The botanical identification of the several <i>A.</i> species is apparently still a problem. Hooker's possibilities include <i>> �marantʰus
<Row Tam d1617 A. paniculatus </i> Linn. = <i>> �� paniculatus
<Row Tam d1617 A. speciosus </i> Sims, and <i>> �� speciosus
<Row Tam d1617 A. caudatus </i> Linn. = <i>> �� caudatus
<Row Tam d1617 A. paniculatus </i> Wall.] DED(N) 1345> �� paniculatus
<Row Kota d1619 ki·- lower, east> ki�
<Row Kota d1619 ki·ṛm (<i>obl.</i> ki·ṛt-) monsoon clouds which lie on the hills as mist> ki�ṛm
<Row Toda d1619 ki·- lower> ki�
<Row Toda d1619 ki·koy the underneath place> ki�koy
<Row Toda d1619 ko·ḍ last year (cf. 5153)> ko�ḍ
<Row Kodagu d1619 kï·- lower, below> kɨ�
<Row Kodagu d1619 kï·ḷï id> kɨ�ḷɨ
<Row Kodagu d1619 kï·da place below, down> kɨ�da
<Row Kodagu d1619 kï·ḷa·ṇḍï last year> kɨ�ḷa�ṇḍɨ
<Row Kodagu d1619 kë·kï the east> kə�kɨ
<Row Kodagu d1619 kë·kië eastern> kə�kiə
<Row Tam d1622 kīḷ (kīḷv-, kīṇṭ-) to rend (<i>tr.</i>), tear, split; burst (<i>intr.</i>, as bund of an overfull tank); <i>n.</i> part, portion, section> kīḷ �kīḷv-� kīṇṭ-�
<Row Kota d1622 ci·ḷ pieces (of pot, paper, etc.), division of land> ci�ḷ
<Row Tam d1623 kīṟu (kīṟi-) to scratch, draw lines, scribble, write; <i>n.</i> scratch, mark, stroke, scrawl, writing> kīṟu �kīṟi-�
<Row Tam d1623 kiṟukku (kiṟukki-) to scribble, write illegibly, cancel, score out; <i>n.</i> scribble, scoring out anything written> kiṟukku �kiṟukki-�
<Row Kota d1623 ki·r a mark, line> ki�r
<Row Kodagu d1623 gi·c- (gi·ci-) to make a mark by scratching> gi�c- �gi�ci-�
<Row Kolami d1623 ki·ra stripe> ki�ra
<Row Tam d1624 kīṟu (kīṟi-) to slit, tear, rend, cut, gash, slice; <i>n.</i> gash, cut, slice, piece> kīṟu �kīṟi-�
<Row Tam d1624 kīl (kīlv-, kīṉṟ-) to rend (<i>tr.</i>), tear> kīl �kīlv-� kīṉṟ-�
<Row Kota d1624 ki·r- (ki·ry-) to tear (<i>intr., tr.</i>), gash> ki�r- �ki�ry-�
<Row Kota d1624 ki·r gash> ki�r
<Row Toda d1624 ki·ṟ- (ki·ṟy-) to tear> ki�ṟ- �ki�ṟy-�
<Row Kodagu d1624 ki·r- (ki·ri-) to tear> ki�r- �ki�ri-�
<Row Kodagu d1624 ki·t- (ki·ti-) id> ki�t- �ki�ti-�
<Row Kodagu d1624 gi·r- (gi·ri-) to make gash> gi�r- �gi�ri-�
<Row Kodagu d1624 ki·tï torn piece (paper, cloth)> ki�tɨ
<Row Tam d1625 kīṟu (kīṟi-) to hint at; ?> kīṟu �kīṟi-�
<Row Tam d1625 kiṟi (-pp-, -tt-) to play pranks; <i>n.</i> stratagem, artifice, practical joke> kiṟi �-pp-� -tt-�
<Row betul d1625 gir-gir (huṛānā) to wink jocularly at anyone as a signal. <i>> gir-gir �huṛānā�
<Row Tam d1628 kukku (kukki-) to sit on one's legs, squat> kukku �kukki-�
<Row Kota d1628 kuki·r- (kukrc-) to sit down> kuki�r- �kukrc-�
<Row Kui d1628 kopka (&lt; kok-p-; kokt-) to sit, sit down, sit on, settle down, subside; <i>n.</i> act of sitting, subsidence. <i>> kopka ��lt� kok-p-� kokt-�
<Row sunkar d1628 kug- (-it-) > kug- �-it-�
<Row Telugu d1631 Sapindus emarginatus </i> DED 1359> �apindus emarginatus
<Row Konda d1635 kus- (-t-) to urinate> kus- �-t-�
<Row Manda d1635 kuh- (-t-) to urinate> kuh- �-t-�
<Row Tam d1638 kucukucu (-pp-, -tt-) to whisper> kucukucu �-pp-� -tt-�
<Row Kota d1638 guc guc in- (iḏ-) to whisper> guc guc in- �iḏ-�
<Row Kurux d1638 kusmusa'anā to whisper> kusmusa�anā
<Row OIA d1638 ): Dr. *k > �� �r� �k
<Row OIA d1638 gucVk > guc�k
<Row pottangi d1640 kusun (pl. kuskul) id> kusun �pl� kuskul�
<Row Mal d1646 kuññi = kuññu girl> kuññi � kuññu
<Row Kodagu d1646 ma·ŋuññi n. pr bull in mythology (see 4780)> ma�ŋuññi n� pr
<Row OTelugu d1646 kunnulu (pl.) sucklings, children> kunnulu �pl��
<Row Kolami d1646 ku·na puppy> ku�na
<Row Tam d1649 adj. kuṭa > adj� kuṭa
<Row Kodagu d1649 fem. koḍavati > fem� koḍavati
<Row Kurux d1649 fem. kũṛᵘxnī > fem� kũṛᵘxnī
<Row Kannada d1650 kuruṭiga Wrightiaantidysenterica R. Br > kuruṭiga �rigʰtiaantidysenterica �� �r
<Row Telugu d1650 koḍise-pāla W. tinctoria > koḍise-pāla �� tinctoria
<Row OIA d1650 kuṭaca- W. antidysenterica Turner> kuṭaca- �� antidysenterica
<Row Kota d1651 koṛm (obl. koṛt-) waterpot with small mouth; ?> koṛm �obl� koṛt-�
<Row Parji d1653 kuḍp- (kuḍt-) to weave baskets, etc. out of bamboo> kuḍp- �kuḍt-�
<Row pottangi d1653 kurp- (kurt-) to plait split bamboos to make baskets; ?> kurp- �kurt-�
<Row Gadaba d1653 kuruṭp- (kuruṭt-) > kuruṭp- �kuruṭt-�
<Row salur d1653 kuruṭk- (kuruṭt-) > kuruṭk- �kuruṭt-�
<Row Tam d1654 kuṭi (-pp-, -tt-) to drink, inhale; <i>n.</i> drinking, beverage, drunkenness> kuṭi �-pp-� -tt-�
<Row Kota d1654 kuṛy- (kuṛc-) to drink (only in: uckuṛy-to drink urine, i.e. to be humbled)> kuṛy- �kuṛc-�
<Row Kodagu d1654 kuḍi- (kuḍip-, kuḍic-) to drink> kuḍi- �kuḍip-� kuḍic-�
<Row Tam d1655 kwïḍbïl [-ïl from> kvɨḍbɨl �-ɨl
<Row Tam d1657 Bubo bengalensis </i> (cf. 2200 Ta.kōṭṭāṉid.)> �ubo bengalensis
<Row OIA d1658 *ghuṭṭ- (> �gʰuṭṭ
<Row Tam d1659 kuṭukuṭu (-pp-, -tt-) to rumble, rattle> kuṭukuṭu �-pp-� -tt-�
<Row Kota d1659 guṛg- (guṛgy-) to thunder> guṛg- �guṛgy-�
<Row Kota d1659 guṛ guṛ in- (iḏ-) (water) runs with a gurgle> guṛ guṛ in- �iḏ-�
<Row Kota d1659 goṛ goṛ in- (iḏ-) to make noise (stone rattled in pot, bee buzzing about in pot, any swift movement, as of flying, of movement in a narrow place, of train in tunnel)> goṛ goṛ in- �iḏ-�
<Row Toda d1659 kuḍx- (kuḍxy-) (stomach, thunder) rumbles, (buffalo, man) makes stamping noise in running, (flies) buzz, (fire) crackles> kuḍx- �kuḍxy-�
<Row Toda d1659 kuḍïṟ... (ïn-) noise of god Ko·nṯöw opening and shutting his dwelling> kuḍɨṟ��� �ɨn-�
<Row Kurux d1659 guṛguṛamba'anā to make a succession of abrupt noises rapidly repeated (e.g. thunder, handmill, hookah, a shot re-echoing among hills)> guṛguṛamba�anā
<Row Tam d1660 kuṭai (-v-, -nt-) to work through as bees gathering honey, scoop, hollow out, bore, perforate, penetrate; <i>n.</i> anything hollow, ola basket for eating and drinking from> kuṭai �-v-� -nt-�
<Row Toda d1660 kuḏy- (kuḏs-) to have a shallow hollow (as back of thumb by pressure of index finger); (kuḏc-) to make into a shallow hollow (e.g. pile of rice, back of thumb by pressure of index finger); (forḏ,MBE 1974b, p. 44, n. 20)> kuḏy- �kuḏs-�
<Row Tam d1661 kuṭai (-v- -nt-) to pain (as the ear, the leg)> kuṭai �-v- -nt-�
<Row Kota d1662 keṛv- (keṛd-) to shake> keṛv- �keṛd-�
<Row Toda d1662 kwïṛy- (kwïṛc-) to move violently, thrashing about (snake when attacked, person in convulsion)> kvɨṛy- �kvɨṛc-�
<Row Kodagu d1662 koḍa- (koḍap-, koḍand-) to shake (body;<i>tr.</i>); koḍak- (koḍaki-)to shake (<i>tr.</i>), wag (tail)> koḍa- �koḍap-� koḍand-�
<Row Kodagu d1662 kuḍi- (kuḍiv-, kuḍïnd-) (earth) shakes> kuḍi- �kuḍiv-� kuḍɨnd-�
<Row muria d1664 koḍal (māv) a kind of deer> koḍal �māv�
<Row Kuwi d1667 guḍr- (-it-) to coo. DED 1387> guḍr- �-it-�
<Row Toda d1670 kwïṭṇ (voc. kwïṭa·) husband, man younger than a woman speaking, man (suffix in proper names) (for restricted use in all meanings, MBE 1974b, p. 39, §5.67)> kvɨṭṇ �voc� kvɨṭa��
<Row Kannada d1670 fem. giḍḍi; guḍḍa dwarf, a boy; smallness, shortness> fem� giḍḍi� guḍḍa
<Row Tulu d1670 fem. giḍḍi a short man, dwarf> fem� giḍḍi
<Row Tulu d1670 giḍḍu; kuṇṭe a short man, dwarf> giḍḍu� kuṇṭe
<Row Tam d1671 kuṭṭu (kuṭṭi-) to cuff, strike with the knuckles on the head or temples; <i>n.</i> a blow with the knuckles or the fist on the head, cuff> kuṭṭu �kuṭṭi-�
<Row Kota d1671 kuṭ- (kuc-) to pound> kuṭ- �kuc-�
<Row Toda d1671 kuṭ- (kuṭy-) to knock, pound> kuṭ- �kuṭy-�
<Row Kodagu d1671 kuṭṭ- (kuṭṭi-) to pound> kuṭṭ- �kuṭṭi-�
<Row Kolami d1671 kuḍk- (kuḍukt-) to pound (grain)> kuḍk- �kuḍukt-�
<Row Parji d1671 kuṭip- (kuṭit-) to punch, knock (door)> kuṭip- �kuṭit-�
<Row Kolami d1672 kuṭ- (kuṭt-) to sew> kuṭ- �kuṭt-�
<Row Kui d1672 kuṭa (kuṭi-) to incite, instigate, urge, rouse, stir to action (usually in pl. action formkuṭka [kuṭki-])> kuṭa �kuṭi-�
<Row sunkar d1676 guṭṭu (pl. guṭka) id., stubble of paddy> guṭṭu �pl� guṭka�
<Row OIA d1676 *khuṇṭa- and no. 3748> �kʰuṇṭa
<Row Kurux d1677 kuṛnā (kuḍḍas) to thread, string, fix on any pointed instrument (e.g. a spit), throw the woof-thread in weaving> kuṛnā �kuḍḍas�
<Row Kolami d1680 guḍ (pl. guḍl) testicle> guḍ �pl� guḍl�
<Row Naiki d1680 guḍ (pl. -l) egg> guḍ �pl� -l�
<Row Tam d1685 kuṇukuṇu (-pp-, -tt-) to whine, murmur, grumble, speak through the nose> kuṇukuṇu �-pp-� -tt-�
<Row Tam d1685 kuṇuku (kuṇuki-) to prattle, talk pleasantly> kuṇuku �kuṇuki-�
<Row Tam d1685 kuṇaṭṭu (kuṇaṭṭi-) to wheedle, whine> kuṇaṭṭu �kuṇaṭṭi-�
<Row Kurux d1685 gun'nā to fret> gun�nā
<Row OIA d1685 H. gungun murmur, etc.; also BHS> �� gungun
<Row Kota d1688 kuṇṭ- (kuṇṭy-) to be lame, limp> kuṇṭ- �kuṇṭy-�
<Row Kota d1688 fem. kuṇṭy; kuṭ lameness> fem� kuṇṭy� kuṭ
<Row Kota d1688 fem. kuṭy > fem� kuṭy
<Row Kannada d1688 fem. kuṇṭi; kuṇṭaṇike hopping> fem� kuṇṭi� kuṇṭaṇike
<Row Kodagu d1688 kuṇṭ- (kuṇṭi-) to be lame, limp> kuṇṭ- �kuṇṭi-�
<Row Kodagu d1688 fem. kuṇṭi > fem� kuṇṭi
<Row OIA d1688 nos. 3261 > nos�
<Row Parji d1691 gunḍpip- (gunḍpit-) to make to bend> gunḍpip- �gunḍpit-�
<Row muria d1696 gunḍral (pl. gunḍrahk) a kind of quail (<i>Voc.</i> 1122)> gunḍral �pl� gunḍrahk�
<Row Tam d1699 kutappu (kutappi-) > kutappu �kutappi-�
<Row Tam d1702 kutaṭṭu (kutaṭṭi-) to babble, prattle> kutaṭṭu �kutaṭṭi-�
<Row Toda d1702 kwïQïl stammerer> kvɨ�ɨl
<Row Tam d1703 kutaṟu (kutaṟi-) to become loose, dishevelled> kutaṟu �kutaṟi-�
<Row Konda d1703 kut- (-t-) to strip off, remove (clothing), untie (knot), open (doors)> kut- �-t-�
<Row Pengo d1703 kut- (-t-) to loosen, unfasten, take off (hat). <i>> kut- �-t-�
<Row Kuwi d1703 kud- (-it-) to shift, move> kud- �-it-�
<Row Kuwi d1703 kut- (-h-) to shift (<i>tr.</i>). DEDS 240> kut- �-h-�
<Row Tam d1704 kutaṟu (kutaṟi-) to dig up and scatter> kutaṟu �kutaṟi-�
<Row Tam d1705 kuti (-pp-, -tt-) to jump, leap, bound, frolic, leap over, escape from, splash (as water), spurt out; <i>n.</i> jump, leap> kuti �-pp-� -tt-�
<Row Konda d1705 gudlis- (-t-) to shake violently> gudlis- �-t-�
<Row Kurux d1705 kudāba'ānā to make run> kudāba�ānā
<Row Tam d1709 kutir (-v- -nt-) to be settled, determined, fixed up> kutir �-v- -nt-�
<Row Kota d1709 kud-iḍ- (iṭ-) to fix firmly in ground, tamp earth around (post), hammer end of iron bar to shorten it, apply force> kud-iḍ- �iṭ-�
<Row Toda d1711 kïQïr id> kɨ�ɨr
<Row Toda d1711 kïQïr id> kɨ�ɨr
<Row Parji d1711 gurrol (pl. gurrocil) id. <i>> gurrol �pl� gurrocil�
<Row koya d1711 gurram (pl. gurrak) id. (<i>Voc.</i> 1157)> gurram �pl� gurrak�
<Row OIA d1711 IJDL </i> 1.23-4. DED(S, N) 1423, DEN 22 (united Su. 1973)> ����
<Row Kodagu d1717 pa· kutti milking pot> pa� kutti
<Row Kuwi d1718 kuta ve'uri id> kuta ve�uri
<Row Kuwi d1718 kūta vē'ūri aiyali to hiccough> kūta vē�ūri aiyali
<Row Tam d1719 kuttu (kutti-) to puncture, pierce, bore, perforate, stab, sew, gore, insert punctuation marks, dig; pain, ache (as the head); <i>n.</i> thrust, stab, puncture, prick, incision, goading, dot, punctuation mark, acute pain, ache> kuttu �kutti-�
<Row Tam d1719 kutar (-v-, -nt-) to peck at> kutar �-v-� -nt-�
<Row Mal d1719 vb. intr </i> of piercing pain> vb� intr
<Row Kota d1719 kut- (kuty-) to pierce, prick, sew, butt with horn, gore; (belly) aches with pricking sensation> kut- �kuty-�
<Row Toda d1719 kut- (kuty-) to pierce, stitch, sew, dip (something into something), thrust (hand into hole, pocket, water)> kut- �kuty-�
<Row Kodagu d1719 kutt- (kutti-) to thrust (with end of stick), gore> kutt- �kutti-�
<Row Konda d1719 gut- (-t-) to stitch (as a leaf-plate, leaf-cup, etc., flowers into a garland), pierce, butt> gut- �-t-�
<Row Konda d1719 caus. gutis- > caus� gutis
<Row Pengo d1719 kund- (kunt-) to punch with fist, pierce with spear> kund- �kunt-�
<Row Manda d1719 kund- (kunt-) to pierce, prod> kund- �kunt-�
<Row Kui d1719 kuta (kuti-) to prick; <i>n.</i> act of pricking> kuta �kuti-�
<Row sunkar d1719 kut- (-it-) to prick> kut- �-it-�
<Row Tam d1720 kuttu (kutti-) to plant, set, fix in the ground, set on edge (as bricks in arching, terracing)> kuttu �kutti-�
<Row Kota d1720 kut- (kuty-) to build up stones into wall. ?> kut- �kuty-�
<Row Toda d1720 kušt- (kušty-) to build (wall of pen, etc.) with stones. <i>> kušt- �kušty-�
<Row BettaKurumba d1722 1.11) kidli a spade> � kidli
<Row Kota d1722 kuda·y hoe> kuda�y
<Row Tam d1728 kuntu (kunti-) to sit on the heels with legs folded upright, squat; <i>n.</i> sitting on the heels, squatting> kuntu �kunti-�
<Row Kui d1729 gunda (gundi-) to sprout, bud, shoot forth into bud or ear; <i>n.</i> a sprouting, budding. ? <i>> gunda �gundi-�
<Row Kurux d1729 kundrta'&lt;-&gt; ānā to generate, beget, produce> kundrta��lt�-�gt� ānā
<Row Kui d1730 gunduri (pl. gunduraka) a round thing, circle; round, circular, surrounding> gunduri �pl� gunduraka�
<Row Kota d1731 ki pa·c rubbish heap near house where people defecate, defecation> ki pa�c
<Row Kota d1731 kip pa·c rubbish heap near house where people defecate, defecation> kip pa�c
<Row Parji d1731 kopip- (kopit-) to fill up> kopip- �kopit-�
<Row sunkar d1731 gu'u hump of ox> gu�u
<Row Kota d1731 ki pa·c rubbish heap near house where people defecate, defecation> ki pa�c
<Row Kota d1731 kip pa·c rubbish heap near house where people defecate, defecation> kip pa�c
<Row Parji d1731 kopip- (kopit-) to fill up> kopip- �kopit-�
<Row sunkar d1731 gu'u hump of ox> gu�u
<Row Koraga d1731 ( > �
<Row OIA d1732 *khōppa- DED(S) 1441> �kʰōppa
<Row OIA d1732 *khōmpa- DED(S) 1441> �kʰōmpa
<Row Tam d1736 kuppuṟu (kuppuṟuv-, kuppuṟṟ-) to traverse, cross, leap or spring across; fall headlong> kuppuṟu �kuppuṟuv-� kuppuṟṟ-�
<Row Kota d1736 kup a·r- to make a standing broad jump> kup a�r
<Row Toda d1736 kup-o·ry standing broad jump> kup-o�ry
<Row salur d1736 kovk- (kovuk-) to jump> kovk- �kovuk-�
<Row Kuwi d1736 gumb- (-it-) id. DED(S) 1444> gumb- �-it-�
<Row Tam d1737 kuppai-mēṉi Acalypha indica kuppe-giḍa id> kuppai-mēṉi �calypʰa indica kuppe-giḍa
<Row Tam d1739 kumaṭṭu (kumaṭṭi-) to retch, have vomiting sensation, keck, vomit, eject, detest; <i>n.</i> vomiting with loathing, kecking> kumaṭṭu �kumaṭṭi-�
<Row Tam d1741 kumi (-v-, -nt-) to be heaped up, accumulate, crowd; (-pp-, -tt-) to heap up, accumulate, gather> kumi �-v-� -nt-�
<Row Tam d1741 kuvi (-v-, -nt-) to crowd, press up (as people), be piled up (as sand, grain), be accumulated, stored up; (-pp-, -tt-) to heap up, pile up conically, accumulate, hoard up> kuvi �-v-� -nt-�
<Row Tam d1741 kuvavu (kuvavi-) to be piled up; heap up, gather; <i>n.</i> heap, pile, assemblage, mound> kuvavu �kuvavi-�
<Row Tam d1741 kūppu (kūppi-) to heap up (as sand or grain)> kūppu �kūppi-�
<Row Gondi d1741 (Voc </i> 1142)> ��oc
<Row Kuwi d1741 gompu gompu hō'nai to swarm> gompu gompu hō�nai
<Row Telugu d1742 gumuḍu G. arborea and <i>> gumuḍu �� arborea
<Row Gondi d1742 Careya arborea (Voc </i> 1149)> �areya arborea ��oc
<Row Gondi d1742 gumudu G. arborea > gumudu �� arborea
<Row OIA d1742 kumudā- G. arborea DED 1450> kumudā- �� arborea
<Row Tam d1744 kumuṟu (kumuṟi-) to resound, trumpet, bellow, crash (as thunder), have confused uproar> kumuṟu �kumuṟi-�
<Row Tam d1744 kumiṟu (kumiṟi-) to resound, roar. <i>> kumiṟu �kumiṟi-�
<Row Tam d1745 kumuṟu (kumuṟi-) to gush out, as milk from the breast> kumuṟu �kumuṟi-�
<Row Tam d1746 kumai (-v-, -nt-) to be overboiled, be boiled soft to a mash, be destroyed, be distressed; (-pp-, -tt-) to over-boil, reduce to a mash by boiling, tread out into a mash, destroy, annoy; <i>n.</i> destruction, distress> kumai �-v-� -nt-�
<Row Tam d1746 kumuṅku (kumuṅki-) to mash> kumuŋku �kumuŋki-�
<Row Tam d1750 kump-iṭu (iṭuv-, iṭṭ-) to join hands in worship, make obeisance with the hands joined and raised, beg, entreat; <i>n.</i> worship> kump-iṭu �iṭuv-� iṭṭ-�
<Row Kota d1750 kub-iṛ- (iṭ-) to bow down, pray> kub-iṛ- �iṭ-�
<Row Kota d1750 kumiṭe· salutation used by Kota to Badaga or Kurumba> kumiṭe�
<Row Toda d1750 kub-ïḍ- (ïṭ-) to salute (not used of religious salutation); ?> kub-ɨḍ- �ɨṭ-�
<Row Toda d1750 ku·ḍ- (ku·ḍQ-) to bow, bend down> ku�ḍ- �ku�ḍ�-�
<Row Tam d1752 kumpu (kumpi-) to become charred (as food when boiled with insufficient water)> kumpu �kumpi-�
<Row Tam d1752 kumuṟu (kumuṟi-) to burst with distress> kumuṟu �kumuṟi-�
<Row Tam d1752 kumai (-v-, -nt-) to be hot, sultry> kumai �-v-� -nt-�
<Row Kodagu d1761 kuyⁿ- (kuyyuvⁿ-, kuyⁿñj-) > kuyⁿ- �kuyyuvⁿ-� kuyⁿñj-�
<Row Kodagu d1761 kuynd- (kuyndi-) to feel prickly> kuynd- �kuyndi-�
<Row Tam d1762 kuyam (kucam- first member of cpd.) potter caste> kuyam �kucam
<Row Tam d1762 fem. kuyatti potter> fem� kuyatti
<Row Tam d1762 kucatti; kō potter> kucatti� kō
<Row Mal d1762 fem. kuyatti > fem� kuyatti
<Row Kota d1762 ko·v Kota man> ko�v
<Row Kota d1762 ko·ty Kota woman> ko�ty
<Row Kota d1762 ko· mog Kota child> ko� mog
<Row Kota d1762 ko· ka·l Kota village (forka·l, see 1484)> ko� ka�l
<Row Toda d1762 kwï·f Kota man> kvɨ�f
<Row Toda d1762 kwï·ty Kota woman> kvɨ�ty
<Row Toda d1762 kwï· ko·l Kota village> kvɨ� ko�l
<Row Tam d1763 kuyil (kuyilv-, kuyiṉṟ-) to bore, perforate, tunnel; <i>n.</i> hole, perforation> kuyil �kuyilv-� kuyiṉṟ-�
<Row Kodagu d1763 kuy- (kuyyuv-, kuyñj-) (hole) is bored; (kuyp-, kuyc-) to bore (hole), (fly, ant) bites> kuy- �kuyyuv-� kuyñj-�
<Row Tam d1764 Eudynamis honorata; (kuyilv-, kuyiṉṟ-) to call, whoop, halloo; utter, tell> �udynamis honorata� �kuyilv-� kuyiṉṟ-�
<Row Tam d1764 kuyiṟṟu (kuyiṟṟi-) to tell, utter> kuyiṟṟu �kuyiṟṟi-�
<Row Mal d1764 Cuculus </i> or> �uculus
<Row Kannada d1766 A. tristis </i>, or the pastor> �� tristis
<Row Tam d1767 kuraṅku (kuraṅki-) to bend, incline, droop, wither, hang down, dangle, repose, diminish; <i>n.</i> bending, inclining> kuraŋku �kuraŋki-�
<Row Tam d1767 kuṅku (kuṅki-) to decrease, diminish, sink, be humbled> kuŋku �kuŋki-�
<Row Tam d1767 kūr (-v-, -nt-) to bend (<i>intr.</i>), contract with cold> kūr �-v-� -nt-�
<Row Kota d1767 ku·g im > ku�g im
<Row Toda d1767 ku·x ïr buffalo with horns curving under chin> ku�x ɨr
<Row Parji d1767 gurcip- (gurcit-) to bend. <i>> gurcip- �gurcit-�
<Row Kui d1767 grōnga (grōngi-) to crouch over the fire> grōnga �grōngi-�
<Row Kolami d1769 ko·ti red-faced monkey> ko�ti
<Row Tulu d1778 kurlụ contraction> kurl�
<Row Kuwi d1780 kūṛṛū (pl. kūṛka) bubo> kūṛṛū �pl� kūṛka�
<Row OIA d1783 *gudda- pith, core, and no. 4314> �gudda
<Row betul d1785 kurs (pl. -k) deer, antelope (<i>Voc.</i> 792)> kurs �pl� -k�
<Row Kui d1785 kruhu (pl. kruhka) > kruhu �pl� kruhka�
<Row Kui d1785 krusu (pl. kruska) barking deer, jungle sheep. <i>> krusu �pl� kruska�
<Row sunkar d1785 kruhu (pl. kruska) > kruhu �pl� kruska�
<Row Tam d1787 kuruṭu (in cpds. kuruṭṭu-) blindness, dimness in gems, wrong side of a cloth> kuruṭu �in cpds� kuruṭṭu-�
<Row Tam d1787 fem. kuruṭi > fem� kuruṭi
<Row Mal d1787 fem. kuruṭi > fem� kuruṭi
<Row Kota d1787 ku·ṛ blindness> ku�ṛ
<Row Kota d1787 ku·ṛṇ blind man> ku�ṛṇ
<Row Kota d1787 fem. kurḍy > fem� kurḍy
<Row Kota d1787 ku·ṛy > ku�ṛy
<Row Kannada d1787 fem. kuruḍi > fem� kuruḍi
<Row Kodagu d1787 fem. kurïḍi > fem� kurɨḍi
<Row Mal d1789 kurunnu Trichilia spinosa [= A. monophylla] DED 1490> kurunnu �ricʰilia spinosa �� �� monopʰylla�
<Row Pengo d1791 fem. kurnji > fem� kurnji
<Row OIA d1791 kurumbo 'ṅkuraḥ DED(S, N) 1491> kurumbo �ŋkuraḣ
<Row Tam d1794 kuruḷ (kuruḷv-, kuruṇṭ-) to curl <i>> kuruḷ �kuruḷv-� kuruṇṭ-�
<Row Tam d1796 kurai (-pp-, -tt-) to bark, jubilate, shout; <i>n.</i> noise, roar, shout> kurai �-pp-� -tt-�
<Row Kota d1796 kurv- (kurt-) to snore> kurv- �kurt-�
<Row Kota d1796 kerv- (kert-) to bark> kerv- �kert-�
<Row Toda d1796 kwarf- (kwart-) to snore, bark> kvarf- �kvart-�
<Row Kodagu d1796 kora- (korap-, korat-) to bark> kora- �korap-� korat-�
<Row Kodagu d1796 ku·ke a snore> ku�ke
<Row Kodagu d1796 k. bali- to snore (cf. 5282 Ta.vali)> k� bali
<Row Kui d1797 Kuwi (Gramophone Records of the Languages and Dialects of the Madras Presidency </i> p. 72, Vizagapatam Kōndh> �uvi ��ramopʰone �ecords of tʰe �anguages and �ialects of tʰe �adras �residency
<Row Kui d1797 Text of Passages </i> p. 72, Vizagapatam Kōndh> �ext of �assages
<Row Kui d1797 kur'i pot. DEDS 256> kur�i
<Row Tam d1803 kulavu (kulavi-) to walk, move about> kulavu �kulavi-�
<Row Toda d1803 kwal- (kwaḏ-) to go round and round (millet in mortar pit, buffaloes in pen), frisk about, run about wasting time. DEDS (N) 261> kval- �kvaḏ-�
<Row Tam d1804 kulāvu (kulāvi-) to be on intimate terms, be friends> kulāvu �kulāvi-�
<Row Tam d1806 kuluṅku (kuluṅki-) to be shaken, agitated, tremble, shudder, quake with fear> kuluŋku �kuluŋki-�
<Row Tam d1806 kulukku (kulukki-) to shake up and down (<i>tr.</i>), agitate, shake together in a mass, mix by shaking together; walk with affected gestures, put on airs; <i>n.</i> shake, jolt, affected gestures, foppish airs> kulukku �kulukki-�
<Row Tam d1806 kulai (-v-, -nt-) to tremble, shudder, shake, be deranged, upset, thrown into confusion, be dishevelled, become loose, be destroyed, lose one's heart, become softened; (-pp-, -tt-) to shake, agitate, disturb, disorganize, scatter, untie, loosen, destroy> kulai �-v-� -nt-�
<Row Kota d1806 kulg- (kulgy-) to shake (<i>intr.</i>; diviner, angry man, man with fever), jog up and down (like horse)> kulg- �kulgy-�
<Row Kota d1806 kulk- (kulky-) to shake> kulk- �kulky-�
<Row Kota d1806 kolv- (kold-) to suffer because of disease; (kolt-) to make to suffer by beating or wounding, mash up (berries) with plunger in hollow bamboo. ?> kolv- �kold-�
<Row Toda d1806 kwal- (kwalQ-) to become emaciated> kval- �kval�-�
<Row Toda d1806 kwalf- (kwalt-) to make to be emaciated (by starving)> kvalf- �kvalt-�
<Row Kodagu d1806 kulïŋg- (kulïŋgi-) to shake> kulɨŋg- �kulɨŋgi-�
<Row Kodagu d1806 kulïk- (kulïki-) id> kulɨk- �kulɨki-�
<Row Brah d1806 xuling (xulī-) to fear> xuling �xulī-�
<Row Parji d1807 kuluŋ (pl. kuluŋgul) stalk of leaf, handle of spoon> kuluŋ �pl� kuluŋgul�
<Row Kui d1807 klūju (pl. klūska) handle, haft, stem, shaft. DED 1502> klūju �pl� klūska�
<Row Tam d1810 kulai (-pp-, -tt-) to shoot forth in a bunch (as a plantain); <i>n.</i> cluster, bunch (as of fruits, flowers)> kulai �-pp-� -tt-�
<Row Tam d1810 kuluṅku (kuluṅki-) to be full, abundant (Asher-Radhakrishnan, p. 65)> kuluŋku �kuluŋki-�
<Row Kodagu d1810 kola- (kolap-, kolat-) (plant) shoots against (one who planted it; in a proverb)> kola- �kolap-� kolat-�
<Row Tam d1811 kulai (-pp-, -tt-) to bark (as a dog), talk incoherently> kulai �-pp-� -tt-�
<Row Konda d1814 kūl- (-it-) to rot (as an ulcer), fester> kūl- �-it-�
<Row Pengo d1814 kūl- (-t-) to suppurate> kūl- �-t-�
<Row Kuwi d1814 kulh'nai to ulcerate. ?> kulh�nai
<Row Tam d1817 kur̤ampu (kur̤ampi-) to become mixed, stirred up, be troubled, confused, be agitated, boisterous (as the sea); <i>n.</i> mixture, liquid of thick consistency, mud> kuṛ̆ampu �kuṛ̆ampi-�
<Row Tam d1817 kur̤appu (kur̤appi-) to mix, stir, confuse, disturb, bewilder, disconcert; <i>n.</i> act of mixing, agitat&lt;-&gt; ing> kuṛ̆appu �kuṛ̆appi-�
<Row Tam d1817 kur̤aṟu (kur̤aṟi-) to be mingled, be mixed up> kuṛ̆aṟu �kuṛ̆aṟi-�
<Row Tam d1817 kur̤ai (-v-, -nt-) to be troubled> kuṛ̆ai �-v-� -nt-�
<Row Pengo d1817 gṛok- (-t-) to mix and stir ḍēra meal with water> gṛok- �-t-�
<Row Kui d1817 glōnga (glōngi-) to be muddy, turbid, impure; <i>n.</i> turbidity> glōnga �glōngi-�
<Row Kota d1818 koḷa·y tube> koḷa�y
<Row Kota d1818 fem. kupy; go·b deep hole in ground> fem� kupy� go�b
<Row Toda d1818 kwe·ḷ tube, Kota clarinet, tune of clarinet, curl> kve�ḷ
<Row Toda d1818 ku·ṭ ravine, dry pit> ku�ṭ
<Row Parji d1818 kuṛub (pl. kuṛbul) pit. <i>> kuṛub �pl� kuṛbul�
<Row muria d1818 koṛpanj (pl. koṛpahk) pit to trap animals (<i>Voc.</i> 941)> koṛpanj �pl� koṛpahk�
<Row Konda d1818 kuṛŋi- (-t-) to be hollowed out, (floor) to form pits> kuṛŋi- �-t-�
<Row Konda d1818 kuṛk- (-t-) to hollow out, make pits> kuṛk- �-t-�
<Row Kui d1818 krōḍu (pl. krōṭka) tube, quiver> krōḍu �pl� krōṭka�
<Row Kui d1818 kṛāu (pl. kṛānga) pit, hole, cave> kṛāu �pl� kṛānga�
<Row Kuwi d1818 graiyū (pl. grānga) hole> graiyū �pl� grānga�
<Row Kolami d1820 kuri- (kurit-) to start, protrude from hole, come forth, (sun) rises> kuri- �kurit-�
<Row Kolami d1820 kurs- (kurust-) to escape> kurs- �kurust-�
<Row Kolami d1820 kursip- (kursipt-) to make to escape> kursip- �kursipt-�
<Row Tam d1821 kur̤umu (kur̤umi-) to collect in large numbers (men, animals), gather together> kuṛ̆umu �kuṛ̆umi-�
<Row Tam d1821 kur̤uvu (kur̤uvi-) to collect in large numbers (men, animals), gather together> kuṛ̆uvu �kuṛ̆uvi-�
<Row Parji d1821 kuṛayp- (kuṛayt-) to heap up. <i>> kuṛayp- �kuṛayt-�
<Row Gadaba d1821 kuṛap- (kuṛat-) id. DED 1513> kuṛap- �kuṛat-�
<Row Tam d1822 kur̤ai (-v-, -nt-) to become soft, mashy, pulpy (as well-cooked), be over-boiled (as rice), melt, become tender (as the mind), fade, languish; (-pp-, -tt-) to macerate, mash, reduce to pulp, make soft by mixing with water, mix (as powder with a liquid), cause to melt; <i>n.</i> soft mud, mire> kuṛ̆ai �-v-� -nt-�
<Row Kota d1822 koḷv- (koḷd-) (flesh) putrefies so as to fall apart> koḷv- �koḷd-�
<Row Kota d1822 ku·v- (ku·d-) (grain) gets soft and spoils because it got wet; (ku·t-) to cause (grain) to get, etc.; ?> ku�v- �ku�d-�
<Row Kota d1822 ko·b feverish place, grazing lands in feverish river valley> ko�b
<Row Toda d1822 kwaḍ- (kwaḍQ-) to rot> kvaḍ- �kvaḍ�-�
<Row Toda d1822 kwa·w decayed dead body> kva�v
<Row Tulu d1822 kuḷi = kuri to decay> kuḷi � kuri
<Row Kurux d1822 xossnā (xussyā) to become weak or soft, hence: decay, rot, moulder away, be worm-eaten, be worn, wasted> xossnā �xussyā�
<Row Pengo d1825 kṛuz- (kṛust-) (serpent) to slough skin> kṛuz- �kṛust-�
<Row Kui d1825 kṛuhpa (kṛuht-) > kṛuhpa �kṛuht-�
<Row Kui d1825 kṛuspa (kṛust-) to unloose, unbind, undo, pull off, take to pieces, tear out; <i>n.</i> act of undoing, releasing> kṛuspa �kṛust-�
<Row Kui d1825 kṛumba (kṛumbi-) to fall to pieces> kṛumba �kṛumbi-�
<Row Kui d1825 tr. kṛuppa (kṛupt-) DEDS(N) 265> tr� kṛuppa �kṛupt-�
<Row Pengo d1826 kṛuŋ- (kṛuŋt-) to sink, submerge> kṛuŋ- �kṛuŋt-�
<Row Pengo d1826 kṛuŋg- (kṛuŋt-) to sink, submerge> kṛuŋg- �kṛuŋt-�
<Row Pengo d1826 kṛuk- (-t-) id> kṛuk- �-t-�
<Row Pengo d1826 kṛū- (-t-) to sink into (mud)> kṛū- �-t-�
<Row Kui d1826 kṛumba (kṛumbi-) to sink beneath, dive, plunge into; <i>n.</i> diving> kṛumba �kṛumbi-�
<Row Kui d1826 kṛūva (kṛūt-) to sink down, sink into, (sun) sets; <i>n.</i> subsidence, sinking into, setting of the sun. <i>> kṛūva �kṛūt-�
<Row Kuwi d1826 krūiyali (krūt-) to sink> krūiyali �krūt-�
<Row Kuwi d1826 kṛuŋg- (-it-) to be submerged> kṛuŋg- �-it-�
<Row Toda d1827 kwa·x (when numerated,kwa·w) a large measure> kva�x
<Row Toda d1827 kwa·x (when numerated,kwa·w) a large measure> kva�x
<Row Kolami d1827 kul- (kult-) to count> kul- �kult-�
<Row Konda d1827 koli- (-t-) id. <i>> koli- �-t-�
<Row Kuwi d1827 *ḷ &gt> �ḷ
<Row Kuwi d1827 *kol- DED(S, N) 1517> �kol
<Row Tam d1831 kuḷaṟu (kuḷaṟi-) to stammer (through fear, anger, confusion), howl, yell> kuḷaṟu �kuḷaṟi-�
<Row Tam d1831 kuḷiṟu (kuḷiṟi-) to sound, rattle; <i>n.</i> sound, rattling noise> kuḷiṟu �kuḷiṟi-�
<Row Tam d1831 kur̤aku (kur̤aki-) to prattle, wheedle> kuṛ̆aku �kuṛ̆aki-�
<Row Tam d1831 kur̤aṟu (kur̤aṟi-) to babble (as an infant), talk indistinctly, crow> kuṛ̆aṟu �kuṛ̆aṟi-�
<Row Tam d1831 kur̤aṟṟu (kur̤aṟṟi-) to make incoherent or indistinct sounds as when affected by strong emotions)> kuṛ̆aṟṟu �kuṛ̆aṟṟi-�
<Row Toda d1831 ku·ṛ the cries or twittering of birds, buzzing of bees, tinkling of silver chain (<i>TS</i>: ïr fïḷ xu·ṛthe cry of a buffalo bird,ku·ṛ ke·fiḷytinkling silver chain)> ku�ṛ
<Row Tam d1832 kuḷi (-pp-, -tt-) to bathe, wash one's body up to the neck, take purificatory bath after menstruation, dive for pearls; <i>n.</i> bath, ablution, diving> kuḷi �-pp-� -tt-�
<Row Kodagu d1832 kuḷi- (kuḷip-, kuḷic-) to take bath> kuḷi- �kuḷip-� kuḷic-�
<Row Tam d1833 kuḷi (-pp-, -tt-) to pierce (as an arrow)> kuḷi �-pp-� -tt-�
<Row Tam d1834 kuḷir (-v-, -nt-) to feel cool (as breeze), be cool, refreshing, get numbed (as in death); <i>n.</i> coldness, chilliness, ague, shivering> kuḷir �-v-� -nt-�
<Row Kodagu d1834 kuḷï- (kuḷïp-, kuḷït-) cold feeling is> kuḷɨ- �kuḷɨp-� kuḷɨt-�
<Row Kodagu d1834 kuḷïrï ka·la cold season. DED 1523> kuḷɨrɨ ka�la
<Row Tam d1835 kuḷir (-v-, -nt-) to sit, rest; <i>n.</i> sitting, resting> kuḷir �-v-� -nt-�
<Row Toda d1835 kwïḷ- (kwïḷd-) to hatch (&lt; Badaga)> kvɨḷ- �kvɨḷd-�
<Row OIA d1837 : Skt. gulugulita- roaring of an elephant> � �kt� gulugulita
<Row Tulu d1838 S. Jacquini; guḷḷa-badanè S. ferox DEDS 268> �� �acquini� guḷḷa-badanɛ �� ferox
<Row Tam d1839 fem. kuḷḷi; kūḷi dwarfishness, shortness> fem� kuḷḷi� kūḷi
<Row Mal d1839 fem. kuḷḷi; kūḷan young, short, stunted> fem� kuḷḷi� kūḷan
<Row Kota d1839 fem. kuḷy > fem� kuḷy
<Row Kodagu d1839 fem. kuḷḷi > fem� kuḷḷi
<Row Tam d1839 *kuṟaḷ- DED(S) 1526> �kuṟaḷ
<Row Kolami d1840 kudug (obl. kudg- ) id> kudug �obl� kudg
<Row Parji d1840 kudu (pl. kudul) > kudu �pl� kudul�
<Row Gadaba d1840 kuyug (pl. kuygul) id. <i>> kuyug �pl� kuygul�
<Row Konda d1840 kuṟgu (pl. kuRku) id> kuṟgu �pl� ku�ku�
<Row Kui d1840 kuju (pl. kuska) id. <i>> kuju �pl� kuska�
<Row Tam d1844 fem. kuṟatti the Kuṟava tribe of the mountain> fem� kuṟatti
<Row Tam d1844 kuṟavañci; kuṟavāṇar the Kuṟava tribe of the mountain> kuṟavañci� kuṟavāṇar
<Row Toda d1844 kurb (r not> kurb �r
<Row Toda d1844 ṟ) man of Kurumba tribe living in the Nilgiri jungles> ṟ�
<Row Toda d1844 fem. kurč > fem� kurč
<Row Kannada d1844 fem. koṟavañji (commonly fortune-tellers)> fem� koṟavañji
<Row Kodagu d1844 fem. kurubati > fem� kurubati
<Row Tulu d1844 fem. korapaḷu; koraji a serpent charmer> fem� korapaḷu� koraji
<Row Telugu d1844 fem. koṟavata; koravanji a gipsy> fem� koṟavata� koravanji
<Row Or d1845 Silurus boalis </i>> �ilurus boalis
<Row Or d1845 korramuṭṭu Gobius lagocephalus DED 1531> korramuṭṭu �obius lagocepʰalus
<Row Tam d1847 kuṟi (-pp-, -tt-) to design, intend, think, draw, sketch outline in painting, aim at, narrate briefly, tell, foretell, predict; <i>n.</i> mark, sign, symbol, aim, mark to shoot at, goal, motive, omen, generative organ> kuṟi �-pp-� -tt-�
<Row Tam d1847 kuṟippi (-pp-, -tt-) to call to mind by sign or hint> kuṟippi �-pp-� -tt-�
<Row Kodagu d1847 kuri- (kurip-, kuric-) to paint, decorate; announce (marriage) to house-gods and witnesses> kuri- �kurip-� kuric-�
<Row Kodagu d1847 gottï ma·ḍ- to know> gottɨ ma�ḍ
<Row Kodagu d1847 gott a·g- to become known (<i>dat.</i>, to a person)> gott a�g
<Row Kodagu d1847 gottï a·g- to become known (<i>dat.</i>, to a person)> gottɨ a�g
<Row Telugu d1847 neg. gurtu lēdu. ? > neg� gurtu lēdu� �
<Row Kui d1847 goṛpa (goṛt-) to aim at, hit the mark; <i>n.</i> an aim, hitting the mark. <i>> goṛpa �goṛt-�
<Row Kuwi d1847 gur- (-it-) to aim at> gur- �-it-�
<Row Tam d1849 Strobilanthes </i>; (Lush.) various <i>> �trobilantʰes
<Row Tam d1849 Strobilanthes </i> and <i>> �trobilantʰes
<Row Tam d1849 Barleria </i> species> �arleria
<Row Mal d1849 Strobilanthes </i> species. <i>> �trobilantʰes
<Row Kannada d1849 Strobilanthes </i> species> �trobilantʰes
<Row Tam d1849 Strobilanthes </i>; (Lush.) various <i>> �trobilantʰes
<Row Tam d1849 Strobilanthes </i> and <i>> �trobilantʰes
<Row Tam d1849 Barleria </i> species> �arleria
<Row Mal d1849 Strobilanthes </i> species. <i>> �trobilantʰes
<Row Kannada d1849 Strobilanthes </i> species> �trobilantʰes
<Row Tam d1849 Lawsonia alba </i>; common yellow nail dye, thorny nail dye> �avsonia alba
<Row Mal d1849 Barleria </i> and <i>> �arleria
<Row Mal d1849 Justicia </i> species> �usticia
<Row Telugu d1849 gōrãṭa L. alba > gōrãṭa �� alba
<Row OIA d1849 Barleria; kuraba- a red kind of <i>> �arleria� kuraba
<Row OIA d1849 Barleria; kurabaka- a red kind of <i>> �arleria� kurabaka
<Row OIA d1849 Barleria </i>> �arleria
<Row Pk d1849 koriṇṭa- Barleria Turner> koriṇṭa- �arleria
<Row OIA d1849 nos. 3322 > nos�
<Row Tam d1850 kuṟu (kuṟuv-, kuṟṟ-) to pound in a mortar, husk> kuṟu �kuṟuv-� kuṟṟ-�
<Row Tam d1850 kuṟṟu (kuṟṟi-) to pound, strike, hit, crush (as lice)> kuṟṟu �kuṟṟi-�
<Row Kota d1850 kur- (kuṯ-) to pound (clay in preparation for making pots). <i>> kur- �kuṯ-�
<Row salur d1850 kurk- (kuruk-) to beat like a carpet. <i>> kurk- �kuruk-�
<Row Tam d1850 kuṟu (kuṟuv-, kuṟṟ-) to pound in a mortar, husk> kuṟu �kuṟuv-� kuṟṟ-�
<Row Tam d1850 kuṟṟu (kuṟṟi-) to pound, strike, hit, crush (as lice)> kuṟṟu �kuṟṟi-�
<Row Kota d1850 kur- (kuṯ-) to pound (clay in preparation for making pots). <i>> kur- �kuṯ-�
<Row salur d1850 kurk- (kuruk-) to beat like a carpet. <i>> kurk- �kuruk-�
<Row Tam d1850 kuttu (kutti-) to strike with the fist, cuff, pound (as in a mortar), peck, afflict, injure; <i>n.</i> blow with the fist, cuff, pounding (as in a mortar)> kuttu �kutti-�
<Row Kota d1850 gud- (gudy-) to strike with fist, nudge with elbow> gud- �gudy-�
<Row Toda d1850 kud- (kudy-) to hit with fist, box> kud- �kudy-�
<Row Kodagu d1850 gudd- (guddi-) to pound with fist> gudd- �guddi-�
<Row Kodagu d1850 kutt- (kutti-) to thrust with fist> kutt- �kutti-�
<Row Kuwi d1850 kut- (-it-) to ram> kut- �-it-�
<Row Kuwi d1850 gud- (-it-) to punch> gud- �-it-�
<Row Tam d1850 kuṟu (kuṟuv-, kuṟṟ-) to pound in a mortar, husk> kuṟu �kuṟuv-� kuṟṟ-�
<Row Tam d1850 kuṟṟu (kuṟṟi-) to pound, strike, hit, crush (as lice)> kuṟṟu �kuṟṟi-�
<Row Kota d1850 kur- (kuṯ-) to pound (clay in preparation for making pots). <i>> kur- �kuṯ-�
<Row salur d1850 kurk- (kuruk-) to beat like a carpet. <i>> kurk- �kuruk-�
<Row Tam d1850 kuttu (kutti-) to strike with the fist, cuff, pound (as in a mortar), peck, afflict, injure; <i>n.</i> blow with the fist, cuff, pounding (as in a mortar)> kuttu �kutti-�
<Row Kota d1850 gud- (gudy-) to strike with fist, nudge with elbow> gud- �gudy-�
<Row Toda d1850 kud- (kudy-) to hit with fist, box> kud- �kudy-�
<Row Kodagu d1850 gudd- (guddi-) to pound with fist> gudd- �guddi-�
<Row Kodagu d1850 kutt- (kutti-) to thrust with fist> kutt- �kutti-�
<Row Kuwi d1850 kut- (-it-) to ram> kut- �-it-�
<Row Kuwi d1850 gud- (-it-) to punch> gud- �-it-�
<Row Tam d1850 kumi (-pp-, -tt-) to overpound (as rice)> kumi �-pp-� -tt-�
<Row Tam d1850 kumai (-pp-, -tt-) to beat or pound in a mortar; <i>n.</i> blow, stroke> kumai �-pp-� -tt-�
<Row Kota d1850 kum- (kumy-) to pestle (grain) with slow strokes to remove husks> kum- �kumy-�
<Row Toda d1850 kum- (kumy-) to pound (grain) with light strokes> kum- �kumy-�
<Row Toda d1850 kïmf- (kïmt-) to beat (drum), kill, cut (bark with a stone, in a ceremony)> kɨmf- �kɨmt-�
<Row Toda d1850 kuf- (kufy-) to pound (clothes in washing), load (gun)> kuf- �kufy-�
<Row Kodagu d1850 kumm- (kummi-) to churn> kumm- �kummi-�
<Row Koraga d1850 ( > �
<Row betul d1850 kurumānā (kurmsī) to grind or pound grain in a mortar (<i>Voc.</i> 773)> kurumānā �kurmsī�
<Row Kuwi d1850 gup- (-it-) to knock against> gup- �-it-�
<Row Kuwi d1850 grup- (-h-) to bang against. DED(S, N) 1536> grup- �-h-�
<Row Tam d1851 kuṟu (-pp-, -tt-) to become short, contract, shrink> kuṟu �-pp-� -tt-�
<Row Tam d1851 kuṟuku (kuṟuki-) to grow short, stumpy, dwarfish, shrink, be reduced, decrease> kuṟuku �kuṟuki-�
<Row Tam d1851 kuṟukku (kuṟukki-) to shorten, reduce, abbreviate; <i>n.</i> shortness of distance, contraction> kuṟukku �kuṟukki-�
<Row Tam d1851 kuṟai (-v-, -nt-) to diminish, dwindle, be reduced, prove insufficient, be defective, droop in affliction, languish from worries, lose courage, suffer defeat> kuṟai �-v-� -nt-�
<Row Tam d1851 kuṟai (-pp-, -tt-) to lessen, shorten; <i>n.</i> deficiency, defect, poverty> kuṟai �-pp-� -tt-�
<Row Tam d1851 kuṟar̤ (-v-, -nt-) to stoop, bend low> kuṟaṛ̆ �-v-� -nt-�
<Row Tam d1851 fem. kuṟaḷi; kuṟaḷai dwarfishness, poverty> fem� kuṟaḷi� kuṟaḷai
<Row Tam d1851 kuṉṟu (kuṉṟi-) to decrease, become reduced, droop, languish, become stunted; <i>n.</i> deficiency> kuṉṟu �kuṉṟi-�
<Row Kota d1851 kurg- (kurgy-) to become small, diminished> kurg- �kurgy-�
<Row Kota d1851 kurk- (kurky-) to make small, diminish> kurk- �kurky-�
<Row Kota d1851 korv- (kord-) to be reduced in size or number, (voice) becomes hoarse> korv- �kord-�
<Row Kota d1851 kornj- (kornj-) to become reduced in size> kornj- �kornj-�
<Row Kota d1851 korc- (korc-) to reduce (<i>tr.</i>) in size> korc- �korc-�
<Row Kota d1851 kor (kor per waxing or waning moon> kor �kor per
<Row Kota d1851 kor go·ṛ defective horn)> kor go�ṛ
<Row Kota d1851 ku·r shortness of stature> ku�r
<Row Kota d1851 ku·rn short man> ku�rn
<Row Kota d1851 fem. ku·ry; ? korṇ- (korḍ- to become numb; ?> fem� ku�ry� � korṇ- �korḍ
<Row Kota d1851 korṇḍ-) to become numb; ?> korṇḍ-�
<Row Toda d1851 kuṟx- (kuṟxy-) to be short> kuṟx- �kuṟxy-�
<Row Toda d1851 kuṟk- (kuṟky-) to shorten> kuṟk- �kuṟky-�
<Row Toda d1851 kuṟ-es̱ Eugenia calophyllifolia (i.e. short-leaf)> kuṟ-es̱ �ugenia calopʰyllifolia
<Row Toda d1851 kwaṟ- (kwaṟQ-) to be reduced in size or esteem> kvaṟ- �kvaṟ�-�
<Row Konda d1851 guRi short, small, little> gu�i
<Row Kui d1851 kṛōpka (&lt; kṛōkp-; kṛōkt-) to lower, reduce; <i>n.</i> reduction> kṛōpka ��lt� kṛōkp-� kṛōkt-�
<Row Kui d1851 kōga (kōgi-) to become small, be less, smaller, decrease, shrink; <i>n.</i> decrease, diminution> kōga �kōgi-�
<Row Kui d1851 kōpka (&lt; kōk-p-; kōkt-) to make less, decrease, diminish, reduce; <i>n.</i> reduction> kōpka ��lt� kōk-p-� kōkt-�
<Row Kolami d1852 gurgaḍil- (gurgaḍilt-) (dog) growls, (pig) grunts> gurgaḍil- �gurgaḍilt-�
<Row Konda d1852 gōr- (-t-) to snore> gōr- �-t-�
<Row Mal d1852 MBE 1969 > ��� ����
<Row Mal d1852 p. 291 > p� ��
<Row Mal d1852 no. 12 > no�
<Row Mal d1852 for areal ety&lt;-&gt; mology > for areal ety�lt�-�gt� mology
<Row Mal d1852 with reference to Turner > vitʰ reference to �urner
<Row OIA d1852 *guragura- no. 4486> �guragura
<Row Pengo d1853 gūh- (gūst-) to swallow> gūh- �gūst-�
<Row Manda d1853 guh- (-t-) id> guh- �-t-�
<Row Kui d1853 guhpa (guht-) id.; <i>n.</i> act of swallowing> guhpa �guht-�
<Row Kui d1853 gohpa (goht-) to swallow. <i>> gohpa �goht-�
<Row Kuwi d1853 gūssali (gūst-) id> gūssali �gūst-�
<Row Kuwi d1853 guh'nai to devour, swallow, gulp> guh�nai
<Row Kuwi d1853 ghoh'nai to drink> gʰoh�nai
<Row sunkar d1853 guh- (gust-) to swallow> guh- �gust-�
<Row Kuwi d1853 goh- (gost-) to drink. DED(S) 1539> goh- �gost-�
<Row Tam d1859 kuṟai (-pp-, -tt-) to cut, reap; <i>n.</i> piece, section> kuṟai �-pp-� -tt-�
<Row Tam d1859 kuṟu (kuṟuv, kuṟṟ-) to pluck> kuṟu �kuṟuv� kuṟṟ-�
<Row Kota d1859 korv- (kort-) to make fallen branch into club> korv- �kort-�
<Row Toda d1859 kwaṟf- (kwaṟt-) to cut> kvaṟf- �kvaṟt-�
<Row Toda d1859 kwïc- (kwïč-) to chop up (wood, etc.)> kvɨc- �kvɨč-�
<Row Parji d1859 kud- (kutt-) > kud- �kutt-�
<Row Parji d1859 kuḍ- (kuṭṭ-) to cut> kuḍ- �kuṭṭ-�
<Row Kui d1859 krāpa (krāt-) to cut, saw; <i>n.</i> act of sawing. DED(S, N) 1544> krāpa �krāt-�
<Row Tam d1861 kuṟṟu (kuṟṟi-) to puncture, prick, pierce> kuṟṟu �kuṟṟi-�
<Row Mal d1861 punch with elbow (Voc </i> 1167). From DED 1392> puncʰ vitʰ elbov ��oc
<Row sunkar d1862 gu'na id. DEDS 272> gu�na
<Row Tam d1863 kuṉi (-pp-, -tt-) to dance> kuṉi �-pp-� -tt-�
<Row Kota d1863 koṇy- (koṇc-) (calf or other animal) frisks> koṇy- �koṇc-�
<Row Kota d1863 koṇc- (koṇc-) (calf or other animal) frisks> koṇc- �koṇc-�
<Row Toda d1863 kwïḍζ- (kwïḍj-) (calf) frisks> kvɨḍ�- �kvɨḍj-�
<Row Parji d1864 kondi (pl. kondkul) mountain. <i>> kondi �pl� kondkul�
<Row Konda d1864 goṟon (pl. goṟoku hill, mountain, forest on a hill> goṟon �pl� goṟoku
<Row Konda d1864 goṟonku) hill, mountain, forest on a hill> goṟonku�
<Row Kannada d1865 nasugunni Carpopogon pruriens Roxb. = <i>> nasugunni �arpopogon pruriens
<Row Kannada d1865 Mucuna pruriens </i> DC. [a near relative of> �ucuna pruriens
<Row Telugu d1865 gurivenda A. precatorius; guri-ginja > gurivenda �� precatorius� guri-ginja
<Row Telugu d1865 A. precatorius </i>> �� precatorius
<Row OIA d1865 guñjā- A. precatorius (Turner> guñjā- �� precatorius
<Row Tam d1868 kūvu (kūvi-) to crow, scream (as a peacock), cry (as a cuckoo or birds in general), call out, whoop, trumpet, cry out for help, call, summon> kūvu �kūvi-�
<Row Tam d1868 kukku (kukki-) to whoop> kukku �kukki-�
<Row Toda d1868 ku· (ï)n- (ḏ-) (woman) shouts to a distance> ku� �ɨ�n- �ḏ-�
<Row Toda d1868 ku· (ï)n- (ïḏ-) (woman) shouts to a distance> ku� �ɨ�n- �ɨḏ-�
<Row Toda d1868 ku·x- (ku·xy-) to crow> ku�x- �ku�xy-�
<Row Toda d1868 kub- (kuby-) to shout, bawl out> kub- �kuby-�
<Row Kodagu d1868 ku·- (ku·v-, ku·nd-) to crow> ku�- �ku�v-� ku�nd-�
<Row Kodagu d1868 ku·tï a shout, noise> ku�tɨ
<Row Kolami d1868 ku·g- (ku·kt-) to call> ku�g- �ku�kt-�
<Row Kolami d1868 kuy- (kuyt-) (cock) crows> kuy- �kuyt-�
<Row Parji d1868 kūp- (kūt-) to whistle. <i>> kūp- �kūt-�
<Row Konda d1868 kūk- (-t-) to call, invite, shout at> kūk- �-t-�
<Row Konda d1868 caus. kūpis- to summon, make (somebody) call, send word> caus� kūpis
<Row Pengo d1868 kūk- (-t-) to call, summon> kūk- �-t-�
<Row Kui d1868 kūpka (&lt; kūkp-; kūkt-) to shout, hail, call aloud; <i>n.</i> a shout. <i>> kūpka ��lt� kūkp-� kūkt-�
<Row OIA d1868 *kūkkati screams. DED(S, N) 1551> �kūkkati
<Row Kui d1869 kūva (kūt-) to refuse, abstain from, abjure; <i>n.</i> refusal. <i>> kūva �kūt-�
<Row Kuwi d1869 kūiyali (kūt-) > kūiyali �kūt-�
<Row Parji d1870 kū (pl. kūvul) shaft of axe. <i>> kū �pl� kūvul�
<Row Tam d1871 Bubo bengalensis; kūṉ owl> �ubo bengalensis� kūṉ
<Row Toda d1871 kï·x id> kɨ�x
<Row Kodagu d1871 gu·mï id> gu�mɨ
<Row Kolami d1871 gu·pa id. <i>> gu�pa
<Row Toda d1873 ku·x girl, daughter> ku�x
<Row Kolami d1874 gu·ge butterfly> gu�ge
<Row Parji d1875 kūki (pl. kūkul) mushroom. <i>> kūki �pl� kūkul�
<Row pottangi d1875 kukun (pl. kukul) id> kukun �pl� kukul�
<Row Tam d1876 kūcu (kūci-) to be shy, coy, be ticklish, be tender (as an eye), recoil, shrink back> kūcu �kūci-�
<Row Kota d1877 gu·c- (gu·c-) to lie or fall in a mass, (rain) pours down; put down in a mass> gu�c- �gu�c-�
<Row Kota d1877 gu·cl heap of fuel> gu�cl
<Row Toda d1877 ku·s- (ku·sy-) to be heaped up> ku�s- �ku�sy-�
<Row Toda d1877 ku·sïl a heap> ku�sɨl
<Row Pengo d1878 gūj (pl. gūcku) pillar, post. DED (S, N) 1559> gūj �pl� gūcku�
<Row Parji d1879 kūcu (pl. kūckul) crowbar. <i>> kūcu �pl� kūckul�
<Row Gondi d1879 kūnj (pl. kūsk) (Mu.) hoe, (Elwin) shouldered digging stick> kūnj �pl� kūsk�
<Row Tam d1882 kūṭu (kūṭi-) to come together, join, meet, assemble, combine, become conciliated, be stored up, happen, associate, cohabit, arrive at, be possible, be fit, proper, be achieved> kūṭu �kūṭi-�
<Row Tam d1882 kūṭṭu (kūṭṭi-) to unite (<i>tr.</i>), join, combine, mingle, add, convoke (an assembly); <i>n.</i> fellowship, assistance, relationship, throng, illicit intercourse, mixture> kūṭṭu �kūṭṭi-�
<Row Kota d1882 ku·ṛ- (ku·c-) to join (<i>intr.</i>), gather, meet, assemble, (cows) enter shed, (day) comes close at hand, (wound) heals> ku�ṛ- �ku�c-�
<Row Kota d1882 ku·ṭ- (ku·c-) to make to join, summon (a meeting), gather (<i>tr.</i>), shut in (cattle)> ku�ṭ- �ku�c-�
<Row Kota d1882 ku·ṭm (obl. ku·ṭt-) meeting, conversation> ku�ṭm �obl� ku�ṭt-�
<Row Kota d1882 ko·ṭ a·ḷ intimate male friend, woman's lover, man who has a mistress> ko�ṭ a�ḷ
<Row Kota d1882 ko·ṭa·c intimate female friend, man's mistress> ko�ṭa�c
<Row Toda d1882 ku·ṛ- (ku·ṛy-) to join (<i>intr.</i>), have intercourse with, finish (doing so-and-so)> ku�ṛ- �ku�ṛy-�
<Row Toda d1882 ku·ṭ- (ku·ṭy-) to join (<i>tr.</i>), close (eye)> ku�ṭ- �ku�ṭy-�
<Row Toda d1882 ku·ḍ- (ku·ḍy-) (others than Todas) marry> ku�ḍ- �ku�ḍy-�
<Row Toda d1882 ku·ṭm (obl. ku·ḍt-) meeting of assembly, dispute> ku�ṭm �obl� ku�ḍt-�
<Row Toda d1882 mu·ku·ṛ- (mu·ku·ṛy-) to meet (of persons, rivers)> mu�ku�ṛ- �mu�ku�ṛy-�
<Row Toda d1882 mu·ku·ṭ- (mu·ku·ṭy-) to cause to meet (see 5031)> mu�ku�ṭ- �mu�ku�ṭy-�
<Row Kodagu d1882 ku·ḍ- (ku·ḍi-) to join with others, gather, be inserted> ku�ḍ- �ku�ḍi-�
<Row Kodagu d1882 ku·ṭ- (ku·ṭi-) to join (others) with oneself, insert> ku�ṭ- �ku�ṭi-�
<Row Kodagu d1882 ku·ṭa quarrel, dispute, panchayat> ku�ṭa
<Row Kodagu d1882 ku·ṭï gathering, assembly> ku�ṭɨ
<Row Telugu d1882 caus. kūrpincu; kūrpu joining, uniting. <i>> caus� kūrpincu� kūrpu
<Row Konda d1882 kūṛ- (-it-) to join, meet, assemble, come together> kūṛ- �-it-�
<Row Pengo d1882 kūṛā- (kūṛa ā-) to assemble. <i>> kūṛā- �kūṛa ā-�
<Row Kota d1883 gu·ṛ (obl. gu·ṭ-) nest, large hollow, belly (of man or animal), cupboard, shelf> gu�ṛ �obl� gu�ṭ-�
<Row Kota d1883 gu·ṛa·rm body cavity> gu�ṛa�rm
<Row Toda d1883 ku·ḍ nest> ku�ḍ
<Row Toda d1883 kwa·ṭ-a·s̱ calf-shed; cowshed of Badaga village> kva�ṭ-a�s̱
<Row Kodagu d1883 gu·ḍï nest, pig-pen, fowl-house> gu�ḍɨ
<Row Kota d1884 ku·ṛ winnowing basket, a winnowing-basket of grain> ku�ṛ
<Row Toda d1884 ku·ṛ contribution of a measure> ku�ṛ
<Row Kodagu d1884 ku·ṭe basket> ku�ṭe
<Row Kolami d1886 ku·ṭe cow> ku�ṭe
<Row Tam d1887 kūṭṭu (kūṭṭi-) to gather up with a broom> kūṭṭu �kūṭṭi-�
<Row Toda d1888 ku·Qy anus, region of buttocks in general> ku��y
<Row Kannada d1889 Bryonia scabra Rottl> �ryonia scabra
<Row Telugu d1889 kū̃turu-buḍamu B. scabrella (buḍamu B. callosa) DED(S) 1569> kū̃turu-buḍamu �� scabrella �buḍamu �� callosa�
<Row Toda d1890 ku·t Tamil dance, unusual thing> ku�t
<Row Kota d1893 ki·n id> ki�n
<Row Toda d1893 kyu·n id. <i>> kyu�n
<Row maria d1893 kūnji (pl. kūhku) id> kūnji �pl� kūhku�
<Row gommu d1893 kūhk (sg and <i>> kūhk �sg
<Row muria d1893 kūhk (sg and <i>> kūhk �sg
<Row koya d1893 kūhk (sg and <i>> kūhk �sg
<Row Pengo d1893 kūnd (pl. kūtku) id> kūnd �pl� kūtku�
<Row Manda d1893 gūnd (pl. gūtke) id> gūnd �pl� gūtke�
<Row Kui d1893 kūndu (pl. kūtka) id. <i>> kūndu �pl� kūtka�
<Row sunkar d1893 kūndu (pl. kūtka) id> kūndu �pl� kūtka�
<Row bisam d1893 kūndu (pl. kūtka) id> kūndu �pl� kūtka�
<Row Tam d1894 kūmpu (kūmpi-) to close, shut (as a flower), contract, shrink, lose courage> kūmpu �kūmpi-�
<Row Tam d1894 kūppu (kūppi-) to close, contract, shut in (as an umbrella), draw in (as the sun its rays), join hands as in worship; <i>n.</i> joining hands as in worship> kūppu �kūppi-�
<Row Tam d1894 kuvi (-v-, -nt-) to close (as flowers by night)> kuvi �-v-� -nt-�
<Row Tam d1894 kuvi (-pp-, -tt-) id., draw in (as the sun its rays in setting)> kuvi �-pp-� -tt-�
<Row Kurux d1894 kombo'ō half-open as a bud> kombo�ō
<Row Kurux d1894 kombṛ'ō half-open as a bud> kombṛ�ō
<Row Kurux d1894 kumbṛu'ū half-open as a bud> kumbṛu�ū
<Row Tam d1897 kūr (-v-, -nt-) to covet, hanker after> kūr �-v-� -nt-�
<Row Tam d1898 kūr (-pp-, -tt-) to be sharp (as the edge or point of an instrument), be keen (as the intellect); <i>n.</i> sharpness, pointed edge, cutting or sarcastic speech, pivot on which door swings> kūr �-pp-� -tt-�
<Row Kodagu d1898 ku·ṭ- (ku·ṭi-) to sharpen> ku�ṭ- �ku�ṭi-�
<Row Tam d1899 kūr (-v-, -nt-; -pp-, -tt-) to be abundant, excessive; <i>n.</i> exuberance, abundance; intense, excessive> kūr �-v-� -nt-� -pp-� -tt-�
<Row Kurux d1899 xōrnā (xūryā) to thrive, be prosperous, increase in honour> xōrnā �xūryā�
<Row Pengo d1900 kuc- (-c-) to sit> kuc- �-c-�
<Row Manda d1900 kuh- (-t-) id. DED(S) 1580> kuh- �-t-�
<Row salur d1902 kūrk- (kūruk-) to sleep briefly, take a nap> kūrk- �kūruk-�
<Row Toda d1902 kwïxy- (kwïxc-) to take a nap. DED(S, N) 1582> kvɨxy- �kvɨxc-�
<Row Kota d1905 ku·j daily wages paid in money> ku�j
<Row Kota d1905 ku·jga·rn day-labourer, coolie> ku�jga�rn
<Row Kota d1905 ku·j a·ḷ day-labourer, coolie> ku�j a�ḷ
<Row Kota d1905 ku·lyka·rn cooly (only applied to Tamil and other coolies)> ku�lyka�rn
<Row Kodagu d1905 ku·li wages> ku�li
<Row Konda d1907 gūr- (-it-) to lie down, sleep, roll on floor> gūr- �-it-�
<Row Pengo d1907 gūr- (-t-) to fall down> gūr- �-t-�
<Row Pengo d1907 grūt- (-t-) to fell> grūt- �-t-�
<Row Kui d1907 kūra (kūri-) to fall over, fall down, tumble, prostrate oneself, lie down; <i>n.</i> a fall, tumble, prostration. ?> kūra �kūri-�
<Row Kodagu d1909 ku·va shallow well (where water can be dipped by hand)> ku�va
<Row Kannada d1910 kumbaḷa-mara A. marmelos DED(S) 1591> kumbaḷa-mara �� marmelos
<Row Kota d1911 ku· cooked rice> ku�
<Row Toda d1911 ku· food (in song-unit:oṭ<at>Q</at> k/xu· e·ḍtwo lots of cooked food)> ku�
<Row Toda d1911 ku· Qwï·ṟ cooked rice from which water has been drained> ku� �vɨ�ṟ
<Row Kodagu d1911 ku·ḷï cooked rice> ku�ḷɨ
<Row Kodagu d1911 ku·kala rice pot> ku�kala
<Row Kodagu d1911 ku·kuḍike rice pot> ku�kuḍike
<Row Kodagu d1911 ku· padi food carried in a plantain leaf as a lunch> ku� padi
<Row Kota d1913 ku·kn foolish man> ku�kn
<Row Kota d1913 fem. ku·yk > fem� ku�yk
<Row Kannada d1913 fem. kūr̤e; kūr̤ fierce, cruel> fem� kūṛ̆e� kūṛ̆
<Row Tam d1914 Calamaridae; kūr̤ai-kkaṭā tailless he-buffalo> �alamaridae� kūṛ̆ai-kkaṭā
<Row Tam d1915 kūḷ (kūḷv-, kūṇṭ-) to crowd together, assemble, muster> kūḷ �kūḷv-� kūṇṭ-�
<Row Kota d1917 gu·ḷy bull belonging to a dead man, that is released from work until its death> gu�ḷy
<Row Toda d1917 ku·ḷy stud bull> ku�ḷy
<Row Kodagu d1917 gu·ḷi a bull. DED 1597> gu�ḷi
<Row Kolami d1919 ku·l- (ku·ṭ-) (water) run from punctured vessel or tap> ku�l- �ku�ṭ-�
<Row Kolami d1919 ku·lp- (ku·lupt-) to puncture (vessel) so that water runs out> ku�lp- �ku�lupt-�
<Row Tam d1921 kūṟu (kūṟi-) to speak, assert, cry out the price, cry aloud, proclaim> kūṟu �kūṟi-�
<Row Kota d1924 ku·r (obl. ku·ṯ-) share> ku�r �obl� ku�ṯ-�
<Row Toda d1924 ku·ṟ share, share inherited from father> ku�ṟ
<Row Tam d1927 kūṉu (kūṉi-) to curve, become crooked, bend down, become hunchbacked> kūṉu �kūṉi-�
<Row Tam d1927 fem. kūṉi; kuṉi (-v-, -nt-) to bend (as a bow), bow, stoop> fem� kūṉi� kuṉi �-v-� -nt-�
<Row Tam d1927 fem. kūṉi; kuṉi (-pp-, -tt-) to bend (<i>tr.</i>), curve; <i>n.</i> curvature, bow (weapon)> fem� kūṉi� kuṉi �-pp-� -tt-�
<Row Mal d1927 fem. kūni semicircle, curve> fem� kūni
<Row Mal d1927 kūnicci; kuni semicircle, curve> kūnicci� kuni
<Row Kota d1927 ku·n- (ku·nḏ-) to be in bowed position (looking down, bent with pain, tiger crouching), become bent with age> ku�n- �ku�nḏ-�
<Row Toda d1927 ku·n hunchback> ku�n
<Row Kannada d1927 kūn (kūnt-) to be bent or bowed, bend, stoop; <i>n.</i> a hump> kūn �kūnt-�
<Row Kannada d1927 fem. kūni bending, bent state> fem� kūni
<Row Kannada d1927 gūni; kūntu bending, bent state> gūni� kūntu
<Row Telugu d1927 fem. gūnidi > fem� gūnidi
<Row sunkar d1927 gu'u hump of cow. DED (S, N) 1605> gu�u
<Row Tam d1931 Ixora coccinea </i> (with scarlet blossoms)> �xora coccinea
<Row Tam d1931 cē (-pp-, -nt-) to redden, get angry> cē �-pp-� -nt-�
<Row Tam d1931 civa (-pp-, -nt-) to redden, blush, become angry> civa �-pp-� -nt-�
<Row Tam d1931 cekka-cciva (-v-, -nt-) to be deep red> cekka-cciva �-v-� -nt-�
<Row Tam d1931 Canis dukhunensis; kempu ruby (&lt; Ka.)> �anis dukʰunensis� kempu
<Row Mal d1931 cecci-ppū I. coccinea; ceṅṅuka to be red> cecci-ppū �� coccinea� ceŋŋuka
<Row Mal d1931 C. primaevus; kempu ruby (&lt; Ka.)> �� primaevus� kempu
<Row Kota d1931 ke·t red> ke�t
<Row Kota d1931 kep a·v red cow> kep a�v
<Row Kota d1931 ken a·v red cow> ken a�v
<Row Kota d1931 ke na·y wild dog> ke na�y
<Row Kota d1931 ke· kaṭy clinkers (i.e. red lumps) from smithy fireplace> ke� kaṭy
<Row Kota d1931 kepn n.pr red bullock or male dog> kepn n�pr
<Row Kota d1931 fem. kepy; kempn n.pr man> fem� kepy� kempn n�pr
<Row Kota d1931 kempy n.pr woman> kempy n�pr
<Row Toda d1931 ke no·y wild dog> ke no�y
<Row Kannada d1931 fem. keñci; kembāra redness of evening> fem� keñci� kembāra
<Row Kannada d1931 kisgāra I. coccinea (a few cpds. withceandca-are to be taken as &lt; Ta. or Te.)> kisgāra �� coccinea
<Row Kodagu d1931 co·- (co·p-, co·nd-) to become red> co�- �co�p-� co�nd-�
<Row Kodagu d1931 co·ndë red> co�ndə
<Row Kodagu d1931 co·pï red, redness; ?> co�pɨ
<Row Kodagu d1931 co·më bullock (in song) (all the preceding &lt; Ma.)> co�mə
<Row Tulu d1931 kēpaḷè I. coccinea; genda reddish> kēpaḷɛ �� coccinea� genda
<Row Tulu d1931 fem. gendi; canna red> fem� gendi� canna
<Row Brah d1931 Fauna of British India </i>, 2nd ed., vol. ii (1941), in the genus <i>> �auna of �ritish �ndia
<Row Brah d1931 Mammalia </i>, 2nd ed., vol. ii (1941), in the genus <i>> �ammalia
<Row Brah d1931 Cuon </i>, which consists of one species only, <i>> �uon
<Row Brah d1931 C. alpinus </i>, with a number of races, including <i>> �� alpinus
<Row Brah d1931 C. a. dukhunensis </i>, Sykes (habitat the Deccan) and <i>> �� a� dukʰunensis
<Row Brah d1931 C. a. primaevus </i> Hodgs. (habitat Kumaun to Bhutan). One race, <i>> �� a� primaevus
<Row Brah d1931 C. a. infuscus </i> (habitat Tenasserim), was formerly <i>> �� a� infuscus
<Row Brah d1931 C. rutilans </i> Blanford, but <i>> �� rutilans
<Row Brah d1931 C. rutilans </i> has been used also for <i>> �� rutilans
<Row Brah d1931 C. a. dukhunensis </i>] DED(N) 1607> �� a� dukʰunensis
<Row Kuwi d1932 gi'erri arrow shaft. DEDS 283> gi�erri
<Row Tam d1933 kekkali (-pp-, -tt-) to laugh violently; <i>n.</i> loud laughter. <i>> kekkali �-pp-� -tt-�
<Row Konda d1934 Cajanus indicus </i> (= Te.kandulu; see 1213)> �ajanus indicus
<Row Kui d1934 kā'angā id> kā�angā
<Row Kuwi d1934 kāyu (pl. kāṅga) beans> kāyu �pl� kāŋga�
<Row Kuwi d1934 Phaseolus rostratus </i> DEDS 284> �haseolus rostratus
<Row Kuwi d1937 kecca or'i id. DEDS 286> kecca or�i
<Row Toda d1938 keQ lower belly (of man)> ke�
<Row Tam d1939 keñcu (keñci-) to beg humbly, entreat, crave, beseech with supplicating gestures> keñcu �keñci-�
<Row Kota d1939 kenj- (kenj-) to beg. <i>> kenj- �kenj-�
<Row Konda d1940 kinz- (-it-) to be torn, as a cloth, etc> kinz- �-it-�
<Row Konda d1940 kis- (-t-) to tear> kis- �-t-�
<Row Pengo d1940 kenj- (kenc-) to be torn> kenj- �kenc-�
<Row Pengo d1940 kec- (-c-) to tear> kec- �-c-�
<Row Manda d1940 kenj- (kenc-) to be torn> kenj- �kenc-�
<Row Manda d1940 kec- (-c-) to tear> kec- �-c-�
<Row Kui d1940 genja (genji-) to be separated from, divided from, depart from secede; <i>n.</i> separation, secession, schism> genja �genji-�
<Row Kui d1940 pl. action geska (geski-); gespa (gest-) to separate, make a division between; <i>n.</i> act of separating> pl� action geska �geski-�� gespa �gest-�
<Row sunkar d1940 genj- (-it-) > genj- �-it-�
<Row sunkar d1940 geh- (gest-) > geh- �gest-�
<Row Kuwi d1940 gessali (gest-) to tear> gessali �gest-�
<Row Tam d1941 ceṭi (-pp-, -tt-) to grow bushy, shoot out (as sprays, foliage)> ceṭi �-pp-� -tt-�
<Row Kota d1941 gevḍ va·lm bushy tail (of peacock, wild dog)> gevḍ va�lm
<Row Tam d1942 keṭu (keṭuv-, keṭṭ-) to perish, be destroyed, decay, rot, become damaged, spoiled, fall on evil days, degenerate, be reduced, run away defeated> keṭu �keṭuv-� keṭṭ-�
<Row Tam d1942 keṭu (-pp-, -tt-) to destroy, squander, extinguish, damage, spoil, corrupt, defeat, lose; <i>n.</i> peril, poverty> keṭu �-pp-� -tt-�
<Row Tam d1942 fem. keṭṭavaḷ; keṭal ūr̤ evil fate> fem� keṭṭavaḷ� keṭal ūṛ̆
<Row Tam d1942 fem. kēṭi > fem� kēṭi
<Row Kota d1942 keṛ- (keṭ-) to die, be ruined, be lost> keṛ- �keṭ-�
<Row Kota d1942 keṛc- (keṛc-) to ruin, destroy, lose> keṛc- �keṛc-�
<Row Kota d1942 ke·ṛ (obl. ke·ṭ-) ruin, harm, danger, loss, funeral, corpse> ke�ṛ �obl� ke�ṭ-�
<Row Toda d1942 köṛ- (köṭ-) to be spoiled, become bad in conduct, be extinguished, die (others than Todas)> køṛ- �køṭ-�
<Row Toda d1942 köṛc- (köṛč-) to kill by witchcraft, extinguish, make to go wrong way and lose property> køṛc- �køṛč-�
<Row Toda d1942 köḍQïl misfortune, evil> køḍ�ɨl
<Row Toda d1942 köḍc- (köḍč-) to destroy (&lt; Badaga)> køḍc- �køḍč-�
<Row Toda d1942 kö·ḍ (obl. kö·ṭ-) dead person (corpse at first funeral, relics at second funeral), funeral> kø�ḍ �obl� kø�ṭ-�
<Row Toda d1942 kö·ṛ o·x- to die (used of Todas)> kø�ṛ o�x
<Row Kannada d1942 kiḍu (keṭṭ-) to be destroyed, be ruined, be spoiled, become bad, become vicious, be extinguished, cease (as sorrow, etc.)> kiḍu �keṭṭ-�
<Row Kannada d1942 fem. keḍaki a corrupt, bad, lewd nature or conduct> fem� keḍaki
<Row Kannada d1942 keḍuki; keḍakatana a corrupt, bad, lewd nature or conduct> keḍuki� keḍakatana
<Row Kodagu d1942 këḍ- (këṭṭ-) to be spoiled, ruined, extinguished> kəḍ- �kəṭṭ-�
<Row Kodagu d1942 këḍït- (këḍïti-) to spoil, ruin, extinguish> kəḍɨt- �kəḍɨti-�
<Row Kodagu d1942 kë·ḍï ruin, rottenness> kə�ḍɨ
<Row Tulu d1942 Ṭe. ceḍu to be spoiled, destroyed, become bad, useless, be a loser or sustain a loss> �e� ceḍu
<Row Kolami d1942 kiṭ- (kiṭt-) to be extinguished> kiṭ- �kiṭt-�
<Row Kolami d1942 kiṭip- (kiṭipt-) to extinguish> kiṭip- �kiṭipt-�
<Row Naiki d1942 kiṛ- (kiṭṭ-) fire to go out> kiṛ- �kiṭṭ-�
<Row Gadaba d1942 siṭp- (siṭt-) to make (fire) go out> siṭp- �siṭt-�
<Row Kurux d1944 xennā (xinnyas) to have intercourse with (a female). DED 1616> xennā �xinnyas�
<Row Kodagu d1946 ka·lïgïṇṇï ankle> ka�lɨgɨṇṇɨ
<Row Kota d1949 geṇḍ kaṭ- (kac-) dog's penis becomes stuck in copulation> geṇḍ kaṭ- �kac-�
<Row Konda d1951 ked- (kett-) (BB) (water) to be heated, (K.) to boil> ked- �kett-�
<Row Konda d1951 ket- (-t-) to heat (water)> ket- �-t-�
<Row Pengo d1951 ked- (kett-) to become hot> ked- �kett-�
<Row Tam d1953 cettu (cetti-) to cut with adze, chisel, pare off; <i>n.</i> cutting, chiselling> cettu �cetti-�
<Row Tam d1953 cetukku (cetukki-) to cut off a surface, pare, shave off, plane, hew with an adze, chisel; <i>n.</i> paring, chiselling> cetukku �cetukki-�
<Row Tam d1953 kettu (ketti-) to split asunder by driving in and turning the hatchet, chop, mince, cut off, make an incision; strike the stick in the game of tipcat> kettu �ketti-�
<Row Kota d1953 ket- (kety-) to dig with hoe or other digging tool> ket- �kety-�
<Row Toda d1953 köt- (köty-) to smooth (plank with adze), dig (earth with hoe)> køt- �køty-�
<Row Kodagu d1953 kett- (ketti-) to cut (tree, or with large knife or axe)> kett- �ketti-�
<Row Kodagu d1954 kett- (ketti-) to gore with horns (said of buffaloes and bison, which sway the horns from side to side)> kett- �ketti-�
<Row Kurux d1954 xettnā (xittyas) to shake off or out by imparting jerks, clean (viz. by shaking, beating, or similar forcible action)> xettnā �xittyas�
<Row Tam d1955 ceppu (ceppi-) to say, speak, declare, tell; <i>n.</i> speech, word, answer, reply> ceppu �ceppi-�
<Row Kurux d1955 kebnā (keppas) to scold, lecture. DED 1626> kebnā �keppas�
<Row Tam d1957 cey (-v-, -t-) to do, make, create, cause; <i>n.</i> deed, act, action> cey �-v-� -t-�
<Row Kota d1957 gey- (gec-) in a few constructions) to do, make> gey- �gec-�
<Row Kota d1957 key- (kec- in a few constructions) to do, make> key- �kec
<Row Toda d1957 kïy- (kïs-) to do, make> kɨy- �kɨs-�
<Row Kodagu d1957 key- (keyyuv-, kejj-) to work> key- �keyyuv-� kejj-�
<Row Kolami d1957 kak- (kakt- also> kak- �kakt
<Row Kolami d1957 IIJ </i> 2.239) (? for the form, contamination with a form like Nk> ���
<Row Gadaba d1957 key- (ked-, ken-) > key- �ked-� ken-�
<Row betul d1957 kīānā (neg. kēw-) > kīānā �neg� kēv-�
<Row Konda d1957 ki- (-t-) to do, make> ki- �-t-�
<Row Pengo d1957 ki- (-t-) id> ki- �-t-�
<Row Manda d1957 ki- (-t-) id> ki- �-t-�
<Row Kui d1957 kiva (kit-) to do, make, perform, cause; <i>n.</i> action, performance> kiva �kit-�
<Row Kui d1957 giva (git-) to do, make, perform, cause; <i>n.</i> action, performance> giva �git-�
<Row Kui d1957 pl. action gipka (gip ki-) > pl� action gipka �gip ki-�
<Row Kuwi d1957 kīnai (kitt-) > kīnai �kitt-�
<Row Kuwi d1957 ki- (-t-) > ki- �-t-�
<Row sunkar d1957 kēp- (-it-) to do, make; (also Su. F. S.ki-causative auxiliary)> kēp- �-it-�
<Row sunkar d1957 pēk (-it-) to do, make; (also Su. F. S.ki-causative auxiliary)> pēk �-it-�
<Row Brah d1957 kanning (kar-, ka-, kē-) to do, make, feign oneself, be able (all stems butkē-, and the appearance ofk-instead ofx-in all stems, are due to borrowing and contamination from Bal.kan-and Si. Jaṭkīkar-; <i>BDCG</i>, §§ 3.19 and 26). ?> kanning �kar-� ka-� kē-�
<Row Telugu d1958 cēnu (pl. cēlu) field> cēnu �pl� cēlu�
<Row Konda d1959 ker- (-t-) to take handfuls or small quantities out of a mass (of grain, etc.), take into a ladle before serving, collect into a heap and pick up> ker- �-t-�
<Row Pengo d1959 gre- (-t-) to scoop up with the hand> gre- �-t-�
<Row Kui d1959 grāpa (grāt-) > grāpa �grāt-�
<Row Kui d1959 grēpa (grēt-) to scoop up, shovel into with the hands, scrape together. <i>> grēpa �grēt-�
<Row Kuwi d1959 grecali (gret-) to gather up, take handful. DEDS 290> grecali �gret-�
<Row Tam d1960 ciraṟṟu (ciraṟṟi-) to shout, call loudly> ciraṟṟu �ciraṟṟi-�
<Row Kolami d1960 ke·ri noise, shout> ke�ri
<Row Naikri d1960 kerkiṛ- (kerkiṭṭ-) to shout> kerkiṛ- �kerkiṭṭ-�
<Row Konda d1960 kere- (-t-) (cock) to crow> kere- �-t-�
<Row Kui d1960 gernga (gerngi-) to groan, moan; <i>n.</i> groaning, moaning> gernga �gerngi-�
<Row Kui d1960 grenga (grengi-) to groan, moan; <i>n.</i> groaning, moaning> grenga �grengi-�
<Row Kui d1960 grēnja (grēnji-) to groan, moan, gasp with pain; <i>n.</i> groaning, moaning> grēnja �grēnji-�
<Row Tam d1961 ciraṟu (ciraṟi-) to sulk, disagree> ciraṟu �ciraṟi-�
<Row Tam d1961 ciraṟṟu (ciraṟṟi-) to be angry with> ciraṟṟu �ciraṟṟi-�
<Row Tam d1961 cirattu (ciratti-) to be angry with> cirattu �ciratti-�
<Row Naiki d1963 keri (pl. -gu) shoe, slipper> keri �pl� -gu�
<Row mandla d1963 sarpu (pl. -hk) > sarpu �pl� -hk�
<Row muria d1963 harpunj (pl. harpuhk) > harpunj �pl� harpuhk�
<Row maria d1963 erpunj (pl. erpusk) > erpunj �pl� erpusk�
<Row Tam d1964 cerumu (cerumi-) to hem, cough> cerumu �cerumi-�
<Row Tam d1964 ceṟumu (ceṟumi-) to hem, grunt, sob agitatedly. ?> ceṟumu �ceṟumi-�
<Row Kodagu d1964 kemm- (kemmi-) to cough> kemm- �kemmi-�
<Row Parji d1967 kercip- (kercit-) to warm somebody else. <i>> kercip- �kercit-�
<Row Kui d1967 grehpa (greht-) to warm, warm by the fire, broil, foment; <i>n.</i> act of warming by the fire, fomentation. <i>> grehpa �greht-�
<Row sunkar d1967 krenj- (-it-) to warm oneself> krenj- �-it-�
<Row Kuwi d1967 kreh- (krest-) to warm another. DED(S) 1636> kreh- �krest-�
<Row Parji d1968 kerij (pl. kerjil) leaf hat-umbrella. <i>> kerij �pl� kerjil�
<Row Gadaba d1968 kerij (pl. kerjil; j = dz) id., mushroom. DED 1637> kerij �pl� kerjil� j � dz�
<Row Tam d1972 keli (-pp-, -tt-) to conquer, overcome> keli �-pp-� -tt-�
<Row Kota d1972 gel- (geḏ-) to win> gel- �geḏ-�
<Row Kota d1972 gelc- (gelc-) to win and secure something> gelc- �gelc-�
<Row Toda d1972 kelc- (kelč-) to be successful> kelc- �kelč-�
<Row Kannada d1972 gel (geld-) to win, gain, conquer, overcome, triumph> gel �geld-�
<Row Kannada d1972 gellu (gedd-) to win, gain, conquer, overcome, triumph> gellu �gedd-�
<Row Kannada d1972 geli (gelit-, gelid-) to win, gain, conquer, overcome, triumph> geli �gelit-� gelid-�
<Row Kodagu d1972 gell- (gelluv-, gedd-) > gell- �gelluv-� gedd-�
<Row Konda d1972 gels- (-t-) to win, escape from danger> gels- �-t-�
<Row Konda d1972 gelpis- (-t-) to save, rescue, cause to win or become eminent. <i>> gelpis- �-t-�
<Row Gondi d1973 kel (pl. -k) hair, feather (<i>Voc.</i> 847)> kel �pl� -k�
<Row Konda d1973 kelu (pl. kelku) feather> kelu �pl� kelku�
<Row Pengo d1973 kel (pl. -ku) id> kel �pl� -ku�
<Row Kui d1973 kelu (pl. kelka) large feather, quill. <i>> kelu �pl� kelka�
<Row Kui d1973 keḍu (pl. keṭka) large feather, quill. <i>> keḍu �pl� keṭka�
<Row Kuwi d1973 kellū (pl. kelka) feather> kellū �pl� kelka�
<Row sunkar d1973 kelu (pl. kelka) (large) feather> kelu �pl� kelka�
<Row bisam d1973 kelu (pl. kelka) (large) feather> kelu �pl� kelka�
<Row Tam d1975 cevar (coll R. P. Sethu Pillai, <i>> cevar �coll
<Row Tam d1975 Tamil -- Literary and Colloquial </i>, p. 10; <i>> �amil -- �iterary and �olloquial
<Row Tam d1975 Annals of Oriental Research of the University of Madras</i>, vol. ii, 1937-8)> �nnals of �riental �esearcʰ of tʰe �niversity
<Row Toda d1975 kö·f > kø�f
<Row Mal d1977 Ālku. kevi ear> �lku� kevi
<Row Naiki d1977 kev (pl. -ul id> kev �pl� -ul
<Row Naiki d1977 -ulgu) id> ulgu�
<Row Parji d1977 kekol (pl. kekocil) id. <i>> kekol �pl� kekocil�
<Row Gadaba d1977 kekol (pl. kekosul) > kekol �pl� kekosul�
<Row adil d1977 kevi (pl. kevk) > kevi �pl� kevk�
<Row gommu d1977 kevi (pl. kevk) > kevi �pl� kevk�
<Row maria d1977 kevi (pl. kevk) > kevi �pl� kevk�
<Row betul d1977 kawī (pl. kauk) > kavī �pl� kauk�
<Row mandla d1977 kavvī (pl. kauk > kavvī �pl� kauk
<Row mandla d1977 kavk) > kavk�
<Row muria d1977 kavi (pl. -ŋ) > kavi �pl� -ŋ�
<Row seoni d1977 kevvu (pl. kevku) > kevvu �pl� kevku�
<Row koya d1977 kev (pl. kevk) id. (<i>Voc.</i> 848)> kev �pl� kevk�
<Row Manda d1977 giy (pl. -ke) id> giy �pl� -ke�
<Row Mal d1977 Ālku. kevi ear> �lku� kevi
<Row Naiki d1977 kev (pl. -ul id> kev �pl� -ul
<Row Naiki d1977 -ulgu) id> ulgu�
<Row Parji d1977 kekol (pl. kekocil) id. <i>> kekol �pl� kekocil�
<Row Gadaba d1977 kekol (pl. kekosul) > kekol �pl� kekosul�
<Row adil d1977 kevi (pl. kevk) > kevi �pl� kevk�
<Row gommu d1977 kevi (pl. kevk) > kevi �pl� kevk�
<Row maria d1977 kevi (pl. kevk) > kevi �pl� kevk�
<Row betul d1977 kawī (pl. kauk) > kavī �pl� kauk�
<Row mandla d1977 kavvī (pl. kauk > kavvī �pl� kauk
<Row mandla d1977 kavk) > kavk�
<Row muria d1977 kavi (pl. -ŋ) > kavi �pl� -ŋ�
<Row seoni d1977 kevvu (pl. kevku) > kevvu �pl� kevku�
<Row koya d1977 kev (pl. kevk) id. (<i>Voc.</i> 848)> kev �pl� kevk�
<Row Manda d1977 giy (pl. -ke) id> giy �pl� -ke�
<Row Kui d1977 kriu (pl. krīka) id> kriu �pl� krīka�
<Row Kuwi d1977 kiriyū (pl. kīrka) > kiriyū �pl� kīrka�
<Row Kuwi d1977 kriyũ (pl. krika) ear> kriyũ �pl� krika�
<Row Kuwi d1977 Language </i> 39.562> �anguage
<Row Mal d1977 Ālku. kevi ear> �lku� kevi
<Row Naiki d1977 kev (pl. -ul id> kev �pl� -ul
<Row Naiki d1977 -ulgu) id> ulgu�
<Row Parji d1977 kekol (pl. kekocil) id. <i>> kekol �pl� kekocil�
<Row Gadaba d1977 kekol (pl. kekosul) > kekol �pl� kekosul�
<Row adil d1977 kevi (pl. kevk) > kevi �pl� kevk�
<Row gommu d1977 kevi (pl. kevk) > kevi �pl� kevk�
<Row maria d1977 kevi (pl. kevk) > kevi �pl� kevk�
<Row betul d1977 kawī (pl. kauk) > kavī �pl� kauk�
<Row mandla d1977 kavvī (pl. kauk > kavvī �pl� kauk
<Row mandla d1977 kavk) > kavk�
<Row muria d1977 kavi (pl. -ŋ) > kavi �pl� -ŋ�
<Row seoni d1977 kevvu (pl. kevku) > kevvu �pl� kevku�
<Row koya d1977 kev (pl. kevk) id. (<i>Voc.</i> 848)> kev �pl� kevk�
<Row Manda d1977 giy (pl. -ke) id> giy �pl� -ke�
<Row Kui d1977 kriu (pl. krīka) id> kriu �pl� krīka�
<Row Kuwi d1977 kiriyū (pl. kīrka) > kiriyū �pl� kīrka�
<Row Kuwi d1977 kriyũ (pl. krika) ear> kriyũ �pl� krika�
<Row Kuwi d1977 Language </i> 39.562> �anguage
<Row Toda d1977 kyu·ḍ deafness> kyu�ḍ
<Row Tam d1979 ker̤uvu (ker̤uvi-) to unite, embrace; <i>n.</i> friendship> keṛ̆uvu �keṛ̆uvi-�
<Row Tam d1979 ker̤umu (ker̤umi-) to attain, join, unite> keṛ̆umu �keṛ̆umi-�
<Row Tam d1980 ceṟi (-v-, -nt-) to be thick (as foliage, hair), crowded, be in close union, be tight (as bangles), be controlled, keep within bounds; (-pp-, -tt-) to join together, tighten, shut, close, block up, secure, store up, pack closely> ceṟi �-v-� -nt-�
<Row Tam d1980 ceṟu (ceṟuv-, ceṟṟ-) to control (as the senses), hinder, prevent, overcome; (-pp-, -tt-) to suppress, subdue, resist, prevent, prevent the passage (as of water), overcome; <i>n.</i> tank, field, garden plot> ceṟu �ceṟuv-� ceṟṟ-�
<Row Tam d1980 ciṟai (-pp-, -tt-) to restrain, imprison, dam up; <i>n.</i> guard, confinement, prison, captivity; dam, bank, tank, boundary> ciṟai �-pp-� -tt-�
<Row Toda d1980 keṟf- (keṟt-) (water) is dammed, (crowd) gathers; to dam> keṟf- �keṟt-�
<Row Toda d1980 ked- (kedy-) to be stuck in (spear in tree, stick in hand or foot); to fix in position (waistcloth, sticks at end of ridgepole to hold thatch)> ked- �kedy-�
<Row Toda d1980 teṟ paṯ- (paṯy-) to arrest, seize, and confine (in song phrases)> teṟ paṯ- �paṯy-�
<Row Kannada d1980 kiṟ (kett-) to confine, close, shut, block up, make a fence, cover> kiṟ �kett-�
<Row Kolami d1980 get- (gett-) to close (door) firmly, lock up> get- �gett-�
<Row Parji d1980 kedp- (kedt-) to shut (door), lock up> kedp- �kedt-�
<Row Konda d1980 keR- (-t-) to close, shut (as a door, box, etc.), build a wall (as enclosure)> ke�- �-t-�
<Row Konda d1980 keRpi door> ke�pi
<Row Pengo d1980 geh- (gest-) to close> geh- �gest-�
<Row Manda d1980 geh- (-t-) to shut> geh- �-t-�
<Row Kui d1980 gebga (&lt; geg-b-; gegd-) to be connected with (by ties of friendship, love, common cause), associate with, be united, reconciled, live together as husband and wife, have faith in, believe; set side by side, intertwine bamboos so as to build a fence; <i>n.</i> act of associating with, being connected with or having faith in, faith. <i>> gebga ��lt� geg-b-� gegd-�
<Row Tam d1981 ceṟu (ceṟuv-, ceṟṟ-; -pp-, -tt-) killing> ceṟu �ceṟuv-� ceṟṟ-� -pp-� -tt-�
<Row Tam d1981 ceru (-pp-, -tt-) to destroy, ruin> ceru �-pp-� -tt-�
<Row salur d1984 kiyyūb (pl. kiybūl) id. DED 1652> kiyyūb �pl� kiybūl�
<Row Tam d1985 ceṟṟu (ceṟṟi-) to set (as a jewel)> ceṟṟu �ceṟṟi-�
<Row Kannada d1986 giṟ (gett-) to conceive, think, imagine, take for. DED 1654> giṟ �gett-�
<Row Toda d1987 ken moζ > ken mo�
<Row Toda d1987 moζe xen thick buttermilk, thick mass of buttermilk (see 430 and 4630)> mo�e xen
<Row Toda d1987 eζe xen thick buttermilk, thick mass of buttermilk (see 430 and 4630)> e�e xen
<Row tiptur d1989 kEppe temple> k�ppe
<Row Tam d1990 cē (-pp-, -tt-) to dwell, lie, remain, sleep> cē �-pp-� -tt-�
<Row Tam d1990 cēppu (cēppi-) to abide, remain> cēppu �cēppi-�
<Row Kannada d1990 kē (kēd-) to lie down, repose, copulate with> kē �kēd-�
<Row Kolami d1990 ke·p- (ke·pt-) to make (child) to sleep> ke�p- �ke�pt-�
<Row Kurux d1990 kīd'ānā to allow or invite one to lie down for rest or sleep, put to bed (a child, a sick person), lay in the grave> kīd�ānā
<Row Kodagu d1992 ka·k- (ka·ki-) to call, invite, summon, take (person) with oneself> ka�k- �ka�ki-�
<Row Kurux d1996 xēsᵉr (xesr-) neck, shoulders> xēsᵉr �xesr-�
<Row maria d1997 kehela Grewia tiliaefolia (dhāman tree) (<i>Voc.</i> 863). <i>> kehela �revia tiliaefolia
<Row Kurux d2001 xēndnā (xindyas) to buy, purchase> xēndnā �xindyas�
<Row Parji d2002 kēndid (pl. kēndil) feather. <i>> kēndid �pl� kēndil�
<Row salur d2002 kenduṭ (pl. kendukul) id> kenduṭ �pl� kendukul�
<Row salur d2002 kendī (pl. kendikīl, kendikūl) > kendī �pl� kendikīl� kendikūl�
<Row Tam d2004 Colocasia antiquorum </i>; a garden plant> �olocasia antiquorum
<Row Kannada d2004 Colocasia antiquorum </i> L> �olocasia antiquorum
<Row Kannada d2004 Arum colocasia </i> L> �rum colocasia
<Row Parji d2004 kībi (pl. kībul) A. colocasia (so correct voc.). <i>> kībi �pl� kībul� �� colocasia
<Row OIA d2004 kacvī- A. colocasia Schott = <i>> kacvī- �� colocasia
<Row OIA d2004 Colocasia antiquorum. [Colocasia antiquorum Schott = <i>> �olocasia antiquorum� ��olocasia antiquorum
<Row OIA d2004 Caladium esculentum </i> Vent. = <i>> �aladium esculentum
<Row OIA d2004 Arum colocasia </i> Linn.] DED(S) 1667> �rum colocasia
<Row Tam d2005 Semecarpus anacardium; cēṅ-koṭṭai id., marking-nut> �emecarpus anacardium� cēŋ-koṭṭai
<Row Kannada d2005 gēr S. anacardium Linn> gēr �� anacardium
<Row Pengo d2006 kēr- (-t-) to sing> kēr- �-t-�
<Row sunkar d2006 kēr- (-h-) > kēr- �-h-�
<Row Kuwi d2006 kērh'nai > kērh�nai
<Row Kuwi d2006 krē- (-t-) to sing> krē- �-t-�
<Row Kota d2007 ke·ry street, exogamous division in Kota village> ke�ry
<Row Kota d2007 ke·r street, exogamous division in Kota village> ke�r
<Row Toda d2007 ke·ry street of Badaga village> ke�ry
<Row Kannada d2007 ke·ri hamlet> ke�ri
<Row Tam d2009 kēru (kēri-) to cackle (as a hen), speak in a low and tremulous voice, breathe with effort (as with phlegm in the throat)> kēru �kēri-�
<Row Kolami d2009 ke·ri noise, shout> ke�ri
<Row Kolami d2009 ke·ri kak- to shout> ke�ri kak
<Row Kui d2010 grēspa (grēst-) to mock, mimic, ridicule, deride; <i>n.</i> mockery, derision, ridicule. <i>> grēspa �grēst-�
<Row Kuwi d2010 greh- (grest-) to mock. ?> greh- �grest-�
<Row Mal d2011 Amphisbaena </i> or> �mpʰisbaena
<Row Kota d2011 ke·r va·b sp. harmless snake> ke�r va�b
<Row Toda d2011 ke·r sp. snake> ke�r
<Row Toda d2011 ke·r fo·b sp. snake> ke�r fo�b
<Row Kodagu d2011 ke·re pa·mbï sp. non-poisonous snake> ke�re pa�mbɨ
<Row Kodagu d2011 kariŋ ge·re pa·mbï rat snake (kari'black')> kariŋ ge�re pa�mbɨ
<Row Kota d2012 ke·d- (ke·dy-) to lean one's back against support> ke�d- �ke�dy-�
<Row Toda d2012 kö·r- (kö·Q-) to lean against> kø�r- �kø��-�
<Row Toda d2012 sö·r- (sö·d-) to lean against> sø�r- �sø�d-�
<Row Toda d2012 kö·št- (kö·šty-) id> kø�št- �kø�šty-�
<Row Kolami d2012 se·r- (se·rt-) to lean> se�r- �se�rt-�
<Row Kolami d2012 se·rp- (se·rept-) id. <i>> se�rp- �se�rept-�
<Row Gadaba d2012 kerp- (kert-) id. <i>> kerp- �kert-�
<Row Pengo d2012 gēnḍ- (-t-) to lean against> gēnḍ- �-t-�
<Row Kui d2012 kēka (kēki-) to lean, lean upon or against. <i>> kēka �kēki-�
<Row sunkar d2012 gēnḍ- (-it-) to lean (<i>intr.</i>)> gēnḍ- �-it-�
<Row Kuwi d2012 gēṭ- (-h-) id. (<i>tr.</i>)> gēṭ- �-h-�
<Row Konda d2015 kēlu (pl. kēlku) earthen pot> kēlu �pl� kēlku�
<Row Kui d2015 kēḍu (pl. kēṭka) earthenware pot> kēḍu �pl� kēṭka�
<Row Irula d2016 kë·ḷe barking deer. <i>> kə�ḷe
<Row Irula d2016 ko·ḷe barking deer. <i>> ko�ḷe
<Row Irula d2016 kö·ḷe barking deer. <i>> kø�ḷe
<Row AluKurumba d2016 kë·yi id> kə�yi
<Row Kota d2016 ke·y wild goat (?)> ke�y
<Row Toda d2016 kö·g barking deer> kø�g
<Row Kodagu d2016 ke·më id. DED 1660> ke�mə
<Row Tam d2017 kēḷ (kēṭp-, kēṭṭ-) to hear, listen, learn, ask, inquire, question, investigate, require, request, be informed of, obey; be heard (as a call), reach (as a sound)> kēḷ �kēṭp-� kēṭṭ-�
<Row Kota d2017 ke·ḷ- (ke·ṭ-) to hear, (noise) is heard> ke�ḷ- �ke�ṭ-�
<Row Kota d2017 ke·ḷyv question, words, speech> ke�ḷyv
<Row Toda d2017 ke·ḷ- (ke·ṭ-) to hear> ke�ḷ- �ke�ṭ-�
<Row Toda d2017 ke·ḷf news, word> ke�ḷf
<Row Toda d2017 ke·os̱y not listening (in songs; &lt; Badaga)> ke�os̱y
<Row Kannada d2017 kēḷ (kēḷd-) to hear, listen to, heed, ask, beg, demand> kēḷ �kēḷd-�
<Row Kannada d2017 kēḷu (kēḷi-) to hear, listen to, heed, ask, beg, demand> kēḷu �kēḷi-�
<Row Kodagu d2017 kë·ḷ- (kë·p-, kë·ṭ-) to hear, ask> kə�ḷ- �kə�p-� kə�ṭ-�
<Row Kodagu d2017 kë·ṭa- (kë·ṭaṇḍ-) to take from another (i.e. ask for and take)> kə�ṭa- �kə�ṭaṇḍ-�
<Row Kodagu d2017 kë·ḷi fame, renown (in songs)> kə�ḷi
<Row Kolami d2017 kel- (kelt-) to be understood> kel- �kelt-�
<Row Kolami d2017 kelip- (kelit-) to make to be understood. ?> kelip- �kelit-�
<Row Tam d2017 kēḷ (kēṭp-, kēṭṭ-) to hear, listen, learn, ask, inquire, question, investigate, require, request, be informed of, obey; be heard (as a call), reach (as a sound)> kēḷ �kēṭp-� kēṭṭ-�
<Row Kota d2017 ke·ḷ- (ke·ṭ-) to hear, (noise) is heard> ke�ḷ- �ke�ṭ-�
<Row Kota d2017 ke·ḷyv question, words, speech> ke�ḷyv
<Row Toda d2017 ke·ḷ- (ke·ṭ-) to hear> ke�ḷ- �ke�ṭ-�
<Row Toda d2017 ke·ḷf news, word> ke�ḷf
<Row Toda d2017 ke·os̱y not listening (in songs; &lt; Badaga)> ke�os̱y
<Row Kannada d2017 kēḷ (kēḷd-) to hear, listen to, heed, ask, beg, demand> kēḷ �kēḷd-�
<Row Kannada d2017 kēḷu (kēḷi-) to hear, listen to, heed, ask, beg, demand> kēḷu �kēḷi-�
<Row Kodagu d2017 kë·ḷ- (kë·p-, kë·ṭ-) to hear, ask> kə�ḷ- �kə�p-� kə�ṭ-�
<Row Kodagu d2017 kë·ṭa- (kë·ṭaṇḍ-) to take from another (i.e. ask for and take)> kə�ṭa- �kə�ṭaṇḍ-�
<Row Kodagu d2017 kë·ḷi fame, renown (in songs)> kə�ḷi
<Row Kolami d2017 kel- (kelt-) to be understood> kel- �kelt-�
<Row Kolami d2017 kelip- (kelit-) to make to be understood. ?> kelip- �kelit-�
<Row Tam d2017 kiḷattu (kiḷatti-) to express clearly> kiḷattu �kiḷatti-�
<Row Tam d2017 kuḷaṟu) > kuḷaṟu�
<Row Konda d2017 kēṛ- (-it-) (cock) to crow> kēṛ- �-it-�
<Row Pengo d2017 kṛe- (-t-) id> kṛe- �-t-�
<Row Kui d2017 klāpa (klāt-) to crow, coo, lament; <i>n.</i> call of a male bird, lament (or with 1574> klāpa �klāt-�
<Row Tam d2017 cilai); kelpa (kelpi-) to invoke, petition a deity, repeat incantations; <i>n.</i> incantation, invocation> cilai�� kelpa �kelpi-�
<Row Tam d2017 klēga (klēgi-) to bewitch, enchant, exert magical powers; <i>n.</i> sorcery, witchcraft. <i>> klēga �klēgi-�
<Row Tam d2017 kleha (klehi-) to bewitch, enchant, exert magical powers; <i>n.</i> sorcery, witchcraft. <i>> kleha �klehi-�
<Row Tam d2017 kēpa (kēpi-) to bewitch, enchant, exert magical powers; <i>n.</i> sorcery, witchcraft. <i>> kēpa �kēpi-�
<Row sunkar d2017 kṛen- (kṛent-) > kṛen- �kṛent-�
<Row Kuwi d2017 krēcali (krēt-; r = ṛ) to crow. DED(S, N) 1677, DEDS 299> krēcali �krēt-� r � ṛ�
<Row Tam d2018 kiḷai (-pp, -tt-) to ramify, multiply (as families); <i>n.</i> kindred, relations, group, herd, flock, family> kiḷai �-pp� -tt-�
<Row Kannada d2018 fem. keḷadi friendship> fem� keḷadi
<Row Kannada d2018 geṇati; keḷetana friendship> geṇati� keḷetana
<Row Kui d2018 klāmbu (pl. klāpka) family, lineage, kin, tribe, sort, species, kind> klāmbu �pl� klāpka�
<Row Kota d2019 ke·r- (ke·ry-) to winnow with up-and-down motion> ke�r- �ke�ry-�
<Row Toda d2019 kö·ṟ- (kö·ṟy-) to winnow> kø�ṟ- �kø�ṟy-�
<Row Kolami d2019 ke·d- (ke·tt-) to winnow with up-anddown motion> ke�d- �ke�tt-�
<Row Kolami d2019 ke·t winnowing basket> ke�t
<Row Naiki d2019 kēd- (kētt-) to winnow> kēd- �kētt-�
<Row Naiki d2019 kēt (pl. -ku) winnowing fan> kēt �pl� -ku�
<Row salur d2019 kēṭen (pl. kēṭkil) > kēṭen �pl� kēṭkil�
<Row Konda d2019 sēRi winnowing basket> sē�i
<Row Pengo d2019 jēc- (-c-) to winnow> jēc- �-c-�
<Row Kurux d2019 kē̃snā (kī̃syas) to winnow with up-and-down jerks of the shovel-basket> kē̃snā �kī̃syas�
<Row Tam d2020 cēṟu (in cpds. cēṟṟu-) mud, mire, slush, liquid of thick consistency> cēṟu �in cpds� cēṟṟu-�
<Row Mal d2020 cēṟu (in cpds. cēṟṟu-) mire, wet soil (for transplanting rice)> cēṟu �in cpds� cēṟṟu-�
<Row Kota d2020 ke·r shallow tank, puddle> ke�r
<Row Kota d2020 ce·r mud> ce�r
<Row Toda d2020 kö·ṟ (obl. kö·ṯ-) lake, tank formed by dam> kø�ṟ �obl� kø�ṯ-�
<Row Kota d2021 ke·n foolish man> ke�n
<Row Kota d2021 fem. ke·ny > fem� ke�ny
<Row Kannada d2022 kēne (DCV) Tahiti arrowroot, (Hav.) an itchy root> kēne �����
<Row Tulu d2022 Arum </i> <i>> �rum
<Row Tulu d2022 campanulatum. [Amorphophallus campanulatus </i> Blume = <i>> campanulatum� ��morpʰopʰallus campanulatus
<Row Tulu d2022 Arum campanulatum </i> Roxb.] DED(S) 1682> �rum campanulatum
<Row Telugu d2023 cēyi (obl. cēti; pl. cētulu) hand, arm; elephant's trunk> cēyi �obl� cēti� pl� cētulu�
<Row Kolami d2023 ki· (pl. -l) > ki� �pl� -l�
<Row Naikri d2023 kī (pl. kīḷ) id> kī �pl� kīḷ�
<Row Naiki d2023 kī (pl. kīlku, kīkul) hand> kī �pl� kīlku� kīkul�
<Row Gadaba d2023 ki (pl. kil) > ki �pl� kil�
<Row salur d2023 kiyyū (pl. kiyyūl, kiykīl) > kiyyū �pl� kiyyūl� kiykīl�
<Row Konda d2023 kiyu (pl. kiku) > kiyu �pl� kiku�
<Row Pengo d2023 key (pl. -ku) id> key �pl� -ku�
<Row Kui d2023 kagu (pl. kaka) hand, arm; elephant's trunk> kagu �pl� kaka�
<Row Kui d2023 kaju (pl. kaska) hand. <i>> kaju �pl� kaska�
<Row Kuwi d2023 kēyū (pl. keska) > kēyū �pl� keska�
<Row Kuwi d2023 keyu (pl. keska) > keyu �pl� keska�
<Row Tam d2024 kai (-pp-, -tt-) to adorn, decorate; <i>n.</i> decoration, dressing> kai �-pp-� -tt-�
<Row Kui d2024 kīva (kīt-) to put on (clothes, shoes, ring)> kīva �kīt-�
<Row Kui d2024 pl. action kīpka (kīpki-) DED(S) 1684> pl� action kīpka �kīpki-�
<Row Telugu d2026 gēdāgi P. odoratissimus > gēdāgi �� odoratissimus
<Row Pengo d2030 koy (pl. koyik) (small) girl, daughter, sister> koy �pl� koyik�
<Row Pengo d2030 koyi (pl. koyik) (small) girl, daughter, sister> koyi �pl� koyik�
<Row Kui d2030 goi (pl. goiska) girl friend (a term of endearment used by one woman or girl to another). <i>> goi �pl� goiska�
<Row Tam d2031 kokkari (-pp-, -tt-) to shout in triumph; cluck, cackle (as goose), chuckle (as crow); <i>n.</i> shouting> kokkari �-pp-� -tt-�
<Row Tam d2032 kuṟaṇṭu (kuṟaṇṭi-) to be crooked or bent (as horns, fingers, limbs, fruits), be convulsed, have spasms, coil up (as a small reptile)> kuṟaṇṭu �kuṟaṇṭi-�
<Row Kota d2032 kok- (koky-) to become very bent with age> kok- �koky-�
<Row Kodagu d2032 kokk- (kokki-) to be bent> kokk- �kokki-�
<Row Kolami d2032 gog- (gokt-) to bend over> gog- �gokt-�
<Row Kolami d2032 gogip- (gogipt-) to make to bend over, bend (<i>tr.</i>) at a sharp angle> gogip- �gogipt-�
<Row Pengo d2032 goŋ- (goŋt-) to be bent> goŋ- �goŋt-�
<Row Pengo d2032 goŋg- (goŋt-) to be bent> goŋg- �goŋt-�
<Row Pengo d2032 gok- (-t-) to bend, twist> gok- �-t-�
<Row Kurux d2032 refl.-pass. xō̃ŋghrnā; koŋkō shaped like a hook, curved, winding> refl�-pass� xō̃ŋgʰrnā� koŋkō
<Row Tulu d2033 DCV </i>, no. 269. DEDS 201> ���
<Row Kannada d2035 kokke-giḍa Tabernaemontana T. coronaria </i> DED 1691> kokke-giḍa �abernaemontana �� coronaria
<Row Tam d2037 Koṅku country> �oŋku
<Row Mal d2037 koṅṅu n.pr of the> koŋŋu n�pr
<Row Mal d2037 Chēra or> �hēra
<Row Mal d2037 Kēraḷa country, esp. the country about Coimbatore> �ēraḷa
<Row Mal d2037 Kēraḷa > �ēraḷa
<Row Kannada d2037 Koṅgu country (CēraorKēraḷa,esp. the country about Coimbatore)> �oŋgu
<Row Kannada d2037 Kon̄gu country> �on̄gu
<Row Tulu d2037 Cēra or> �ēra
<Row Tulu d2037 Kēraḷa country. DED 1692> �ēraḷa
<Row Kurux d2042 xossnā (xussyā) to burn without flame, catch fire, (fire) catches> xossnā �xussyā�
<Row Kurux d2042 xossta'ānā to ignite, cause (fire) to catch> xossta�ānā
<Row Tam d2043 koñcu (koñci-) to prattle (as children), talk amorously (as young women), fondle> koñcu �koñci-�
<Row Tam d2043 koṉṉu (koṉṉi-) to stammer, stutter, babble> koṉṉu �koṉṉi-�
<Row Toda d2043 - (kwïj-) to ridicule> �kvɨj-�
<Row Kurux d2043 kurca'anā to stammer, speak like a child. DED(S, N) 1697> kurca�anā
<Row sunkar d2046 gṛo'li > gṛo�li
<Row sunkar d2046 gro'leka > gro�leka
<Row Kuwi d2046 glo'oli > glo�oli
<Row Kuwi d2046 glo'oleka > glo�oleka
<Row Tam d2053 koṭu (-pp-, -tt-) to give (to 3rd person; <i>Tolk. Coll.</i> 30), bring forth, allow> koṭu �-pp-� -tt-�
<Row Kota d2053 koṛ- (koṭ-) to give to 3rd person> koṛ- �koṭ-�
<Row Toda d2053 kwïṛ- (kwïṛt-) id> kvɨṛ- �kvɨṛt-�
<Row Kannada d2053 kuḍu (koṭṭ-) to give, allow, emit (as a sound)> kuḍu �koṭṭ-�
<Row Kodagu d2053 koḍï- (koḍïp-, koḍït-) to give to 3rd person> koḍɨ- �koḍɨp-� koḍɨt-�
<Row Tam d2054 kuṭaṅku (kuṭaṅki-) to bend> kuṭaŋku �kuṭaŋki-�
<Row Tam d2054 kuṭavu (kuṭavi-) to be crooked, bent, curved; <i>n.</i> bend, curve> kuṭavu �kuṭavi-�
<Row Tam d2054 kōṭu (kōṭi-) to bend, be crooked, go astray, be biased; <i>n.</i> crookedness, obliquity> kōṭu �kōṭi-�
<Row Tam d2054 kōṭṭu (kōṭṭi-) to bend> kōṭṭu �kōṭṭi-�
<Row Toda d2054 kwïṛ fo·ł̣ billhook> kvɨṛ fo�ł̣
<Row Toda d2054 kwï·ṛ curve (in:kwa·ṛ xwï·ṛ fïs̱rainbow, lit. curved bow of the monsoon)> kvɨ�ṛ
<Row Kolami d2054 koḍval (pl. koḍvasil) > koḍval �pl� koḍvasil�
<Row Kui d2054 kōnḍa (kōnḍi-) to curl, be curly, bent, twisted> kōnḍa �kōnḍi-�
<Row Kuwi d2054 ḍong- (-it-) > ḍong- �-it-�
<Row Kuwi d2054 ḍōṅg- (-it-) to be bent, crooked> ḍōŋg- �-it-�
<Row Kuwi d2054 ḍok- (-h-) > ḍok- �-h-�
<Row Kuwi d2054 ḍōk- (-h-) to bend (elbow, wrist, finger)> ḍōk- �-h-�
<Row Kuwi d2054 dō'velli (pl. dōvelka) sickle> dō�velli �pl� dōvelka�
<Row Brah d2054 *kḍ- (*kḍoṅg-, *kḍōk-; *kḍoveli &lt; koḍavali) ? cf. also 2983 Kol> �kḍ- ��kḍoŋg-� �kḍōk-� �kḍoveli �lt� koḍavali�
<Row Tam d2054 kuṭaṅku (kuṭaṅki-) to bend> kuṭaŋku �kuṭaŋki-�
<Row Tam d2054 kuṭavu (kuṭavi-) to be crooked, bent, curved; <i>n.</i> bend, curve> kuṭavu �kuṭavi-�
<Row Tam d2054 kōṭu (kōṭi-) to bend, be crooked, go astray, be biased; <i>n.</i> crookedness, obliquity> kōṭu �kōṭi-�
<Row Tam d2054 kōṭṭu (kōṭṭi-) to bend> kōṭṭu �kōṭṭi-�
<Row Toda d2054 kwïṛ fo·ł̣ billhook> kvɨṛ fo�ł̣
<Row Toda d2054 kwï·ṛ curve (in:kwa·ṛ xwï·ṛ fïs̱rainbow, lit. curved bow of the monsoon)> kvɨ�ṛ
<Row Kolami d2054 koḍval (pl. koḍvasil) > koḍval �pl� koḍvasil�
<Row Kui d2054 kōnḍa (kōnḍi-) to curl, be curly, bent, twisted> kōnḍa �kōnḍi-�
<Row Kuwi d2054 ḍong- (-it-) > ḍong- �-it-�
<Row Kuwi d2054 ḍōṅg- (-it-) to be bent, crooked> ḍōŋg- �-it-�
<Row Kuwi d2054 ḍok- (-h-) > ḍok- �-h-�
<Row Kuwi d2054 ḍōk- (-h-) to bend (elbow, wrist, finger)> ḍōk- �-h-�
<Row Kuwi d2054 dō'velli (pl. dōvelka) sickle> dō�velli �pl� dōvelka�
<Row Brah d2054 *kḍ- (*kḍoṅg-, *kḍōk-; *kḍoveli &lt; koḍavali) ? cf. also 2983 Kol> �kḍ- ��kḍoŋg-� �kḍōk-� �kḍoveli �lt� koḍavali�
<Row Kota d2054 ko·ṇḍ a bend> ko�ṇḍ
<Row Kota d2054 ko·ṇṭ gi·r rainbow (ki·rline)> ko�ṇṭ gi�r
<Row Toda d2054 kwï·ṭy direction (in songs)> kvɨ�ṭy
<Row Tam d2055 koṭuku (koṭuki-) to be cruel, ruthless> koṭuku �koṭuki-�
<Row Kuwi d2055 koṭ- (-it-) to be hot, fierce (of sun). DED(S) 1710> koṭ- �-it-�
<Row Tam d2056 koṭuku (koṭuki-) to shrink or shiver with cold> koṭuku �koṭuki-�
<Row koya d2058 koṭam (pl. koṭak) id. (<i>Voc.</i> 880)> koṭam �pl� koṭak�
<Row adil d2059 ghoṭang (pl.) pipe (<i>Voc.</i> 1257)> gʰoṭang �pl��
<Row Tam d2063 koṭṭu (koṭṭi-) to beat (as a drum, tambourine), hammer, beat (as a brazier), clap, strike with the palms, pound (as paddy); <i>n.</i> beat, stroke, drumbeat, time-measure> koṭṭu �koṭṭi-�
<Row Tam d2063 koṭu (-pp-, -tt-) to thrash, abuse roundly> koṭu �-pp-� -tt-�
<Row Kota d2063 koṭk- (koṭky-) to strike (with small hammer), knock on (door), strike tipcat in hole in ground> koṭk- �koṭky-�
<Row Toda d2063 kwïṭk- (kwïṭky-) to tap (on door, something with stick)> kvɨṭk- �kvɨṭky-�
<Row Kodagu d2063 koṭṭ- (koṭṭi-) to tap, beat (drum)> koṭṭ- �koṭṭi-�
<Row Kurux d2063 xoṭṭnā (xuṭṭyas) to break, smash, pierce, break open> xoṭṭnā �xuṭṭyas�
<Row Tam d2064 koṭṭu (koṭṭi-) to sting (as a scorpion, wasp); <i>n.</i> stinging; hoe with short handle, weeding-hoe, spade> koṭṭu �koṭṭi-�
<Row Kota d2064 koṭk- (koṭky-) (snake) strikes, bites; ?> koṭk- �koṭky-�
<Row Kota d2064 kako·ṭ hoe with sharp, broad blade (forka-,see 1265)> kako�ṭ
<Row Pengo d2064 koṭ- (-t-) to dig, hoe, (snake) to bite> koṭ- �-t-�
<Row Manda d2064 kuṭ- (-t-) (snake) to bite, (hen) to peck. <i>> kuṭ- �-t-�
<Row Tam d2065 koṭṭu (koṭṭi-) to pour forth, shower down, empty the contents of a basket or sack, throw into a vessel; drop (as leaves), fall off (as hair); <i>n.</i> pouring, emptying> koṭṭu �koṭṭi-�
<Row Kuwi d2067 groṭā' turbid. DEDS 305> groṭā�
<Row Kannada d2070 Willd > �illd
<Row Kui d2077 gōnḍenju (pl. gōnḍenga) a Gond man or boy; <i>fem.</i>> gōnḍenju �pl� gōnḍenga�
<Row Kui d2077 gōnḍali (pl. gōnḍaliska, gōnḍasaka) > gōnḍali �pl� gōnḍaliska� gōnḍasaka�
<Row Telugu d2079 goṇṭi; goṇṭari a cruel man> goṇṭi� goṇṭari
<Row Pk d2081 goṇḍī- = mañjarī- Turner> goṇḍī- � mañjarī
<Row Tam d2084 koti (-pp-, -tt-) to boil, bubble up from heat, effervesce, be heated (as the body, ground, etc.), be enraged, be offended, burn with desire; <i>n.</i> bubbling up (as of boiling water or oil), heat (as of fire, weather, etc.), fever, rage, grief, desire> koti �-pp-� -tt-�
<Row Tam d2084 kutampu (kutampi-) to boil up, bubble up (as boiling water), get angry> kutampu �kutampi-�
<Row Tam d2084 kutukutu (-pp-, -tt-) to desire eagerly> kutukutu �-pp-� -tt-�
<Row Kota d2084 kodc- (kodc-) to quiver (of water about to boil, flesh of animal just killed, eyelid)> kodc- �kodc-�
<Row Toda d2084 kwïQy- (. . .) (water) approaches boilingpoint> kvɨ�y
<Row Toda d2084 kwïQyeṯ- to make (water) boil; ?> kvɨ�yeṯ
<Row Toda d2084 kwïQkyeṯ- to make (water) boil; ?> kvɨ�kyeṯ
<Row Toda d2084 kwïy- (kwïc-) to bubble, boil> kvɨy- �kvɨc-�
<Row Kodagu d2084 kodi- (kodip-, kodic-) to boil (<i>intr.</i>) with bubbling noise, feel love for, kiss, feel concerned for> kodi- �kodip-� kodic-�
<Row Kurux d2084 xodᵒxnā (xudxyā) to be reduced to pulp by unskilful cooking; to get discouraged, despair; (xodxas) to reduce (by excessive cooking) to a soft uniform mass, cook until they fall to pieces; to worry, deprive of self-confidence, dishearten> xodᵒxnā �xudxyā�
<Row Toda d2086 kwïQf sp. biting insect. DED 1736> kvɨ�f
<Row Tam d2091 kottu (kotti-) to grub up, hoe, peck (as a bird), bite (as a snake), chop, hack, mince, carve; <i>n.</i> grubbing, mincing, pecking, biting (as a serpent), gashing, a small hoe for rooting out weeds> kottu �kotti-�
<Row Tam d2091 kontu (konti-) to peck, mince, gnaw, gore, pierce; pick up shells, etc., from the floor before a thrownup shell comes down (as in game played by girls)> kontu �konti-�
<Row Kota d2091 kot- (koty-) to peck, bite, hook (small stick) in playing tipcat> kot- �koty-�
<Row Toda d2091 kwïQk- (kwïQky-) to peck, (snake) bites> kvɨ�k- �kvɨ�ky-�
<Row Kodagu d2091 kott- (kotti-) to pick up with single sharp motion, peck> kott- �kotti-�
<Row Konda d2091 kot- (-t-) (BB) to peck, (K.) hammer, hit hard on the top> kot- �-t-�
<Row Kui d2091 kospa (kost-) to beat, strike with stick or mallet; peck, bite, sting; <i>n.</i> a beating, bite, sting> kospa �kost-�
<Row Kuwi d2091 kot- (-h-) (Su.) to dig with hoe, (Isr.) peck, hoe> kot- �-h-�
<Row Kurux d2091 xosnā (xottas) to cut by striking, slash, inflict a gash, wound by a blow from any heavy and sharp-edged instrument, decapitate> xosnā �xottas�
<Row Pk d2092 kuntī- = mañjarī- > kuntī- � mañjarī
<Row Kota d2093 gotga·rn treasurer of the village> gotga�rn
<Row Tam d2098 kontaḷi (-pp-, -tt-) to be rough or boisterous, swell (as the sea), be stormy, tumultuous> kontaḷi �-pp-� -tt-�
<Row Tam d2106 koppaḷi (-pp-, -tt-) to blister, rise in bubbles (as water), puff out the cheeks and blow> koppaḷi �-pp-� -tt-�
<Row Tam d2106 koppuḷi (-pp- -tt-) to blister, rise in bubbles (as water), puff out the cheeks and blow> koppuḷi �-pp- -tt-�
<Row Tam d2106 kumir̤ (-pp-, -tt-) to be spherical or conical, form into bubble> kumiṛ̆ �-pp-� -tt-�
<Row Tam d2107 koppaḷi (-pp-, -tt-) > koppaḷi �-pp-� -tt-�
<Row Parji d2107 kupulp- (kupult-) id> kupulp- �kupult-�
<Row Kuwi d2113 gop'iri > gop�iri
<Row Kuwi d2113 gop'eri > gop�eri
<Row Kuwi d2113 gop'iri > gop�iri
<Row Kuwi d2113 gop'eri > gop�eri
<Row Tam d2119 koy (-v-, -t-) to pluck (as flowers), cut, reap, shear (as hair), snip off, choose, select> koy �-v-� -t-�
<Row Kota d2119 koy- (koc-) to cut> koy- �koc-�
<Row Toda d2119 kwïy- (kwïs-) to pluck (fruits), (bee) sucks> kvɨy- �kvɨs-�
<Row Kannada d2119 koy (koyd-, kōd-) to cut, saw, crop, reap, pluck (as fruit); <i>n.</i> cutting, etc> koy �koyd-� kōd-�
<Row Kannada d2119 koyke; koyki woman whose (ears, etc.) have been cut> koyke� koyki
<Row Kodagu d2119 koy- (koyyuv-, kojj-) to pluck, harvest> koy- �koyyuv-� kojj-�
<Row Parji d2119 koy- (koñ-) to reap, harvest> koy- �koñ-�
<Row Gadaba d2119 koy- (kod-, kon-) to reap> koy- �kod-� kon-�
<Row Konda d2119 koy- (-t-) to reap, harvest, cut, pluck (flowers, etc.)> koy- �-t-�
<Row Pengo d2119 koy- (-t-) to cut (grass, weeds, etc.)> koy- �-t-�
<Row Kui d2119 kōva (kōt-) to reap, cut off; <i>n.</i> reaping, harvesting> kōva �kōt-�
<Row Kuwi d2119 koiyali (kōt-) to pluck> koiyali �kōt-�
<Row Kurux d2119 xoynā (xoss-) to cut down grass and the like with the sickle, mow, reap> xoynā �xoss-�
<Row Konda d2127 kok- (-t-) to cough> kok- �-t-�
<Row Pengo d2127 krok- (-t-) to cough> krok- �-t-�
<Row Manda d2127 kruk- (-t-) id. <i>> kruk- �-t-�
<Row OIA d2127 *khōkkh- e.g> �kʰōkkʰ
<Row Kurux d2130 xorᵒpnā (xurpyā) to ripen as a boil, suppurate> xorᵒpnā �xurpyā�
<Row Tam d2132 kol (kolv-, koṉṟ-) to kill, murder, destroy, ruin, fell, reap (as the heads of grain), afflict, tease; <i>n.</i> act of killing, affliction> kol �kolv-� koṉṟ-�
<Row Kota d2132 kolga·rn murderer> kolga�rn
<Row Toda d2132 kwalyxo·ṟn murderer> kvalyxo�ṟn
<Row Kannada d2132 kollu (kond-) to kill, murder> kollu �kond-�
<Row Kodagu d2132 koll- (kolluv-, kond-) to kill> koll- �kolluv-� kond-�
<Row Kota d2133 kole·l smithy, temple in Kota village> kole�l
<Row Toda d2133 kwala·l Kota smithy> kvala�l
<Row Tam d2136 kulavu (kulavi-) to bend, curve; <i>n.</i> bend, curve> kulavu �kulavi-�
<Row Kui d2136 klōnga (klōngi-) to be contracted, drawn in, bent up> klōnga �klōngi-�
<Row Tam d2144 kor̤i (-pp-, -tt-) to sift in a winnowing fan> koṛ̆i �-pp-� -tt-�
<Row Kota d2144 kod- (kody-) to separate broken from whole grains (by winnowing with several side-to-side movements followed by sharp upward movement, the process being repeatedly done)> kod- �kody-�
<Row Toda d2144 kwïc- (kwïč-) to separate grain from stones, etc., with winnowing basket; ?> kvɨc- �kvɨč-�
<Row Kolami d2144 gonjip- (gonjipt-) to winnow with side-toside motion> gonjip- �gonjipt-�
<Row Konda d2144 kor̥s- (-t-) to winnow> koṛs- �-t-�
<Row Kui d2144 kṛohpa (kṛoht-) id., sift. <i>> kṛohpa �kṛoht-�
<Row Kuwi d2144 kloh'nai to sift> kloh�nai
<Row sunkar d2144 kṛoh- (kṛost-) > kṛoh- �kṛost-�
<Row bisam d2144 kṛoh- (kṛost-) > kṛoh- �kṛost-�
<Row Kota d2146 koḷ- (koḍ-) to be well in health> koḷ- �koḍ-�
<Row Toda d2146 kwa·w proudness> kva�v
<Row Pengo d2146 kṛō- (-t-) to be fat> kṛō- �-t-�
<Row Toda d2147 ku· ploughshare (&lt; Badaga gü·, <i>Language</i> 15.47; the word occurs only in one passage and the meaning is arrived at by etymology)> ku�
<Row Tam d2148 kor̤utu (kor̤uti-) to peck, drill through, hollow out (as beetles in wood or flowers), pluck, cull out, rend, tear> koṛ̆utu �koṛ̆uti-�
<Row Tam d2148 kōtu (kōti-) to peck and adjust with the beak (as feathers), disentangle (as the hair) with the fingers, pick (as food in eating), tear in strips (as tender leaves), hollow, excavate, scoop out> kōtu �kōti-�
<Row Tam d2148 kōtuvi (-pp-, -tt-) to remove, root out, exterminte> kōtuvi �-pp-� -tt-�
<Row Tam d2149 kur̤ai (-pp-, -tt-) to cause to sprout or shoot forth; <i>n.</i> tender leaf, sprout, shoot> kuṛ̆ai �-pp-� -tt-�
<Row Toda d2149 kwïζ twig> kvɨ�
<Row Kurux d2149 xōrnā (xūryā) to shoot out new leaves> xōrnā �xūryā�
<Row OIA d2149 *kuḍma- bud. DED(S, N) 1787> �kuḍma
<Row Tam d2151 koḷ (koḷv-, koṇṭ-) to seize, receive, buy, acquire, marry, abduct, contain, learn, think, regard, esteem; aux. with refl. meaning> koḷ �koḷv-� koṇṭ-�
<Row Tam d2151 koḷuttu (koḷutti-) to cause to hold, apply, explain, teach; <i>n.</i> clasp of a jewel, joint of the body> koḷuttu �koḷutti-�
<Row Tam d2151 koḷuvu (koḷuvi-) to cause to hold, clasp, buckle up, hook on> koḷuvu �koḷuvi-�
<Row Mal d2151 koḷka (koṇṭ- <i>imper.</i>> koḷka �koṇṭ
<Row Kota d2151 koṇ- (koḍ-) to marry (wife), buy (cattle), begin (funeral)> koṇ- �koḍ-�
<Row Kota d2151 koḷ geyḷ; koṇḍ-a·ṛ- (a·c-) to praise (god)> koḷ geyḷ� koṇḍ-a�ṛ- �a�c-�
<Row Toda d2151 kwïḷ- (kwïḍ-) to carry (corpse), wear (bell); aux. with continuative-durative meaning> kvɨḷ- �kvɨḍ-�
<Row Kannada d2151 koḷḷu (koṇḍ- <i>present relative ppl.</i>> koḷḷu �koṇḍ
<Row Kodagu d2151 koḷḷ- (kovv-, koṇḍ-) to take> koḷḷ- �kovv-� koṇḍ-�
<Row Kodagu d2151 koḷït- (koḷïti-) to fasten (rope on horn, loop on shoulder)> koḷɨt- �koḷɨti-�
<Row Kodagu d2151 koṇḍa- (koṇḍap-, ko·nd-) > koṇḍa- �koṇḍap-� ko�nd-�
<Row Kodagu d2151 ko·nda- (ko·ndap-, ko·nd-) to bring> ko�nda- �ko�ndap-� ko�nd-�
<Row Tulu d2151 koṇuni (koṇḍ-) to take, hold, keep; aux. with refl. meaning> koṇuni �koṇḍ-�
<Row Telugu d2151 konu (koṇt-) to buy, take, hold, take up, rob, (K. also) care for (advice), consider, suppose: aux. with refl. meaning (in this use,<i>imper.</i> kō)> konu �koṇt-�
<Row Kolami d2151 ko- (kott- <i>imper.</i>> ko- �kott
<Row Kolami d2151 ko· give!)> ko�
<Row Kolami d2151 kos- (kost-) to carry away, take> kos- �kost-�
<Row Kolami d2151 kosi- (kosit- &lt> kosi- �kosit
<Row Kolami d2151 ko-si·- with> ko-si�
<Row Kolami d2151 si·- to give) to take and give (to someone)> si�
<Row Naikri d2151 koy- (kor-) to bring> koy- �kor-�
<Row Naiki d2151 ko- (kott-) to bring. <i>> ko- �kott-�
<Row Konda d2151 koṛ- (koṇ-, koṭ-) to purchase> koṛ- �koṇ-� koṭ-�
<Row Konda d2151 kol- (koṭ-) to take> kol- �koṭ-�
<Row Pengo d2151 koṛ- (-t-) to buy> koṛ- �-t-�
<Row Manda d2151 kṛag- (kṛakt-) id> kṛag- �kṛakt-�
<Row Kui d2151 koḍa (koḍi-) to buy, take, take away, take off, pull off, pull up, pluck; <i>n.</i> buying, taking, plucking. <i>> koḍa �koḍi-�
<Row sunkar d2151 koḍ- (-it-) to buy> koḍ- �-it-�
<Row Kuwi d2151 koḍ- (-it-) id., bring; (F. S. Su. Isr.) reflexive auxiliary. DED(S) 1788> koḍ- �-it-�
<Row Tam d2152 koḷ (koḷv-, koṇṭ-) to strike, hurt> koḷ �koḷv-� koṇṭ-�
<Row Mal d2152 koḷka (koṇṭ-) to hit, take effect, come in contact> koḷka �koṇṭ-�
<Row Kota d2152 koṇ- (koḍ-) to pain, trouble> koṇ- �koḍ-�
<Row Toda d2152 kwïḷ- (kwïḍ-) to quarrel, (urine) troubles (i.e. one wishes to urinate)> kvɨḷ- �kvɨḍ-�
<Row Kolami d2152 go·l- (goḍḍ-) to beat, shoot with bow> go�l- �goḍḍ-�
<Row Naikri d2152 goṛ- (goṭ-) to strike, beat, kill. DED 1789> goṛ- �goṭ-�
<Row Tam d2158 koḷuttu (koḷutti-) to kindle, set on fire, ignite; burn (<i>intr.</i>)> koḷuttu �koḷutti-�
<Row Tam d2158 koḷuntu (koḷunti-) to burn, be kindled> koḷuntu �koḷunti-�
<Row Tam d2158 kor̤untu (kor̤unti-) to burn, be kindled> koṛ̆untu �koṛ̆unti-�
<Row Tam d2158 koḷuvu (koḷuvi-) to kindle (as fire)> koḷuvu �koḷuvi-�
<Row Kota d2158 koyḷt a·ḷ man who carries new fire round at ceremonies> koyḷt a�ḷ
<Row Tam d2164 koṟi (-pp-, -tt-) to nip off the husks of grains, nibble grain, graze, pick up food here and there (as cattle)> koṟi �-pp-� -tt-�
<Row Kodagu d2164 kori- (korip-, koric-) (snake) strikes, (rat) eats grain by cracking husk> kori- �korip-� koric-�
<Row Kodagu d2164 kurïk- (kurïki-) to munch. <i>> kurɨk- �kurɨki-�
<Row Kolami d2164 kork- (korokt-) to bite, sting, (Kin.) nibble> kork- �korokt-�
<Row salur d2164 kork- (koruk-) to gnaw. <i>> kork- �koruk-�
<Row Konda d2164 koRk- (-t-) to crush with the teeth, bite. DED(S, N) 1798> ko�k- �-t-�
<Row Kota d2165 kory a·ṛ sheep (a·ṛgoat)> kory a�ṛ
<Row Kota d2165 kory a·ṛ sheep (a·ṛgoat)> kory a�ṛ
<Row Tam d2166 koṟukoṟu (-pp-, -tt-) to bubble with anger> koṟukoṟu �-pp-� -tt-�
<Row Kota d2168 korv- (kord-) to be cold> korv- �kord-�
<Row Toda d2168 kwaṟ- (kwaṟQ-) to feel cold> kvaṟ- �kvaṟ�-�
<Row Toda d2168 kwar- (kwarQ-) to be cold> kvar- �kvar�-�
<Row Konda d2172 koRo- (-t-) to doze in sleep, sit and doze> ko�o- �-t-�
<Row Tam d2176 kō (-pp-, -tt-) to string (as beads, flowers), insert, thread (as a needle), arrange, reduce to order> kō �-pp-� -tt-�
<Row Tam d2176 kōr (-pp-, -tt-) to string (as beads, flowers), insert, thread (as a needle), arrange, reduce to order> kōr �-pp-� -tt-�
<Row Kota d2176 ko·v- (ko·t-) to string, thread> ko�v- �ko�t-�
<Row Kota d2176 ko·d long strip of dried meat> ko�d
<Row Kannada d2176 kō (kōd-, kōt-) to string (pearls, beads, etc.) upon a thread, thread; be threaded, be entered> kō �kōd-� kōt-�
<Row Kodagu d2176 koya- (koyap-, koyat-) to string> koya- �koyap-� koyat-�
<Row Kolami d2176 ko·nz- (ko·nst-) to string, thread> ko�nz- �ko�nst-�
<Row Naikri d2176 kōnj- (j = dz) to string, thread> kōnj- �j � dz�
<Row Parji d2176 kōp- (kōt-) to string. ?> kōp- �kōt-�
<Row Malto d2176 kunye (kunc-) to string (as beads). DED(S, N) 1809> kunye �kunc-�
<Row Kota d2177 ko·na·ṛ the plains> ko�na�ṛ
<Row Kota d2177 ko·na·ṭo·n man, men of the plains> ko�na�ṭo�n
<Row Kota d2177 ko·na·ṭo·r man, men of the plains> ko�na�ṭo�r
<Row Kui d2178 kūali; kui above, aloft, over; atop, upon> kūali� kui
<Row Kota d2179 ko·g stone of olive> ko�g
<Row Toda d2179 kwï·g seed inside fruit. <i>> kvɨ�g
<Row OIA d2179 *kōya- inside of fruit (> �kōya
<Row Konda d2180 kok- (-t-) to raise and project the head (while seeing a distant object)> kok- �-t-�
<Row Toda d2184 kwa·gïl <i>R. n.</i> and <i>P. r.</i> and> kva�gɨl
<Row Kannada d2184 kōgiley ele = kuvvey ele leaf of> kōgiley ele � kuvvey ele
<Row Kota d1287 ko·j- (ko·j-) (leg or arm) becomes asleep. DED 1815> ko�j- �ko�j-�
<Row Kurux d2189 xō̃snā (xū̃syas) to pulverize by pounding with a heavy instrument which beats vertically, harass> xō̃snā �xū̃syas�
<Row Konda d2192 kōslaen (pl. kōska) a peon> kōslaen �pl� kōska�
<Row Pengo d2192 kōsku (pl.) peons. <i>> kōsku �pl��
<Row Kuwi d2192 kōh'i (pl. kōska) peon> kōh�i �pl� kōska�
<Row Kui d2193 kōnja (kōnji-) to stretch something from one point to another, string a bow; <i>n.</i> an arch> kōnja �kōnji-�
<Row Kui d2193 kohpa (koht-) to stretch up the arm, hold out the hand> kohpa �koht-�
<Row Kuwi d2193 gōssali (gōst-) to offer> gōssali �gōst-�
<Row Kuwi d2193 gōh'nai to outreach, spread (hand)> gōh�nai
<Row Kuwi d2193 gōnj- (-it-) to string (bow), stretch (wire, etc.)> gōnj- �-it-�
<Row Kota d2195 ko·j spider> ko�j
<Row Kota d2196 ko·ṛṇ small monkey> ko�ṛṇ
<Row Toda d2196 kwï·ṛṇ monkey> kvɨ�ṛṇ
<Row Kodagu d2196 ko·ḍë monkey> ko�ḍə
<Row Tam d2200 kōṭu (in cpds. kōṭṭu-) horn, tusk, branch of tree, cluster, bunch, coil of hair, line, diagram, bank of stream or pool> kōṭu �in cpds� kōṭṭu-�
<Row Kota d2200 ko·ṛ (obl. ko·ṭ-) horns (one horn iskob), half of hair on each side of parting, side in game, log, section of bamboo used as fuel, line marked out> ko�ṛ �obl� ko�ṭ-�
<Row Toda d2200 kwï·ṛ (obl. kwï·ṭ-) horn, branch, path across stream in thicket> kvɨ�ṛ �obl� kvɨ�ṭ-�
<Row Parji d2200 kōḍ (pl. kōḍul) horn. <i>> kōḍ �pl� kōḍul�
<Row Gadaba d2200 kōr (pl. kōrgul) id. <i>> kōr �pl� kōrgul�
<Row betul d2200 kōr (obl. kōt-, pl. kōhk) horn of cattle or wild animals, branch of a tree> kōr �obl� kōt-� pl� kōhk�
<Row mandla d2200 kōr (pl. kōhk) > kōr �pl� kōhk�
<Row mandla d2200 kōr (pl. kōhk) > kōr �pl� kōhk�
<Row adil d2200 kōr (pl. kōhk) > kōr �pl� kōhk�
<Row chanda d2200 kōr (pl. kōhk) > kōr �pl� kōhk�
<Row seoni d2200 kōr (pl. kōhku) > kōr �pl� kōhku�
<Row maria d2200 kōr̥u (pl. kōẖku) horn> kōṛu �pl� kōẖku�
<Row Kui d2200 kōju (pl. kōska) horn, antler> kōju �pl� kōska�
<Row Kota d2201 ko·ṇṭḷ pocket in outside edge of cloak> ko�ṇṭḷ
<Row Toda d2201 kwï·ṣ id> kvɨ�ṣ
<Row Toda d2201 kwï·ṭy id. (in songs)> kvɨ�ṭy
<Row Kodagu d2202 go·ṭ-aḍake full grown, tough areca-nut> go�ṭ-aḍake
<Row Kota d2203 ke·ṛ SW. monsoon> ke�ṛ
<Row Toda d2203 kwa·ṛ monsoon, year> kva�ṛ
<Row Kota d2205 ko·ṭy gal big marble used with a lot of small pebbles in one form of jackstraws. DED(S) 1829> ko�ṭy gal
<Row Kota d2207 ko·ṭ castle, palatial mansion> ko�ṭ
<Row Toda d2207 kwa·ṭ bungalow> kva�ṭ
<Row Kodagu d2207 ko·ṭe palace> ko�ṭe
<Row Kota d2207 ko·ṭ castle, palatial mansion> ko�ṭ
<Row Toda d2207 kwa·ṭ bungalow> kva�ṭ
<Row Kodagu d2207 ko·ṭe palace> ko�ṭe
<Row Kota d2207 go·ṛ (obl. go·ṭ-) wall> go�ṛ �obl� go�ṭ-�
<Row Tam d2209 kōṇu (kōṇi-) to be bent, curved, be crooked, deviate, be perverse> kōṇu �kōṇi-�
<Row Tam d2209 kuṇaku (kuṇaki-) to become bent, crooked> kuṇaku �kuṇaki-�
<Row Tam d2209 kuṇakku (kuṇakki-) to bend <i>> kuṇakku �kuṇakki-�
<Row Tam d2209 kuṇukku (kuṇukki-) to bend> kuṇukku �kuṇukki-�
<Row Kota d2209 go·ṇ corner of room> go�ṇ
<Row Gadaba d2209 P.) kōne corner. <i>> ��� kōne
<Row muria d2211 kōnaṛ (pl. kōnahk) shed for hens (<i>Voc.</i> 971)> kōnaṛ �pl� kōnahk�
<Row Irula d2212 ko·ṇe male buffalo> ko�ṇe
<Row Parji d2218 kōp- (kōt-) to tend (cattle). <i>> kōp- �kōt-�
<Row Gadaba d2218 kōp- (kōt-) id. <i>> kōp- �kōt-�
<Row mandla d2218 kōpe (pl. -hk) cowherdess (<i>Voc.</i> 975)> kōpe �pl� -hk�
<Row muria d2218 kōpe (pl. -hk) cowherdess (<i>Voc.</i> 975)> kōpe �pl� -hk�
<Row Kui d2218 kōpa (kōpi-) to tend, herd (cattle, sheep); <i>n.</i> tending, herding. ?> kōpa �kōpi-�
<Row Kodagu d2219 ko·pï festivity. DED 1839> ko�pɨ
<Row Naiki d2220 fem. kōmṭigra DED 1840> fem� kōmṭigra
<Row Kota d2222 ko·ma·ḷy buffoon in drama. ? <i>> ko�ma�ḷy
<Row Toda d2225 kwa·y bamboo pot used at> kva�y
<Row Toda d2225 ti·-dairy > ti�-dairy
<Row Pengo d2226 kōd- (kōtt-) to smoke> kōd- �kōtt-�
<Row Pengo d2226 kōt- (kōtt-) id. (<i>tr.</i>), burn incense. ?> kōt- �kōtt-�
<Row Kurux d2227 xōynā (xojjas) to measure, ascertain the extent, height, quantity or capacity of> xōynā �xojjas�
<Row Kannada d2229 I. parviflora </i> Vahl> �� parviflora
<Row Tam d2231 kōru (kōri-) to bale, draw up (as with an ola bucket), gather with a sweep of the arm> kōru �kōri-�
<Row Tam d2231 kōlu (kōli-) to bale, draw up (as with an ola bucket), gather with a sweep of the arm> kōlu �kōli-�
<Row Mal d2231 kōral vb.n a fishing basket> kōral vb�n
<Row Kodagu d2231 ko·t- (ko·ti-) to fill by scooping> ko�t- �ko�ti-�
<Row Tam d2232 kōru (kōri-) to request, wish> kōru �kōri-�
<Row Kota d2232 ko·ryk vow paid to god> ko�ryk
<Row Kuwi d2233 gronj- (-it-) to drink, guzzle. DED 1849> gronj- �-it-�
<Row Kota d2237 ko·l stick, story of funeral car> ko�l
<Row Toda d2237 kwï·s̱ stick> kvɨ�s̱
<Row Kodagu d2237 ko·lï stick> ko�lɨ
<Row Kui d2237 kōḍu (pl. kōṭka) id. <i>> kōḍu �pl� kōṭka�
<Row Kuwi d2237 kōlū (pl. kōlka) > kōlū �pl� kōlka�
<Row sunkar d2237 kōlu (pl. kōlka) id> kōlu �pl� kōlka�
<Row Tam d2243 kōlu (kōli-) to commence, effect, accomplish, consider, deliberate, ponder> kōlu �kōli-�
<Row Toda d2245 kwï·s̱y sp. plant. DEN 32> kvɨ�s̱y
<Row Kota d2248 ko·y id> ko�y
<Row Toda d2248 kwï·ḍy id> kvɨ�ḍy
<Row Toda d2248 kwï·y (in songs; either from Ko. or from Badagakó·í) id> kvɨ�y
<Row Kodagu d2248 ko·ḷi fowl> ko�ḷi
<Row Tam d2251 koḷuttu (koḷutti-) to slander, calumniate> koḷuttu �koḷutti-�
<Row Kota d2251 ko·ḷ laying information about something heard> ko�ḷ
<Row Telugu d2251 fem. koṇḍekatte > fem� koṇḍekatte
<Row Gadaba d2251 gōler- (gōlen-) to abuse> gōler- �gōlen-�
<Row Kota d2252 go·ḷ sorrow> go�ḷ
<Row Kota d2252 go·ḷm sorrow> go�ḷm
<Row Kota d2252 go·ḷo· excl. used in songs> go�ḷo�
<Row Kota d2252 go... in- (iḏ-) to lament> go��� in- �iḏ-�
<Row Kodagu d2252 go·ḷï struggling, agony> go�ḷɨ
<Row Toda d2255 kwï·r rag> kvɨ�r
<Row Kui d2256 kōru (pl. kōrka) id. <i>> kōru �pl� kōrka�
<Row Kodagu d2257 ko·re tusk of elephant or boar. ?> ko�re
<Row Kui d2257 grōpa (grōt-) to claw, scratch; <i>n.</i> act of clawing, scratching, a scratch. ? Cf. Te> grōpa �grōt-�
<Row sunkar d2260 grik- (-h-) to be bitter. DEDS 342> grik- �-h-�
<Row Pengo d2261 gṛih- (gṛist-) to slip, slide; be slippery> gṛih- �gṛist-�
<Row Kui d2261 grihpa (griht-) to be smooth, polished, slippery. <i>> grihpa �griht-�
<Row sunkar d2261 gṛih- (gṛist-) > gṛih- �gṛist-�
<Row Kuwi d2261 grīssali (grīst-) > grīssali �grīst-�
<Row Kuwi d2261 glih'nai > glih�nai
<Row Kui d2262 grūpa (grūt-) to surround, encircle> grūpa �grūt-�
<Row Kuwi d2262 gluh'nai to surround> gluh�nai
<Row Kuwi d2262 glū'nai to rampart [sic]> glū�nai
<Row Kui d2263 tlōnga (tlōngi-) to be melted, dissolved, melt (<i>intr.</i>) (? &lt;*klōnga)> tlōnga �tlōngi-�
<Row Kurux d2264 cā'nā (cā̃cas) to stink, give forth an offensive smell; to smell in general> cā�nā �cā̃cas�
<Row Kurux d2264 cā'anā (cā̃cas) to stink, give forth an offensive smell; to smell in general> cā�anā �cā̃cas�
<Row Malto d2264 ceṉye (ceṉca) to emit odour> ceṉye �ceṉca�
<Row Toda d2265 oxy- (oxs-) to chew> oxy- �oxs-�
<Row salur d2267 sakkī (pl. -l) bull> sakkī �pl� -l�
<Row pottangi d2267 sakkil (pl.) bullocks. DEDS 352> sakkil �pl��
<Row Kota d2268 fem. caky > fem� caky
<Row Tam d2271 cakkaḷi (-v-, -nt-) to become oblate, flattened, compressed> cakkaḷi �-v-� -nt-�
<Row Mal d2272 fem. cakkilicci > fem� cakkilicci
<Row Tam d2274 akkuḷu (-pp- -tt-) to tickle> akkuḷu �-pp- -tt-�
<Row Kurux d2274 caŋgrta'ānā to tickle, titillate, please (as a musical sound)> caŋgrta�ānā
<Row Mal d2275 Artocarpus [integrifolia] </i>, Ananas (kaita-[<i>Pandanus odoratissimus</i>]), bread-fruit [<i>A. incisa</i>], wild> �rtocarpus �integrifolia�
<Row Kurux d2278 cakkhnā (cakkhyas to pierce with a prick, prick, penetrate into, puncture, cause a prickly sensation, experience a prickly sensation> cakkʰnā �cakkʰyas
<Row Kurux d2278 cakkos) to pierce with a prick, prick, penetrate into, puncture, cause a prickly sensation, experience a prickly sensation> cakkos�
<Row Kurux d2278 refl. cakkhrnā (to get tattooed, etc.)> refl� cakkʰrnā
<Row Kurux d2278 cakkhta'ānā to cause to be pierced, tattooed> cakkʰta�ānā
<Row Tam d2281 caṅku (caṅki-) to be dispirited> caŋku �caŋki-�
<Row Kota d2281 jag- (jagy-) to be afraid> jag- �jagy-�
<Row Kota d2283 jaŋg- (jaŋgy-) (rope or waistcloth) becomes slack or loose, (handle of tool) is loose> jaŋg- �jaŋgy-�
<Row OIA d2286 from which these words are probably derived (Krishnamurti </i> 39.563). DED(S) 1886> from vhicʰ tʰese vords are probably derived ��rishnamurti
<Row OIA d2286 Language </i> 39.563). DED(S) 1886> �anguage
<Row Kurux d2289 caŋgrta'ānā to set (the teeth) on edge> caŋgrta�ānā
<Row Telugu d2290 sadda (sodda) id. DED(S) 1888> sadda �sodda�
<Row Kannada d2291 fem. cañciti > fem� cañciti
<Row Telugu d2291 fem. cenceta DED 1889> fem� cenceta
<Row Kannada d2292 Flacourtia cataphracta </i> Roxb> �lacourtia catapʰracta
<Row Telugu d2292 cencali Digera muricata DED 1890> cencali �igera muricata
<Row N d2295 *jhaṭṭ- e.g> �jʰaṭṭ
<Row M d2295 j̈haṭ-j̈haṭ smartly> j�haṭ-j�haṭ
<Row Kota d2296 caṭa·r in- to make noise like whipcrack> caṭa�r in
<Row Kota d2296 caṭa·r poṭa·r in- to make noise like whipcrack or loud crackling of fire> caṭa�r poṭa�r in
<Row Kolami d2296 saṭ- (saṭt-) to shoot with gun> saṭ- �saṭt-�
<Row Kurux d2296 caṭka'ānā to slap in the face (also Bleses and Tiga; Hahn'scatga'anāhastmistakenly)> caṭka�ānā
<Row Kurux d2296 caṭga'ānā to slap in the face (also Bleses and Tiga; Hahn'scatga'anāhastmistakenly)> caṭga�ānā
<Row OIA d2296 *caṭa- DED(S) 1893> �caṭa
<Row Tam d2300 caṭai (-v-, -nt-) to flatten, as the head or point of a nail by repeated blows, clinch, rivet> caṭai �-v-� -nt-�
<Row Tam d2300 cāṭu (cāṭi-) to beat, trample, gore, kill, destroy> cāṭu �cāṭi-�
<Row Tam d2300 cāṭṭu (cāṭṭi-) to beat, strike> cāṭṭu �cāṭṭi-�
<Row Kannada d2300 caus. jaḍisu; jaḍata beating, ramming, forcing in as a cartridge, driving in as a nail> caus� jaḍisu� jaḍata
<Row Parji d2300 caḍp- (caḍt-) to strike, beat, hammer> caḍp- �caḍt-�
<Row Tam d2301 caṭai (-v-, -nt-) to become weary, dispirited, be stunted in growth (as trees, plants)> caṭai �-v-� -nt-�
<Row Kurux d2301 carmta'ānā to weaken, debilitate, unnerve> carmta�ānā
<Row Parji d2302 caḍuŋ (pl. -gul) > caḍuŋ �pl� -gul�
<Row pottangi d2302 sariŋ (pl. -il) footprint. From DED(S) 63> sariŋ �pl� -il�
<Row OIA d2306 nos. 4736 </i> 158 are re-borrowings from <i>> nos�
<Row OIA d2306 4738 </i> 158 are re-borrowings from <i>> �
<Row OIA d2306 4739; the items in DBIA </i> 158 are re-borrowings from <i>> �� tʰe items in ����
<Row Tam d2307 caṭṭi (-pp-, -tt-) to destroy, ruin> caṭṭi �-pp-� -tt-�
<Row Parji d2308 caṭ (pl. caṭṭul) id> caṭ �pl� caṭṭul�
<Row Kota d2309 caṭy go·l iron ladle with flat, round blade, for taking rice from pot> caṭy go�l
<Row OIA d2311 *caṭṭa- bamboo matting; (Burrow 1967, p. 41). DED(N) 1907> �caṭṭa
<Row Parji d2312 caḍip- (caḍit-) to boil> caḍip- �caḍit-�
<Row Kodagu d2314 fem. daḍḍe > fem� daḍḍe
<Row Tulu d2314 fem. daḍḍi > fem� daḍḍi
<Row Kota d2315 e·ṇḍḷ squirrel> e�ṇḍḷ
<Row Parji d2319 canḍp- (canḍt-) to open. <i>> canḍp- �canḍt-�
<Row Gadaba d2319 sanḍup- (sanḍut-) id> sanḍup- �sanḍut-�
<Row salur d2319 saṇ- (saṇḍ-) to open> saṇ- �saṇḍ-�
<Row Gadaba d2319 saṇp- (saṇup-) id. (<i>tr.</i>). DED 1913> saṇp- �saṇup-�
<Row Gadaba d2319 saṇp- (saṇḍup-) id. (<i>tr.</i>). DED 1913> saṇp- �saṇḍup-�
<Row Tam d2320 caṇṇu (caṇṇi-) to copulate. DED 1914> caṇṇu �caṇṇi-�
<Row Kodagu d2321 cappayëmara campaka tree; cappayëm-pu· campaka flower> cappayəmara campaka tree� cappayəm-pu�
<Row Telugu d2321 campakamu (c not> campakamu �c
<Row Telugu d2321 canupakamu (c = ts) > canupakamu �c � ts�
<Row Tam d2322 cati (-pp-, -tt-) to destroy, kill> cati �-pp-� -tt-�
<Row Tam d2322 catāvu (catāvi-) to be shattered or broken, be rotten, decayed> catāvu �catāvi-�
<Row Tam d2322 catai (-v-, -nt-) to be bruised, crushed> catai �-v-� -nt-�
<Row Tam d2322 catai (-pp-, -tt-) to crush, bruise, mash> catai �-pp-� -tt-�
<Row Tam d2322 tatai (-v-, -nt-) to be shattered, made fruitless> tatai �-v-� -nt-�
<Row Tam d2322 tatar (-v-, -nt-) to be crushed> tatar �-v-� -nt-�
<Row Kota d2322 cac- (cac-) to hammer with heavy blows, pat, stroke, kill (animal)> cac- �cac-�
<Row Toda d2322 toQx- (toQxy-) to be squeezed or smashed flat, (person) gets into difficulties> to�x- �to�xy-�
<Row Toda d2322 toQk- (toQky-) to squeeze or smash flat> to�k- �to�ky-�
<Row Toda d2322 toc- (toč-) to beat (or with 3089 Ma.taykkuka)> toc- �toč-�
<Row Parji d2322 catip- (catit-) > catip- �catit-�
<Row Parji d2322 cacip- (cacit-) to trample, kick. DED(S) 1916> cacip- �cacit-�
<Row Tam d2323 cati (-pp-, -tt-) to deceive; <i>n.</i> treachery, perfidy, wiles> cati �-pp-� -tt-�
<Row Kodagu d2323 cadi- (cadip-, cadic-) to cheat. <i>> cadi- �cadip-� cadic-�
<Row Tam d2326 cetumpu (cetumpi-) to become damp and moist, be soaked; <i>n.</i> mud, mire, thin current of water as of rivers in summer. <i>> cetumpu �cetumpi-�
<Row Telugu d2327 fem. cadurālu; ? caduvu to read, study; <i>n.</i> reading, learning, education> fem� cadurālu� � caduvu
<Row Telugu d2328 fem. andakatte; andagincu to look beautiful or nice, appear adorned, be beautiful> fem� andakatte� andagincu
<Row Parji d2329 candip- (candit-) to make to grow up, bring up, rear. <i>> candip- �candit-�
<Row Gadaba d2329 sandup- (sandut-) to make to grow> sandup- �sandut-�
<Row Tam d2331 cappaḷi (-v-, -nt-) to flatten, be crushed, pressed out of form> cappaḷi �-v-� -nt-�
<Row Tam d2331 cappu (cappi-) to be bent, pressed in> cappu �cappi-�
<Row Kolami d2332 sap- (sapt-) to pour away water from hand-washing> sap- �sapt-�
<Row Tam d2334 cappu (cappi-) to masticate, chew (as betel or tobacco), mumble in eating, munch, sip, suck> cappu �cappi-�
<Row Tam d2334 cavaṭṭu (cavaṭṭi-) to chew, masticate, swallow down> cavaṭṭu �cavaṭṭi-�
<Row Tam d2334 cavai (-pp-, -tt-) to chew, munch, suck mother's milk> cavai �-pp-� -tt-�
<Row Kota d2334 cap- (capy-) to suck repeatedly (as when child sucks breast)> cap- �capy-�
<Row Kota d2334 ayv- (avc-) to chew> ayv- �avc-�
<Row Toda d2334 sop- (sopy-) to suck> sop- �sopy-�
<Row Kodagu d2334 caveⁿ- (caveⁿmp-, caveⁿnt-) to chew> caveⁿ- �caveⁿmp-� caveⁿnt-�
<Row Kodagu d2334 cayeⁿ- (cayeⁿmp-, cayaⁿnt-) id> cayeⁿ- �cayeⁿmp-� cayaⁿnt-�
<Row salur d2334 savl- (salv-, saluv-) id. <i>> savl- �salv-� saluv-�
<Row OIA d2334 *cappayati > �cappayati
<Row Telugu d2335 cappaṭlu (pl.) clapping of the hands> cappaṭlu �pl��
<Row OIA d2335 nos. 4673 > nos�
<Row Kurux d2336 capnā (cappyas) to hurry> capnā �cappyas�
<Row Kota d2337 capi·ḷy tastelessness of broth without salt> capi�ḷy
<Row Tam d2338 cavu (-pp-, -tt-) to become tired, become weak, emaciated, fail (as a crop), fall flat (as a crop), lose crispness> cavu �-pp-� -tt-�
<Row Tam d2341 avi (-v-, -nt-) to ferment (as decayed fruit, vegetable matter, manure heaps)> avi �-v-� -nt-�
<Row Parji d2341 camip- (camit-) to make to go rotten. <i>> camip- �camit-�
<Row Konda d2341 sab- (-it-) to rot and produce an offensive smell (as cooked rice, etc.)> sab- �-it-�
<Row Pengo d2341 hab- (hapt-) to go bad> hab- �hapt-�
<Row Pengo d2341 Manḍa hab- to decay. <i>> �anḍa hab
<Row Tam d2342 camai (-v-, -nt-) to be made, constructed, formed, get ready, prepare (oneself), be suitable, commence, mature, attain puberty; (-pp-, -tt-) to create, do, perform, get ready, prepare, cook> camai �-v-� -nt-�
<Row Tam d2342 cavatari (-pp-, -tt-) to acquire, get ready, behave agreeably> cavatari �-pp-� -tt-�
<Row Kolami d2342 savaril- (savarilt-) to make oneself ready, (SR.) dress> savaril- �savarilt-�
<Row Kolami d2342 savarip- (savaript-) to make ready (<i>tr.</i>)> savarip- �savaript-�
<Row Tam d2343 camai (-v-, -nt-) to be consumed, destroyed, finish> camai �-v-� -nt-�
<Row Tam d2343 (-pp-, -tt-) to kill, destroy> �-pp-� -tt-�
<Row Kota d2343 cam- (camd-) to be finished, spent> cam- �camd-�
<Row Telugu d2346 sāmba (samba, sāmbam) a fine sort of rice. DED(S) 1938> sāmba �samba� sāmbam�
<Row Telugu d2346 sāmbaru (sambaru-, sambhava-, sambhāvu-) a fine sort of rice. DED(S) 1938> sāmbaru �sambaru-� sambʰava-� sambʰāvu-�
<Row Tam d2347 Typha elephantina </i>; sola pith> �ypʰa elepʰantina
<Row Kannada d2347 T. elephantina </i> Roxb.; ?> �� elepʰantina
<Row Kannada d2349 cammaṭ- (ṭ)ige sledge hammer> cammaṭ- �ṭ�ige
<Row Kannada d2351 saddu (sg.) cease! stop! (verb used in the imperative only)> saddu �sg��
<Row Kannada d2351 saddi (pl.) cease! stop! (verb used in the imperative only)> saddi �pl��
<Row Tam d2354 caracara (-pp-, -tt-) to be rough of surface> caracara �-pp-� -tt-�
<Row Tam d2354 curacura (-pp-, -tt-) to be rough, have a rough surface> curacura �-pp-� -tt-�
<Row Kota d2355 cari·l with the noise of a snake's motion, glidingly> cari�l
<Row Kota d2355 curi·l with the noise of a snake's motion, glidingly> curi�l
<Row Kota d2355 cor cor in- (iḏ-) to make noise in walking over fallen leaves> cor cor in- �iḏ-�
<Row Kota d2355 cork cork in- (iḏ-) to make noise in walking over fallen leaves> cork cork in- �iḏ-�
<Row OIA d2355 e.g > e�g
<Row Kolami d2356 ta·ḍ rope> ta�ḍ
<Row Gondi d2357 fem. hari (Voc 3524; cf. 273 Ta> fem� hari ��oc
<Row chanda d2359 taranj (pl. tarask) > taranj �pl� tarask�
<Row Kui d2359 srāsu (pl. srāska) > srāsu �pl� srāska�
<Row Kuwi d2359 rācū (pl. rāska) id> rācū �pl� rāska�
<Row Tam d2360 cari (-v-, -nt-) to slip away, slide down, roll, tumble, stumble down, give way, yield, lean, incline, be aslant, slope> cari �-v-� -nt-�
<Row Tam d2360 cari (-pp-, -tt-) to cause to slip or roll, topple, pour down, make slant, incline; <i>n.</i> declivity, slope of a mountain> cari �-pp-� -tt-�
<Row Tam d2360 carukku (carukki-) to slip> carukku �carukki-�
<Row Tam d2360 caruvu (caruvi-) to slip away, slide down; <i>n.</i> declivity, steep side of a rock> caruvu �caruvi-�
<Row Kota d2360 jarv- (jard-) to slip and fall, slide down a slope> jarv- �jard-�
<Row Kota d2360 jag- (jagy-) (solid thing) budges from place> jag- �jagy-�
<Row Kodagu d2360 tari- (tariv-, tariñj-) to bend to one side> tari- �tariv-� tariñj-�
<Row Kodagu d2360 (tarip-, taric-) id> �tarip-� taric-�
<Row Kota d2362 art- (arty-) to pursue (men, game, etc.)> art- �arty-�
<Row Parji d2362 carp- (cart-) to drive. <i>> carp- �cart-�
<Row Gadaba d2362 sarp- (sart-) to drive, chase> sarp- �sart-�
<Row salur d2362 sarc- (sart-) to chase. DED(S) 1952> sarc- �sart-�
<Row Kui d2363 srahpa (sraht-) to be acid, sour> srahpa �sraht-�
<Row Kui d2363 srapka (&lt; srak-p-; srakt-) to be brackish> srapka ��lt� srak-p-� srakt-�
<Row Kui d2364 jrāmbu (pl. jrāpka) id> jrāmbu �pl� jrāpka�
<Row Kui d2364 sṛāngu (pl. sṛāka, sṛākaka) > sṛāngu �pl� sṛāka� sṛākaka�
<Row Kui d2364 srāŋgu (pl. srākaka) breast. <i>> srāŋgu �pl� srākaka�
<Row Tam d2366 calacala (-pp-, -tt-) to rustle, be talking incessantly> calacala �-pp-� -tt-�
<Row OIA d2366 *chala- e.g> �cʰala
<Row Tam d2370 cali (-pp-, -tt-) to sift> cali �-pp-� -tt-�
<Row Tam d2370 callu (calli-) to sift> callu �calli-�
<Row OIA d2370 nos. 4771 > nos�
<Row Tam d2371 cali (-pp-, -tt-) to be weary, become exhausted> cali �-pp-� -tt-�
<Row Kurux d2373 jalka'ānā (of the rains) to percolate and soak the ground thoroughly, so that in low-lying spots water oozes out or opens new springs> jalka�ānā
<Row Kurux d2373 refl.&lt;-&gt; pass. jalkārnā > refl��lt�-�gt� pass� jalkārnā
<Row Tam d2374 alai (-pp-, -tt-) to beat, slap. <i>> alai �-pp-� -tt-�
<Row Kota d2379 co·ḷm perineal cloth> co�ḷm
<Row Tam d2384 callu (calli-) to sprinkle water> callu �calli-�
<Row Kodagu d2384 cell- (celli-) to throw away (liquid), scatter (grain)> cell- �celli-�
<Row Kuwi d2384 jal- (-it-) to throw out liquids. DED(S, N) 1969> jal- �-it-�
<Row Tam d2387 cavaṭṭu (cavaṭṭi-) to destroy, ruin (as a town), kill, beat, tread upon, trample> cavaṭṭu �cavaṭṭi-�
<Row Kodagu d2387 cavṭ- (cavṭi-) to step on> cavṭ- �cavṭi-�
<Row Kota d2390 cavr- (cavry-) to cut down a whole collection of standing plants, bushes, etc> cavr- �cavry-�
<Row Kannada d2390 caus. savarisu > caus� savarisu
<Row Tam d2391 avai (-pp-, -tt-) to pound in a mortar, crush, cuff, prod> avai �-pp-� -tt-�
<Row Kota d2391 kac av- (avt-) to pestle (millet) second time> kac av- �avt-�
<Row Kota d2391 aky av- (avt-) to pestle (millet) third time> aky av- �avt-�
<Row Toda d2391 af- (aft-) to pound with light strokes> af- �aft-�
<Row Parji d2391 cavkol (pl. cavkocil) pestle. <i>> cavkol �pl� cavkocil�
<Row OIA d2391 *cāmala- husked rice (Burrow 1967, p. 41). DED(S, N) 1976> �cāmala
<Row OIA d2391 *cāvala- husked rice (Burrow 1967, p. 41). DED(S, N) 1976> �cāvala
<Row Tam d2392 cavaṅku (cavaṅki-) to become lean, emaciated, shrink, subside, faint, languish> cavaŋku �cavaŋki-�
<Row Tam d2392 cavu (-pp-, -tt-) to become weak, be emaciated> cavu �-pp-� -tt-�
<Row Kota d2392 jag- (jagy-) to become lean> jag- �jagy-�
<Row Kota d2392 jalv- (jald-) to become lean and stringy with old age> jalv- �jald-�
<Row Tam d2393 cavaḷ (cavaḷv-, cavaṇṭ-) to bend (<i>intr.</i>), be supple (as the arms of a fencer)> cavaḷ �cavaḷv-� cavaṇṭ-�
<Row Tam d2393 cavaṭṭu (cavaṭṭi-) to bend (<i>tr.</i>), twist> cavaṭṭu �cavaṭṭi-�
<Row Tam d2396 cuvai (-pp-, -tt-) to taste, eat, chew, kiss, experience, enjoy; be palatable, agreeable, pleasing; <i>n.</i> taste, flavour, deliciousness, sweetness, that which is pleasing or gratifying to the senses, the sense of taste> cuvai �-pp-� -tt-�
<Row Kannada d2399 Roxb > �oxb
<Row pottangi d2402 saṛit (pl. sakkil) bullock> saṛit �pl� sakkil�
<Row salur d2402 saṛit (pl. sakkil) bullock> saṛit �pl� sakkil�
<Row Konda d2402 ṛānu (pl. ṛāku) ox> ṛānu �pl� ṛāku�
<Row pottangi d2402 saṛit (pl. sakkil) bullock> saṛit �pl� sakkil�
<Row salur d2402 saṛit (pl. sakkil) bullock> saṛit �pl� sakkil�
<Row Konda d2402 ṛānu (pl. ṛāku) ox> ṛānu �pl� ṛāku�
<Row Gondi d2403 (Voc </i> 1402)> ��oc
<Row Konda d2403 saṛ- (-t-) to remove dust by shaking, shake off a hand; (BB) (hen) to flap wings> saṛ- �-t-�
<Row Kui d2403 saṛpa (saṛt-) to flick off, dust off, shake out, flap wings> saṛpa �saṛt-�
<Row Kui d2403 jaṛpa (jaṛt-) to shake, shake dust off, flap, flick, beat the wings. <i>> jaṛpa �jaṛt-�
<Row sunkar d2403 haṇ- (-h-) (hen) to flap wings> haṇ- �-h-�
<Row OIA d2403 *jhāṭayati there has been borrowing in one direction or the other, as Kol> �jʰāṭayati
<Row Pengo d2404 haṛ- (-t-) (leaves) to fall, (hair) to fall out> haṛ- �-t-�
<Row Pengo d2404 ṛat- (-t-) to cause (leaves) to fall, knock out (sesamum seeds)> ṛat- �-t-�
<Row Manda d2404 haṛ- (-t-) (leaves) to fall off. DEDS 373> haṛ- �-t-�
<Row Tam d2405 caḷappu (caḷappi-) to babble, prate> caḷappu �caḷappi-�
<Row Tam d2405 caḷacaḷa (-pp-, -tt-) id.; patter (as rain)> caḷacaḷa �-pp-� -tt-�
<Row Tam d2406 caḷi (-pp-, -tt-) to become stale and sour, grow mouldy as food, as liquors in incipient fermentation, rot> caḷi �-pp-� -tt-�
<Row Tam d2407 caḷai (-pp-, -tt-) to grow tired, become weary (Annamalai, p. 875)> caḷai �-pp-� -tt-�
<Row Tam d2409 caḷi (-pp-, -tt-) to catch cold> caḷi �-pp-� -tt-�
<Row Kota d2410 ayḷ ba·vn brothers-in-law, male cross-cousins (collectively)> ayḷ ba�vn
<Row Kolami d2410 sa·nzin (pl. sa·lnikul ) younger sister's husband> sa�nzin �pl� sa�lnikul
<Row Parji d2410 calñid (pl. -kul) bridegroom. <i>> calñid �pl� -kul�
<Row Gadaba d2410 salñiḍ (pl. -kil) son-in-law, younger sister's husband. <i>> salñiḍ �pl� -kil�
<Row Tam d2412 caḷacaḷa (-pp-, -tt-) to be wet, muddy, sloppy> caḷacaḷa �-pp-� -tt-�
<Row Tam d2413 caḷḷu (caḷḷi-) to slacken, abate> caḷḷu �caḷḷi-�
<Row Kui d2415 saḍu (pl. saṭka) an empty ear of corn; an unformed grain, husk with no grain inside. DED(S) 1996> saḍu �pl� saṭka�
<Row Parji d2416 carip- (carit-) to tear. <i>> carip- �carit-�
<Row maria d2416 ar̥- (aẖt-) > aṛ- �aẖt-�
<Row Pengo d2416 rī- (-t-) id> rī- �-t-�
<Row Pengo d2416 rip- (-t-) to tear> rip- �-t-�
<Row Konda d2417 saṟi (pl. saRku) way, path> saṟi �pl� sa�ku�
<Row Parji d2419 car (obl. carr- ) id. ?> car �obl� carr
<Row Parji d2419 pl. cartil ) id. ?> pl� cartil
<Row Konda d2421 saR- (-t-) to slap with hand, clap hands, thrash (as clothes against a rock in washing)> sa�- �-t-�
<Row Pengo d2421 hah- (hast-) to beat> hah- �hast-�
<Row Kui d2421 sahpa (saht-) to beat, thrash, belabour, slap; <i>n.</i> beating, thrashing. <i>> sahpa �saht-�
<Row sunkar d2421 hah- (hast-) to thresh with flail> hah- �hast-�
<Row Kuwi d2421 hassali (hast-) > hassali �hast-�
<Row Kuwi d2421 hah'nai id> hah�nai
<Row Kannada d2423 fem. canni handsomely, nicely, properly> fem� canni
<Row Kannada d2423 cenne; cannage handsomely, nicely, properly> cenne� cannage
<Row Tam d2426 cā (cāv- to die, be spoiled or blighted (as crops), be exhausted> cā �cāv
<Row Tam d2426 cākuv-, cett-) to die, be spoiled or blighted (as crops), be exhausted> cākuv-� cett-�
<Row Tam d2426 ceku (-pp-, -tt-) to destroy, kill> ceku �-pp-� -tt-�
<Row Mal d2426 cāka (catt-) to die> cāka �catt-�
<Row Kota d2426 ka·ṛ ca·v person who dies somewhere so that his body is not found (ka·ṛjungle)> ka�ṛ ca�v
<Row Toda d2426 soy- (sot-) to die (of others than Todas)> soy- �sot-�
<Row Toda d2426 so·f Badaga funeral> so�f
<Row Kannada d2426 sāy (sattu) to die> sāy �sattu�
<Row Kodagu d2426 ca·ḷ- (ca·v-, catt-) to die> ca�ḷ- �ca�v-� catt-�
<Row Kodagu d2426 ca·vu corpse> ca�vu
<Row Telugu d2426 caccu (cā-, cāv-) to die, fade, wither, cease, disappear; <i>adj.</i> dead, vigourless, insipid> caccu �cā-� cāv-�
<Row Parji d2426 cay- (cañ-) to die> cay- �cañ-�
<Row Gadaba d2426 say- (sad-, san-) > say- �sad-� san-�
<Row salur d2426 sā- (sāg- etc.) to die. <i>> sā- �sāg
<Row betul d2426 saiānā (sās-) > saiānā �sās-�
<Row Konda d2426 sā- (-t-) to die> sā- �-t-�
<Row Pengo d2426 hā- (-t-) to die, (fire) to go out> hā- �-t-�
<Row Kui d2426 sāva (sāt-) to die, be ill, suffer; <i>n.</i> death, illness, suffering> sāva �sāt-�
<Row Kui d2426 sāppa (sāpt-) to kill, extinguish; <i>n.</i> act of killing, extinguishing. <i>> sāppa �sāpt-�
<Row Kuwi d2426 haiali (hat-) > haiali �hat-�
<Row sunkar d2426 hā- (-t-) to die> hā- �-t-�
<Row Kurux d2426 khē'enā (keccas) to die, fall out of use (as a law)> kʰē�enā �keccas�
<Row Kurux d2426 khi'ū mortal> kʰi�ū
<Row Malto d2426 keye (kec-) to die> keye �kec-�
<Row Brah d2426 kahing (past kask-, neg. kas-) to die, die down (of fire)> kahing �past kask-� neg� kas-�
<Row Kota d2427 ca·k (ca·yk-) to make to grow, rear, support; ?> ca�k �ca�yk-�
<Row Kota d2427 ca·kn tameness (but not really tractable or domesticated)> ca�kn
<Row Toda d2427 so·k (so·ky)- to rear (in songs)> so�k �so�ky�
<Row Kodagu d2427 ca·k- (ca·ki-) to rear (child, young animal)> ca�k- �ca�ki-�
<Row Tulu d2427 caus. sāṅkāvuni; sāṅkaṇè fostering, nursing, nourishing, bringing up, adoption> caus� sāŋkāvuni� sāŋkaṇɛ
<Row Tam d2430 cāy (-v-, -nt-) to march in crowds, happen, succeed> cāy �-v-� -nt-�
<Row Kota d2430 ca·g (ca·yg-) (man) becomes old, (span of time) is past, (disease) is cured, (possessions) are moved from one house to another> ca�g �ca�yg-�
<Row Kota d2430 ca·gc- (ca·gc-) to live, shift (possessions) from one house to another> ca�gc- �ca�gc-�
<Row Kuwi d2430 sāg- (-it-) to grow, spread out, file out, proceed. DED(N) 2006> sāg- �-it-�
<Row Mal d2432 pl. hon. cākkiyār a caste of half-brahmans who sing and dance before gods and brahmans. DEDS 378> pl� hon� cākkiyār
<Row Kodagu d2433 ca·c- (ca·ci-) to stretch out (hand), straighten> ca�c- �ca�ci-�
<Row Kodagu d2433 ca·ñjë (past verbal adj. of *ca·y- to be straight) straight> ca�ñjə �past verbal adj� of �ca�y
<Row Kodagu d2433 ca·ñj- to be straight) straight> ca�ñj
<Row betul d2433 sāhatānā (sāhc-) to stretch out (one's hands or feet as women do when fighting)> sāhatānā �sāhc-�
<Row Gondi d2433 caus. āˀ - > caus� āˀ
<Row Gondi d2433 tr. āh- (Voc 3365)> tr� āh- ��oc
<Row Konda d2433 sāg- (-it-) (body or limbs) to be stretched out to full length> sāg- �-it-�
<Row Pengo d2433 jāc- (jācc-) to stretch> jāc- �jācc-�
<Row Kui d2433 sāhpa (sāht-) to stretch out, lengthen out (limbs), stretch across (web, tendril)> sāhpa �sāht-�
<Row Kui d2433 sāspa (sāst-) to stretch out, lengthen out (limbs), stretch across (web, tendril)> sāspa �sāst-�
<Row Kuwi d2433 hāh'nai (hāst-) to stretch (hands, etc.)> hāh�nai �hāst-�
<Row Tam d2433 cāṭu (cāṭi-) to stretch out as the arms and legs from lassitude. DED(S) 2007> cāṭu �cāṭi-�
<Row Pengo d2434 hās (pl. -ku) necklace, beads> hās �pl� -ku�
<Row Manda d2434 hāc (pl. -ke) id. DEDS 379> hāc �pl� -ke�
<Row Kurux d2440 cāṭaxnā (cāṭxyas) to stride, stride across, jump over> cāṭaxnā �cāṭxyas�
<Row Kuwi d2441 sāṭ- (-it-) to block out light, cover up. DED(S) 2014> sāṭ- �-it-�
<Row Kota d2442 ja·ṛ sign (made by hands, eyes, etc.)> ja�ṛ
<Row Kota d2443 ja·ṭ string to spin top> ja�ṭ
<Row Kolami d2443 sa·ṭ id. DED(S) 2016> sa�ṭ
<Row Kota d2444 ga·ṇ > ga�ṇ
<Row Toda d2444 kï·ṇ > kɨ�ṇ
<Row Kodagu d2444 ca·ṇï > ca�ṇɨ
<Row Kolami d2444 ze·na DED 2017> ze�na
<Row Tam d2448 cāttu (cātti-) to daub, smear, anoint> cāttu �cātti-�
<Row Tam d2448 catur (-pp-, -tt-) to daub, besmear> catur �-pp-� -tt-�
<Row Kodagu d2448 ca·ndï sandalwood> ca�ndɨ
<Row Tam d2449 cāttu (cātti-) to put on, adorn (idols, great persons), wear as a caste mark; <i>n;</i> wearing as a garland> cāttu �cātti-�
<Row Tam d2450 cāttu (cātti-) to beat, thrash; <i>n.</i> beating, thrashing> cāttu �cātti-�
<Row Kota d2450 ca·t- (ca·ty-) to give a blow to, beat. DED 2023> ca�t- �ca�ty-�
<Row Kannada d2451 Grewia abutilifolia </i>> �revia abutilifolia
<Row Kannada d2451 jāna G. asiatica; taḍajāṇa G. tiliaefolia; kari-jāṇa > jāna �� asiatica� taḍajāṇa �� tiliaefolia� kari-jāṇa
<Row Telugu d2451 jāna G. orbiculata; nalla-jāna DEDS 380> jāna �� orbiculata� nalla-jāna
<Row Telugu d2451 pedda-jāna G. asiatica DEDS 380> pedda-jāna �� asiatica
<Row Toda d2452 so·py sleeping mat (&lt; Badaga)> so�py
<Row Tam d2453 cāmpu (cāmpi-) to wither, droop, perish, pine away, close up as flowers, decline, shrink, lose consciousness, grow dim as the eyes> cāmpu �cāmpi-�
<Row Tam d2453 cāy (-v-, -nt-) to grow thin> cāy �-v-� -nt-�
<Row Tam d2454 cāmpu (cāmpi-) to pull in by jerks, haul, draw in, pump> cāmpu �cāmpi-�
<Row Tulu d2455 cā Andropogon schoenanthus DEDS 382> cā �ndropogon scʰoenantʰus
<Row Tam d2456 cāy (-v-, -nt-) to incline, hang down, decline as a heavenly body, bend, turn down as the ear, recline, lie down, give way, break, flee, be partial, biased, deviate, lean> cāy �-v-� -nt-�
<Row Tam d2456 cāy (-pp-, -tt-) to cause to incline, bend or stoop, turn in a new direction, drive, steer, prejudice, spoil, defeat> cāy �-pp-� -tt-�
<Row Kodagu d2456 taye- (-p-, -t-) to level field and break up clods with a plank drawn by bullocks; <i>n.</i> plank thus used (cf. Ma.cāykka)> taye- �-p-� -t-�
<Row Manda d2456 caus. hēpa- (for Manḍ. and its relationship with Kui in this entry, see Burrow 1976, pp. 40-1)> caus� hēpa
<Row Kui d2456 jāpa (jāt-) to descend; <i>n.</i> descent> jāpa �jāt-�
<Row Kui d2456 jāppa (jāpt-) to cause to descend. DED(S) 2026> jāppa �jāpt-�
<Row Tam d2457 āy (-v-, -nt-) to be or become beautiful; <i>n.</i> beauty> āy �-v-� -nt-�
<Row Kota d2457 ca·yv colour> ca�yv
<Row Kodagu d2457 ca·y beauty> ca�y
<Row Kodagu d2457 ca·ylï well (<i>adv.</i>)> ca�ylɨ
<Row Kodagu d2457 ca·yka·rë handsome man> ca�yka�rə
<Row Kodagu d2457 fem. ca·ykarati. ? > fem� ca�ykarati� �
<Row Kui d2457 sānja (sānji-) to be proper, good, right, beautiful, bright; <i>n.</i> goodness, beauty; <i>adv.</i> beautifully> sānja �sānji-�
<Row Kui d2457 pl. action sāska (sāski-) DED(S) 2027> pl� action sāska �sāski-�
<Row Kolami d2458 say- (sayt-) to leave, let go, release> say- �sayt-�
<Row Kolami d2458 sasi- (sasit-) to leave (say- + si·-to give)> sasi- �sasit-�
<Row Parji d2458 cāypip- (cāypit-) to cause to leave, wean> cāypip- �cāypit-�
<Row Toda d2458 toy- (toc-) to give the slip to> toy- �toc-�
<Row Tam d2460 cār (-v- -nt-) to reach, approach, depend upon, take shelter in, be near to, be associated or connected with, unite, be related to, resemble, lean on, recline against; <i>n.</i> joining, uniting, place, situation, side> cār �-v- -nt-�
<Row Tam d2460 cārttu (cārtti-) to cause to lean, support, join, unite, connect> cārttu �cārtti-�
<Row Tam d2460 cāttu (cātti-) to close as a door> cāttu �cātti-�
<Row Tam d2460 ār (-v-, -nt-) to combine with, belong to> ār �-v-� -nt-�
<Row Kota d2460 ca·ry near> ca�ry
<Row Kota d2460 aṛ ca·ry left side> aṛ ca�ry
<Row Kota d2460 val ca·ry right side> val ca�ry
<Row Kota d2460 val ka ca·ry right side> val ka ca�ry
<Row Kota d2460 o ca·ry one side> o ca�ry
<Row Kota d2460 val ca·rym all around> val ca�rym
<Row Toda d2460 so·ry near (in songs; &lt; Badaga)> so�ry
<Row Kodagu d2460 ca·ce relationship, kinship> ca�ce
<Row Pengo d2461 hār- (-t-) to be left over> hār- �-t-�
<Row Kui d2461 sāra (sāri-) to be in excess, exceed; <i>n.</i> excess; <i>adv.</i> exceedingly> sāra �sāri-�
<Row Kui d2461 srāppa (srāpt-) to cause to exceed> srāppa �srāpt-�
<Row Mal d2462 cāraṇa T. monogyna (B.) <i>> cāraṇa �� monogyna
<Row Mal d2462 Boerhavia diffusa </i> DED 2031> �oerhavia diffusa
<Row Kota d2463 ca·rm (obl. ca·rt-) beams on which floor of attic is laid> ca�rm �obl� ca�rt-�
<Row Kuwi d2465 hē'ra > hē�ra
<Row Kuwi d2465 hē'ra id. DEDS 385> hē�ra
<Row Konda d2466 sār- (-it-) to spread (e.g. sore). DEDS 384> sār- �-it-�
<Row Kannada d2467 Garcinia morella </i> Desr> �arcinia morella
<Row Tulu d2467 jārigè G. pictoria. [G. morella Desrouss. = <i>> jārigɛ �� pictoria� ��� morella
<Row Tulu d2467 G. pictoria </i> Roxb.] DED 2034> �� pictoria
<Row Kolami d2468 sa·r (pl. sa·ḍl) > sa�r �pl� sa�ḍl�
<Row kinwat d2468 cār (pl. cāḍl ) thorn> cār �pl� cāḍl
<Row Naikri d2468 sār (pl. sāḍḷ) id> sār �pl� sāḍḷ�
<Row pottangi d2468 sāp (pl. -ul) > sāp �pl� -ul�
<Row muria d2468 hāp (pl. hāhk) > hāp �pl� hāhk�
<Row maria d2468 āp (pl. āˀ ku) thorn (<i>Voc.</i> 3369)> āp �pl� āˀ ku�
<Row maria d2468 āpi (pl. āˀ ku) thorn (<i>Voc.</i> 3369)> āpi �pl� āˀ ku�
<Row Konda d2468 sāmbu (pl. sāpku) id> sāmbu �pl� sāpku�
<Row sunkar d2468 hāpu (pl. hāpka) > hāpu �pl� hāpka�
<Row bisam d2468 hāpu (pl. hāpka) > hāpu �pl� hāpka�
<Row Tam d2470 cāl (cālv-, cāṉṟ-) to be abundant, full, be suitable, fitting, be great, noble; be sufficient; <i>n.</i> fullness, abundance> cāl �cālv-� cāṉṟ-�
<Row Kota d2470 ta·r na·ṭo·n a Toda of the division that includes the clans of To·ṟo·ṛ and Niṛy (> ta�r na�ṭo�n
<Row Toda d2470 ghee brought to the Kota village ceremony by the Todas (of the clan related in the jajmani economy) > gʰee brougʰt to tʰe �ota village ceremony by tʰe �odas �of tʰe clan related in tʰe jajmani economy�
<Row Toda d2470 to·ṟ important man; clan(s), people of the clan, esp. of the clans of the higher-ranking moiety; the higherranking moiety (usually calledto·ṟ<at>Q</at>as̱); the Todas (in contrast to the Tamilians)> to�ṟ
<Row Toda d2470 to·ṟo·ṛ n. pr. of the chief hamlet of one of the clans (lit. place of theto·ṟ)> to�ṟo�ṛ
<Row Konda d2470 sāl- (-it-) to be capable of, be suitable. <i>> sāl- �-it-�
<Row Tam d2470 cāl (cālv-, cāṉṟ-) to be abundant, full, be suitable, fitting, be great, noble; be sufficient; <i>n.</i> fullness, abundance> cāl �cālv-� cāṉṟ-�
<Row Kota d2470 ta·r na·ṭo·n a Toda of the division that includes the clans of To·ṟo·ṛ and Niṛy (> ta�r na�ṭo�n
<Row Toda d2470 ghee brought to the Kota village ceremony by the Todas (of the clan related in the jajmani economy) > gʰee brougʰt to tʰe �ota village ceremony by tʰe �odas �of tʰe clan related in tʰe jajmani economy�
<Row Toda d2470 to·ṟ important man; clan(s), people of the clan, esp. of the clans of the higher-ranking moiety; the higherranking moiety (usually calledto·ṟ<at>Q</at>as̱); the Todas (in contrast to the Tamilians)> to�ṟ
<Row Toda d2470 to·ṟo·ṛ n. pr. of the chief hamlet of one of the clans (lit. place of theto·ṟ)> to�ṟo�ṛ
<Row Konda d2470 sāl- (-it-) to be capable of, be suitable. <i>> sāl- �-it-�
<Row Kota d2470 ca·g (ca·gy) to be possible> ca�g �ca�gy�
<Row Kota d2470 ca·km sufficiency> ca�km
<Row Kota d2470 ca·ko· it is enough> ca�ko�
<Row Kota d2470 ca·ky enough> ca�ky
<Row Toda d2470 so·k enough> so�k
<Row Kota d2471 ca·l furrow> ca�l
<Row Toda d2471 so·l id> so�l
<Row Kodagu d2471 ca·llï line, furrow, one complete ploughing of a field, people related in any way by descent> ca�llɨ
<Row Kota d2472 ca·lm (obl. ca·lt-) debt, loan, account of all debts and credits, account of one's life, piece of advice> ca�lm �obl� ca�lt-�
<Row Toda d2472 so·lm assets and liabilities> so�lm
<Row Kodagu d2472 sa·la a loan> sa�la
<Row Kannada d2473 jālāri Shorea talura Roxb., <i>> jālāri �horea talura
<Row Kannada d2473 S. laccifera </i> Wall> �� laccifera
<Row Telugu d2473 jālāri Vatica laccifera. [S. Tabura Roxb. = <i>> jālāri �atica laccifera� ��� �abura
<Row Telugu d2473 S. laccifera </i> Heyne = <i>> �� laccifera
<Row Telugu d2473 V. laccifera </i> W. &amp; A.] DED 2040> �� laccifera
<Row Tam d2474 Acacia planifrons </i>; elephant thorn, <i>> �cacia planifrons
<Row Tam d2474 A. tomentosa </i>; buffalo-thorn cutch> �� tomentosa
<Row Kannada d2474 A. arabica </i> Willd> �� arabica
<Row Telugu d2474 jāla A. arabica (branches are cut and used for fencing). DED(S) 2041> jāla �� arabica
<Row Tulu d2475 fem. sālyetti > fem� sālyetti
<Row Naikri d2480 sāḷe (sāṛe) id. DEDS 386> sāḷe �sāṛe�
<Row Tam d2482 cāṟu (cāṟi-) to slip off, slip down as from a tree, slant, incline as a post, deviate, flow, issue> cāṟu �cāṟi-�
<Row Tam d2482 caṟukku (caṟukki-) to slip or slide, go astray; <i>n.</i> slipping, sliding> caṟukku �caṟukki-�
<Row Tam d2482 caṟuku (caṟuki-) to slip, slide, fail> caṟuku �caṟuki-�
<Row Kodagu d2482 ja·r- (ja·ri-) to slip, be slippery> ja�r- �ja�ri-�
<Row Kodagu d2482 ja·rike slipperiness, slippery> ja�rike
<Row Konda d2482 zāṟ- (-it-) to slip, slide> zāṟ- �-it-�
<Row Tam d2483 cāṟu (cāṟi-) to sweep the threshingfloor and gather scattered grain> cāṟu �cāṟi-�
<Row Kota d2485 a·r six> a�r
<Row Kota d2485 a·r nu·r 600> a�r nu�r
<Row Kota d2485 ar va·ṇy six> ar va�ṇy
<Row Kota d2485 pa·ṇy measures> pa�ṇy
<Row Toda d2485 o·ṟ six> o�ṟ
<Row Toda d2485 pa·ṟ sixteen> pa�ṟ
<Row Toda d2485 aṟoQ sixty> aṟo�
<Row Toda d2485 o·ṟ nu·ṟ 600> o�ṟ nu�ṟ
<Row Toda d2485 aṟ xwa·w six kwa·x measures> aṟ xva�v
<Row Kodagu d2485 a·rï six> a�rɨ
<Row Kodagu d2485 a·rane sixth> a�rane
<Row Kodagu d2485 a·r-nu·rï 600> a�r-nu�rɨ
<Row Tam d2486 cāṟṟu (cāṟṟi-) to publish, announce, explain in detail, speak, mention, praise, beat as a drum; <i>n.</i> proclaiming, declaring, sound> cāṟṟu �cāṟṟi-�
<Row Kota d2486 ca·r- (ca·ry-) to tell news of in all places> ca�r- �ca�ry-�
<Row sunkar d2486 hāṭ- (-it-) > hāṭ- �-it-�
<Row Telugu d2488 adj. cikkani > adj� cikkani
<Row OIA d2488 nos. 4780 > nos� ����
<Row Tam d2489 imir̤ (-v-, -nt-) to sprout, shoot forth> imiṛ̆ �-v-� -nt-�
<Row Kannada d2491 split (tr.); siguṟ a splinter, a shiver (cf. s.v. 2600 Ta. cī)> split �tr��� siguṟ
<Row Parji d2491 cīkip- (cīkit-) to tear> cīkip- �cīkit-�
<Row Kuwi d2491 hīh'nai to split> hīh�nai
<Row Konda d2492 sik- (-t-) to laugh, smile> sik- �-t-�
<Row Konda d2492 sikpis- (-t-) to cause to laugh> sikpis- �-t-�
<Row Manda d2492 hik- (-t-) to laugh. <i>> hik- �-t-�
<Row Pengo d2493 hig- (hikt-) to lower head> hig- �hikt-�
<Row Kui d2493 sika (siki-) to bend the head down, bow the head, droop the head. <i>> sika �siki-�
<Row Kurux d2494 caus cīxta'ānā. cī̃xcī̃xrnā to have a mind to weep, have tears in the eyes. DEDS 391> caus cīxta�ānā� cī̃xcī̃xrnā
<Row OIA d2495 cikkagaja- = gaja-bālaka- (<i>Yaśastilaka</i>)> cikkagaja- � gaja-bālaka
<Row OIA d2495 *cikka- small. DED(S, N) 2057> �cikka
<Row maria d2496 cikuṛ (kāya) a kind of beans (&lt; Te.; <i>Voc.</i> 1303)> cikuṛ �kāya�
<Row koya d2496 cikuṛ (kāya) a kind of beans (&lt; Te.; <i>Voc.</i> 1303)> cikuṛ �kāya�
<Row Tam d2497 cikkaṟu (cikkaṟi-) to disentangle> cikkaṟu �cikkaṟi-�
<Row Tam d2498 cikku (cikki-) to become entangled, complicated, be caught, ensnared, be obtained; <i>n.</i> tangle, twist, intricacy, snare, entanglement> cikku �cikki-�
<Row Tam d2498 ciṅku (ciṅki-) to be caught> ciŋku �ciŋki-�
<Row Kota d2498 cik- (ciky-) to be caught, get in trouble, be got, obtained> cik- �ciky-�
<Row Kota d2498 cikc- (cikc-) to make to be caught, get, obtain> cikc- �cikc-�
<Row Toda d2498 tik- (tiky-) to be trapped (physically or figuratively)> tik- �tiky-�
<Row Kannada d2498 sigu (sikk-) to become entangled, be caught, fall into the hands of, be got> sigu �sikk-�
<Row Kodagu d2498 cikk- (cikki-) to become entangled> cikk- �cikki-�
<Row Kolami d2498 sik- (sikt-) to hang> sik- �sikt-�
<Row Kolami d2498 sikip- (sikipt-) id. (<i>tr.</i>)> sikip- �sikipt-�
<Row Parji d2498 cirkip- (cirkit-) to trap, snare> cirkip- �cirkit-�
<Row Gondi d2498 caus. hirh- to trap animals> caus� hirh
<Row Toda d2499 tïg aṟy- (aṟs-) to come to know suddenly> tɨg aṟy- �aṟs-�
<Row Telugu d2500 siggarikattiya (ᵒtte); siggaritanamu bashfulness, shyness, shamefacedness> siggarikattiya �ᵒtte�� siggaritanamu
<Row maria d2500 sig shame (&lt; Te.; Voc. 3382) > sig shame ��lt� �e�� �oc� �����
<Row Kodagu d2501 ciŋgë ba·ḷe sp. plantain> ciŋgə ba�ḷe
<Row Tam d2503 ciṅku (ciṅki-) to diminish, wane, decrease, faint, fail, droop, decay, perish, elapse, pass away (as time)> ciŋku �ciŋki-�
<Row Tam d2503 cikku (cikki-) to become lean or emaciated (&lt; Te.)> cikku �cikki-�
<Row Tam d2503 cikal (cikalv-, cikaṉṟ-) to diminish, decrease, perish; <i>n.</i> want, ruin> cikal �cikalv-� cikaṉṟ-�
<Row Kodagu d2503 cikk- (cikki-) to become tired> cikk- �cikki-�
<Row Konda d2503 sik- (-t-) to be reduced (as body), fail (in flesh), pine in fear, etc> sik- �-t-�
<Row OIA d2503 *sikka- > �sikka
<Row OIA d2503 *siṅga- > �siŋga
<Row Kodagu d2511 ceḍi- (ceḍiv-, ceḍiñj-) to break of itself with a cracking noise> ceḍi- �ceḍiv-� ceḍiñj-�
<Row Kui d2516 siṛpa (siṛt-) to be sticky, tacky> siṛpa �siṛt-�
<Row Kui d2517 sinḍu (pl. siṭka) a trap for small birds, a snare> sinḍu �pl� siṭka�
<Row muria d2518 ciḍral (pl. ciḍrahk) id. (<i>Voc.</i> 1314)> ciḍral �pl� ciḍrahk�
<Row muria d2518 ciḍral (pl. ciḍrahk) id. (<i>Voc.</i> 1314)> ciḍral �pl� ciḍrahk�
<Row Kuwi d2518 her'uṛi > her�uṛi
<Row Kuwi d2518 hir'uni id> hir�uni
<Row Tam d2520 ciṇukku (ciṇukki-) to yield in small quantities, ooze, issue in drops, drizzle> ciṇukku �ciṇukki-�
<Row Tam d2520 ciṇuṅku (ciṇuṅki-) to drizzle> ciṇuŋku �ciṇuŋki-�
<Row nanjangud d2520 sinku (n not> sinku �n
<Row Parji d2520 cinkip- (cinkit-) to drip. <i>> cinkip- �cinkit-�
<Row Tam d2521 ciṇuṅku (ciṇuṅki-) to whine, whimper> ciṇuŋku �ciṇuŋki-�
<Row Konda d2522 sinpa- (-t-) to shave (beard, head, etc.)> sinpa- �-t-�
<Row Konda d2522 sinpis- (-t-) to cause to shave> sinpis- �-t-�
<Row Pengo d2522 hen- (-t-) to shave> hen- �-t-�
<Row Kui d2522 silpa (silt-) to shave (beard, head);n.a shave> silpa �silt-�
<Row sunkar d2522 hiṇ- (-h-) > hiṇ- �-h-�
<Row Kuwi d2522 hinh'nai to shave> hinh�nai
<Row Tam d2522 iṇuṅku (iṇuṅki-) to pull off as a leaf from a twig, pluck as a flower. DEDS 393> iṇuŋku �iṇuŋki-�
<Row Tam d2525 citampu (citampi-) to be spoiled by too much moisture; <i>n.</i> spoilt condition, excessive maceration> citampu �citampi-�
<Row Tam d2526 citai (-v-, -nt-) to be injured, spoiled, be broken, become corrupt, prove untrue; (-pp-, -tt-) to injure, waste, destroy, ruin, demolish, kill, uproot> citai �-v-� -nt-�
<Row Tam d2526 citaku (citaki-) to strip off, erase> citaku �citaki-�
<Row Konda d2526 sidli- (-t-) to be crushed (as an overripe fruit)> sidli- �-t-�
<Row Kolami d2527 sit- (sitt-) to thrust into hole, gore> sit- �sitt-�
<Row Kolami d2528 sittena·ṭluŋ in the evening> sittena�ṭluŋ
<Row Parji d2531 cĩdup (pl. cĩdpul) bracelet (of men)> cĩdup �pl� cĩdpul�
<Row pottangi d2531 cinup (pl. cinpul) > cinup �pl� cinpul�
<Row salur d2531 cinup (pl. cinpul) > cinup �pl� cinpul�
<Row pottangi d2531 sinup (pl. sinpul) bracelet. <i>> sinup �pl� sinpul�
<Row OIA d2535 *sippī- > �sippī
<Row Gondi d2536 skin (Voc 3441); ?> skin ��oc
<Row Tam d2540 cimiṇṭu (cimiṇṭi-) to tickle, pluck, pinch, prod> cimiṇṭu �cimiṇṭi-�
<Row Tam d2540 cīṇṭu (cīṇṭi-) to tease, vex> cīṇṭu �cīṇṭi-�
<Row OIA d2540 *cimb- pinch> �cimb
<Row Kolami d2541 ka·kasimri dragonfly (Kamaleswaran). Cf> ka�kasimri
<Row Tam d2541 s.v. 2588 Ta. ciḷḷeṉal DED(N) 2095> s�v� ���� �a� ciḷḷeṉal
<Row Tam d2542 imir̤ (-v-, -nt-) to bind as by order, restrain; (-pp-, -tt-) to fasten, tie; <i>n.</i> bond, cord> imiṛ̆ �-v-� -nt-�
<Row Tam d2542 cimir̤ (-pp-, -tt-) to bind, entrap; <i>n.</i> small round jewel box, small casket> cimiṛ̆ �-pp-� -tt-�
<Row Kurux d2544 cum'ā projecting point on a hill or mountain, peak, crag. DEDS 398> cum�ā
<Row Kurux d2544 cup'ā projecting point on a hill or mountain, peak, crag. DEDS 398> cup�ā
<Row Tam d2545 imai (-pp-, -tt-) to wink, glitter, twinkle, shine; <i>n.</i> eyelid, winking of the eye, time spent in winking> imai �-pp-� -tt-�
<Row Tam d2545 cimir̤ (-pp-, -tt-) to wink, blink> cimiṛ̆ �-pp-� -tt-�
<Row Tam d2545 cimiṭṭu (cimiṭṭi-) id., to make a signal with the eyes; <i>n.</i> blinking of the eyes, significant wink> cimiṭṭu �cimiṭṭi-�
<Row Tam d2545 cimiḷi (-pp-, -tt-) to wink> cimiḷi �-pp-� -tt-�
<Row Tam d2545 cimpuḷi (-pp-, -tt-) to close or shut the eyes as in joy, terror, etc> cimpuḷi �-pp-� -tt-�
<Row Tam d2545 nimai (-pp-, -tt-) to wink; <i>n.</i> eyelid> nimai �-pp-� -tt-�
<Row Irula d2552 ra·vu night> ra�vu
<Row Irula d2552 ra·podu night> ra�podu
<Row Irula d2552 ra·vepodu night> ra�vepodu
<Row Kota d2552 iḷma·rm night, the whole night> iḷma�rm
<Row Toda d2552 i·ḷ night> i�ḷ
<Row Toda d2552 iṣQa·s̱ night-time> iṣ�a�s̱
<Row Toda d2552 fem. erč (Sak.erł̣, erł̣č); ? ermoḷnsand (<i>obl.</i> ermoḷt-; cf. 4666 (<i>b</i>) Ta.maṇalsand)> fem� erč
<Row pottangi d2552 siriŋ (pl. sirŋil) charcoal, cinders> siriŋ �pl� sirŋil�
<Row maria d2552 hi̱rki > hi�rki
<Row Manda d2552 rīŋgaŋ (pl.) id> rīŋgaŋ �pl��
<Row Kolami d2554 sir (pl. siḍl) female buffalo> sir �pl� siḍl�
<Row Parji d2554 cir (pl. cirkul) buffalo. <i>> cir �pl� cirkul�
<Row Gadaba d2554 sir (pl. sirkil )> sir �pl� sirkil
<Row salur d2554 cirru (pl. cirkil) id> cirru �pl� cirkil�
<Row OIA d2554 fem. sairibhī- (Emeneau, <i>Language</i> 51.468)> fem� sairibʰī
<Row Parji d2555 cirmol (cirmocil) > cirmol �cirmocil�
<Row Konda d2557 reg- (-it-) (skin) to be flayed> reg- �-it-�
<Row Konda d2557 rek- (-t-) to flay> rek- �-t-�
<Row Pengo d2557 riŋ- (riŋt-) to be unloosened> riŋ- �riŋt-�
<Row Pengo d2557 riŋg- (riŋt-) to be unloosened> riŋg- �riŋt-�
<Row Pengo d2557 rik- (-t-) to loosen, untie> rik- �-t-�
<Row Kui d2557 sringa (sringi-) to be loosed, untied, freed, released> sringa �sringi-�
<Row Kuwi d2557 rikh'nai to loose, rip> rikʰ�nai
<Row Mal d2559 adj. illā; illāyma not existence, poverty, want> adj� illā� illāyma
<Row Toda d2559 iloQ not being> ilo�
<Row Mal d2562 cilanni. ? > cilanni� �
<Row Toda d2562 twa·loζn > tva�lo�n
<Row Tam d2565 ilir (-pp-, -tt-) to stand erect as the hair stands on end from fright, etc.; sprout, germinate> ilir �-pp-� -tt-�
<Row Tam d2565 cilir (-pp-, -tt-) to sprout, shoot, bristle as the hair on the body> cilir �-pp-� -tt-�
<Row Tam d2565 ciluppu (ciluppi-) to bristle> ciluppu �ciluppi-�
<Row Tam d2565 cilumpu (cilumpi-) id., have an uneven surface by the rise of splinters, fibres, etc> cilumpu �cilumpi-�
<Row Kui d2565 slīnga (slīngi-) to stand on end (hair). DED 2113> slīnga �slīngi-�
<Row Tam d2566 cilu (-pp-, -tt-) to open, split> cilu �-pp-� -tt-�
<Row Kota d2566 cilv- (cild-) to break along the length of the grain> cilv- �cild-�
<Row Kota d2566 (cilt-) id. (<i>tr.</i>). DED(S) 2114> �cilt-�
<Row Tam d2569 cilucilu (-pp-, -tt-) to rain gently> cilucilu �-pp-� -tt-�
<Row Tam d2569 cilumpu (cilumpi-) to flow out, gush out> cilumpu �cilumpi-�
<Row Kota d2569 cilk iṛ- (iṭ-) to drizzle. <i>> cilk iṛ- �iṭ-�
<Row Kuwi d2569 silk- (-it-) to splash (<i>intr.</i>)> silk- �-it-�
<Row Tam d2570 ciluppu (ciluppi-) to churn, stir, agitate> ciluppu �ciluppi-�
<Row Tam d2570 cilumpu (cilumpi-) to be agitated, shaken> cilumpu �cilumpi-�
<Row Kota d2574 cilr de·va·dy a small-change god (contrasted withco·ymthe great god)> cilr de�va�dy
<Row Toda d2574 silo·r silver, small change> silo�r
<Row Toda d2574 silfo·rm silver, small change> silfo�rm
<Row Tam d2576 cilucilu (-pp-, -tt-) to feel chill, be cool> cilucilu �-pp-� -tt-�
<Row Manda d2576 jiliŋ (pl.) cold (water)> jiliŋ �pl��
<Row Kota d2578 jiv jiv in- (iḏ-) (limbs) become numb from cobra's bite, from sitting in a cramped position, or from extreme exertion> jiv jiv in- �iḏ-�
<Row muria d2582 hiṛī (pl. -k) parrot (<i>Voc.</i> 3409)> hiṛī �pl� -k�
<Row Tam d2585 iḷi (-v-, -nt-) to strip off, pluck> iḷi �-v-� -nt-�
<Row Parji d2585 cilkip- (cilkit-) to peel off, scale off> cilkip- �cilkit-�
<Row Kui d2585 slinga (slingi-) to be plucked, untied, loosened> slinga �slingi-�
<Row muria d2586 hiṛpeŋ (pl.) bark of tree> hiṛpeŋ �pl��
<Row Tam d2588 ciḷuciḷu (-pp-, -tt-) to be chattering> ciḷuciḷu �-pp-� -tt-�
<Row Tam d2588 ciḷupuḷu (-pp-, -tt-) to be chattering> ciḷupuḷu �-pp-� -tt-�
<Row Tam d2589 ciṟa (-pp-, -tt-) to be eminent, illustrious, surpass, be abundant, be auspicious, be graceful, rejoice> ciṟa �-pp-� -tt-�
<Row Mal d2589 ciṟakka (ciṟannu) to be glorious. <i>> ciṟakka �ciṟannu�
<Row Tam d2592 ciṉai (-pp-, -tt-) to form, rise, come into being, bud, branch out on all sides, rise in pimples as prickly heat, grow stout, be impregnated; <i>n.</i> embryo, foetus, pregnancy, spawn, eggs, flower bud, branch of a tree, member, component part> ciṉai �-pp-� -tt-�
<Row salur d2594 sinḍu (pl. cinḍīl, sinḍīl) id> sinḍu �pl� cinḍīl� sinḍīl�
<Row Kannada d2597 Acalypha </i> Retz. [<i>> �calypʰa
<Row Kannada d2597 A. betulina </i> Retz. [<i>> �� betulina
<Row Kannada d2597 A. fruticosa </i> Forsk. = <i>> �� fruticosa
<Row Kannada d2597 A. betulina </i> Retz.] DED 2137> �� betulina
<Row Tam d2598 ī (-v-, -nt-) to give to inferiors, agree, consent> ī �-v-� -nt-�
<Row Tam d2598 īvi (-pp-, -tt-) to distribute> īvi �-pp-� -tt-�
<Row Kannada d2598 ī (itt-) to give, allow, permit> ī �itt-�
<Row Telugu d2598 iccu (ī- iyy-, ivv-) to give, allow, permit> iccu �ī- iyy-� ivv-�
<Row Telugu d2598 iccu (i- iyy-, ivv-) to give, allow, permit> iccu �i- iyy-� ivv-�
<Row Kolami d2598 si·- (si·t-) to give> si�- �si�t-�
<Row Parji d2598 cī- (ciñ-) id. <i>> cī- �ciñ-�
<Row Gadaba d2598 sī- (sīd-, sīy-, sīn-) > sī- �sīd-� sīy-� sīn-�
<Row Gondi d2598 hiyānā (hit-) > hiyānā �hit-�
<Row Konda d2598 sī- (-t-) id> sī- �-t-�
<Row Pengo d2598 hī- (-t-) > hī- �-t-�
<Row Kui d2598 sīva (sīt-) id., allow; <i>n.</i> act of giving, bestowal> sīva �sīt-�
<Row Kui d2598 jīva (jīt-) id., allow; <i>n.</i> act of giving, bestowal> jīva �jīt-�
<Row sunkar d2598 hī- (-t-) id> hī- �-t-�
<Row Kurux d2598 ci'inā (ciccas) id., allow> ci�inā �ciccas�
<Row Malto d2598 ciye (cic-) to give away> ciye �cic-�
<Row Tam d2599 cī (-pp-, -tt-) to sweep off, brush away, wipe off, cleanse> cī �-pp-� -tt-�
<Row Tam d2599 cīy (-pp-, -tt-) to sweep> cīy �-pp-� -tt-�
<Row Tam d2599 cīvu (cīvi-) to sweep clean (as floor), clean (as teeth)> cīvu �cīvi-�
<Row Toda d2599 ki·p broom> ki�p
<Row Kodagu d2599 ci·pe broom made of grass, palm-leaves, etc. <i>> ci�pe
<Row Konda d2599 sipa (-t-) to sweep> sipa �-t-�
<Row Pengo d2599 hīp- (-t-) to sweep> hīp- �-t-�
<Row Kui d2599 sēpa (sēpi-) to sweep; <i>n.</i> sweeping> sēpa �sēpi-�
<Row sunkar d2599 hēp- (-it-) to sweep> hēp- �-it-�
<Row sunkar d2599 hēpori (pl. hēporka) > hēpori �pl� hēporka�
<Row Tam d2600 cī (-pp-, -tt-) to scrape> cī �-pp-� -tt-�
<Row Tam d2600 cīvu (cīvi-) to pare off, shave or scrape off, smooth or polish by planing> cīvu �cīvi-�
<Row Tam d2600 cīy (-pp-, -tt-) to rub (<i>intr.</i>)> cīy �-pp-� -tt-�
<Row Naikri d2600 suvval (pl.) fuel. DED(S, N) 2140> suvval �pl��
<Row Tam d2601 cī (-pp-, -tt-) to scratch (as fowls), tear up earth (as pigs)> cī �-pp-� -tt-�
<Row Gondi d2602 caus. jih- > caus� jih
<Row Parji d2604 cīkoḍ (pl. cīkocil) darkness, night. <i>> cīkoḍ �pl� cīkocil�
<Row Mal d2607 cīya-kkāyi Mimosa abstergens (the fruit serves for cleansing the hair after bathing)> cīya-kkāyi �imosa abstergens
<Row Toda d2607 si·x A. dealbata and <i>melanoxylon</i> [two Australian species, much planted in the Nilgiris]> si�x �� dealbata
<Row Mal d2607 cīya-kkāyi Mimosa abstergens (the fruit serves for cleansing the hair after bathing)> cīya-kkāyi �imosa abstergens
<Row Toda d2607 si·x A. dealbata and <i>melanoxylon</i> [two Australian species, much planted in the Nilgiris]> si�x �� dealbata
<Row Mal d2607 cīya-kkāyi Mimosa abstergens (the fruit serves for cleansing the hair after bathing)> cīya-kkāyi �imosa abstergens
<Row Toda d2607 si·x A. dealbata and <i>melanoxylon</i> [two Australian species, much planted in the Nilgiris]> si�x �� dealbata
<Row Kolami d2610 i·sa poḍ- id. <i>> i�sa poḍ
<Row Kolami d2613 si·ḍ- (si·ḍt-) (part of body), gets numb> si�ḍ- �si�ḍt-�
<Row Tam d2618 cīntu (cīnti-) to blow, as the nose> cīntu �cīnti-�
<Row Tam d2618 cintu (cinti-) to blow the nose> cintu �cinti-�
<Row Kannada d2618 sīn (sīnt-, sīnd-) to sneeze; <i>n.</i> sneezing, a sneeze> sīn �sīnt-� sīnd-�
<Row Kannada d2618 sīnu (sīt-) to sneeze; <i>n.</i> sneezing, a sneeze> sīnu �sīt-�
<Row salur d2618 cīnd- (c = ts) to sneeze> cīnd- �c � ts�
<Row Konda d2618 sīnd- (-it-) id> sīnd- �-it-�
<Row Kui d2618 srīnda (srīndi-) > srīnda �srīndi-�
<Row Kuwi d2618 sīnd- (-it-) id. DED(S, N) 2153> sīnd- �-it-�
<Row Tam d2621 cīppu (cīppi-) to suck> cīppu �cīppi-�
<Row Kota d2621 ci·p- (ci·py-) to suck out at one draught> ci�p- �ci�py-�
<Row Kota d2621 n. ci·p > n� ci�p
<Row Kurux d2621 cīpnā (cippyas) to suck> cīpnā �cippyas�
<Row Tam d2621 cīppu (cīppi-) to suck> cīppu �cīppi-�
<Row Kota d2621 ci·p- (ci·py-) to suck out at one draught> ci�p- �ci�py-�
<Row Kota d2621 n. ci·p > n� ci�p
<Row Kurux d2621 cīpnā (cippyas) to suck> cīpnā �cippyas�
<Row Tam d2621 cūmpu (cūmpi-) to suck, fondle with the lips> cūmpu �cūmpi-�
<Row Tam d2621 ūmpu (ūmpi-) to suck> ūmpu �ūmpi-�
<Row Tam d2621 umi (-v-, -nt-) id> umi �-v-� -nt-�
<Row Kota d2621 ub- (uby-) to suck penis> ub- �uby-�
<Row Kodagu d2621 u·t- (u·ti-) to suck> u�t- �u�ti-�
<Row salur d2621 cupk- (cupt-) to suck, smack. <i>> cupk- �cupt-�
<Row Kodagu d2621 ) > �
<Row Konda d2621 sūb- (-it-) id., kiss> sūb- �-it-�
<Row Kui d2621 jūmba (jūmbi-) to suck, absorb; <i>n.</i> suction, absorption. <i>> jūmba �jūmbi-�
<Row Kui d2621 jūpa (jūt-) to suck, absorb; <i>n.</i> suction, absorption. <i>> jūpa �jūt-�
<Row Kurux d2621 conkhnā (cunkhyas) > conkʰnā �cunkʰyas�
<Row Kolami d2623 si·ma > si�ma
<Row Tam d2624 cīr (-pp-, -tt-) to be excellent, be superior, be suitable, fitting (as an opportunity), fall into rhythmic movement; <i>n.</i> prosperity, wealth, beauty, gracefulness, goodness, greatness, excellence, superiority, paramount importance, esteem, regard, reputation, fame, nature, good normal condition, literal meaning, equilibrium, evenness, balance, measure, quantity, heaviness; time-measure, song, metrical foot, sound of musical instruments> cīr �-pp-� -tt-�
<Row Kota d2625 ci·r nit> ci�r
<Row Toda d2625 ti·r id> ti�r
<Row Kodagu d2625 ci·rï id> ci�rɨ
<Row Kolami d2625 si·r nit> si�r
<Row salur d2625 īrs- (īris-) to comb. <i>> īrs- �īris-�
<Row chanda d2625 sīr (pl. -k) > sīr �pl� -k�
<Row mandla d2625 sīr (pl. -k) > sīr �pl� -k�
<Row mandla d2625 sīr (pl. -k) > sīr �pl� -k�
<Row Pengo d2625 hīr (pl. -ku) nit> hīr �pl� -ku�
<Row Manda d2625 hīr (pl. -ke) id> hīr �pl� -ke�
<Row sunkar d2625 hīru (pl. hīrka) nit> hīru �pl� hīrka�
<Row bisam d2625 hīru (pl. hīrka) nit> hīru �pl� hīrka�
<Row Kui d2626 sīru (pl. sīrka) id. <i>> sīru �pl� sīrka�
<Row sunkar d2626 hīru (pl. hīrka) id> hīru �pl� hīrka�
<Row bisam d2626 hīru (pl. hīrka) id> hīru �pl� hīrka�
<Row Gondi d2628 Buchanania angustifolia Roxb [better> �ucʰanania angustifolia �oxb
<Row Gondi d2628 B. latifolia Roxb ]> �� latifolia �oxb
<Row Toda d2629 si·ly a cloak (in songs)> si�ly
<Row Kota d2632 ci·rm (<i>obl.</i>ci·rt-)bag> ci�rm
<Row Toda d2632 ti·rm (obl. ti·rt-) gunny sack> ti�rm �obl� ti�rt-�
<Row Kodagu d2632 ci·le bag> ci�le
<Row sunkar d2635 hi'li unripe> hi�li
<Row Kuwi d2635 hī'li raw> hī�li
<Row Kurux d2636 ci'am id> ci�am
<Row Tam d2639 cīṟu (cīṟi-) to hiss as a serpent, snort as a horse, sniff, be infuriated, swell with rage, roar and blaze forth as a flame, get angry with; <i>n.</i> anger> cīṟu �cīṟi-�
<Row Tam d2639 cīntu (cīnti-) to be angry with, hiss (as a serpent)> cīntu �cīnti-�
<Row Kodagu d2639 ci·r- > ci�r
<Row Pengo d2639 hic- (hicc-) to threaten> hic- �hicc-�
<Row Kota d2640 ci·rl (to rain) in a drizzle> ci�rl
<Row Toda d2640 si·r spray> si�r
<Row Kui d2640 sīrpa (sīrt-) to shake out, sprinkle; <i>n.</i> act of sprinkling, shaking out; ?> sīrpa �sīrt-�
<Row Kurux d2644 coxnā (cokkhas) to pluck, cull (fruit, flower, useful leaves)> coxnā �cokkʰas�
<Row Malto d2644 cog̣e (coq-) to pluck off, set free> coɣe �coq-�
<Row Tam d2645 cukir (-v-, -nt-) to card as cotton, part, separate (as hair, fibres), rub clean and smooth as a lute-string> cukir �-v-� -nt-�
<Row Tam d2645 cūr (-v-, -nt-) to pick, separate> cūr �-v-� -nt-�
<Row Naikri d2646 cukka (c = ts) id> cukka �c � ts�
<Row Pengo d2646 huka (pl. -ŋ) id> huka �pl� -ŋ�
<Row Kuwi d2646 suk'erika stars. DED(S) 2175> suk�erika
<Row Kurux d2653 refl.-pass. cuńjrnā; cuńjkā a clay-coated hole in the ground, used as a mortar for pounding rice in> refl�-pass� cuńjrnā� cuńjkā
<Row Tam d2654 cuṭu (cuṭuv-, cuṭṭ-) to be hot, burn; warm (<i>tr.</i>), heat, burn up, roast, toast, bake, fry, cook in steam, burn as bricks in a kiln, cauterize, brand; <i>n.</i> burning, heating, scalding> cuṭu �cuṭuv-� cuṭṭ-�
<Row Tam d2654 cūṭu (cūṭi-) to brand (as cattle), cauterize; <i>n.</i> that which is heated, burnt, roasted, heat, warmth, feverishness, fomentation, hot temper, anger, brand> cūṭu �cūṭi-�
<Row Kota d2654 tuṛ- (tuṭ-) to roast, bake (pots), burn (corpses)> tuṛ- �tuṭ-�
<Row Kota d2654 cuṛ ga·ṛ funeral burning-place> cuṛ ga�ṛ
<Row Kota d2654 cu·ṛ (obl. cu·ṭ-) heat, a burn, spark thrown off by hammered iron; pair-word with> cu�ṛ �obl� cu�ṭ-�
<Row Kota d2654 pa·ṛ hardship (pa·ṛ cu·ṛ)> pa�ṛ
<Row Toda d2654 tuṛ- (tuṭ-) to burn> tuṛ- �tuṭ-�
<Row Kannada d2654 suḍu (suṭṭ-) to burn, roast, bake, fire (a gun); be consumed with fire, burn, feel hot, be roasted; <i>n.</i> burning, etc> suḍu �suṭṭ-�
<Row Kodagu d2654 cuḍ- (cuḍuv- cuṭṭ-) to burn (<i>tr.</i>)> cuḍ- �cuḍuv- cuṭṭ-�
<Row Kodagu d2654 tu·ḍï torch of dry reeds or small splints of wood> tu�ḍɨ
<Row Kolami d2654 suḍ- (suṭṭ-) to cook> suḍ- �suṭṭ-�
<Row Naiki d2654 suḍḍ- (suṭṭ-) to fry. <i>> suḍḍ- �suṭṭ-�
<Row Konda d2654 suṟ- (suRt-) to roast, burn (incense)> suṟ- �su�t-�
<Row Pengo d2654 huz- (hust-) to roast> huz- �hust-�
<Row sunkar d2654 hūḍ- (-it-) to burn, shoot with gun> hūḍ- �-it-�
<Row Kurux d2654 kuṛnā (kuṭṭas) to grow warm, become hot, be heated; cook (<i>tr.</i>) on live embers, bake on an open fire> kuṛnā �kuṭṭas�
<Row Malto d2654 kuṛe (kuṭ-) to burn, roast, sear> kuṛe �kuṭ-�
<Row OIA d2655 and Turner > and �urner
<Row OIA d2655 esp. 3 *cōṭṭa- some of the items recorded here may be &lt; IA. DED(S, N) 2184> esp� � �cōṭṭa
<Row Tam d2658 cuṭṭu (cuṭṭi-) to point out, show, designate, indicate, have in view, aim at, desire, think, consider, honour; <i>n.</i> indication, reference, that which is intended or designated, honour> cuṭṭu �cuṭṭi-�
<Row Parji d2658 ṭuṭip- (ṭuṭit-) to show (or with 3566 Ta.tōṉṟu)> ṭuṭip- �ṭuṭit-�
<Row Kui d2658 sūṭa (sūṭi-) to point with the finger> sūṭa �sūṭi-�
<Row Kuwi d2658 hūṭ- (-it-) to point out> hūṭ- �-it-�
<Row Tam d2659 cuṇai (-pp-, -tt-) to itch, be inflamed, twinge, tingle; <i>n.</i> pustules, prickle (as in leaves, stalks, etc.), down on fruits, itching, smarting, keenness, sharpness, shame, sense> cuṇai �-pp-� -tt-�
<Row Tam d2659 cuṇai (-pp-, -tt-) to itch, be inflamed, twinge, tingle; <i>n.</i> pustules, prickle (as in leaves, stalks, etc.), down on fruits, itching, smarting, keenness, sharpness, shame, sense> cuṇai �-pp-� -tt-�
<Row Tam d2660 cuṇaṅku (cuṇaṅki-) to be jaded, loiter, linger> cuṇaŋku �cuṇaŋki-�
<Row Tam d2661 Mus urbanus; cūṟaṉ grey musk shrew> �us urbanus� cūṟaṉ
<Row Tam d2662 cuṇṭu (cuṇṭi-) to dry up, be evaporated by heat; boil (<i>tr.</i>), stew, simmer; <i>n.</i> sediment, that which adheres to a pot when boiling> cuṇṭu �cuṇṭi-�
<Row Kota d2662 cunḏ- (cunḏy-) to boil away (<i>intr.</i>); ? to starve oneself for one's children's sake> cunḏ- �cunḏy-�
<Row Tam d2663 cuṇṭu (cuṇṭi-) to shoot with the thumb and finger (as a marble), flip a coin, tap with the thumb or finger, jerk (as reins), draw out an elastic body and let it recoil with a jerk; <i>n.</i> jerking, flipping> cuṇṭu �cuṇṭi-�
<Row Kota d2663 cunḏ- (cunḏy-) to test (coin) by flicking it up in the air and listening to the noise made by the thumbnail in flicking. <i>> cunḏ- �cunḏy-�
<Row Tam d2665 cuṇṭai Solanum torvum; S > cuṇṭai �olanum torvum� �
<Row Kolami d2667 sutk- (sutukt-) to wash (clothes)> sutk- �sutukt-�
<Row Naiki d2669 sutri (pl. -gu) nostril. <i>> sutri �pl� -gu�
<Row Kolami d2671 supari ma·s diviner, priest> supari ma�s
<Row Parji d2672 cupāri (pl. cupārul) id. <i>> cupāri �pl� cupārul�
<Row Gadaba d2672 supār (pl. supārtil) id> supār �pl� supārtil�
<Row BettaKurumba d2673 1.11) tovli leaves> � tovli
<Row Tam d2674 fem. umaṇatti > fem� umaṇatti
<Row Tam d2674 fem. umaṇatti > fem� umaṇatti
<Row Tam d2674 uvar (-pp-, -tt-) to taste saltish, be brackish, taste astringent, dislike, abhor, loathe; <i>n.</i> saltishness, brackishness, salt, brackish soil, fuller's earth, sea, pleasantness (= Skt. lāvaṇya-)> uvar �-pp-� -tt-�
<Row Tam d2674 s.v. 2386 Ta. cavaṭu > s�v� ���� �a� cavaṭu
<Row Tam d2677 cuma (-pp-, -nt-) to become heavy as debt or interest, be burdened; bear, support, carry a burden, take upon oneself, bear in the womb> cuma �-pp-� -nt-�
<Row Tam d2677 cumattu (cumatti-) to burden, load, impose> cumattu �cumatti-�
<Row Belari d2677 2.1) simbi to carry> � simbi
<Row Kolami d2677 kut- (kutt-) to place burden on head> kut- �kutt-�
<Row Naikri d2677 cumma (c = ts) pad on head for carrying> cumma �c � ts�
<Row Kurux d2677 kum'nā to take and carry on head, make oneself responsible for, confess, be pregnant as result of a fault> kum�nā
<Row OIA d2677 *cumbaṭa- DED(S, N) 2204> �cumbaṭa
<Row Kolami d2679 sum- (sumt-) to catch, seize, buy> sum- �sumt-�
<Row Kota d2680 ci·l life; air, blast of air from bellows; noise, small noise> ci�l
<Row Tam d2684 curi (-v-, -nt-) to be spiral as conch, whirl round, eddy (as water), curl> curi �-v-� -nt-�
<Row Tam d2684 curi (-pp-, -tt-) to wind spirally, whirl, curl, lie in a circle; <i>n.</i> whirling, spiral, curve, screw, white curl on the forehead of bulls> curi �-pp-� -tt-�
<Row Tam d2684 curuḷ (curuḷv-, curuṇṭ-) to become coiled, roll, curl (as hair); <i>n.</i> rolling, roll, coil, curl, woman's hair curled and tied up in dressing> curuḷ �curuḷv-� curuṇṭ-�
<Row Tam d2684 curuṭṭu (curuṭṭi-) to roll up, coil, curl, fold, twist; <i>n.</i> curling, coiling, anything rolled up, cheroot> curuṭṭu �curuṭṭi-�
<Row Tam d2684 cūr (-pp-, -tt-) to revolve, whirl round> cūr �-pp-� -tt-�
<Row Kota d2684 curṇ- (curḍ-) to lie in coils (snake, rope)> curṇ- �curḍ-�
<Row Kota d2684 curṭ- (curṭy-) to coil, roll> curṭ- �curṭy-�
<Row Toda d2684 tu·ḷ (tu·ḍ-) to be rolled up (curl, leaf)> tu�ḷ �tu�ḍ-�
<Row Toda d2684 tu·ṭ- (tu·ṭy-) to roll up (<i>tr.</i>), curl (hair), tie up (hair)> tu�ṭ- �tu�ṭy-�
<Row Toda d2684 tu·r storm> tu�r
<Row Toda d2684 su·ṭ cigar (&lt; Ta.curuṭṭu)> su�ṭ
<Row Kodagu d2684 turïḍ- (turïṇḍ-) to be rolled up> turɨḍ- �turɨṇḍ-�
<Row Kodagu d2684 turïṭ- (turïṭi-) to roll up> turɨṭ- �turɨṭi-�
<Row Kodagu d2684 tora- (torap-, torat-) to wind (string) round and round> tora- �torap-� torat-�
<Row Parji d2684 cirḍip- (cirḍit-) to make to turn> cirḍip- �cirḍit-�
<Row Parji d2684 cirlip- (cirlit-) to make to revolve. <i>> cirlip- �cirlit-�
<Row Gadaba d2684 caus. sirlap- > caus� sirlap
<Row salur d2684 sirl- (silr-, silir-) to rotate> sirl- �silr-� silir-�
<Row Pengo d2684 hūr- (-t-) to wind, wind round, roll up> hūr- �-t-�
<Row Tam d2685 curi (-pp-, -tt-) to bore, perforate as in an ola leaf or book; <i>n.</i> hole, aperture, perforation through the leaves of an ola book, instrument for boring ola leaf or book> curi �-pp-� -tt-�
<Row Tam d2685 cūr (-v-, -nt-) to bore, pierce, scoop out> cūr �-v-� -nt-�
<Row Telugu d2686 Guntur dial.; comm. by K.) cūru in:> �untur dial�� comm� by ��� cūru
<Row Kui d2686 sro'i id. <i>> sro�i
<Row sunkar d2686 ro'va > ro�va
<Row Kuwi d2686 rō'ya > rō�ya
<Row Tam d2687 curuṅku (curuṅki-) to shrink, contract, shrivel, wrinkle, lessen, dwindle, be reduced, curtailed, be puckered, creased, be furled, closed as flower, etc> curuŋku �curuŋki-�
<Row Tam d2687 curukku (curukki-) to curtail, reduce, lessen, compress, contract, furl, close, epitomize; <i>n.</i> contraction, reduction, wrinkle, fold, crease, slipknot, noose, epitome> curukku �curukki-�
<Row Tam d2687 cukku (cukki-) to get dry> cukku �cukki-�
<Row Tam d2687 curuḷ (curuḷv-, curuṇṭ-) to shrivel, shrink (as leaf), droop (as from heat, hunger) be reduced to severe straits> curuḷ �curuḷv-� curuṇṭ-�
<Row Tam d2687 curi (-v-, -nt-) to wrinkle> curi �-v-� -nt-�
<Row Tam d2687 curi (-pp-, -tt-) to get dried, contract, shrink, wrinkle; draw in (as a tortoise its head)> curi �-pp-� -tt-�
<Row Kota d2687 curg- (curgy-) to stint oneself to support family> curg- �curgy-�
<Row Kota d2687 curk- (curky-) to make small, draw up (legs, fingers), shrink> curk- �curky-�
<Row Kota d2687 cug- (cugy-) to be creased> cug- �cugy-�
<Row Toda d2687 tu·ṛ- (tu·ṛy-) to shrink> tu�ṛ- �tu�ṛy-�
<Row Toda d2687 tu·ḷ- (tu·ḍ-) to pull legs close to body (e.g. while sleeping)> tu�ḷ- �tu�ḍ-�
<Row Kolami d2687 suk- (sukt-) to fade, wither> suk- �sukt-�
<Row Parji d2687 curkip- (curkit-) to make to shrivel. ?> curkip- �curkit-�
<Row Kurux d2687 cog'rē person with sunken cheeks> cog�rē
<Row Tam d2689 curumpi (-pp-, -tt-) to hum (as bees)> curumpi �-pp-� -tt-�
<Row Kolami d2689 surund (obl. surnd-) honeycomb> surund �obl� surnd-�
<Row Kannada d2690 L. vulgaris. Koḏ. tore gourd> �� vulgaris� �oḏ� tore
<Row Tam d2693 ulavu (ulavi-) to move about, walk or ride for recreation, take a jaunt, stroll or ramble, go in procession> ulavu �ulavi-�
<Row Tam d2693 ulāvu (ulāvi- to move about, walk or ride for recreation, take a jaunt, stroll or ramble, go in procession> ulāvu �ulāvi
<Row Tam d2693 ulāy-) to move about, walk or ride for recreation, take a jaunt, stroll or ramble, go in procession> ulāy-�
<Row Tam d2693 ulāttu (ulātti-) to ride about, pass in procession; take out for a walk as a child, lead about as a horse; <i>n.</i> walking up and down for amusement, display or exercise, moving to and fro> ulāttu �ulātti-�
<Row Tam d2693 culavu (culavi-) to revolve, move round, hover about> culavu �culavi-�
<Row Tam d2697 Ficus infectoria </i>; stone fig, <i>> �icus infectoria
<Row Tam d2698 cur̤aṅku (cur̤aṅki-) to whirl, be tossed about> cuṛ̆aŋku �cuṛ̆aŋki-�
<Row Tam d2698 cur̤al (cur̤alv-, cur̤aṉṟ-) to whirl, spin, rotate, roll, turn on axis (as wheel), revolve in an orbit, roam, wander, be tossed about, driven to and fro, be agitated, troubled, distressed in mind, droop, faint, languish, be dizzy, swim as the eyes; <i>n.</i> whirling, revolving, curl, eddy, etc> cuṛ̆al �cuṛ̆alv-� cuṛ̆aṉṟ-�
<Row Tam d2698 cur̤aṟṟu (cur̤aṟṟi-) to whirl (<i>tr.</i>), spin, swing round, turn, roll, brandish, flourish, wave, cause dizziness, make giddy; <i>n.</i> whirling, wheeling, spinning> cuṛ̆aṟṟu �cuṛ̆aṟṟi-�
<Row Tam d2698 cur̤i (-v-, -nt-) to become curved, curled, involved, form eddies as on the surface of water, screw up one's face in disgust, be cunning, guileful, be distracted, agitated> cuṛ̆i �-v-� -nt-�
<Row Tam d2698 cur̤i (-pp-, -tt-) to whirl as a whirlwind, form whirlpools or eddies, form curls; curl (<i>tr.</i>), curve, cause to roam, screw up one's face in disgust; <i>n.</i> whirling, vortex, eddy, curl, curved marks on head or body indicating one's luck> cuṛ̆i �-pp-� -tt-�
<Row Tam d2698 cūr̤ (-v-, -nt-) to encompass, surround, envelop, go round, hover about, flow round> cūṛ̆ �-v-� -nt-�
<Row Tam d2698 cūr̤ (-pp-, -tt-) to wind, wrap round, surround, hover about; <i>n.</i> surrounding> cūṛ̆ �-pp-� -tt-�
<Row Tam d2698 cūr̤ttu (cūr̤tti-) to cause to surround, involve> cūṛ̆ttu �cūṛ̆tti-�
<Row Toda d2698 tuḍy- (tuḍs-) to move in a circle, lounge, loaf about> tuḍy- �tuḍs-�
<Row Toda d2698 tü·s̱ churnstick, in:> ty�s̱
<Row Toda d2698 tü·s̱ öṛf- (öṛt-) to churn (atti·dairy; lit. to lift or erect the churnstick)> ty�s̱ øṛf- �øṛt-�
<Row Toda d2698 tü·l me·ṇ post by which the churnstick is held erect with ring-fastenings (forme·ṇtree, post, see 4711(<i>a</i>)); tü·l goṭyringfastening which attaches churnstick to post (forkoṭy, see 1147)> ty�l me�ṇ
<Row Kannada d2698 tor̤al (tor̤ald-) to move round, go or turn round, revolve, roam or wander about, get perplexed or bewildered, roam over, cross in wandering about, roll> toṛ̆al �toṛ̆ald-�
<Row Kui d2698 ḍoḍga (ḍoḍgi-) to roll on the ground, grovel, sprawl, wallow; <i>n.</i> act of sprawling, etc> ḍoḍga �ḍoḍgi-�
<Row Kurux d2698 coē̃da'ānā to turn and twist> coē̃da�ānā
<Row Tam d2698 cur̤aṅku (cur̤aṅki-) to whirl, be tossed about> cuṛ̆aŋku �cuṛ̆aŋki-�
<Row Tam d2698 cur̤al (cur̤alv-, cur̤aṉṟ-) to whirl, spin, rotate, roll, turn on axis (as wheel), revolve in an orbit, roam, wander, be tossed about, driven to and fro, be agitated, troubled, distressed in mind, droop, faint, languish, be dizzy, swim as the eyes; <i>n.</i> whirling, revolving, curl, eddy, etc> cuṛ̆al �cuṛ̆alv-� cuṛ̆aṉṟ-�
<Row Tam d2698 cur̤aṟṟu (cur̤aṟṟi-) to whirl (<i>tr.</i>), spin, swing round, turn, roll, brandish, flourish, wave, cause dizziness, make giddy; <i>n.</i> whirling, wheeling, spinning> cuṛ̆aṟṟu �cuṛ̆aṟṟi-�
<Row Tam d2698 cur̤i (-v-, -nt-) to become curved, curled, involved, form eddies as on the surface of water, screw up one's face in disgust, be cunning, guileful, be distracted, agitated> cuṛ̆i �-v-� -nt-�
<Row Tam d2698 cur̤i (-pp-, -tt-) to whirl as a whirlwind, form whirlpools or eddies, form curls; curl (<i>tr.</i>), curve, cause to roam, screw up one's face in disgust; <i>n.</i> whirling, vortex, eddy, curl, curved marks on head or body indicating one's luck> cuṛ̆i �-pp-� -tt-�
<Row Tam d2698 cūr̤ (-v-, -nt-) to encompass, surround, envelop, go round, hover about, flow round> cūṛ̆ �-v-� -nt-�
<Row Tam d2698 cūr̤ (-pp-, -tt-) to wind, wrap round, surround, hover about; <i>n.</i> surrounding> cūṛ̆ �-pp-� -tt-�
<Row Tam d2698 cūr̤ttu (cūr̤tti-) to cause to surround, involve> cūṛ̆ttu �cūṛ̆tti-�
<Row Toda d2698 tuḍy- (tuḍs-) to move in a circle, lounge, loaf about> tuḍy- �tuḍs-�
<Row Toda d2698 tü·s̱ churnstick, in:> ty�s̱
<Row Toda d2698 tü·s̱ öṛf- (öṛt-) to churn (atti·dairy; lit. to lift or erect the churnstick)> ty�s̱ øṛf- �øṛt-�
<Row Toda d2698 tü·l me·ṇ post by which the churnstick is held erect with ring-fastenings (forme·ṇtree, post, see 4711(<i>a</i>)); tü·l goṭyringfastening which attaches churnstick to post (forkoṭy, see 1147)> ty�l me�ṇ
<Row Kannada d2698 tor̤al (tor̤ald-) to move round, go or turn round, revolve, roam or wander about, get perplexed or bewildered, roam over, cross in wandering about, roll> toṛ̆al �toṛ̆ald-�
<Row Kui d2698 ḍoḍga (ḍoḍgi-) to roll on the ground, grovel, sprawl, wallow; <i>n.</i> act of sprawling, etc> ḍoḍga �ḍoḍgi-�
<Row Kurux d2698 coē̃da'ānā to turn and twist> coē̃da�ānā
<Row Tam d2698 ur̤al (ur̤alv-, ur̤aṉṟ-) to oscillate, swing, be in motion, whirl, revolve, wander, roam about> uṛ̆al �uṛ̆alv-� uṛ̆aṉṟ-�
<Row Tam d2698 ur̤aṟṟu (ur̤aṟṟi-) to drive to and fro, cause to wander, twist, whirl about, pass (time) tediously, writhe about (in pain); <i>n.</i> whirling, revolving> uṛ̆aṟṟu �uṛ̆aṟṟi-�
<Row Tam d2698 ur̤aṟu (ur̤aṟi-) to move about, be disturbed; disturb, disperse> uṛ̆aṟu �uṛ̆aṟi-�
<Row Tam d2698 ur̤i (-v-, -nt-) to wander about> uṛ̆i �-v-� -nt-�
<Row Telugu d2698 ḍol&lt;-&gt; cu id. <i>> ḍol�lt�-�gt� cu
<Row Telugu d2698 ḍolu&lt;-&gt; cu id. <i>> ḍolu�lt�-�gt� cu
<Row Gondi d2698 caus. uṛsp- (Voc 232)> caus� uṛsp- ��oc
<Row Tam d2700 cuḷi (-v-, -nt-) to be angry; (-pp-, -tt-) to be angry with, show displeasure toward, dislike, feel pain> cuḷi �-v-� -nt-�
<Row Tam d2700 cuḷukku (cuḷukki-) to screw one's face up in displeasure, frown> cuḷukku �cuḷukki-�
<Row Tam d2702 uḷukku (uḷukki-) to be sprained, dislocated; <i>n.</i> sprain, dislocation> uḷukku �uḷukki-�
<Row Tam d2702 cuḷukku (cuḷukki-) to be sprained, dislocated; ?> cuḷukku �cuḷukki-�
<Row Tam d2702 uḷai (-v-, -nt-) to ache or suffer pain in the limbs as from weariness, cold, rheumatism, suffer griping pain as with dysentery, suffer in mind, perish; (-pp-, -tt-) to afflict, torment, make sorrowful, dislike> uḷai �-v-� -nt-�
<Row Toda d2702 tik- (tiky-) to be sprained> tik- �tiky-�
<Row Konda d2702 ilk- (-t-) (part of the body) to be sprained. DED(S, N) 2227> ilk- �-t-�
<Row Kannada d2703 Te. suḷuvu (&gt> �e� suḷuvu
<Row Mal d2707 Randia dumetorum </i> or> �andia dumetorum
<Row Mal d2707 Tribulus lanuginosus </i> or> �ribulus lanuginosus
<Row Tulu d2707 B. obovata </i> DED 2231> �� obovata
<Row Konda d2712 zuṟi (-t-) to suck up (any liquid food with a noise). <i>> zuṟi �-t-�
<Row Kuwi d2712 surpu reˀ &lt;-&gt; (rec-) to suck in, slurp, eat food noisily> surpu reˀ �lt�-�gt� �rec-�
<Row Kurux d2712 surᵘpnā (surpyas) to drink with a noisy sucking of the lips> surᵘpnā �surpyas�
<Row Tam d2713 cuṟucuṟu (-pp-, -tt-) to be in a hurry, be very active> cuṟucuṟu �-pp-� -tt-�
<Row Tam d2714 curu-curu (-pp-, -tt-) to hiss (as dry combustibles when ignited)> curu-curu �-pp-� -tt-�
<Row Tam d2715 cuṟṟu (cuṟṟi-) to revolve, circulate, turn around, spin, take a circuitous course, wind about, wander about, be coiled, lie encircling, be giddy or dizzy; encircle, entwine, embrace, encompass, surround, wear round, coil up, roll up, whirl; <i>n.</i> moving round, revolving, rolling, circumference, circuit, roundabout way, surroundings, neighbourhood, coil, roll, toe-ring, surrounding wall> cuṟṟu �cuṟṟi-�
<Row Tam d2715 cūṟu (cūṟi-) to surround, encompass> cūṟu �cūṟi-�
<Row Kota d2715 cut- (cuty-) to wander, wrap around, coil (rope), twirl (sling), wrap on (waistcloth)> cut- �cuty-�
<Row Toda d2715 tüṯ- (tüṯy-) to wander around; wind (<i>tr.</i>), whirl, wear (waistcloth)> tyṯ- �tyṯy-�
<Row Kodagu d2715 cutt- (cutti-) to wind ạround (<i>intr., tr.</i>), wander about> cutt- �cutti-�
<Row Kolami d2715 suṭ- (suṭt-) to wind (turban) (&lt; Te.)> suṭ- �suṭt-�
<Row muria d2715 huttih- (Voc 3568). <i>> huttih- ��oc
<Row Konda d2715 sos- (-t-) to put on (ring, shoes). <i>> sos- �-t-�
<Row Kui d2715 tusa (tusi-) to gird. <i>> tusa �tusi-�
<Row sunkar d2715 huc- (-it-) (woman) to put on, wear (cloth)> huc- �-it-�
<Row Kuwi d2715 oc- (-it-) to put on, wear (loincloth). For Ta> oc- �-it-�
<Row Kolami d2718 cu· id> cu�
<Row Brah d2718 chuh [= cuˀ ] call to a dog> cʰuh �� cuˀ �
<Row Tam d2721 cūṭu (cūṭi-) to wear, esp. on the head, bear, sustain; be invested as with a title, be crowned, spread, cover, become bent or warped, surround, envelop; <i>n.</i> hair tuft, crest, comb> cūṭu �cūṭi-�
<Row Tam d2721 cūṭṭu (cūṭṭi-) to adorn as with garlands, crown, invest with honours, spread over (as army), extend one's sway; <i>n.</i> investing, adorning as with crown, garland, crest, cock's comb, snake's head, felloe of wheel> cūṭṭu �cūṭṭi-�
<Row Toda d2721 tu·ṭ front tuft of hair> tu�ṭ
<Row Kodagu d2721 cu·ḍ (cu·ḍi) to stick (flower) in hair> cu�ḍ �cu�ḍi�
<Row Tam d2722 ūṭu (ūṭi-) to sulk, show displeasure> ūṭu �ūṭi-�
<Row Tam d2722 uṭal (uṭalv-, uṭaṉṟ-) to be enraged, quarrel, fight> uṭal �uṭalv-� uṭaṉṟ-�
<Row Tam d2722 uṭaṟu (uṭaṟi-) to be enraged at> uṭaṟu �uṭaṟi-�
<Row Tam d2722 uṭaṟṟu (uṭaṟṟi-) to provoke, infuriate> uṭaṟṟu �uṭaṟṟi-�
<Row Tam d2724 pudendum muliebre; cūṟu anus> pudendum muliebre� cūṟu
<Row Tam d2725 cūr (-pp-, -tt-) to frighten, be cruel; <i>n.</i> fear, suffering, affliction, sorrow, disease, cruelty, malignant deity, celestial maidens> cūr �-pp-� -tt-�
<Row Kodagu d2727 tu·ra a cane> tu�ra
<Row Tulu d2727 C. rotang </i> DED 2251> �� rotang
<Row Tam d2733 cūl (cūlv-, cūṉṟ-) to become pregnant; <i>n.</i> conception, pregnancy, egg, wateriness of clouds> cūl �cūlv-� cūṉṟ-�
<Row Kolami d2733 su·la pair-word for> su�la
<Row Kolami d2733 ba·la: ba·la su·la children (Kamaleswaran). <i>> ba�la� ba�la su�la
<Row Tam d2734 cūl (cūlv-, cūṉṟ-) to scoop, dig out, pierce, cut off> cūl �cūlv-� cūṉṟ-�
<Row Tam d2735 cūr̤ (-v-, -nt-) to deliberate, consider, conspire, select, know; <i>n.</i> deliberation, counsel, investigation> cūṛ̆ �-v-� -nt-�
<Row Tam d2735 cūṭci (-pp-, -tt-) to understand thoroughly, investigate carefully> cūṭci �-pp-� -tt-�
<Row Tam d2735 ūr̤ (-pp-, -tt-) to think> ūṛ̆ �-pp-� -tt-�
<Row Tam d2735 ūr̤ku (ūr̤ki-) to meditate> ūṛ̆ku �ūṛ̆ki-�
<Row Telugu d2735 cūcu (cūḍ-; imperative cū, cummu) to see, observe, behold, look at, view> cūcu �cūḍ-� imperative cū� cummu�
<Row Pengo d2735 huṛ- (-t-) id> huṛ- �-t-�
<Row Kui d2735 sūṛa (sūṛi-) id.; <i>n.</i> act of seeing, sight> sūṛa �sūṛi-�
<Row Kui d2735 sūṛka (sūṛki-) DED(S) 2257> sūṛka �sūṛki-�
<Row Tam d2736 ūr̤ (-v-, -nt-) to grow old> ūṛ̆ �-v-� -nt-�
<Row Tam d2736 ūr̤ (-pp-, -tt-) to grow old, pass the prime of life; <i>n.</i> that which is of long date, karma, fruit of karma, established usage, time, turn, occasion, maturity, end, sun (cf.eṉṟ-ūr̤summer, sunshine, sun, s.v. 869 Ta.eṉṟusun)> ūṛ̆ �-pp-� -tt-�
<Row Tam d2738 cūḷ (cūḷp-, ?) to take an oath, vow; <i>n.</i> vow, oath, malediction, curse> cūḷ �cūḷp-� ��
<Row Kannada d2738 sūruḷ (sūruḷt-) to swear, utter a solemn declaration; <i>n.</i> an oath> sūruḷ �sūruḷt-�
<Row Toda d2739 tüł̣y- (tüḷc-) to twitter. DED(S) 2261> tył̣y- �tyḷc-�
<Row Kota d2741 cu·ḷ woman who has sexual intercourse with men of all castes, prostitute> cu�ḷ
<Row Kodagu d2741 cu·ḷe dancing-girl> cu�ḷe
<Row Kolami d2742 su·l- (su·lt-) to get up, wake up> su�l- �su�lt-�
<Row Kolami d2742 su·lp- (su·lupt-) to make to get up> su�lp- �su�lupt-�
<Row Parji d2742 culp- (cult-) to rise, get up> culp- �cult-�
<Row Parji d2742 cunṭip- (cunṭit-) to raise. <i>> cunṭip- �cunṭit-�
<Row Gadaba d2742 silp- (silt-) to rise> silp- �silt-�
<Row Gadaba d2742 sinḍup- (sinḍut-) to make to rise, lift> sinḍup- �sinḍut-�
<Row Toda d2744 su·ṟy loot> su�ṟy
<Row Konda d2745 sūR- (food) to become stale, sour. <i>> sū�
<Row Konda d2746 sūRi leech> sū�i
<Row Kolami d2748 sek- (sekt-) to make pointed (piece of wood)> sek- �sekt-�
<Row Konda d2748 sek (-t-) to plane, fashion things out of wood. ?> sek �-t-�
<Row Kui d2748 sespa (sest-) to scrape, plane, shave a stick or piece of wood; <i>n.</i> planing, scraping> sespa �sest-�
<Row Kurux d2748 cakta'ānā to cut in slices> cakta�ānā
<Row Manda d2750 jakehiŋ (pl.) id. ?> jakehiŋ �pl��
<Row Kui d2750 rēga (pl. -nga) id. <i>> rēga �pl� -nga�
<Row Kuwi d2750 jengū (pl. jekaŋa) ear of paddy> jengū �pl� jekaŋa�
<Row Kuwi d2750 jēṅgu (pl. jēka) head of rice. DEDS 431> jēŋgu �pl� jēka�
<Row Kui d2752 senga (sengi-) to climb; <i>n.</i> act of climbing> senga �sengi-�
<Row Kuwi d2752 heg- (-it-) to climb. DEDS 433> heg- �-it-�
<Row muria d2756 haṭaṛ (pl. haṭahk) > haṭaṛ �pl� haṭahk�
<Row Pengo d2765 hen- (-t-) to ripen, become ripe, be ripe> hen- �-t-�
<Row Manda d2765 hen- (-t-) id> hen- �-t-�
<Row Kui d2765 seṛnba (seṛt-) > seṛnba �seṛt-�
<Row Kui d2765 seṛpa (seṛt-) id> seṛpa �seṛt-�
<Row Kui d2765 senpa (sent-) to be ripe> senpa �sent-�
<Row Tam d2769 cetu (-pp-, -tt-) to lose lustre, shrink, be weak> cetu �-pp-� -tt-�
<Row Parji d2773 cep (pl. ceppul) flesh, game. <i>> cep �pl� ceppul�
<Row Gadaba d2773 seppul (pl.) meat, game. DED(S) 2281> seppul �pl��
<Row Tam d2778 ceruku (ceruki-) to insert, slide into> ceruku �ceruki-�
<Row Tam d2778 cerumu (cerumi-) to sink, pierce through> cerumu �cerumi-�
<Row Tam d2778 coruku (coruki-) to put in, insert, tuck in> coruku �coruki-�
<Row Toda d2778 teg- (tegy-) to fasten loin-cloth> teg- �tegy-�
<Row Telugu d2778 coccu (cor-) to enter, penetrate, pierce; begin (or cf. 2876(<i>a</i>) Kol.so·ŋg-); coccillu, cottencuto enter> coccu �cor-�
<Row Gondi d2778 (Voc </i> 3527)> ��oc
<Row Kurux d2778 xerrnā (xirryas) to introduce lengthwise by gradual pushing, insert, stick into or behind> xerrnā �xirryas�
<Row Tam d2781 cel (celv-, ceṉṟ-) to go, flow, pass, occur, pass (as coin), be suitable, acceptable, pass away as time, disappear as anger, perish, die; <i>n.</i> career, course, payment of debt, period that has elapsed> cel �celv-� ceṉṟ-�
<Row Tam d2781 celuttu (celutti-) to cause to go or proceed, dispatch, circulate, deliver, discharge (as a missile), drive, impel, push forward, execute (as orders), administer (as justice), perform, observe, pay as tribute or debt> celuttu �celutti-�
<Row Mal d2781 fem. celavi; celuttuka to put in, drive in, make to pass on, pay, perform (as promise)> fem� celavi� celuttuka
<Row Kota d2781 cal- (cad-) (prayer) is acceptable to god, (coin) is genuine, (wife) is suitable mate> cal- �cad-�
<Row Kota d2781 calc- (calc-) to pay (debt, vow), inform> calc- �calc-�
<Row Toda d2781 sal- (sad-) to belong to (e.g. a person's property, a person to a clan, inherited property, etc.)> sal- �sad-�
<Row Toda d2781 talc- (talč-) to cause to be well known (to a person), inform> talc- �talč-�
<Row Kannada d2781 sal (sand-) to enter, engage in, associate oneself to, agree to, accrue, arise, enter upon a course, pass, be current, be in use, pass by general consent, be valid, proper or fit, pass from one person to another, be given, be paid, become agreeable, become well known or famous> sal �sand-�
<Row Telugu d2781 canu (caṇṭ-) to go, depart, pass, be fit, proper, becoming> canu �caṇṭ-�
<Row Kolami d2781 ser- (also stems sa-, se-; past sedd-) to go> ser- �also stems sa-� se-� past sedd-�
<Row Kolami d2781 serp- (serept-) to let (cattle) get lost (cf. 2814 Ta.cēr)> serp- �serept-�
<Row Naikri d2781 ca- (caṇḍ-, cam-) to go> ca- �caṇḍ-� cam-�
<Row Naikri d2781 śer- (śedd-) id. (cf. 2814 Ta.cēr). Nk> śer- �śedd-�
<Row Naikri d2781 se- (sedd-) to go, creep> se- �sedd-�
<Row Parji d2781 cen- (cend-) to go. <i>> cen- �cend-�
<Row Gadaba d2781 sen- (sey- > sen- �sey
<Row Gadaba d2781 senḍ-) > senḍ-�
<Row salur d2781 cen- (cey-) id. <i>> cen- �cey-�
<Row muria d2781 han- (hat-) > han- �hat-�
<Row seoni d2781 hon- (hott-) to go> hon- �hott-�
<Row betul d2781 caus. hanstānā to cause to be lost or wasted (<i>Voc.</i> 3496)> caus� hanstānā
<Row Konda d2781 son- (soR-) to go, (time) to pass> son- �so�-�
<Row Pengo d2781 hal- (hac-) to go> hal- �hac-�
<Row Manda d2781 hal- (hac-) id> hal- �hac-�
<Row Kui d2781 salba (sas-; imperative sg or> salba �sas-� imperative sg
<Row Kui d2781 pl. sa ) id., depart. <i>> pl� sa
<Row Kuwi d2781 hajjali (hac-; imperative hallamū) > hajjali �hac-� imperative hallamū�
<Row Kuwi d2781 hannai (haẓẓ- [ẓ = ts]; imperative halla) > hannai �haẓẓ- �ẓ � ts�� imperative halla�
<Row sunkar d2781 hal- (hacc-) to go> hal- �hacc-�
<Row Kuwi d2781 hel- (-it-) to be valid, accepted> hel- �-it-�
<Row Kurux d2781 calāba'anā to set going, guide to a place> calāba�anā
<Row Kolami d2783 (Syed Khaja Mahboob Husain </i>, 1949> ��yed �haja �ahboob �usain
<Row Kolami d2783 Social Service and Tribal Welfare in Hyderabad </i>, 1949> �ocial �ervice and �ribal �elfare in �yderabad
<Row Kolami d2783 sellay (? = selle) id> sellay �� � selle�
<Row Parji d2783 cālal (pl. cālacil) sister. <i>> cālal �pl� cālacil�
<Row Gadaba d2783 sēlal (pl. sēlasil) > sēlal �pl� sēlasil�
<Row salur d2783 cellāl (pl. cellāsil) id. <i>> cellāl �pl� cellāsil�
<Row betul d2783 sēlāṛ (pl. sēlāhk) > sēlāṛ �pl� sēlāhk�
<Row muria d2783 hēlaṛ (pl. hēlahk) > hēlaṛ �pl� hēlahk�
<Row maria d2783 ēlaṛ (pl. ēlask) younger sister (<i>Voc.</i> 3486)> ēlaṛ �pl� ēlask�
<Row adil d2783 sēlāṛ (pl. sēlāk) id> sēlāṛ �pl� sēlāk�
<Row Kodagu d2784 jeli· onom. of jingle of money. DED 2289> jeli�
<Row Tam d2789 cer̤i (-pp-, -tt-) to thrive, flourish, grow well as vegetation, prosper (as kingdom, family, country), be fertile, be superabundant, be cheerful as countenance> ceṛ̆i �-pp-� -tt-�
<Row Kodagu d2790 jaḷa- (jaḷap-, jaḷat-) to make sway> jaḷa- �jaḷap-� jaḷat-�
<Row Pengo d2793 hez- (hest-) to be caught, entangled (e.g. in snare)> hez- �hest-�
<Row Kui d2793 sehpa (seht-) to be entangled, caught and held fast, trapped. <i>> sehpa �seht-�
<Row Kuwi d2793 herh'nai to implicate, ensnare> herh�nai
<Row Kuwi d2793 her- (-t-) to be caught in snare> her- �-t-�
<Row Kuwi d2793 hervi- (-t-) to be caught, be trapped. DEDS 440> hervi- �-t-�
<Row Kannada d2797 Julus cornifex </i>, a kind of earwig; cockroach> �ulus cornifex
<Row koya d2797 jer (pl. -i) id. (<i>Voc.</i> 1444)> jer �pl� -i�
<Row Naikri d2798 śen (pl. śenkuḷ) head of jowar> śen �pl� śenkuḷ�
<Row Konda d2798 seṟen (pl. seṟeku) id. <i>> seṟen �pl� seṟeku�
<Row Konda d2799 sonki (n not> sonki �n
<Row sunkar d2799 he'ni > he�ni
<Row Konda d2800 sēk- (-t-) to itch> sēk- �-t-�
<Row Pengo d2800 hēk- (-t-) id> hēk- �-t-�
<Row Kui d2800 sēpka (&lt; sek-p-; sēkt-) to itch. <i>> sēpka ��lt� sek-p-� sēkt-�
<Row Kuwi d2800 sēk- (-h-) to itch. DEDS 442> sēk- �-h-�
<Row Tam d2801 cēkari (-pp-, -tt-) to acquire, get, secure, procure, make ready, collect, gather, assemble> cēkari �-pp-� -tt-�
<Row Kodagu d2803 ce·pu (milk) to secrete> ce�pu
<Row Pengo d2804 hēbga (&lt; hēg-b-) to whisper> hēbga ��lt� hēg-b-�
<Row Gondi d2808 fem. sēnō > fem� sēnō
<Row mandla d2808 senāl (masc.) aged> senāl �masc��
<Row Gondi d2808 seno (f. nt.) id> seno �f� nt��
<Row mandla d2808 senāl (pl. -or) old man> senāl �pl� -or�
<Row Gondi d2808 fem. seno (pl. -hk) > fem� seno �pl� -hk�
<Row yavatmal d2808 seṛal (masc.) old> seṛal �masc��
<Row maria d2808 sēṛo (pl. -sku) id. (<i>Voc.</i> 3479)> sēṛo �pl� -sku�
<Row Pa d2810 Language </i> 39. 563. DED(S) 2308> �anguage
<Row Tam d2812 cēntu (cēnti-) to draw, as a rope running over a pulley> cēntu �cēnti-�
<Row Kodagu d2812 se·d- (se·di-) to drink a deep draught> se�d- �se�di-�
<Row Parji d2813 cēpal (pl. cēpkul) boy, lad. <i>> cēpal �pl� cēpkul�
<Row Gadaba d2813 sēpal (pl. sēpakil) id> sēpal �pl� sēpakil�
<Row Tam d2814 cēr (-v-, -nt-) to become united, incorporated, joined together, become mixed, blended, have connexion with, be in close friendship or union, fit, suit, be collected, aggregated, join, associate with, be in contact with, belong to> cēr �-v-� -nt-�
<Row Tam d2814 cēr (-pp-, -tt-) to join, attach, admix, admit to one's society, add, insert, gather, assemble> cēr �-pp-� -tt-�
<Row Kota d2814 ce·r- (ce·d-) to arrive, join, gather> ce�r- �ce�d-�
<Row Kota d2814 ce·d- (ce·dy-) to arrive, join, gather> ce�d- �ce�dy-�
<Row Kota d2814 ce·t- (ce·ty-) to make to gather or enter a place> ce�t- �ce�ty-�
<Row Kota d2814 ce·rek a·ḷ people between whom verbal taboos do not operate (including people of opposite sex who may marry)> ce�rek a�ḷ
<Row Kota d2814 fem. ce·reka·c people between whom verbal taboos do not operate (including people of opposite sex who may marry)> fem� ce�reka�c
<Row Toda d2814 sö·r- (sö·d-) to arrive> sø�r- �sø�d-�
<Row Toda d2814 sö·rc- (sö·rč-) to cause to arrive, bring someone to his destination, allow someone to join oneself, collect> sø�rc- �sø�rč-�
<Row Toda d2814 sö·t- (sö·ty-) to make to join with others> sø�t- �sø�ty-�
<Row Toda d2814 sö·- (only negative forms, translated as positive) to be envious (in songs)> sø�
<Row Kannada d2814 sēr (sērd-) to become or be close or near, go to, approach, reach, come, belong to, enter, be included, be connected with, join, side with, assemble, be collected, agree, concur, suit, agree, be agreeable> sēr �sērd-�
<Row Kodagu d2814 se·r- (se·ri-) to join> se�r- �se�ri-�
<Row Kodagu d2814 ? kë·r- (kë·ri-) to go up to house (Mercara dialect)> � kə�r- �kə�ri-�
<Row Kodagu d2814 ke·t (ke·ti-) to take (person) into house> ke�t �ke�ti-�
<Row Kota d2815 e·r pair of bullocks used in ploughing> e�r
<Row Toda d2815 e·r plough> e�r
<Row Parji d2815 cereyakul (pl.) pair of bullocks> cereyakul �pl��
<Row Kuwi d2815 hērū (pl. hērka) plough> hērū �pl� hērka�
<Row Gondi d2819 fem. seranḍal (etc., various dial.) spouses' younger sister (<i>Voc.</i> 3472)> fem� seranḍal
<Row Kuwi d2820 sehi neh'uṛi male dog. ?> sehi neh�uṛi
<Row Kota d2821 de·r (obl. de·ṯ-) handful (with open hand)> de�r �obl� de�ṯ-�
<Row Kuwi d2825 jēnu (loc. jēco) id. (Possibly &lt;*pjēn &lt; piṟan; cf. 4205 Ta.piṉ, esp. forms with-r-, Ta.piṟakku, etc.) DEDS 447> jēnu �loc� jēco�
<Row Kota d2826 ay vạt fifty> ay v�t
<Row Kota d2826 am ba·ṇy five> am ba�ṇy
<Row Kota d2826 pa·ṇy measures> pa�ṇy
<Row Toda d2826 üζ (Töwfił̣y dialectüj) five> y�
<Row Toda d2826 pu·j fifteen> pu�j
<Row Toda d2826 e boQ fifty> e bo�
<Row Toda d2826 oy nu·ṟ 500> oy nu�ṟ
<Row Toda d2826 oy xwa·w five kwa·x measures> oy xva�v
<Row Kodagu d2826 añ-ñu·rï 500> añ-ñu�rɨ
<Row Kodagu d2826 ayy a·ṇḍï five years> ayy a�ṇḍɨ
<Row Parji d2826 adj. cem > adj� cem
<Row Kurux d2827 co'onā (cōcas) to put on (cloth)> co�onā �cōcas�
<Row Malto d2827 cuye (cúc-) to put on, dress> cuye �cúc-�
<Row Kolami d2828 sok- (sokt-) to climb> sok- �sokt-�
<Row Parji d2828 copp- (cott-) id> copp- �cott-�
<Row Parji d2828 cotip- (cotit-) to cause to climb, raise> cotip- �cotit-�
<Row Gadaba d2828 sop- (sot-) to climb. <i>> sop- �sot-�
<Row sunkar d2828 ho'- (hott-) to climb. ?> ho�- �hott-�
<Row Kui d2831 soka (soki-) to strike at, bite (snake, dog, etc.). DEDS 448> soka �soki-�
<Row Kui d2831 sōka (sōki-) to strike at, bite (snake, dog, etc.). DEDS 448> sōka �sōki-�
<Row Kota d2834 co·ṭ breadth of four fingers> co�ṭ
<Row Kodagu d2834 cu·ṭï id> cu�ṭɨ
<Row Tam d2835 coṭṭu (coṭṭi-) to fall in drops, drizzle; <i>n.</i> a drop> coṭṭu �coṭṭi-�
<Row Kota d2835 coṭ- (coṭy-) to leak, fall in drops> coṭ- �coṭy-�
<Row Toda d2835 swïṭ- (swïṭy-) to drop (of liquids;<i>intr., tr.</i>); swïṭa drop> svɨṭ- �svɨṭy-�
<Row betul d2835 cōḍ cōḍ (saṛānā) (to drip slowly) drop by drop. ?> cōḍ cōḍ �saṛānā�
<Row Tam d2836 coṭṭu (coṭṭi-) to strike with knuckles, tap gently the udder of a goat for inducing the free flow of milk, beat, hit, peck (as a crow); <i>n.</i> cuff, knock on the head> coṭṭu �coṭṭi-�
<Row Mal d2838 fem. caṭṭacci; caṭṭan cripple> fem� caṭṭacci� caṭṭan
<Row Gadaba d2838 soṭaṭonḍ (masc.) lame> soṭaṭonḍ �masc��
<Row Gadaba d2838 soṭiṭe (fem. and neut.) lame> soṭiṭe �fem� and neut��
<Row Konda d2838 fem. soṭi > fem� soṭi
<Row Kuwi d2838 fem. soṭi > fem� soṭi
<Row Mal d2838 fem. caṭṭacci; caṭṭan cripple> fem� caṭṭacci� caṭṭan
<Row Gadaba d2838 soṭaṭonḍ (masc.) lame> soṭaṭonḍ �masc��
<Row Gadaba d2838 soṭiṭe (fem. and neut.) lame> soṭiṭe �fem� and neut��
<Row Konda d2838 fem. soṭi > fem� soṭi
<Row Kuwi d2838 fem. soṭi > fem� soṭi
<Row Kota d2838 cot ga·l legs and feet too small in proportion to rest of body> cot ga�l
<Row Kota d2838 cotga·j woman who has cot> cotga�j
<Row Kota d2838 ga·l; cot gay one arm smaller than the other (i.e. withered)> ga�l� cot gay
<Row Kannada d2838 fem. cotti DED(S, N) 2327> fem� cotti
<Row Pengo d2841 honḍ- (-t-) to cut up (meat)> honḍ- �-t-�
<Row Pengo d2841 intens. hoṭka- > intens� hoṭka
<Row Kui d2841 sonḍa (sonḍi-) to cut to pieces, chop up, hack> sonḍa �sonḍi-�
<Row Kui d2841 pl. action soṭka (soṭki-) > pl� action soṭka �soṭki-�
<Row Kuwi d2841 huṇḍ- (-it-) > huṇḍ- �-it-�
<Row Kurux d2842 cotᵒxnā (cutxyas) to pass from a solid to a liquid or flowing state, melt> cotᵒxnā �cutxyas�
<Row Kurux d2842 cotxa'ānā to reduce from a solid to a liquid state, melt> cotxa�ānā
<Row Kurux d2842 cotᵒxta'ānā to reduce from a solid to a liquid state, melt> cotᵒxta�ānā
<Row Kui d2852 soju (pl. soska) id> soju �pl� soska�
<Row Tam d2853 cerukku (cerukki-) to be proud, vain, self-conceited, be elated with selfpride, be gay, lively, exult, be infatuated, increase, nurse, cherish as anger, enjoy to the full; <i>n.</i> haughtiness, pride, arrogance, self-conceit, exultation, elation, courage, intrepidity (as of army), infatuation, intoxication> cerukku �cerukki-�
<Row Tam d2853 cokku (cokki-) to become languid, sleepy, enchanted, fascinated, etc.; <i>n.</i> stupor, torpor, dullness as produced by enchantment or drug> cokku �cokki-�
<Row Kota d2853 cok- (coky-) to take a nap; ? to change colour (fruit past prime, face because of starvation)> cok- �coky-�
<Row Kodagu d2853 cokk- (cokki-) to be fat; (liquor) causes intoxication> cokk- �cokki-�
<Row Kodagu d2853 cukk- (cukki-) to grow stout, fat; be proud, restive, high-spirited> cukk- �cukki-�
<Row Konda d2853 sōs- (-t-) to get drunk> sōs- �-t-�
<Row Pengo d2853 hōc- (hōcc-) to get drunk> hōc- �hōcc-�
<Row Kui d2853 sōsa (sōsi-) id.; <i>n.</i> drunkenness, intoxication. <i>> sōsa �sōsi-�
<Row sunkar d2853 hōc- (-it-) to be drunk. DED(S) 2333> hōc- �-it-�
<Row Kurux d2854 caus. corgta'ānā > caus� corgta�ānā
<Row Kodagu d2854 ogg- (oggi-) (child) wriggles on belly. DED(S) 2334> ogg- �oggi-�
<Row Tam d2855 col (colv- to say, speak, tell, mention, utter, express, recite, repeat, relate, quote, dictate, command, advise, inform, praise; <i>n.</i> word, term, saying, speech, proverb, maxim, declaration, promise, assurance, praise, incantation, curse, command, advice, part of speech> col �colv
<Row Tam d2855 colluv-, colli-) to say, speak, tell, mention, utter, express, recite, repeat, relate, quote, dictate, command, advise, inform, praise; <i>n.</i> word, term, saying, speech, proverb, maxim, declaration, promise, assurance, praise, incantation, curse, command, advice, part of speech> colluv-� colli-�
<Row Mal d2855 colluka (colli-, conn-) to say, declare, order> colluka �colli-� conn-�
<Row Tam d2856 coli- (-pp-, -tt-) to strip off, peel off, tear> coli- �-pp-� -tt-�
<Row Tulu d2856 tolpu = suli to peel off, remove as the bark or skin> tolpu � suli
<Row OIA d2856 *chōll- (> �cʰōll
<Row OIA d2856 see Burrow </i> 7.152 f. (1979/1981). DED(S, N) 2336> see �urrov
<Row OIA d2856 Indologica Taurinensia </i> 7.152 f. (1979/1981). DED(S, N) 2336> �ndologica �aurinensia
<Row Kota d2857 elka·l fireplace between two stones> elka�l
<Row Kota d2857 elka·l kal stones of fireplace> elka�l kal
<Row Konda d2860 soy- (-t-) to be sour, become sour> soy- �-t-�
<Row Pengo d2860 hoy- (-t-) id. DEDS 456> hoy- �-t-�
<Row Pengo d2861 hon- (-t-) to run, flee> hon- �-t-�
<Row sunkar d2861 hoṇ- (hoṭ-) id> hoṇ- �hoṭ-�
<Row Kuwi d2862 hu'uṛi slobber, saliva> hu�uṛi
<Row Tam d2865 coṟi (-v-, -nt-) to itch, scratch in order to allay itching, crave meanly; <i>n.</i> itching, scab, herpes, climbing nettle> coṟi �-v-� -nt-�
<Row Tam d2865 coṟuṇṭu (coṟuṇṭi-) to scratch> coṟuṇṭu �coṟuṇṭi-�
<Row Tam d2865 cori (-v-, -nt-) to itch; <i>n.</i> itching> cori �-v-� -nt-�
<Row Kota d2865 toyr- (torc-) to itch> toyr- �torc-�
<Row Parji d2865 cod- (cott-) to itch. <i>> cod- �cott-�
<Row Parji d2866 codp- (codt-) to send. <i>> codp- �codt-�
<Row Gadaba d2866 soyp- (soyt-) > soyp- �soyt-�
<Row salur d2866 soyp- (soyup-) id. From DED(S) 2351> soyp- �soyup-�
<Row Konda d2867 sō- (-t-) to start or set out, come out, (sun, moon) to come up; leak (or with 2883 Ta.cōr); sōp- (-t-)to drive out, expel; reveal (a secret), relate (a story); let (time) pass, let one go> sō- �-t-�
<Row Konda d2867 sōpa- (-t-) (plant) to come out of seed, (ears of corn) to sprout, crop up, manifest oneself> sōpa- �-t-�
<Row Pengo d2867 hō- (-t-) to come out> hō- �-t-�
<Row Pengo d2867 hop- (-t-) to bring out, take out> hop- �-t-�
<Row Manda d2867 ja- (-t-) to come out, (sun) to rise> ja- �-t-�
<Row Kui d2867 sṛohpa (sṛoht-) to emerge, come to light; <i>n.</i> emergence, issuing from> sṛohpa �sṛoht-�
<Row Kui d2867 sṛōppa (sṛōpt-) to cause to emerge, bring forth, cast out> sṛōppa �sṛōpt-�
<Row Kuwi d2867 hōcali (hōt-) to rise as sun or moon, go out> hōcali �hōt-�
<Row sunkar d2867 ho'- (hott-) to come out> ho�- �hott-�
<Row Kurux d2867 co'onā (cōcas) to rise, get up, be built up or erected, rise in the air, in fame, in value, rebel, bulge out, be produced, appear> co�onā �cōcas�
<Row Pengo d2868 jō- (-t-) to put in, insert> jō- �-t-�
<Row Manda d2868 jū- (-t-) id. ?> jū- �-t-�
<Row Konda d2868 rō- (-t-) to insert hand in; (ṟō-would be expected). ?> rō- �-t-�
<Row Kota d2869 jo· jo· words used in putting a child to sleep> jo� jo�
<Row Kodagu d2871 jo·ke care> jo�ke
<Row Konda d2872 sōk- (-t-) to clean body (while bathing), rub, clean; <i>caus.</i>> sōk- �-t-�
<Row Pengo d2872 hōk- (-t-) to wash, rub, rub on (oil); <i>intens.</i>> hōk- �-t-�
<Row Kui d2872 jōga (jōgi-) to wash clothes; <i>n.</i> act of washing clothes> jōga �jōgi-�
<Row Kui d2873 hōk- (-i-) to chew. <i>> hōk- �-i-�
<Row sunkar d2873 hōk- (-it-) > hōk- �-it-�
<Row Kolami d2876 so·ŋg- (so·ŋkt) to enter> so�ŋg- �so�ŋkt�
<Row Parji d2876 cōkip- (cōkit-) to stick into. <i>> cōkip- �cōkit-�
<Row Kolami d2876 so·ŋg- (so·ŋkt) to enter> so�ŋg- �so�ŋkt�
<Row Parji d2876 cōkip- (cōkit-) to stick into. <i>> cōkip- �cōkit-�
<Row Pengo d2876 hōṇ- (hōṭ-) id> hōṇ- �hōṭ-�
<Row Kui d2876 sōlba (sōṭ-) to enter, penetrate> sōlba �sōṭ-�
<Row Kui d2876 sōṛpa (sōṛt-) to cause to enter, put in> sōṛpa �sōṛt-�
<Row sunkar d2876 hōṛ- (hōṭ-) to enter> hōṛ- �hōṭ-�
<Row Pengo d2877 jōŋ- (jōŋt-) (hen) to sit on and hatch eggs> jōŋ- �jōŋt-�
<Row Pengo d2877 jōŋg- (jōŋt-) (hen) to sit on and hatch eggs> jōŋg- �jōŋt-�
<Row Kui d2877 jōnga (jōngi-) to take under the wings, hatch; <i>n.</i> hatching. <i>> jōnga �jōngi-�
<Row sunkar d2877 jōŋg- (-it-) (hen) to hatch eggs> jōŋg- �-it-�
<Row Tam d2878 ōppu (ōppi-) to drive away, cause to flee, scare away as birds> ōppu �ōppi-�
<Row Tam d2878 ōccu (ōcci-) to drive away, chase, cause to go> ōccu �ōcci-�
<Row Konda d2881 sōm (pl. sōpku) roots used as vegetables> sōm �pl� sōpku�
<Row Kui d2881 sōmbu (pl. sōpka) a species of tuberous plant somewhat like a yam or cassava. <i>> sōmbu �pl� sōpka�
<Row Kuwi d2881 hop'o <i>A. colocasia</i>> hop�o
<Row Tam d2882 cōmpu (cōmpi-) to be idle, indolent, slothful, lethargic, apathetic, dull, droop, fade (as persons, plants), be spoiled, marred; <i>n.</i> sloth, idleness, inactivity, lethargy, dullness> cōmpu �cōmpi-�
<Row Tam d2882 cōmāṟu (cōmāṟi-) to be lazy, shirk> cōmāṟu �cōmāṟi-�
<Row Tam d2882 cōppu (cōppi-) to cause to droop, languish> cōppu �cōppi-�
<Row Kota d2882 co·ma·ry idle fellow> co�ma�ry
<Row Kota d2882 co·mbe·ry idle fellow> co�mbe�ry
<Row Tam d2883 cōr (-v-, -nt-) to trickle down as tears, blood, or milk, fall, drop, be dropped, exude, ooze out> cōr �-v-� -nt-�
<Row Tam d2883 -tōr (neyttōr blood; cf. 3748)> tōr �neyttōr
<Row Tam d2883 cori (-v-, -nt-) to flow down, rain, spill, bear in plenty, be abundant, profuse, copious, drop off as dry scales in smallpox, be scattered as rice from the husk; scatter (<i>tr.</i>), pour forth, effuse, shoot as arrows, shed as leaves or fruit, empty, pour out as corn from a sack, dump as sand from a cart, give away in plenty> cori �-v-� -nt-�
<Row Tam d2883 cura (-pp-, -nt-) to spring forth, stream out, gush, flow, swell morbidly with secretion, increase by steady accumulation of wealth, secrete as milk, pour forth continuously, give abundantly> cura �-pp-� -nt-�
<Row Mal d2883 coriccal (rudhiram cᵒ) menses of women, bloody flux> coriccal �rudʰiram cᵒ�
<Row Kota d2883 jo·r- (jo·ry) (tears and snot) run in streams> jo�r- �jo�ry�
<Row Kota d2883 toyr- (torc-) to pour out liquid or grains, doing the action slowly> toyr- �torc-�
<Row Kota d2883 corv- (cord-) (milk) streams from udder by itself> corv- �cord-�
<Row Toda d2883 twar- (twarQ-) (buffalo) is ready for milking with milk drawn down into teats by the calf> tvar- �tvar�-�
<Row M d2883 so Kitt.); sore the milk collected in the udder of cows or buffaloes> so �itt��� sore
<Row Kodagu d2883 to·r- (to·ruv, to·nd-) to leak (of water, roof, pot)> to�r- �to�ruv� to�nd-�
<Row Kodagu d2883 co·re blood> co�re
<Row Kodagu d2883 tori- (toriv-, toriñj-) to pour (<i>tr.</i>)> tori- �toriv-� toriñj-�
<Row Naiki d2883 tōriy- (tōrilt-) to be spilled> tōriy- �tōrilt-�
<Row Parji d2883 cōrp- (cōrt-) to strain off water from boiled rice; ?> cōrp- �cōrt-�
<Row Gadaba d2883 sōrp- (sōrt-) to pour> sōrp- �sōrt-�
<Row Konda d2883 sō- (-t-) to leak (or with 2867 Konḍasō-); torgi- (-t-)to overflow, spill over> sō- �-t-�
<Row Kurux d2883 curxta'ānā; jorō leaking> curxta�ānā� jorō
<Row Tam d2884 cōr (-v-, -nt-) to become loose (as rings), grow slack (as a grip), slip off or down (as clothes); languish, droop, be prostrate or relaxed (as the limbs in sleep), be weary, exhausted, faint, swoon, totter, be emaciated, wither> cōr �-v-� -nt-�
<Row Kota d2884 co·v (co·t-) to become tired> co�v �co�t-�
<Row Kodagu d2884 co·l- (co·p-, co·t-) to become tired> co�l- �co�p-� co�t-�
<Row Kota d2835 co·r dove> co�r
<Row Kota d2835 ma·ṇ co·r pigeon> ma�ṇ co�r
<Row gowda d2835 cōrE pigeon> cōr�
<Row Kodagu d2835 to·re pakki dove. DED(S) 2897> to�re pakki
<Row Kannada d2889 jōl (jōld- to hang down, move to and fro, swing, oscillate, dangle; to let hand down> jōl �jōld
<Row Kannada d2889 jōlu (jōld- to hang down, move to and fro, swing, oscillate, dangle; to let hand down> jōlu �jōld
<Row Kannada d2889 jōt-) to hang down, move to and fro, swing, oscillate, dangle; to let hand down> jōt-�
<Row Pengo d2890 hōl- (-t-) to be beautiful, fine, good, excellent> hōl- �-t-�
<Row Kota d2891 te·l forest; menstrual blood> te�l
<Row Kota d2891 te·l uk- to menstruate (lit. enter forest)> te�l uk
<Row Kota d2891 te·l uḷ (lit. the inside of the forest)> te�l uḷ
<Row Kota d2891 te·l uḷ pay (lit. house inside forest) menstrual house> te�l uḷ pay
<Row Kota d2891 co·lgn man of a forest tribe living near Bokkapur [Sholagar, <i>Census 1931</i>, 1.3B, p. 194]> co�lgn
<Row Toda d2891 twa·s̱ grove, thicket> tva�s̱
<Row Toda d2891 swa·l jungle (in song; &lt; Badagaso·lejungle with trees)> sva�l
<Row Toda d2891 swa·lgn = Ko> sva�lgn
<Row Toda d2891 co·lgn > co�lgn
<Row Kui d2892 jōpa (jōt-) to watch over, guard, lie in wait for; <i>n.</i> guard, watch, lookout. ?> jōpa �jōt-�
<Row Tam d2892 ucāvu (ucāvi-) to take counsel with oneself, deliberate, inquire of, investigate, hear> ucāvu �ucāvi-�
<Row Tam d2892 ucavu (ucavi-) to ponder, deliberate upon> ucavu �ucavi-�
<Row Tam d2892 uyavu (uyavi-) to take counsel, consult> uyavu �uyavi-�
<Row Tam d2892 uyāvu (uyāvi-) to inquire after. DED 2358> uyāvu �uyāvi-�
<Row Pengo d2893 hōṛ- (-t-) to drip. DEDS 469> hōṛ- �-t-�
<Row Konda d2895 sos- (-t-) to weave> sos- �-t-�
<Row sunkar d2895 huc- (-it-) to weave, plait (mat)> huc- �-it-�
<Row Toda d2896 swï·ḷm maize> svɨ�ḷm
<Row Kodagu d2896 jo·ḷa great millet> jo�ḷa
<Row Kolami d2896 sonna (pl. sonnal) id> sonna �pl� sonnal�
<Row Parji d2896 jenna (pl. jennel) small maize, juwar. <i>> jenna �pl� jennel�
<Row Gadaba d2896 jōnel (j = dz) maize> jōnel �j � dz�
<Row Kuwi d2896 kā'wa jōna millet> kā�va jōna
<Row Toda d2897 twï·ṟ cooked food. DED(S, N) 2360> tvɨ�ṟ
<Row Kui d2898 sōju (pl. sōska) sore, abscess, ulcer. <i>> sōju �pl� sōska�
<Row Manda d2900 ṛū- (-t-) to fall off (hair, leaves). ?> ṛū- �-t-�
<Row Kui d2900 srūva (srūt-) to be shed, be cast off, fall off (leaves, etc.). DEDS 472> srūva �srūt-�
<Row Kui d2900 jrūva (jrūt-) to be shed, be cast off, fall off (leaves, etc.). DEDS 472> jrūva �jrūt-�
<Row Gadaba d2901 irid (pl. irdil) id> irid �pl� irdil�
<Row Parji d2903 nerub (pl. nerbul) id. <i>> nerub �pl� nerbul�
<Row pottangi d2903 narub (pl. narbul) vein> narub �pl� narbul�
<Row seoni d2903 naral (pl. -ku) > naral �pl� -ku�
<Row koya d2903 naram (pl. narask) id. (<i>Voc.</i> 1928)> naram �pl� narask�
<Row OIA d2903 esp. forms with -r- and the appropriate meaning; Kur. and Malt. are probably &lt; IA. DED(S, N) 2364> esp� forms vitʰ -r
<Row Tam d2904 ñaral (ñaralv-, ñaraṉṟ-) to sound, make noise> ñaral �ñaralv-� ñaraṉṟ-�
<Row Tam d2904 naral (naralv-, naraṉṟ-) to sound, make noise, creak, roar, low (as cows), caw, hum (as many voices), cry> naral �naralv-� naraṉṟ-�
<Row Tam d2904 naraṟṟu (naraṟṟi-) to cause to sound, produce sound> naraṟṟu �naraṟṟi-�
<Row Kodagu d2904 nerak- (neraki-) to groan> nerak- �neraki-�
<Row Kurux d2904 narya'ānā to hum, weep and sob loudly so as to attract attention> narya�ānā
<Row Tam d2905 naḷir (-v-, -nt-) to be cool, shake, tremble; <i>n.</i> cold, frigidity, coolness, ague, shivering fits, malaria> naḷir �-v-� -nt-�
<Row Tam d2905 naḷukku (naḷukki-) to shake, tremble> naḷukku �naḷukki-�
<Row Mal d2906 ñāṅṅūl. ñāññūḷ earthworm. ?> ñāŋŋūl� ñāññūḷ
<Row Toda d2906 i·gl id. <i>> i�gl
<Row Kota d2907 ne·lg plough> ne�lg
<Row Kodagu d2907 ne·ŋgi id> ne�ŋgi
<Row Kolami d2907 na·ŋgli > na�ŋgli
<Row maria d2907 nāŋgili (pl. nāŋgisku) id. (<i>Voc.</i> 1956)> nāŋgili �pl� nāŋgisku�
<Row BettaKurumba d2908 1.11) nūṇi rope> � nūṇi
<Row Toda d2908 nö·ṇ twisted string, string of cane> nø�ṇ
<Row Toda d2908 nö·ḷ- (nö·ḍ-) to make rope of bark> nø�ḷ- �nø�ḍ-�
<Row betul d2908 nōnē (pl. -hk) > nōnē �pl� -hk�
<Row Konda d2908 nāsu (pl. nāsku) string, rope> nāsu �pl� nāsku�
<Row Toda d2910 nö·ṟ sun (only in songs and in a myth; otherwisepi·s̱, s.v. 5517 Ta.vē); ne·ṟid. (only in song-unit:ekaṛ ṇe·ṟthe sun at evening)> nø�ṟ
<Row Tam d2911 Ciconia alba </i>; a small heron, <i>Ardeola leucoptera.</i>> �iconia alba
<Row Tam d2912 ñāl (ñālv-, ñāṉṟ-) to hang, decline, descend (as the sun)> ñāl �ñālv-� ñāṉṟ-�
<Row Tam d2912 ñāṟṟu (ñāṟṟi-) to hang up, suspend> ñāṟṟu �ñāṟṟi-�
<Row Tam d2912 nāl (nālv-, nāṉṟ-) to hang, swing, be suspended, hung up, hang oneself> nāl �nālv-� nāṉṟ-�
<Row Tam d2912 nāṟṟu (nāṟṟi-) to hang, suspend, hang a person> nāṟṟu �nāṟṟi-�
<Row Kota d2912 ne·n- (ne·nḏ-) to be stuck on high place (tree, cliff) and unable to move up or down. ? <i>> ne�n- �ne�nḏ-�
<Row Toda d2912 ne·ṇ cradle> ne�ṇ
<Row Kodagu d2912 ne·r- (ne·ruv-, ne·nd-) to hang> ne�r- �ne�ruv-� ne�nd-�
<Row Kodagu d2912 ne·t- (ne·ti-) id> ne�t- �ne�ti-�
<Row Kodagu d2912 ne·le rope over which clothes are hung, pair of ropes with loops in which to hang gun or cradle (ke·rïrope)> ne�le
<Row Kodagu d2912 ne·le ke·rï rope over which clothes are hung, pair of ropes with loops in which to hang gun or cradle (ke·rïrope)> ne�le ke�rɨ
<Row Kolami d2913 e·l earth> e�l
<Row betul d2913 nēlī (gen. nēdā, pl. nēlk) > nēlī �gen� nēdā� pl� nēlk�
<Row Kuwi d2913 nē'la field (for ordinary cultivation)> nē�la
<Row Kota d2917 ne·rl <i>Eugenia arnottiana</i> (probably; see 2914)> ne�rl
<Row Parji d2917 nā̃ḍi (pl. nā̃ḍkul) > nā̃ḍi �pl� nā̃ḍkul�
<Row Tam d2918 ñāṟu (ñāṟi-) to emit smell, an odour> ñāṟu �ñāṟi-�
<Row Tam d2918 nāṟu (nāṟi-) to emit a sweet smell, give forth perfume, stink; smell> nāṟu �nāṟi-�
<Row Kota d2918 na·r- (na·ry-) to smell bad> na�r- �na�ry-�
<Row Kota d2918 na·rl bad smell> na�rl
<Row Kota d2918 na·ṯm (obl. na·ṯt-) smell (good or bad), scent of animal> na�ṯm �obl� na�ṯt-�
<Row Kodagu d2918 na·r- (na·ri-) (something) smells> na�r- �na�ri-�
<Row Kodagu d2918 na·ta smell (usually bad smell)> na�ta
<Row Parji d2918 ned- (nett-) to smell, stink. DED 2379> ned- �nett-�
<Row Tam d2919 ñāṟu (ñāṟi-) to appear, arise> ñāṟu �ñāṟi-�
<Row Tam d2919 nāṟu (nāṟi-) to sprout, shoot forth, come into being, be born, appear, rise> nāṟu �nāṟi-�
<Row Kota d2919 na·t seedlings reared for transplanting (paddy, tea, coffee, blue gum). <i>> na�t
<Row Kodagu d2919 në·r- (në·ruv, në·nd-) (person or thing) rises up or comes to view, (plant) becomes tall, straighten oneself so as to become tall> nə�r- �nə�ruv� nə�nd-�
<Row Kodagu d2919 në·t- (në·ti-) to lift> nə�t- �nə�ti-�
<Row Konda d2919 nēṟ- (-it-) (a plant) to rise from the seed> nēṟ- �-it-�
<Row Pengo d2919 nēz- (nēst-) to sprout> nēz- �nēst-�
<Row Kui d2919 nēja (nēji-) to sprout up out of the ground, germinate and shoot up; <i>n.</i> sprouting. <i>> nēja �nēji-�
<Row Kuwi d2919 kūliŋa nēyā'ū paddy will not grow> kūliŋa nēyā�ū
<Row Kuwi d2919 ney- (-it-) to sprout. DED(S, N) 2380> ney- �-it-�
<Row Kodagu d2920 monia·ndï id> monia�ndɨ
<Row Kodagu d2920 ninna·ndï yesterday (see 3758)> ninna�ndɨ
<Row Tam d2921 niṇa (-pp-, -nt- to grow fat> niṇa �-pp-� -nt
<Row Tam d2921 -tt-) to grow fat> tt-�
<Row Tam d2921 niṇar (-v-, -nt-) to crowd, gather thick> niṇar �-v-� -nt-�
<Row Kota d2921 naṇi·g clear fat, lard, fat in belly of animal> naṇi�g
<Row Tam d2922 ñimir (-v-, -nt-) to be straight, erect> ñimir �-v-� -nt-�
<Row Tam d2922 nimir (-v-, -nt-) to become erect, be straightened, stand upright, be outstretched, grow tall> nimir �-v-� -nt-�
<Row Tam d2922 nimirttu (nimirtti-) to straighten up, set upright (as a pot), straighten out, unfold> nimirttu �nimirtti-�
<Row Tam d2922 ñemir (-v-, -nt-) to spread, extend> ñemir �-v-� -nt-�
<Row Kota d2922 muniv- (munivd-) to stretch and groan when one wakes> muniv- �munivd-�
<Row Parji d2922 nikip- (nikit-) to stretch out> nikip- �nikit-�
<Row Konda d2922 nigṛi- (-t-) (body) is stretched full length, become erect; <i>caus.</i>> nigṛi- �-t-�
<Row Tam d2923 ñekir̤ (-v-, -nt-) to become loose, slip off as bangles, languish, faint, be tenderhearted, blossom, melt as wax, become thin, emaciated> ñekiṛ̆ �-v-� -nt-�
<Row Tam d2923 nekir̤ (-v-, -nt-) to be injured, ruined, become loose, slip off as a garment, grow lean and weak, expand, blossom, become soft and mashy as over-boiled rice, lack cohesion as earth wet by rain, melt, relent as the heart in pity, exude, flow out (as tears from the eyes, milk from the breast), be reduced to powder, give way, yield as to the axe in cutting, forsake> nekiṛ̆ �-v-� -nt-�
<Row Tam d2923 nekir̤ (-pp-, -tt-) to make loose, relax, cause to expand or open as a blossom, separate, detach, crush, bruise, discharge as an arrow> nekiṛ̆ �-pp-� -tt-�
<Row Tam d2923 neku (nekuv-, nekk-) to become soft, relaxed, loosened, soaked and ready to break, melt, relent (as the heart), slip off, be ruined, scattered, broken, be ground well, macerated> neku �nekuv-� nekk-�
<Row Tam d2923 nukai (-v-, -nt-) to become lax, loose (as a garment), become soft (as the earth from rain)> nukai �-v-� -nt-�
<Row Tam d2923 nukai (-pp-, -tt-) to relax, loosen, slacken, mitigate, soften> nukai �-pp-� -tt-�
<Row Toda d2923 nïxy- (nïxs-) to move slightly on base (e.g. of someone sitting)> nɨxy- �nɨxs-�
<Row Tam d2926 ñemi (-v-, -nt-) to break, give way as under a weight> ñemi �-v-� -nt-�
<Row Tam d2926 ñemiṭu (ñemiṭi-) to crush, press out with the hands, rub> ñemiṭu �ñemiṭi-�
<Row Tam d2926 ñemir (-v-, -nt-) to be crushed, compressed, be pressed out as pulp; break, snap off> ñemir �-v-� -nt-�
<Row Tam d2926 ñemir (-pp-, -tt-) to press with the hands; snap, break off (<i>intr.</i>)> ñemir �-pp-� -tt-�
<Row Tam d2926 ñemuṅku (ñemuṅki-) to yield to pressure, be pressed in, squeezed as ripe fruit, be compact, in close contact> ñemuŋku �ñemuŋki-�
<Row Tam d2926 ñemukku (ñemukki-) to press hard> ñemukku �ñemukki-�
<Row Tam d2926 namuku (namuki-) to yield under pressure> namuku �namuki-�
<Row Tam d2926 namuṭṭu (namuṭṭi-) to pinch> namuṭṭu �namuṭṭi-�
<Row Tam d2926 nimiṭṭu (nimiṭṭi-) to pinch (as in punishment), rub or crush between the hands> nimiṭṭu �nimiṭṭi-�
<Row Tam d2926 nimiṭu (nimiṭi-) to feel between the fingers> nimiṭu �nimiṭi-�
<Row Tam d2926 nimiṇṭu (nimiṇṭi-) to crush, squeeze between the hands as grain, pinch, nip off> nimiṇṭu �nimiṇṭi-�
<Row Kodagu d2926 ñavṇḍ- (ñavṇḍi-) to squeeze> ñavṇḍ- �ñavṇḍi-�
<Row Tam d2927 ñeri (-v-, -nt-) to break, snap off, be crushed; <i>n.</i> cut or broken piece> ñeri �-v-� -nt-�
<Row Tam d2927 neri (-v-, -nt-) to be crushed, broken, smashed, be routed, arch, curve, bend> neri �-v-� -nt-�
<Row Tam d2927 neri (-pp-, -tt-) to break to pieces, crush, press, squeeze, rub or crush with the hands as ears of corn, break the knuckles (as women in distress), crack (as the fingers), rout; <i>n.</i> crack, bruise, smash> neri �-pp-� -tt-�
<Row Tam d2927 neruṅku (neruṅki-) to be pressed, compressed, squeezed, be confined, narrow as a road or doorway, be vehement, prevail (as disease, famine, wild beasts, robbers), be urgent, be overwhelming, rebuke, be angry with> neruŋku �neruŋki-�
<Row Tam d2927 nerukku (nerukki-) to press hard, exert pressure upon, circumscribe, contract, squeeze, bruise, mash, oppress, persecute, distress, urge, importune, solicit earnestly (as a creditor), choke, smother, throttle, compel, force, coerce, attack, assail, assault, be frequent, persevere, rage, prevail (as famine), be severe (as epidemics), be abundant (as rain)> nerukku �nerukki-�
<Row Tam d2927 nekku (nekki-) to press, push; <i>n.</i> push, thrust> nekku �nekki-�
<Row Tam d2927 nakaḷ (nakaḷv-, nakaṇṭ-) to be crushed> nakaḷ �nakaḷv-� nakaṇṭ-�
<Row Tam d2927 neruṭu (neruṭi-) to roll in the hand, rub gently with the fingers; <i>n.</i> rubbing with the fingers> neruṭu �neruṭi-�
<Row Tam d2927 nari (-v-, -nt-) to torture, torment> nari �-v-� -nt-�
<Row Tam d2927 nari (-pp-, -tt-) to torment, crush, perish> nari �-pp-� -tt-�
<Row Tam d2927 narukku (narukki-) to mash, crush or grind to pieces, kill, cut in pieces, mince (as vegetables), thump, hit with the knuckles; <i>n.</i> hitting with the knuckles> narukku �narukki-�
<Row Tam d2927 naruṅku (naruṅki-) to be mashed, crushed to pieces> naruŋku �naruŋki-�
<Row Tam d2927 narumpu (narumpi-) to gnash the teeth, cut into pieces> narumpu �narumpi-�
<Row Kota d2927 nerk- (nerky-) to rub between the hands, twirl> nerk- �nerky-�
<Row Kota d2927 nag- (nagy-) to become dented, slightly hollowed> nag- �nagy-�
<Row Kota d2927 nagc- (nagc-) to dent> nagc- �nagc-�
<Row Toda d2927 ni·šf- (ni·št-) to become bruised> ni�šf- �ni�št-�
<Row Kodagu d2927 neri- (neriv-, neriñj-) to become twisted around in an entangled fashion (creeper on legs, python around goat), (cloth) is wrung out> neri- �neriv-� neriñj-�
<Row Kodagu d2927 nekk- (-i-) to press> nekk- �-i-�
<Row Konda d2927 nek- (-t-) to push, push out, kick off. DED(S, N) 2387> nek- �-t-�
<Row Parji d2929 nirkip- (nirkit-) to kindle. <i>> nirkip- �nirkit-�
<Row Tam d2930 ñeli (-v-, -nt-) to rub one stick on another for producing fire by friction, rub, grate (as bamboos); <i>n.</i> grating bamboo> ñeli �-v-� -nt-�
<Row Toda d2930 nis̱f- (nis̱Q-) to make fire by twirling firesticks> nis̱f- �nis̱�-�
<Row Toda d2930 nis̱ kwï·l firesticks used at ti· dairy. DED 2390> nis̱ kvɨ�l
<Row Tam d2931 ñeḷ (ñeḷv-, ñeṇṭ-) to become hollow> ñeḷ �ñeḷv-� ñeṇṭ-�
<Row Tam d2931 neḷi (-v-, -nt-) to be hollow, be dented, bent out of shape as vessels> neḷi �-v-� -nt-�
<Row Kannada d2931 noḷale (moḷale) a shell or tube> noḷale �moḷale�
<Row Tam d2932 ñeḷ (ñeḷv-, ñeṇṭ-) to sound> ñeḷ �ñeḷv-� ñeṇṭ-�
<Row Tam d2932 ñeḷir (-v-, -nt-) to sound in a high pitch; <i>n.</i> gentle vibrant sound, sound> ñeḷir �-v-� -nt-�
<Row Tam d2932 neḷir (-v-, -nt-) to make noise; <i>n.</i> voice at high pitch> neḷir �-v-� -nt-�
<Row Toda d2932 niḷf- (niḷt-) to whistle; <i>n.</i> act of whistling> niḷf- �niḷt-�
<Row Tam d2933 neḷi (-v-, -nt-) to crawl, wriggle, writhe, bend, roll in> neḷi �-v-� -nt-�
<Row Tam d2933 neḷi (-pp-, -tt-) to cause to bend, twist, wriggle or distort the body in walking, commonly in affectation> neḷi �-pp-� -tt-�
<Row Tam d2935 neṟi (-v-, -nt-) to be wavy, curly (as the hair of a person)> neṟi �-v-� -nt-�
<Row Tam d2935 neṟi (-pp-, -tt-) to contract (as the brows in anger), curl in ringlets (as hair); <i>n.</i> bend, curve, turning of the road, curliness of hair> neṟi �-pp-� -tt-�
<Row Tam d2936 noṭi (-pp-, -tt-) to snap with the thumb and middle finger> noṭi �-pp-� -tt-�
<Row Kota d2936 noṭ in- (iḍ-) to click the tongue> noṭ in- �iḍ-�
<Row Kota d2936 noṭva·yṇ man who stutters and splutters when he talks; <i>fem.</i>> noṭva�yṇ
<Row Kota d2936 noṭva·c; nocarc- (nocarc-) to click the tongue in disapproval or grief> noṭva�c� nocarc- �nocarc-�
<Row Toda d2937 we·ł̣ saliva> ve�ł̣
<Row Kolami d2939 dag- (dakt-) > dag- �dakt-�
<Row Pengo d2942 ḍanj- (ḍanc-) to stick, adhere> ḍanj- �ḍanc-�
<Row OIA d2944 *ṭhan- DED 2402> �ṭʰan
<Row Kota d2947 ḍaba·r in- (iḏ-) to make noise as of gun shooting or bamboo joints exploding in fire> ḍaba�r in- �iḏ-�
<Row Kota d2947 ḍab ḍab in- (iḏ-) to make noise of the big flat drum> ḍab ḍab in- �iḏ-�
<Row Kota d2947 ḍab ḍob in- (iḏ-) to make noise of gun shooting> ḍab ḍob in- �iḏ-�
<Row Kota d2949 ḍam ḍam in- (iḏ-) to make sound of drum being beaten> ḍam ḍam in- �iḏ-�
<Row Kota d2949 ḍam ḍum in- (iḏ-) to make sound of drum being beaten> ḍam ḍum in- �iḏ-�
<Row Kota d2949 ḍam ḍam in- (iḏ-) to make sound of drum being beaten> ḍam ḍam in- �iḏ-�
<Row Kota d2949 ḍam ḍum in- (iḏ-) to make sound of drum being beaten> ḍam ḍum in- �iḏ-�
<Row bisam d2950 ḍeh- (-it-) to flee. DEDS 475> ḍeh- �-it-�
<Row Kurux d2951 ṭa'ō̃ name of a bird of blue plumage, (Hahn) blue jay. DED(S) 2407> ṭa�ō̃
<Row Kurux d2952 ṭāṭnā (ṭaṭṭyas) to lick, kiss> ṭāṭnā �ṭaṭṭyas�
<Row sunkar d2953 ṭik'uri > ṭik�uri
<Row Pengo d2955 ḍriŋ- (ḍriŋt-) to be broken> ḍriŋ- �ḍriŋt-�
<Row Pengo d2955 ḍriŋg- (ḍriŋt-) to be broken> ḍriŋg- �ḍriŋt-�
<Row Pengo d2955 ḍrik- (-t-) to break> ḍrik- �-t-�
<Row Kuwi d2955 ḍiŋg- (-it-) > ḍiŋg- �-it-�
<Row sunkar d2955 ḍik- (-h-) > ḍik- �-h-�
<Row Kuwi d2955 dikk'nai to break. ?> dikk�nai
<Row Kurux d2957 ṭiṛnā (ṭiḍḍas) to let fall, drop, make fall> ṭiṛnā �ṭiḍḍas�
<Row Parji d2957 ṭinḍp- (ṭinḍt-) to throw. DED(S) 2410> ṭinḍp- �ṭinḍt-�
<Row Pengo d2960 ḍī- (-t-) (flower) to bloom, (person) to wear flower> ḍī- �-t-�
<Row Manda d2960 ḍī- (-it-) (flower) to bloom. DEDS 479> ḍī- �-it-�
<Row Pengo d2961 ḍība- (-t-) (fire) to crackle> ḍība- �-t-�
<Row Kui d2962 ṭunḍa (ṭunḍi-) to shut, close, stop up; <i>n.</i> act of shutting; <i>pl. action</i>> ṭunḍa �ṭunḍi-�
<Row Kui d2962 ṭuṭka (ṭuṭki-) > ṭuṭka �ṭuṭki-�
<Row sunkar d2962 sunḍ- (-it-) to shut> sunḍ- �-it-�
<Row bisam d2962 sunḍ- (-it-) to shut> sunḍ- �-it-�
<Row Kui d2964 ṭupagaṭari; ṭupri short> ṭupagaṭari� ṭupri
<Row Kui d2967 ṭūṭu (pl. ṭūṭka ) stomach, abdomen, belly, seat of understanding. <i>> ṭūṭu �pl� ṭūṭka
<Row Kurux d2968 ṭūṛnā (ṭuḍḍyas) to mark with dots, streaks, etc> ṭūṛnā �ṭuḍḍyas�
<Row Kui d2971 dega (degi-) to run, jump, leap; <i>n.</i> running, jumping, jump, leap> dega �degi-�
<Row Kui d2971 detka (detki-) to jump; <i>n.</i> a jump. <i>> detka �detki-�
<Row sunkar d2971 ḍēv- (-it-) to jump> ḍēv- �-it-�
<Row Kuwi d2971 ḍēm- (-it-) id> ḍēm- �-it-�
<Row Kuwi d2975 ḍe'rā id. DEDS 490> ḍe�rā
<Row sunkar d2977 ḍru'i sp. lizard> ḍru�i
<Row bisam d2977 ḍru'i sp. lizard> ḍru�i
<Row Tam d2982 fem. toṅki > fem� toŋki
<Row Kolami d2982 ḍoŋgrip- (ḍoŋgript-) to steal> ḍoŋgrip- �ḍoŋgript-�
<Row Kolami d2988 ḍol- (ḍolt-) to lie down, be felled> ḍol- �ḍolt-�
<Row Kolami d2988 ḍolp- (ḍolopt-) to fell (trees), pull down (wall). <i>> ḍolp- �ḍolopt-�
<Row Kui d2988 ḍōpa (ḍōt-) to lie down, recline, sleep; <i>n.</i> act of lying down, sleep. <i>> ḍōpa �ḍōt-�
<Row sunkar d2988 ḍul- (-it-) (hair, leaves) to fall> ḍul- �-it-�
<Row Kuwi d2988 ḍō- (-t-) to sleep. DED(S) 2421> ḍō- �-t-�
<Row Kolami d2991 ḍo·me mosquito> ḍo�me
<Row Pengo d2992 ṭrak- (-t-) to beat, strike. <i>> ṭrak- �-t-�
<Row Manda d2992 ṭrak- (-t-) id. DEDS 497> ṭrak- �-t-�
<Row Pengo d2994 ḍrok- (-t-) to take (child) in lap> ḍrok- �-t-�
<Row BettaKurumba d2996 1.12) tokki bedbug> � tokki
<Row Kota d2996 ce·ḷ id> ce�ḷ
<Row Kota d2998 dag dag in- (iḏ-) (flame) burns brightly> dag dag in- �iḏ-�
<Row OIA d2998 *dhagg- > �dʰagg
<Row H d2998 Panj > �anj
<Row Tam d2999 takar (-v-, -nt-) to be broken to pieces (as skull bone, earthen vessels), be shattered, crushed, bruised, be scattered (as the ranks of an army), be breached (as a dam, bank), be uprooted; (-pp-, -tt-) to break to pieces, strike, dash to the ground, cuff, strike with the knuckles (as on the head), bruise, fracture (as a bone), break the ranks of an army, ruin, destroy, break open (a blister, boil); <i>n.</i> dust, powder, shiver, fragment> takar �-v-� -nt-�
<Row Kota d3001 tagarm (obl. tagart- ) tin> tagarm �obl� tagart
<Row Konda d3004 tagli (-t-) to touch, hit> tagli �-t-�
<Row Tam d3005 taku (takuv-, takk- to be fit, appropriate, suitable, proper, worthy, adequate, proportionate, be excellent, begin, get ready, be obtained, be deserved, resemble> taku �takuv-� takk
<Row Tam d3005 takunt-) to be fit, appropriate, suitable, proper, worthy, adequate, proportionate, be excellent, begin, get ready, be obtained, be deserved, resemble> takunt-�
<Row Tam d3005 takku (takki-) to be fit, suitable, becoming> takku �takki-�
<Row Kota d3005 tev- (tevt-) (woman) has anticipatory menstruation ceremony before village festival> tev- �tevt-�
<Row Toda d3005 tokoQ suitable> toko�
<Row Kannada d3005 tagu (takk-) to be fit or proper, suit> tagu �takk-�
<Row Tam d3006 takai (-v-, -nt-) to stop, resist, check, deter, obstruct or forbid by oath, seize, take hold of, overpower, subdue, shut in, enclose, include, bind, fasten, yoke; (-pp-, -tt-) to check, resist, stop, deter, bind, fasten; <i>n.</i> binding, fastening, garland, obstruction, check, hindrance, armour, coat of mail> takai �-v-� -nt-�
<Row Pengo d3007 dak- (-t-) to remove, take off> dak- �-t-�
<Row Kota d3008 takc- (takc-) to sprinkle (water) from palm of hand> takc- �takc-�
<Row Tam d3014 taṅku (taṅki-) to stay, sojourn, abide, remain, be stable, firmly established, be retained in the mind, exist, halt, wait, delay, be obstructed, reserved, or kept back; <i>n.</i> staying, stopping> taŋku �taŋki-�
<Row Tam d3014 takku (takki-) to come to stay, become permanent, lasting (as a possession or acquisition), be retained> takku �takki-�
<Row Kota d3014 taŋg- (taŋgy-) to spend time in a place away from home> taŋg- �taŋgy-�
<Row Toda d3014 tok- (toky-) to last long (money, situation), (child) lives long> tok- �toky-�
<Row Toda d3014 toζ other, different (i.e. the remaining one, the other one)> to�
<Row Kolami d3014 tak- (takt-) to live (in a place), remain, stay (e.g. silent)> tak- �takt-�
<Row Kui d3019 tāja (tāji-) id.; <i>n.</i> wiping. <i>> tāja �tāji-�
<Row Tam d3020 taṭi (-pp-, -tt-) to grow large, full, become stout, swell, become enhanced, increase, grow, thicken, congeal, grow stiff, hard> taṭi �-pp-� -tt-�
<Row Mal d3020 fem. taṭicci > fem� taṭicci
<Row Kui d3020 ḍāḍa (ḍāḍi-) to increase in numbers, multiply; <i>n.</i> increase> ḍāḍa �ḍāḍi-�
<Row OIA d3021 e.g > e�g
<Row Kota d3022 daḍa·l with a sudden jerk> daḍa�l
<Row OIA d3022 e.g > e�g
<Row Kodagu d3023 daḍḍu· buḍḍu· noise of a heavy fall (as of a coconut from a tree)> daḍḍu� buḍḍu�
<Row Tam d3025 taṭavu (taṭavi-) to stroke, anoint as with liniment, smear, spread on (plaster), grope, feel one's way with hands and feet as in the dark, seek, play (e.g. lute)> taṭavu �taṭavi-�
<Row Kota d3025 taṛmbaṛ- (taṛmbaṭ-) to make one's way in the dark by groping> taṛmbaṛ- �taṛmbaṭ-�
<Row Kota d3025 taṛva·t- (taṛva·ty-) to explore with hand something out of sight or in dark> taṛva�t- �taṛva�ty-�
<Row Kota d3025 taṛk- (taṛky-) to search for> taṛk- �taṛky-�
<Row Toda d3025 to·ḍboṛ- (to·ḍboṭ-) to feel way in dark> to�ḍboṛ- �to�ḍboṭ-�
<Row Kodagu d3025 tavḍ- (tavḍi-) to feel way in dark, search for in dark. <i>> tavḍ- �tavḍi-�
<Row Tam d3028 taṭi (-pp-, -tt-) to swell in patches (as the skin by slight poison)> taṭi �-pp-� -tt-�
<Row Kota d3028 taṛv- (taṛd-) to become marked with itching spots by irritant plant> taṛv- �taṛd-�
<Row Toda d3028 toṛy- (toṛc-) mark comes on skin (from blow, bite)> toṛy- �toṛc-�
<Row Tam d3029 taṭi (-v-, -nt-) to hew down, cut off, kill> taṭi �-v-� -nt-�
<Row pampa d3030 daḍigaN a man who bears a club> daḍiga�
<Row Tam d3031 taṭu (-pp-, -tt-) to hinder, stop, obstruct, forbid, prohibit, resist, dam, block up, partition off, curb, check, restrain, control, ward off, avert; <i>n.</i> hindering, checking, resisting> taṭu �-pp-� -tt-�
<Row Tam d3031 taṭakku (taṭakki-) to be obstructed, impeded, detained; obstruct, hinder, detain; <i>n.</i> obstacle, hindrance, impediment, obstruction> taṭakku �taṭakki-�
<Row Tam d3031 taṭaṅku (taṭaṅki-) to be obstructed> taṭaŋku �taṭaŋki-�
<Row Tam d3031 taṭukku (taṭukki-) to obstruct, impede; <i>n.</i> impediment> taṭukku �taṭukki-�
<Row Tam d3031 taṭai (-v-, -nt-) to hinder, stop; (-pp-, -tt-) id.; <i>n.</i> resisting, obstructing, hindrance, obstacle, impediment, objection, coat of mail, guard, watch, door, gate, bund, embankment> taṭai �-v-� -nt-�
<Row Tam d3031 taṭṭu (taṭṭi-) to obstruct, hinder, ward off, oppose, frustrate; <i>n.</i> warding off, averting, impediment, frustration> taṭṭu �taṭṭi-�
<Row Tam d3031 taṇṭu (taṇṭi-) to be hindered> taṇṭu �taṇṭi-�
<Row Kota d3031 taṛv- (taṛt-) to obstruct, stop> taṛv- �taṛt-�
<Row Toda d3031 taṛf- (taṛt-) to delay, prevent, screen> taṛf- �taṛt-�
<Row Kodagu d3031 taḍe- (taḍev-, taḍand-) to be obstructed (by person or thing)> taḍe- �taḍev-� taḍand-�
<Row Kodagu d3031 taḍï- (taḍïp-, taḍït-) to stop, obstruct, endure> taḍɨ- �taḍɨp-� taḍɨt-�
<Row Kuwi d3032 dṛa'li (<i>pl.</i>dṛapka) rag> dṛa�li
<Row Kuwi d3032 tra'li handkerchief. DED(S) 2461> tra�li
<Row Tam d3033 taṭavu (taṭavi-) to be halting, hesitating, sway as a drunken man> taṭavu �taṭavi-�
<Row Tam d3033 taṭataṭa (-pp-, -tt-) to totter, be confused in speech> taṭataṭa �-pp-� -tt-�
<Row Tam d3033 taṭumāṟu (taṭumāṟi-) to be deranged, thrown into a jumble, totter, stagger, be unsteady, be troubled, tossed about, be confused, troubled, perplexed, doubt, hesitate, be mistaken> taṭumāṟu �taṭumāṟi-�
<Row Tam d3039 taṭṭu (taṭṭi-) to knock, tap, pat, strike against, dash against, strike, beat, hammer, thresh; <i>n.</i> knocking, patting, breaking, striking against, collision> taṭṭu �taṭṭi-�
<Row Mal d3039 fem. taṭṭātti; taṭṭāran washerman> fem� taṭṭātti� taṭṭāran
<Row Kota d3039 taṭ- (tac-) to pat, strike, kill, (curse) affects, sharpen, disregard (words)> taṭ- �tac-�
<Row Kota d3039 taṭ a·ṛ- (a·c) to stagger from fatigue> taṭ a�ṛ- �a�c�
<Row Toda d3039 toṭ- (toṭy-) to strike (with hammer), pat, (sin) strikes> toṭ- �toṭy-�
<Row Toda d3039 toṛ- (toṭ-) to bump foot> toṛ- �toṭ-�
<Row Toda d3039 fem. toṭty to be tired, exhausted> fem� toṭty
<Row Toda d3039 toṭxity; toṭk ïn- (ïḏ-) to be tired, exhausted> toṭxity� toṭk ɨn- �ɨḏ-�
<Row Kodagu d3039 taṭṭ- (taṭṭi-) to touch, pat, ward off, strike off, (curse) effects> taṭṭ- �taṭṭi-�
<Row Kodagu d3039 fem. taṭṭati (Shanmugam)> fem� taṭṭati
<Row Kurux d3039 taṛnā (taṛcas) to flog, lash, whip> taṛnā �taṛcas�
<Row OIA d3039 *ṭhaṭṭh- to strike; no. 5493> �ṭʰaṭṭʰ
<Row OIA d3039 *ṭhaṭṭhakāra- brassworker; √> �ṭʰaṭṭʰakāra
<Row OIA d3039 tāˊḍa- a blow; no. 5752> tā�ḍa
<Row Toda d3040 a·toṭ that bank> a�toṭ
<Row Toda d3040 i·toṭ this bank (see 1)> i�toṭ
<Row Tam d3045 taṇi (-v-, -nt-) to be allayed, mitigated, appeased, soothed, abate, go out (fire); (-pp-, -tt-) to relieve, appease, satisfy, moderate, put out, extinguish; <i>n.</i> coolness, coldness> taṇi �-v-� -nt-�
<Row Kota d3045 taṇ in- (iḏ-) to become cool, abate> taṇ in- �iḏ-�
<Row Kota d3045 tayṇ- (taṇc-) (body) becomes cool (in fever, at point of death)> tayṇ- �taṇc-�
<Row Kota d3045 taṇc- (taṇc-) to make to become cool, calm> taṇc- �taṇc-�
<Row Kota d3045 daṇak in- (iḏ-) to become limp with fatigue> daṇak in- �iḏ-�
<Row Toda d3045 toḍwï·ṟ (&lt; toṇ-twï·ṟ) stale food> toḍvɨ�ṟ ��lt� toṇ-tvɨ�ṟ�
<Row Toda d3045 to moζ stale buttermilk> to mo�
<Row Toda d3045 toṇ ïn-(ïḏ-) to give blessings, give prosperity> toṇ ɨn-�ɨḏ-�
<Row Toda d3045 toṇy- (toṇs-) to become damp, cool, calm> toṇy- �toṇs-�
<Row Toda d3045 toṇc- (toṇč-) to make cool, calm> toṇc- �toṇč-�
<Row Kodagu d3045 taṇi- (taṇiv-, taṇiñj-) (thing) becomes cold> taṇi- �taṇiv-� taṇiñj-�
<Row Kodagu d3045 taŋ-gu·ḷï rice cooked previous day> taŋ-gu�ḷɨ
<Row Gondi d3045 daṛŋgiˀ - (Voc 1847)> daṛŋgiˀ - ��oc
<Row Pengo d3045 dṛāh- (dṛāst-) (rice) to become stale. ?> dṛāh- �dṛāst-�
<Row Kurux d3045 caẽnā (caĩńas) to get wet, be drenched; <i>caus.</i>> caẽnā �caĩńas�
<Row Kurux d3045 caẽda'ānā > caẽda�ānā
<Row Kurux d3045 caĩda'ānā > caĩda�ānā
<Row Kurux d3045 caĩta'ānā > caĩta�ānā
<Row Kurux d3045 caẽta'ānā > caẽta�ānā
<Row OIA d3045 *thaṇḍha- (e.g> �tʰaṇḍʰa
<Row OIA d3045 *ṭhaṇḍha- (e.g> �ṭʰaṇḍʰa
<Row Tam d3047 taṇi (-v-, -nt-) to abound, be profuse, increase in size, grow fat> taṇi �-v-� -nt-�
<Row Telugu d3047 tanar&lt;-&gt; (u)pu increase, progress, advancement, height, width, breadth> tanar�lt�-�gt� �u�pu
<Row Tam d3051 taṇṭi (-pp-, -tt-) to take pains, try hard> taṇṭi �-pp-� -tt-�
<Row Konda d3053 dand- (-it-) to kick, beat. DED(S) 2481> dand- �-it-�
<Row Tam d3054 taṇṭu (taṇṭi-) to collect, levy, recover (as debts, rents, taxes, etc.); ?> taṇṭu �taṇṭi-�
<Row Kota d3054 taṇḍ- (taṇḍy-) to win in contest or strife; (debt) is paid; pay off (debt)> taṇḍ- �taṇḍy-�
<Row Kota d3054 daṇḍ- (daṇḍy-) to work off (a debt); keep up with a person> daṇḍ- �daṇḍy-�
<Row Toda d3054 toḍ- (toḍy-) to have ability or strength to, be capable of> toḍ- �toḍy-�
<Row OIA d3056 *ḍaṇṭha- etc. (Pa.ḍānḍa, Ga. (P.)ḍanḍa, Kuwi (Su.)ḍanḍasugarcane &lt> �ḍaṇṭʰa
<Row Tam d3061 tattaḷi (-pp-, -tt-) to be greatly agitated> tattaḷi �-pp-� -tt-�
<Row Tam d3062 tattu (tatti-) to leap, jump, skip, hop, go by leaps and jumps, move by jerks and starts (as cockroaches), jump over, measure as in pacing; <i>n.</i> springing forward, hopping, moving by herks, anxiety, peril, misfortune, mistake, error> tattu �tatti-�
<Row Kurux d3065 tadāba'anā to console, dry the tears of, appease> tadāba�anā
<Row Tam d3067 Ar̤āṉ; āntai father of> �ṛ̆āṉ� āntai
<Row Tam d3067 Ātaṉ; pur̤āntai father of> �taṉ� puṛ̆āntai
<Row Tam d3067 Pur̤āṉ > �uṛ̆āṉ
<Row Tam d3068 tapu (? -pp-, -tt-) to perish, come to an end, die; (-pp-, -tt-)to destroy> tapu �� -pp-� -tt-�
<Row Tam d3068 tappu (tappi-) to die> tappu �tappi-�
<Row Tam d3068 tava (-pp-, -nt-) to cease> tava �-pp-� -nt-�
<Row Tam d3068 tavaṟu (tavaṟi-) to die> tavaṟu �tavaṟi-�
<Row Tam d3068 tavu (? -v- or> tavu �� -v
<Row Tam d3068 -pp-, -tt-) to shrink, be reduced, be ruined> pp-� -tt-�
<Row Tam d3068 tavvu (tavvi-) to lessen, decrease, shrink, perish, decay, waste away; <i>n.</i> shrinking, perishing, decay> tavvu �tavvi-�
<Row Tam d3068 tāvu (tāvi-) to perish, decay (usually in neg forms), be removed, disappear; <i>n.</i> ruin> tāvu �tāvi-�
<Row Kota d3068 tav- (tat-) to die> tav- �tat-�
<Row Kota d3068 tavi·r (&lt; tav-ayr-; tavrc&lt; tav-arc-) to kill> tavi�r ��lt� tav-ayr-� tavrc�lt� tav-arc-�
<Row Kota d3068 ta·v death, corpse, funeral> ta�v
<Row Kota d3068 ta· pay house where there is a death> ta� pay
<Row Kota d3068 ta· vay house where there is a death> ta� vay
<Row Kota d3068 ta· vi· house where there is a death> ta� vi�
<Row Kota d3068 ta· na·ṛ place where corpse is cremated. ?> ta� na�ṛ
<Row Toda d3068 to·n the deceased (e.g.to·n moxthe dead boy,to·n wïs̱e·nthe decreased Wïs̱e·n)> to�n
<Row Kannada d3068 tavuṅku = tavu <i>vb.</i>> tavuŋku � tavu
<Row Kota d3069 daba·r in- (iḏ-) to make sound of body falling in a heap on to ground from a height> daba�r in- �iḏ-�
<Row Kota d3069 daba·l in- (iḏ-) to make sound of body falling in a heap on to ground from a height> daba�l in- �iḏ-�
<Row Kota d3069 daba·rn with noise daba·r> daba�rn
<Row Kota d3069 daba·l with noise daba·l> daba�l
<Row Kota d3069 daba·ln with noise daba·l> daba�ln
<Row Kota d3069 dap dop in- (iḏ-) to make repeated noises of falling or beating, or of a body thrashing about> dap dop in- �iḏ-�
<Row Kota d3069 dop dap in- (iḏ-) to make bumping noise of sexual intercourse> dop dap in- �iḏ-�
<Row Kota d3069 dop in- (iḏ-) to make noise of falling> dop in- �iḏ-�
<Row Kota d3069 doba·r in- (iḏ-) to make noise of (pots, body) falling with a crash> doba�r in- �iḏ-�
<Row Kota d3069 doba·rn with noise doba·r> doba�rn
<Row Kota d3069 doba·r daba·r in- (iḏ-) to make noise of thrashing about while struggling> doba�r daba�r in- �iḏ-�
<Row Toda d3069 pa· top the river's noise of waves beating (in song;<i>TS</i> pa· tobis misprint; forpa·, see 4318)> pa� top
<Row OIA d3069 *dab- DED(S) 2496> �dab
<Row Tam d3071 tappu (tappi-) to err, mistake, blunder, fail, be useless, go wrong, be omitted, escape, be rescued, be lost; <i>n.</i> fault, error, mistake, misdemeanour, slip, failure, lie, falsehood, deception, escape, flight, slipping away> tappu �tappi-�
<Row Telugu d3071 get free; tappitam blunder, mistake, error, wrong> get free� tappitam
<Row Telugu d3071 tavaṟu (tavaṟi-) to slip, trip, fail, miscarry, prove abortive, be unsuccessful, fail in duty, transgress, sin, stray, lose the way, err, mistake, blunder; <i>n.</i> mistake, error, blunder, failure, fault, delinquency> tavaṟu �tavaṟi-�
<Row Kota d3071 tap- (tapy-) to make mistake, be lost, escape> tap- �tapy-�
<Row Kota d3071 tapc- (tapc-) to make to escape> tapc- �tapc-�
<Row Kota d3071 tavr- (tavry-) to make mistake, transgress against, omit, be absent> tavr- �tavry-�
<Row Toda d3071 top- (topy-) to postpone, fail to come; escape, give slip to> top- �topy-�
<Row Toda d3071 tops- (topsy-) to fail (to do); make to escape> tops- �topsy-�
<Row Toda d3071 topc- (topč-) to escape; deliver from danger> topc- �topč-�
<Row Kodagu d3071 tapp- (tappi-) to escape> tapp- �tappi-�
<Row Konda d3071 tap- (-t-) to miss or fail, falter, fail to fulfil one's promise> tap- �-t-�
<Row Kuwi d3071 tap- (-it-) to go astray> tap- �-it-�
<Row Tam d3072 tappu (tappi-) to grope, feel about> tappu �tappi-�
<Row Kolami d3073 tap- (tapt-) to put (spell on buffalo), turn upside down (bo·ḍla tᵒ), jump down (urki tᵒ)> tap- �tapt-�
<Row Tam d3075 tappu (tappi-) to strike, beat, kill> tappu �tappi-�
<Row Tam d3078 tavar (-v-, -nt-) to bore a hole; <i>n.</i> hole in a board> tavar �-v-� -nt-�
<Row Kota d3078 tav- (tavd-) to butt with both horns, gore> tav- �tavd-�
<Row Tam d3085 nampi; nampiyāṉ the title of officiating temple-priests> nampi� nampiyāṉ
<Row Mal d3085 nampicci; nampiyān a title of princes; the steward of a pagoda (<i>hon.</i>nampiyār)> nampicci� nampiyān
<Row seoni d3085 tammun (pl. tammur ) younger brother (<i>Voc.</i> 1662)> tammun �pl� tammur
<Row gommu d3085 tammuṇḍu (pl. tammask ) id> tammuṇḍu �pl� tammask
<Row Parji d3087 tayal (masc.) (<i>non-masc.</i>) light (in weight)> tayal �masc��
<Row Mal d3089 taykkuka (tacc-) to strike> taykkuka �tacc-�
<Row Kota d3089 tac- (tac-) to kill (animal)> tac- �tac-�
<Row Toda d3089 toc- (toč-) to beat (or with 2322 Ta.cati). DED 2518> toc- �toč-�
<Row Tam d3094 tari (-pp-, -tt-) to stop, stand still, rest, abide, stand firm, be firm, bear patiently, endure; <i>n.</i> abiding, tarrying, rest> tari �-pp-� -tt-�
<Row Parji d3095 terip- (terit-) to churn. DED 2523> terip- �terit-�
<Row Tam d3098 taru (tār- ) to give to 1st or 2nd person (meaning: <i>Tolk. Coll.</i> 1. 29)> taru �tār
<Row Tam d3098 imper. tā; past tant- ) to give to 1st or 2nd person (meaning: <i>Tolk. Coll.</i> 1. 29)> imper� tā� past tant
<Row Tam d3098 taruvi (-pp-, -tt-) to cause to bring> taruvi �-pp-� -tt-�
<Row Mal d3098 tarika (tār-, tā; tann-) to give to 1st or 2nd person> tarika �tār-� tā� tann-�
<Row Kota d3098 ta·r- (ta-, ta·; taḏ-) to give to 1st or 2nd person> ta�r- �ta-� ta�� taḏ-�
<Row Kota d3098 takc- (takc-) to make to give to 1st or 2nd person or to oneself> takc- �takc-�
<Row Toda d3098 to·r- (ta-, taš-, to·; tod-) to give to 1st or 2nd person or reflexive> to�r- �ta-� taš-� to�� tod-�
<Row Kannada d3098 tār (tā; tand-) to lead or conduct near, bring; give (Badaga has meaning 'to give to 1st or 2nd person')> tār �tā� tand-�
<Row Kodagu d3098 tar- (ta·; tapp-, tand-) to give to 1st or 2nd person; ?> tar- �ta�� tapp-� tand-�
<Row Telugu d3098 teccu (tē-, tēr-) to bring, get, cause, produce, create> teccu �tē-� tēr-�
<Row Telugu d3098 -tencu (-tē-, -tēr-) aux. with refl. meaning; to come (e.g.canu-dencuto come;canu-dē̃ka, canu-dērakanot coming)> tencu �-tē-� -tēr-�
<Row yavatmal d3098 tar- (tat-) > tar- �tat-�
<Row muria d3098 tar- (tatt-) to bring> tar- �tatt-�
<Row maria d3098 tar- (tatt-) to bring> tar- �tatt-�
<Row seoni d3098 tar- (tatt-) to bring> tar- �tatt-�
<Row koya d3098 tar- (tatt-) to bring> tar- �tatt-�
<Row Konda d3098 ta- (-t- <i>neg.</i>> ta- �-t
<Row Pengo d3098 ta- (tat-) id> ta- �tat-�
<Row Kui d3098 tapa (tat-) id.; <i>n.</i> bringing. <i>> tapa �tat-�
<Row sunkar d3098 taˀ - (tat-) > taˀ - �tat-�
<Row Kuwi d3098 tācali (tāt-) > tācali �tāt-�
<Row Kuwi d3098 ta'nai to bring> ta�nai
<Row Brah d3098 tining (tir- [dial> tining �tir
<Row Brah d3098 neg. ti- [dial> neg� ti
<Row Brah d3098 tē-] ) to give (for> tē-�
<Row Brah d3098 imper. ēte ) to give (for> imper� ēte
<Row Mal d3098 generosity; hatining to bring, give birth to, think of doing something, attempt, intend (forha-, see 296). For relationship between> generosity� hatining
<Row Mal d3098 hating (neg. hati-, present hatē-, hatarē-, imper. hata, hatar, past hēs-) to bring, give birth to, think of doing something, attempt, intend (forha-, see 296). For relationship between> hating �neg� hati-� present hatē-� hatarē-� imper� hata� hatar� past hēs-�
<Row Mal d3098 *ta- and Te. forms with> �ta
<Row Tam d3099 tarukku (tarukki-) to pound, break, pierce, injure, torment> tarukku �tarukki-�
<Row Pengo d3100 dāh- (dāst-) to seek, search> dāh- �dāst-�
<Row Kui d3100 dahpa (daht-) to seek, search for, desire, want; <i>n.</i> search, desire, longing. <i>> dahpa �daht-�
<Row Kuwi d3100 tāh'nai to seek> tāh�nai
<Row Kuwi d3100 dāh'nai to trace> dāh�nai
<Row Kuwi d3100 dah'- to search> dah�
<Row Kota d3101 tava·ry orphan> tava�ry
<Row Toda d3101 tobe·ry id. <i>> tobe�ry
<Row Toda d3103 tes̱amf- (tes̱amt-) to perform child's hair-cutting and naming ceremony (lit. to prepare head; for-amf-, see 162)> tes̱amf- �tes̱amt-�
<Row Kodagu d3103 t. kaḷe a single hair (kaḷea weed; see 1373)> t� kaḷe
<Row Naikri d3103 tal (pl. -kuḷ) id.; (<i>pl.</i>-śil) honeycomb> tal �pl� -kuḷ�
<Row salur d3103 tallu (pl. talkil ) head. <i>> tallu �pl� talkil
<Row adil d3103 talla (pl. -ŋ) > talla �pl� -ŋ�
<Row yavatmal d3103 talla (pl. -ŋ) > talla �pl� -ŋ�
<Row gommu d3103 talla (pl. -ŋ) > talla �pl� -ŋ�
<Row muria d3103 talla (pl. -ŋ) > talla �pl� -ŋ�
<Row betul d3103 talā (pl. -hk) > talā �pl� -hk�
<Row betul d3103 tallā (pl. tallāng) the part of the comb in which honey is stored> tallā �pl� tallāng�
<Row Kui d3103 tlau (pl. tlāka) head, hair of head> tlau �pl� tlāka�
<Row sunkar d3103 trāyu (pl. trāka) head> trāyu �pl� trāka�
<Row bisam d3103 trāyu (pl. trāka) head> trāyu �pl� trāka�
<Row Tam d3105 tallu (talli-) to beat, crush> tallu �talli-�
<Row Toda d3106 tof ïn- (ïḏ-) to be perfect> tof ɨn- �ɨḏ-�
<Row Tam d3107 tavaṅku (tavaṅki-) to be hindered, impeded, be in distress, be dejected> tavaŋku �tavaŋki-�
<Row Tam d3109 tavar̤ (-v-, -nt-) to creep, crawl (as infants, lizards, snakes), leap and flow (as waves), extend, traverse, spread on all sides> tavaṛ̆ �-v-� -nt-�
<Row Tam d3109 tivaḷ (tivaḷv-, tivaṇt-) to move as on the ground> tivaḷ �tivaḷv-� tivaṇt-�
<Row Toda d3109 tof- (tofQ-) to go on all fours> tof- �tof�-�
<Row Tam d3112 Ko. tavṭ id> �o� tavṭ
<Row Tam d3113 tavir (-v-, -nt-) to abstain, refrain, cease, become extinct, stay, abide, subside, abate, leave, separate from, forsake, shun, avoid, omit, renounce, give up, cease from; (-pp-, -tt-) to put away, remove, dispel, chase away, expel, exclude, discontinue, hinder, restrain> tavir �-v-� -nt-�
<Row Tam d3115 tar̤al (tar̤alv-, tar̤aṉṟ-) to glow, be very hot, burn, shine; <i>n.</i> fire, live coals, embers> taṛ̆al �taṛ̆alv-� taṛ̆aṉṟ-�
<Row Kolami d3115 tari- (tarit-) (fire) burns> tari- �tarit-�
<Row Kolami d3115 tarp- (tarapt-) to light (fire)> tarp- �tarapt-�
<Row Parji d3115 taṛkip- (taṛkit-) to heat> taṛkip- �taṛkit-�
<Row Kui d3115 *c- DED(S) 2542> �c
<Row Kui d3115 *t- DED(S) 2542> �t
<Row Tam d3116 tar̤uvu (tar̤uvi-) to clasp, embrace, hug, entwine; adopt as an opinion or course of life, treat kindly, make friendship, surround, compress, contain, keep within oneself, mix with, join, copulate; <i>n.</i> embracing, clasping, armful> taṛ̆uvu �taṛ̆uvi-�
<Row Kota d3116 dab- (daby-) to put arms around> dab- �daby-�
<Row Kota d3116 takc- (takc-) to carry in arms under the cloak> takc- �takc-�
<Row Kota d3116 ka·l tek iḍ- (iṭ-) to sit with feet crossed, throw in wrestling by hooking opponent's leg with one's own> ka�l tek iḍ- �iṭ-�
<Row Toda d3116 teškwïḷ- (teškwïḍ-) to hug (cf. 2151 Ta.koḷ); teḷk, seḷkcrook or circle of arms> teškvɨḷ- �teškvɨḍ-�
<Row Kodagu d3116 tabb- (tabbi-) to embrace> tabb- �tabbi-�
<Row Tam d3118 tar̤umpu (tar̤umpi-) to be scarred, bruised, marked, become practised, addicted; <i>n.</i> scar, cicatrice, bruise, weal, mark, impression, dent made in the skin, injury, blemish, stigma, defect in character> taṛ̆umpu �taṛ̆umpi-�
<Row Tam d3119 tar̤ai (-v-, -nt-) to sprout, shoot forth, thrive, grow luxuriant (as plants); (-pp-, -tt-) to flourish, thrive, grow luxuriantly (as plants), overflow with joy, be abundant (as a flood), multiply, grow, prosper (as a family, people, state); <i>n.</i> sprouting, sprout, shoot, spray, twig, bough with leaves, peacock's tail, fan, a kind of garland> taṛ̆ai �-v-� -nt-�
<Row Kui d3119 dalga (dalgi-) to spread over a space, increase in extent, overspread, overcast; <i>n.</i> extension, a spreading over. ?> dalga �dalgi-�
<Row Kuwi d3120 thṛā'na > tʰṛā�na
<Row sunkar d3120 tra'na > tra�na
<Row Pengo d3122 ṛav- (-t-) to excavate earth, scoop out (pulp from gourd)> ṛav- �-t-�
<Row Pengo d3122 ṛov- (-t-) to excavate earth, scoop out (pulp from gourd)> ṛov- �-t-�
<Row Kui d3122 tāṛa (tāṛi-) to dig out, excavate, scratch out; <i>n.</i> excavation, scratching out> tāṛa �tāṛi-�
<Row Kui d3122 ṛaja (ṛaji-) to scratch up earth or dust; <i>n.</i> scratching up> ṛaja �ṛaji-�
<Row Kuwi d3122 taṛj- (-it-) to scratch up, as dog, fowl, etc> taṛj- �-it-�
<Row Kuwi d3122 tṛaj- (-it-) to scratch up, as dog, fowl, etc> tṛaj- �-it-�
<Row Kuwi d3122 ṛev- (-it-) (Su.) to dig, excavate, (Isr.) to take out soil from hole. DED(S, N) 2547, DEDS(N) 837 (Su. 1973, p. 141;*tar̤-&gt;*tr̤a-&gt;ṛa-; ? cf. 3178), and from DED 2805> ṛev- �-it-�
<Row Tam d3123 taḷ (taṭp-, taṭṭ-) to hinder, obstruct, stop, dam up> taḷ �taṭp-� taṭṭ-�
<Row Manda d3124 taṛ- (-t-) to strip off (bark)> taṛ- �-t-�
<Row Tam d3125 taḷataḷa (-pp-, -tt-) to be brilliant, transparent, be sleek (as the body), plump> taḷataḷa �-pp-� -tt-�
<Row Tam d3125 taḷukku (taḷukki-) to be bright, glitter, shine; <i>n.</i> shining, glittering, splendour. ?> taḷukku �taḷukki-�
<Row Kota d3125 taṇ taṇ in- (iḏ-) (surface, cattle's coat) shines> taṇ taṇ in- �iḏ-�
<Row Kota d3125 taṇtaṇk in- (iḏ-) (surface) feels smooth and satiny> taṇtaṇk in- �iḏ-�
<Row OIA d3125 *ṭal- those items that mean 'glitter' or the like; the IA items show> �ṭal
<Row OIA d3125 *ḷ Cf. also> �ḷ
<Row Tam d3127 taḷar (-v-, -nt-) to droop, faint, grow weary, enfeebled, infirm, or decrepit, grow slack, become relaxed as a tie or grasp, become flabby from age, suffer, lose one's vitality; <i>n.</i> slackening> taḷar �-v-� -nt-�
<Row Tam d3127 taḷarttu (taḷartti-) to loosen> taḷarttu �taḷartti-�
<Row Tam d3127 taḷataḷa (-pp, -tt-) to become loose, as a cloth worn upon the person> taḷataḷa �-pp� -tt-�
<Row Kota d3127 taḷa·r- (taḷa·ry-) to take rest> taḷa�r- �taḷa�ry-�
<Row Kodagu d3127 taḷe- (taḷev-, taḷand-) to become weak> taḷe- �taḷev-� taḷand-�
<Row Kodagu d3127 taḷat- (taḷati-) to make weak, exhaust> taḷat- �taḷati-�
<Row Tam d3128 taḷampu (taḷampi-) to stagger, totter> taḷampu �taḷampi-�
<Row Tam d3128 taḷḷāṭu (taḷḷāṭi-) id> taḷḷāṭu �taḷḷāṭi-�
<Row Konda d3128 teṟli (-t-) (water) to boil excessively> teṟli �-t-�
<Row Tam d3131 taḷir (-pp-, -tt-) to shoot forth, sprout, put forth leaves, flourish, prosper, rejoice; <i>n.</i> sprout, tender shoot> taḷir �-pp-� -tt-�
<Row Kuwi d3131 dāl- (-it-) to blossom> dāl- �-it-�
<Row Tam d3132 taḷukku (taḷukki-) to smear, rub in> taḷukku �taḷukki-�
<Row Tam d3133 taḷai (-v-, -nt-) to fasten, bind, chain; (-pp-, -tt-) id., to entangle, confine, restrain; <i>n.</i> fastening, cord, rope> taḷai �-v-� -nt-�
<Row Tam d3133 taṭku (taṭki-) to bind, enchain> taṭku �taṭki-�
<Row Tam d3135 taḷḷu (taḷḷi-) to push, force forward, shove away, expel, reject, dismiss; be removed, be lost, fail; <i>n.</i> pushing, rejecting> taḷḷu �taḷḷi-�
<Row Kota d3135 taḷ- (tayḷ-) to push, outcaste> taḷ- �tayḷ-�
<Row Toda d3135 toḷ- (toḷy-) to push> toḷ- �toḷy-�
<Row Toda d3138 toṯ- (toṯy-) to slap. <i>> toṯ- �toṯy-�
<Row Manda d3138 teh- (-t-) to strike. <i>> teh- �-t-�
<Row Gondi d3139 tǎg̠ẖalī a raincoat made of strips of retted bark of the tree <i>Kydia calycina</i> (<i>Voc.</i> 1679)> t�ɣẖalī
<Row Tam d3140 taṟi (-v-, -nt-) to be cut off, broken; (-pp-, -tt-) to lop, chop off, cut off; <i>n.</i> cutting off, wooden post, stake, weaver's loom, a kind of axe> taṟi �-v-� -nt-�
<Row Kota d3140 tayr- (tarc-) to cut, using implement with one hand, cut path through jungle> tayr- �tarc-�
<Row Kota d3140 kati·r- (&lt;katy-tayr-; katrc-&lt;katy- tarc-) to cut> kati�r
<Row Kota d3140 tayrgo·ṛ wattle-and-daub house-wall> tayrgo�ṛ
<Row Kodagu d3140 tari- (tarip-, taric-) to chop into small bits> tari- �tarip-� taric-�
<Row Kolami d3140 targ- (tarakt-) to cut, cut off> targ- �tarakt-�
<Row sunkar d3140 dā'- (dāt-) > dā�- �dāt-�
<Row Kuwi d3140 dā'nai > dā�nai
<Row Kuwi d3140 dre- (-t-) to cut> dre- �-t-�
<Row Kurux d3140 tārnā (tāryas) to fell (tree), lop off (bough)> tārnā �tāryas�
<Row Kota d3141 tarv- (tard-) to become abraded by moving over rough surface or by having something rubbed over it; (tart-) id> tarv- �tard-�
<Row Tam d3142 taṟu (taṟuv-, taṟṟ-) to wear tightly as a cloth, fasten> taṟu �taṟuv-� taṟṟ-�
<Row Tam d3142 taṟai (-v-, -nt-) to rivet, drive in (nails)> taṟai �-v-� -nt-�
<Row Toda d3142 taṟ- (taṟQ-) to get stuck (in mud, difficulties)> taṟ- �taṟ�-�
<Row Toda d3142 taṟf- (taṟt-) to make poor> taṟf- �taṟt-�
<Row Toda d3142 tel- (teṯ-) to wrap (garment) tightly round waist, (cloth) binds (legs)> tel- �teṯ-�
<Row Toda d3142 tes̱oṛ- (tes̱oṭ-) to place cover on oneself (or someone else) for sleeping (foroṛ-, see 79 Ta.aṭṭuto put)> tes̱oṛ- �tes̱oṭ-�
<Row Kannada d3142 taṟu (tatt-) to join, approach, engage in; <i>n.</i> state of being joined or connected, of being fit, of being settled> taṟu �tatt-�
<Row Tam d3143 taṟuku (taṟuki-) to be hindered, checked, frustrated, stammer> taṟuku �taṟuki-�
<Row bisam d3143 tamb- (-it-) to stop> tamb- �-it-�
<Row Kuwi d3143 tamb- (-it-) to be quiet, stop> tamb- �-it-�
<Row Kuwi d3143 tap- (-h-) to stop (<i>tr.</i>). DED 2565> tap- �-h-�
<Row Tam d3145 taṟai (-v-, -nt-) to be or become bald> taṟai �-v-� -nt-�
<Row Kota d3145 tarv- (tard-) (head) becomes bald> tarv- �tard-�
<Row Toda d3145 taṟ- (taṟQ-) to become bald> taṟ- �taṟ�-�
<Row Toda d3145 taṟf- (taṟt-) to make bald, pluck (hair, fowl)> taṟf- �taṟt-�
<Row Pengo d3146 treh- (trest-) id., plane, cut with adze> treh- �trest-�
<Row Manda d3146 teh- (-t-) to shave> teh- �-t-�
<Row Kui d3146 tahpa (taht-) to smooth off, level down, chip, scrape; <i>n.</i> act of smoothing off. <i>> tahpa �taht-�
<Row sunkar d3146 tah- (tast-) to scrape, plane> tah- �tast-�
<Row Kuwi d3146 tah'nai to engrave. DEDS 512> tah�nai
<Row Tam d3148 taṉṉu (taṉṉi-) to approach. <i>> taṉṉu �taṉṉi-�
<Row Tam d3150 tākku (tākki-) to come in contact, collide, strike against as a vessel on a rock, be severe in reproof, attack, assault, strike, beat, dash, pounce upon, charge; <i>n.</i> attack, assault, dash, blow, clash> tākku �tākki-�
<Row Kota d3150 ta·k- (ta·yk-) to touch with hand> ta�k- �ta�yk-�
<Row Toda d3150 to·k- (to·ky-) to touch (sacred bell in diary, of one who should not do so); shout with anger> to�k- �to�ky-�
<Row Parji d3151 tākip- (tākit-) to make to walk> tākip- �tākit-�
<Row Pengo d3151 tāŋ- (tāŋt-) to walk> tāŋ- �tāŋt-�
<Row Pengo d3151 tāŋg- (tāŋt-) to walk> tāŋg- �tāŋt-�
<Row Kui d3151 tāka (tāki-) id.; <i>n.</i> act of walking; ?> tāka �tāki-�
<Row Kuwi d3151 tāk- (-it-) to walk. ?> tāk- �-it-�
<Row Kolami d3152 ta·k father (always with preceding possessor)> ta�k
<Row Kolami d3152 ta·k ammaner parents> ta�k ammaner
<Row Naikri d3152 tāk-jaran (j => tāk-jaran �j
<Row Tam d3153 tāṅku (tāṅki-) to uphold, bear up, support, protect, guard, give shelter, endure, bear, assume, wear (as crown), delay, hinder, prevent, resist, ward off; <i>n.</i> bearing, supporting, support> tāŋku �tāŋki-�
<Row Kota d3153 ta·ŋg- (ta·ŋgy-) to support (burden), endure, make to escape from death or ill-treatment> ta�ŋg- �ta�ŋgy-�
<Row Toda d3153 to·g- (to·gy-) to support (burden); be stuck in branch; delay> to�g- �to�gy-�
<Row Kodagu d3153 ta·ŋg- (ta·ŋgi-) to lean (<i>intr.</i>)> ta�ŋg- �ta�ŋgi-�
<Row Kodagu d3153 ta·k- (ta·ki-) id. (<i>tr.</i>)> ta�k- �ta�ki-�
<Row Tam d3158 tāṇṭu (tāṇṭi-) to dance, skip, jump, leap across, jump over, cross, step over, transgress, surpass, excel; <i>n.</i> a leap, jump> tāṇṭu �tāṇṭi-�
<Row Kota d3158 da·ṭ- (da·ṭy-) to cross (mark, stream, mountain, road)> da�ṭ- �da�ṭy-�
<Row Toda d3158 to·ṭ- (to·ṭy-) to cross (boundary, etc.)> to�ṭ- �to�ṭy-�
<Row Kodagu d3158 da·ṭ- (-i-) to cross> da�ṭ- �-i-�
<Row Kolami d3158 da·ṭ- (da·ṭt-) to cross> da�ṭ- �da�ṭt-�
<Row Kolami d3158 da·ṭip- (da·ṭipt-) to make to cross> da�ṭip- �da�ṭipt-�
<Row Konda d3158 ḍāṭ- (-t-) to hop, jump, hop in dance, jump over, walk fast> ḍāṭ- �-t-�
<Row Toda d3159 to·Q powdery, soft (of flour or powdered chillies). DED 2579> to��
<Row Kodagu d3160 ta·të grandfather (&lt; Ka.)> ta�tə
<Row Tam d3162 tamaḷ; tami solitude, loneliness, destitution; (-pp-, -tt-) to be alone, lonely> tamaḷ� tami
<Row Tam d3162 tamiyaḷ; tam-appaṉ father> tamiyaḷ� tam-appaṉ
<Row Kota d3162 ta·m (<i>obl.</i>tam-) themselves> ta�m
<Row Kolami d3162 *ta·m (<i>obl.</i>tam-) they, themselves> �ta�m
<Row Kolami d3162 tam ba·n his, her, their own father> tam ba�n
<Row Kodagu d3163 ta·vare id> ta�vare
<Row Pengo d3166 tār (pl. -ku) ant> tār �pl� -ku�
<Row Pengo d3166 dār (pl. -ku) ant> dār �pl� -ku�
<Row Manda d3166 tār (pl. -ke ) id> tār �pl� -ke
<Row Kui d3166 tāru (pl. tārka ) a small black ant. ? Cf. <i>> tāru �pl� tārka
<Row Toda d3167 to·rm (obl. to·rt-) one string of bead necklace with several strands, one thread of skein hanging from woman's armlet> to�rm �obl� to�rt-�
<Row Kota d3170 a·da·ry road, path (cf. 4087 Ta.pāy)> a�da�ry
<Row Kolami d3173 ta·r- (ta·rt-) > ta�r- �ta�rt-�
<Row Kota d3175 ta·ḷy a heavy necklace> ta�ḷy
<Row Toda d3175 to·ly woman's gold neck ornament> to�ly
<Row Kota d3176 ta·yv id> ta�yv
<Row Toda d3176 ta·f fern. DED 2595> ta�f
<Row Tam d3177 tāvu (tāvi-) to jump up, leap, skip over, leap over, cross, spring upon, attack, fly, spread, be luxuriant; <i>n.</i> jumping, leaping, moving, going, galloping> tāvu �tāvi-�
<Row Tam d3177 tavvu (tavvi-) to leap, jump, spring, tread gently, boast, be arrogant; <i>n.</i> hopping, jumping, leaping> tavvu �tavvi-�
<Row Tam d3178 tār̤ (-v-, -nt-) to fall low, be lowered, be low (as a roof), flow down, descend, decline as the sun, sink in water, sink in circumstances or repute, decrease, decay, degenerate, despond, be dejected, prove inferior, fail, stay, rest, halt, hang down, be suspended (as the arms, as locks of hair), be deep, bend, droop, be bowed down, become low, subdued as sound; (-pp-, -tt-) to bow down (<i>tr.</i>), let down, deepen, depress, degrade, wait, stay, delay> tāṛ̆ �-v-� -nt-�
<Row Tam d3178 tār̤ttu (tār̤tti-) to bring low, lower, let down, deepen, reduce, diminish, keep under control, compel obedience, degrade, disgrace, delay, waste time, make a person or object stay, plant (as seeds), bury, sink, submerge, immerse> tāṛ̆ttu �tāṛ̆tti-�
<Row Tam d3178 tar̤ai (-v-, -nt-) to hang down, bow down> taṛ̆ai �-v-� -nt-�
<Row Tam d3178 taṅku (taṅki-) to settle at the bottom (sediment), be under control, obedient, be diminished, quenched (as thirst)> taŋku �taŋki-�
<Row Kota d3178 tag- (tagy-) to draw back from fight, (ground) is hollowed by thunderbolt, (grain) settles when shaken, become physical wreck from beating> tag- �tagy-�
<Row Kota d3178 ta· ka·l instep of foot> ta� ka�l
<Row Toda d3178 to·y- (to·s-) to be lowered; (to·c-) to lower; (in songs) to humble; ?> to�y- �to�s-�
<Row Toda d3178 tö·št- (tö·šty-) to close (the ti· dairy)> tø�št- �tø�šty-�
<Row Toda d3178 tog- (togy-) to be humbled; have dent made in itself> tog- �togy-�
<Row Toda d3178 tok o·x- to be worn out, subdued> tok o�x
<Row Toda d3178 to·št na·s̱- (na·s̱y-) (monsoon) comes slanting with gusts of rain and mist (na·s̱-to play)> to�št na�s̱- �na�s̱y-�
<Row Tulu d3178 tagmaḷů; daṅguni to bend, incline> tagmaḷɯ� daŋguni
<Row Telugu d3178 n. taggimpu; takkuva deficiency, inferiority; less, insufficient, deficient, little in quantity, inferior, low, base. ? <i>> n� taggimpu� takkuva
<Row Kota d3179 ta·ko·l European lock, padlock> ta�ko�l
<Row Kota d3179 ta·ko·lg European lock, padlock> ta�ko�lg
<Row Toda d3179 to·w plank> to�v
<Row Kodagu d3179 ta·ḷï bolt of door> ta�ḷɨ
<Row Kota d3185 ta·ḷ stem, trunk, slope of hill> ta�ḷ
<Row Toda d3185 to·ḷ thigh of animal's hind leg, trunk of tree, slope of hill> to�ḷ
<Row Kodagu d3185 ta·ḷï stem. ?> ta�ḷɨ
<Row Tam d3186 tāḷi (-pp-, -tt-) to season and flavour curry, etc., with spices fried in ghee or oil, flavour medicine as with ghee, oil> tāḷi �-pp-� -tt-�
<Row Telugu d3186 n. tālupu > n� tālupu
<Row Tam d3188 tāḷu (tāḷi-) to bear, suffer, tolerate, be worth, be possible, practicable> tāḷu �tāḷi-�
<Row Kota d3188 ta·ḷ- (ta·ḷy-) to stop and wait> ta�ḷ- �ta�ḷy-�
<Row Kannada d3188 tāḷu (tāḷd-) to hold, take, assume, get, obtain, receive, have or possess, undergo, experience, suffer patiently or quietly, be patient, endure, wait, last, continue unimpaired, wear well, bear with> tāḷu �tāḷd-�
<Row Telugu d3188 tālimikatte; tālcu to wear, put on> tālimikatte� tālcu
<Row Telugu d3188 tālimikatte; tālucu to wear, put on> tālimikatte� tālucu
<Row Kodagu d3191 ta·r- (ta·v- to descend, (sun) sets> ta�r- �ta�v
<Row Kodagu d3191 ta·ruv-, ta·nd-) to descend, (sun) sets> ta�ruv-� ta�nd-�
<Row Kodagu d3191 ta·t- (ta·ti-) to lower, close (window, door). <i>> ta�t- �ta�ti-�
<Row Kota d3192 targ aṛ- (aṭ-) to become lean (foraṛ-, see 79)> targ aṛ- �aṭ-�
<Row Toda d3192 to·x- (to·xy-) to become lean, slender> to�x- �to�xy-�
<Row Tam d3193 taṟuku (taṟuki-) to linger, loiter. <i>> taṟuku �taṟuki-�
<Row Tam d3195 tāṟṟu (tāṟṟi-) to sift, winnow; <i>n.</i> winnowing> tāṟṟu �tāṟṟi-�
<Row Tam d3195 tāttu (tātti-) to winnow> tāttu �tātti-�
<Row Tam d3195 taṟi (-pp-, -tt-) to sift by a winnowing fan. ?> taṟi �-pp-� -tt-�
<Row Mal d3196 tān (obl. tan-) self, oneself> tān �obl� tan-�
<Row Kota d3196 ta·n (obl. tan- oneself> ta�n �obl� tan
<Row Kota d3196 ta-) oneself> ta-�
<Row Toda d3196 to·n (obl. tan-) oneself> to�n �obl� tan-�
<Row Toda d3196 -ton (-Qon, -don) only, just (= Skt.eva; cf. Ta.tāṉē); attonjust that much, in that same way (forat, see 1)> ton �-�on� -don�
<Row Kannada d3196 tān (obl. tan-) he, she, it, in the refl. or reciprocal sense> tān �obl� tan-�
<Row Kodagu d3196 ta·nï (obl. tan-) oneself> ta�nɨ �obl� tan-�
<Row Tulu d3196 tanukuḷu; tannavu one's own, his own> tanukuḷu� tannavu
<Row Telugu d3196 tānu (obl. tan-) one's self, he or himself, she or herself> tānu �obl� tan-�
<Row Kolami d3196 *ta·n (obl. tan-) oneself> �ta�n �obl� tan-�
<Row Kolami d3196 tanne (? tane) his own> tanne �� tane�
<Row Parji d3196 tān (obl. tan-) self, oneself. <i>> tān �obl� tan-�
<Row Gadaba d3196 tān (obl. tan-) id. <i>> tān �obl� tan-�
<Row muria d3196 tān (obl. tan-) self (<i>sg.</i>)> tān �obl� tan-�
<Row Pengo d3196 gen. tā one's own, his> gen� tā
<Row Pengo d3196 acc.&lt;-&gt; dat. taŋgeŋ > acc��lt�-�gt� dat� taŋgeŋ
<Row Kui d3196 tānu (obl. tāṛan-) himself or herself. <i>> tānu �obl� tāṛan-�
<Row Kuwi d3196 tānu (obl. tan-) self, oneself> tānu �obl� tan-�
<Row Kurux d3196 tān (obl. taŋg-) refl. pron. of the 3rd pers himself> tān �obl� taŋg-� refl� pron� of tʰe �rd pers
<Row Malto d3196 táni (obl. taṉg-) himself, herself, itself> táni �obl� taṉg-�
<Row Kolami d3197 ta·ned what?> ta�ned
<Row Kolami d3197 ta·nev what?> ta�nev
<Row Kolami d3197 ta·ŋ why?> ta�ŋ
<Row Kolami d3197 ta·na at all> ta�na
<Row Kolami d3197 ta·nay at all> ta�nay
<Row Tam d3198 Terminalia belerica </i> Roxb> �erminalia belerica
<Row Parji d3198 dēni (stems dēnd-, dēn-) id. <i>> dēni �stems dēnd-� dēn-�
<Row Tam d3200 tikar̤ (-v-, -nt-) to shine (as diamonds), glimmer (as stars), be brilliant> tikaṛ̆ �-v-� -nt-�
<Row Tam d3200 tikar̤ttu (tikar̤tti-) to explain clearly, make clear, show clearly, beautify, adorn> tikaṛ̆ttu �tikaṛ̆tti-�
<Row Tam d3200 tekir̤ (-v-, -nt-) to be manifest, shine> tekiṛ̆ �-v-� -nt-�
<Row Kota d3202 digi·ḷ in- (iḏ-) to be thunderstruck or astounded because found out in wrongdoing> digi�ḷ in- �iḏ-�
<Row Kota d3204 dig dig in- (iḏ-) to feel slight burning pain (as of hunger after several days of fasting, or after a very severe pain has stopped). DED 2620> dig dig in- �iḏ-�
<Row Konda d3205 tig- (-it-) to press down hard, lay pressure on> tig- �-it-�
<Row Pengo d3205 tig- (tikt-) to push> tig- �tikt-�
<Row Tam d3207 tikai (-pp-, -tt-) to be taken aback, confused, perplexed, bewildered, be astonished, amazed; <i>n.</i> amazement> tikai �-pp-� -tt-�
<Row Toda d3207 tïx- (tïxQ-) to take to heels, bolt away> tɨx- �tɨx�-�
<Row Toda d3207 tïxf- (tïxt-) to make (buffaloes) stand in swamp (i.e. confused and unable to run away) before they are caught and killed at funeral (word used only in narratives)> tɨxf- �tɨxt-�
<Row Tam d3210 tikku (tikki-) to stutter, stammer, err or hesitate as in recitation, reading, etc.; <i>n.</i> stuttering, halting in speech> tikku �tikki-�
<Row Kota d3210 tekva·yṇ stammerer, stutterer> tekva�yṇ
<Row Toda d3213 ti·ł̣ month> ti�ł̣
<Row Tam d3217 tiṭutiṭu (-pp-, -tt-) to make a reiterated noise, as by hasty steps, to thump constantly> tiṭutiṭu �-pp-� -tt-�
<Row Kota d3217 diḍ diḍ in- (iḏ-) to make trampling noise. DED 2629> diḍ diḍ in- �iḏ-�
<Row Tam d3220 tiṭṭu (tiṭṭi-) to abuse, revile, curse, utter imprecations; <i>n.</i> reviling, scolding, vulgar abuse> tiṭṭu �tiṭṭi-�
<Row Tam d3222 tiṇar (-pp-, -tt-) to form a thick layer, be crowded, dense, close; <i>n.</i> denseness, thickness (as of a cloud)> tiṇar �-pp-� -tt-�
<Row Tam d3222 tiṇi (-v-, -nt-) to be crowded, dense, close; (-pp-, -tt-) to cram, stuff; <i>n.</i> solidity> tiṇi �-v-� -nt-�
<Row Tam d3222 tiṇuṅku (tiṇuṅki-) to become close, dense, thick, crowded> tiṇuŋku �tiṇuŋki-�
<Row Konda d3222 dek (-t-) to strain at stool, groan> dek �-t-�
<Row Kannada d3223 diṇḍa Clitoria ternatea Lin> diṇḍa �litoria ternatea
<Row Kota d3227 tinva·l veranda (forva·l, see 5354)> tinva�l
<Row gowda d3227 tinE veranda> tin�
<Row Kuwi d3229 bā'ali dibba sandhill> bā�ali dibba
<Row Tam d3233 timir (-v-, -nt-) to grow, increase, become more intense; (-pp-, -tt-) to grow stout from obesity; <i>n.</i> obesity; wantonness> timir �-v-� -nt-�
<Row Tam d3233 timiṟu (timiṟi-) to grow tall and big> timiṟu �timiṟi-�
<Row Tam d3234 timir (-v-, -nt-) to smear as sandal paste, rub, apply to (as a flower to the skin), throw or scatter as on one's body; (-pp-, -tt-) to rub, besmear; beat> timir �-v-� -nt-�
<Row Tam d3234 tuvar (-v-, -nt-; -pp-, -tt-) to smear> tuvar �-v-� -nt-� -pp-� -tt-�
<Row Tam d3242 tirakku (tirakki-) to search, inquire> tirakku �tirakki-�
<Row Kurux d3243 refl.-pass. tirxrnā; caus. tirxta'ānā > refl�-pass� tirxrnā� caus� tirxta�ānā
<Row Tam d3244 tiraṅku (tiraṅki-) to be wrinkled, crumpled, dry up as dead leaves, be folded in as the fingers of a closed hand, be curled up as the hair> tiraŋku �tiraŋki-�
<Row Tam d3244 tirakku (tirakki-) to be crumpled, shrivel, wrinkle> tirakku �tirakki-�
<Row Tam d3244 tirai (-v-, -nt-) to become wrinkled as the skin by age, be wrinkled, creased as a cloth, roll as waves; (-pp-, -tt-) to roll as waves; gather up, contract, close as the mouth of a sack, plait the ends of a cloth as in dressing, tuck up as one's cloth; <i>n.</i> wrinkle as in the skin through age, curtain as rolled up, wave, billow, ripple> tirai �-v-� -nt-�
<Row Toda d3244 terf- (tert-) to make a loop (of cane)> terf- �tert-�
<Row Tam d3245 tiraḷ (tiraḷv-, tiraṇṭ-) to become round, globular, assemble, congregate, collect in large numbers, accumulate, abound, become dense, grow thick, form as a tumour or pustule, swell up, bulge out, mature as fruits, grow to full size as beasts or tubers, arrive at puberty; <i>n.</i> ball, globe, round mass, crowd, assembly, flock, aggregation, cluster, clump, tuft, army, abundance> tiraḷ �tiraḷv-� tiraṇṭ-�
<Row Tam d3245 tiraṭṭu (tiraṭṭi-) to make round lumps or balls as of boiled rice, collect (taxes), bring together, gather (men, troops), mix, heap up, amass, compile; <i>n.</i> gathering, accumulation, compilation, puberty of girls> tiraṭṭu �tiraṭṭi-�
<Row Tam d3245 teruḷ (teruḷv-, teruṇṭ-) to arrive at puberty (of a girl)> teruḷ �teruḷv-� teruṇṭ-�
<Row Tam d3245 tirai (-v-, -nt-) to coagulate, form into clot as milk, be heaped up (as seaweed); (-pp-, -tt-) to cause to gather as moss or scum on water; <i>n.</i> roll of betel leaves, betel, roll of twisted straw, roll of cotton prepared for spinning> tirai �-v-� -nt-�
<Row Kota d3245 terṇ- (terḍ-) to become round (e.g. butter when being churned), become plump (esp. girl at puberty)> terṇ- �terḍ-�
<Row Kota d3245 terṭ- (terṭy-) to make round (butterball when churning), turn (wood in a lathe)> terṭ- �terṭy-�
<Row Kota d3245 terv- (terd-) to roll up (<i>tr.</i>). ?> terv- �terd-�
<Row Toda d3245 tï·k- (tï·ky-) to stop (man, animal), gather (buffaloes) in a group and not allow animal to stray from it> tɨ�k- �tɨ�ky-�
<Row Toda d3245 Qwï·ṟ ball of food (fortwï·ṟ, see 2897) eaten in preliminary ceremony by ordinand for ti· priesthood> �vɨ�ṟ
<Row Toda d3245 teṣ eṟy- (eṟs-) (old woman) gives ball of food to ordinand> teṣ eṟy- �eṟs-�
<Row Toda d3245 teṣ ṇi·r o·ḍ- (o·ḍy-) to undergo preliminary ceremony as ordinand for> teṣ ṇi�r o�ḍ- �o�ḍy-�
<Row Toda d3245 ti· priesthood (ni·r o·ḍ-to undergo ordination ceremony for priesthood) (cf. various nouns meaning 'round lump, ball of rice'; prob.*r &gt; ṣ, as in 4290 Ta.puruṭu, To.pïṣ); teṣgun (? &lt; *[musket] ball; or with 3438 Ta.teṟi)> ti�
<Row Konda d3245 terp- (-t-) to roll up, coil up (<i>tr.</i>). DED(S, N) 2654> terp- �-t-�
<Row Tam d3246 tiri (-v-, -nt-) to turn, revolve, be twisted, convolved, wander about, move, return, change, vary, change in quality, become sour as milk; (-pp-, -tt-) to turn (<i>tr.</i>), cause to revolve as a wheel, twist as yarn or rope, cause to return, change, alter, vary, translate; <i>n.</i> twisting, turning, roll or twist of cloth or thread for a wick, torch of twisted cloth> tiri �-v-� -nt-�
<Row Tam d3246 tiruku (tiruki-) to twist, turn, wring, braid as hair; <i>n.</i> twist, wrench, bend, curve, thread of a screw, screw, swivel, crookedness of mind, prevarication> tiruku �tiruki-�
<Row Tam d3246 tirukku (tirukki-) to twist; <i>n.</i> a twist, bend, curve, crookedness of mind> tirukku �tirukki-�
<Row Tam d3246 tirumpu (tirumpi-) to turn, turn back, be changed, etc> tirumpu �tirumpi-�
<Row Tam d3246 tiruppu (tiruppi-) to cause to return, send back, turn, deflect, twist, etc.; <i>n.</i> a turn> tiruppu �tiruppi-�
<Row Tam d3246 tirumu (tirumi-) to turn, return, rub hard; ?> tirumu �tirumi-�
<Row Kota d3246 tiry- (tirc-) to change in nature for the worse> tiry- �tirc-�
<Row Kota d3246 tirc- (tirc-) to cause (calf) to change its smell so that another mother will suckle it> tirc- �tirc-�
<Row Kota d3246 tirg- (tirgy-) to turn (<i>intr.</i>), return> tirg- �tirgy-�
<Row Kota d3246 tirk- (tirky-) to turn (<i>tr.</i>), utter a sound> tirk- �tirky-�
<Row Toda d3246 tïry- (tïrc-) to twist> tɨry- �tɨrc-�
<Row Toda d3246 tïrc- (tïrč-) to translate> tɨrc- �tɨrč-�
<Row Toda d3246 tïrx- (tïrxy-) to turn> tɨrx- �tɨrxy-�
<Row Toda d3246 tïrk- (tïrky-) id> tɨrk- �tɨrky-�
<Row Toda d3246 tïrb- (tïrby-) to twist (<i>tr.</i>; cane, bamboo)> tɨrb- �tɨrby-�
<Row Toda d3246 tïrp- (tïrpy-) to turn (key)> tɨrp- �tɨrpy-�
<Row Kodagu d3246 tir- (tiri-) to turn round> tir- �tiri-�
<Row Kodagu d3246 tirïg- (tirïgi-) to go about, wander> tirɨg- �tirɨgi-�
<Row Kodagu d3246 tirïk- (tirïki-) to turn> tirɨk- �tirɨki-�
<Row Kodagu d3246 teraŋg- (teraŋgi-) (thing) moves, shifts, (man) shifts in his seat, (child) wriggles along on buttocks> teraŋg- �teraŋgi-�
<Row Kodagu d3246 terak- (teraki-) to shift (<i>tr.</i>) without lifting> terak- �teraki-�
<Row Kodagu d3246 tere- (terev-, terand-) to thresh about on ground (several men fighting, man in fit or possession by god, etc.)> tere- �terev-� terand-�
<Row Kodagu d3246 tera- (-p-, -t-) to make to thresh about on ground by holding him> tera- �-p-� -t-�
<Row Kolami d3246 tirg- (tirikt-) to turn (<i>intr.</i>), wander> tirg- �tirikt-�
<Row Kolami d3246 tirgip- (tirgipt-) to make to go round and round, twist> tirgip- �tirgipt-�
<Row Kolami d3246 tip- (tipt-) to turn (<i>tr.</i>), make to go round> tip- �tipt-�
<Row Gondi d3246 caus. tiruhtānā to make to revolve> caus� tiruhtānā
<Row Gondi d3246 caus. tirahtānā to cause to turn over> caus� tirahtānā
<Row Konda d3246 tiri- (-t-) to be twisted, twined (as thread)> tiri- �-t-�
<Row Konda d3246 tiris- (-t-) to twist, twine> tiris- �-t-�
<Row Konda d3246 tirvi- (-t-) to return, turn back, come round> tirvi- �-t-�
<Row Konda d3246 tirp- (-t-) to turn round (<i>tr.</i>), take round> tirp- �-t-�
<Row Kui d3246 tihpa (tiht-) to turn about, turn back, change round, alter, repent; <i>n.</i> act of turning about or back, repentance> tihpa �tiht-�
<Row Kui d3246 trehpa (treht-) to cause to wander, carry about, hawk for sale> trehpa �treht-�
<Row Kui d3246 trespa (trest-) to carry around> trespa �trest-�
<Row Kui d3246 trēba (trēt-) to wander around, go for a walk> trēba �trēt-�
<Row Kui d3246 terpa (tert-) to twist, wind, wrap around; ?> terpa �tert-�
<Row Kui d3246 tija (tiji-) to turn back, return, retreat; <i>n.</i> act of turning back, etc. <i>> tija �tiji-�
<Row sunkar d3246 triv- (-it-) to spin, revolve> triv- �-it-�
<Row Kuwi d3246 treph'nai to involve, lap> trepʰ�nai
<Row sunkar d3246 re'- (recc-) > re�- �recc-�
<Row Kuwi d3246 rēh- (-t-) to go about selling> rēh- �-t-�
<Row Kurux d3246 terᵉmnā (tirmyas) to roll something upon itself> terᵉmnā �tirmyas�
<Row Kurux d3246 refl.-pass. termᵉrnā; tīrnā to turn on one's heels over a few grains of scalded paddy to see if it has become sufficiently dry to husk, make pirouettes. ?> refl�-pass� termᵉrnā� tīrnā
<Row Tam d3249 Trygon seption </i>; electrical ray> �rygon seption
<Row Tam d3250 tiruṭu (tiruṭi-) to steal, rob, pilfer; <i>n.</i> theft, robbery> tiruṭu �tiruṭi-�
<Row Tam d3250 fem. tiruṭi; tiruṭṭu theft, robbery, fraud, deception> fem� tiruṭi� tiruṭṭu
<Row Kota d3250 fem. tirḍy DED 2658> fem� tirḍy
<Row Tam d3251 tiruntu (tirunti-) to be correct, perfect, be amended, improved, reformed as a person, be repaired, renovated, be improved> tiruntu �tirunti-�
<Row Tam d3251 tiruttu (tirutti-) to correct, rectify, reform, mend, repair, refit, improve, arrange properly, prepare land for cultivation, etc> tiruttu �tirutti-�
<Row Tam d3251 tittu (titti-) to correct, rectify a mistake> tittu �titti-�
<Row Kota d3251 tirt- (tirty-) to change one's frame of mind> tirt- �tirty-�
<Row Toda d3251 tïd- (tïdy-) to make straight (e.g. stick), correct (someone's character)> tɨd- �tɨdy-�
<Row Toda d3251 tïṣt- (tïṣty-) to correct crookedness (of stick), (woman) lifts knees and holds them with her hands in sexual intercourse> tɨṣt- �tɨṣty-�
<Row Kodagu d3251 tidd- (tiddi-) to clean (a drain), twist and clean (moustaches), settle details of (a ceremony)> tidd- �tiddi-�
<Row salur d3253 tirg- (tirig-) to shiver> tirg- �tirig-�
<Row Pengo d3253 trīg- (trīkt-) id> trīg- �trīkt-�
<Row Pengo d3253 tripka- (&lt; trik-pa-) to be startled> tripka- ��lt� trik-pa-�
<Row Kui d3253 tirga (tirgi-) to shiver, tremble; <i>n.</i> shivering, trembling> tirga �tirgi-�
<Row Kuwi d3253 trig- (-it-) to shiver. Cf. Ka> trig- �-it-�
<Row Tam d3256 Excoecaria agallocha </i>; mountain slender tiger's milk, <i>> �xcoecaria agallocʰa
<Row Telugu d3256 tella E. agallocha Linn> tella �� agallocʰa
<Row Si d3256 telakīriya E. agallocha DED 2665> telakīriya �� agallocʰa
<Row Tam d3257 tiḷai (-pp-, -tt-) to boil> tiḷai �-pp-� -tt-�
<Row Tam d3257 taḷai (-pp-, -tt-) id., to bubble> taḷai �-pp-� -tt-�
<Row Pengo d3258 tṛīm- (-t-) to turn round> tṛīm- �-t-�
<Row Pengo d3258 intens. tṛīmba-; tṛīp- (-t-) to turn round> intens� tṛīmba-� tṛīp- �-t-�
<Row Kui d3258 tlīpa (tlīt-) to twist. <i>> tlīpa �tlīt-�
<Row Tam d3259 tiṟa (-pp-, -nt-) to open (as a door, one's eyes), divulge, disclose, unveil, reveal, unlock, unbolt, cut open> tiṟa �-pp-� -nt-�
<Row Kota d3259 terv- (terd-) to open (door, etc.), release (buffaloes) from enclosure or shed> terv- �terd-�
<Row Toda d3259 teṟ- (teṟQ-) to open (container, door, pen, etc.)> teṟ- �teṟ�-�
<Row Toda d3259 tïṟ a·ṟ (obl. a·ṯ-) open space between front wall and entrance of house> tɨṟ a�ṟ �obl� a�ṯ-�
<Row Kodagu d3259 tora- (torap-, torand-) to open> tora- �torap-� torand-�
<Row Gondi d3259 caus. tarih- > caus� tarih
<Row Pengo d3259 jē- (-t-) id> jē- �-t-�
<Row Manda d3259 jē- (-t-) id> jē- �-t-�
<Row Kui d3259 dāpa (dāt-) to open a door, clear a passage; <i>n.</i> act of opening> dāpa �dāt-�
<Row Kui d3259 tr. dari ispa > tr� dari ispa
<Row sunkar d3259 de'- (det-) > de�- �det-�
<Row Kuwi d3259 de'nai to open> de�nai
<Row Kurux d3259 tisⁱgnā (tisg̣as) to open (door, shutter)> tisⁱgnā �tisɣas�
<Row Kurux d3259 refl. and pass. tisgrnā > refl� and pass� tisgrnā
<Row Kannada d3260 teṟaN id., kind> teṟa�
<Row Tam d3261 tiṟampu (tiṟampi-) to sprain> tiṟampu �tiṟampi-�
<Row Tam d3263 tiṉ (tiṉp-, tiṉṟ-) to eat, chew, bite, gnash, eat away (as white ants), destroy, ruin, cause irritating sensation (as in the skin)> tiṉ �tiṉp-� tiṉṟ-�
<Row Tam d3263 tīṟṟu (tīṟṟi-) to feed by small mouthfuls> tīṟṟu �tīṟṟi-�
<Row Kota d3263 tin- (tiḏ-) to eat (including a meal), ruin> tin- �tiḏ-�
<Row Kota d3263 ti·n food in general, the food of all except Muslims and Europeans> ti�n
<Row Kota d3263 ti·ṭ- (ti·c-) to feed by hand> ti�ṭ- �ti�c-�
<Row Toda d3263 tïn- (tïḏ-) to eat (including a meal)> tɨn- �tɨḏ-�
<Row Toda d3263 ti·ny food for animals, European food> ti�ny
<Row Kannada d3263 tinnu (tind-) to eat, esp. things which must be bitten, as flesh, bread, cakes, fruits, grass> tinnu �tind-�
<Row Kodagu d3263 tinn- (timb-, tind-) to eat (not a meal)> tinn- �timb-� tind-�
<Row Kodagu d3263 ti·t- (ti·ti-) to feed by hand> ti�t- �ti�ti-�
<Row Telugu d3263 tinu (tiṇṭ-) to eat, consume, enjoy, have the use of, spend, use up, corrode, eat away> tinu �tiṇṭ-�
<Row Kolami d3263 tin- (tind-) to eat (including a meal)> tin- �tind-�
<Row Kolami d3263 tinip- (tinipt-) to make to eat> tinip- �tinipt-�
<Row Naikri d3263 tin- (tind-) to eat> tin- �tind-�
<Row Naiki d3263 tin- (tind-) id> tin- �tind-�
<Row Parji d3263 tin- (tind-) id> tin- �tind-�
<Row Parji d3263 tittip- (tittit-) to cause to eat, feed. <i>> tittip- �tittit-�
<Row Gadaba d3263 tin- (tiy-, tinḍ-) > tin- �tiy-� tinḍ-�
<Row salur d3263 tin- (tiy-) to eat. <i>> tin- �tiy-�
<Row adil d3263 tin- (titt-) id> tin- �titt-�
<Row yavatmal d3263 tin- (titt-) id> tin- �titt-�
<Row gommu d3263 tin- (titt-) id> tin- �titt-�
<Row muria d3263 tin- (titt-) id> tin- �titt-�
<Row maria d3263 tin- (titt-) id> tin- �titt-�
<Row seoni d3263 tin- (titt-) id> tin- �titt-�
<Row Konda d3263 tin- (tiR-) to eat> tin- �ti�-�
<Row Konda d3263 caus. tīRpis- to cause to eat, feed> caus� tī�pis
<Row Pengo d3263 tin- (tic- to eat> tin- �tic
<Row Pengo d3263 cic-) to eat> cic-�
<Row Pengo d3263 tīc- (tīcc-) to feed> tīc- �tīcc-�
<Row Manda d3263 tin- (tic-) to eat> tin- �tic-�
<Row Kui d3263 tinba (tis-) to eat, enjoy the proceeds of; <i>n.</i> eating, food> tinba �tis-�
<Row Kui d3263 tīspa (tīst-) to feed someone on something; <i>n.</i> act of feeding someone. <i>> tīspa �tīst-�
<Row Kuwi d3263 tinjali (tic-) > tinjali �tic-�
<Row sunkar d3263 tin- (ticc- to eat> tin- �ticc
<Row sunkar d3263 cicc-) to eat> cicc-�
<Row sunkar d3263 tīh- (tīst-) to feed> tīh- �tīst-�
<Row Tam d3263 tiṉ (tiṉp-, tiṉṟ-) to eat, chew, bite, gnash, eat away (as white ants), destroy, ruin, cause irritating sensation (as in the skin)> tiṉ �tiṉp-� tiṉṟ-�
<Row Tam d3263 tīṟṟu (tīṟṟi-) to feed by small mouthfuls> tīṟṟu �tīṟṟi-�
<Row Kota d3263 tin- (tiḏ-) to eat (including a meal), ruin> tin- �tiḏ-�
<Row Kota d3263 ti·n food in general, the food of all except Muslims and Europeans> ti�n
<Row Kota d3263 ti·ṭ- (ti·c-) to feed by hand> ti�ṭ- �ti�c-�
<Row Toda d3263 tïn- (tïḏ-) to eat (including a meal)> tɨn- �tɨḏ-�
<Row Toda d3263 ti·ny food for animals, European food> ti�ny
<Row Kannada d3263 tinnu (tind-) to eat, esp. things which must be bitten, as flesh, bread, cakes, fruits, grass> tinnu �tind-�
<Row Kodagu d3263 tinn- (timb-, tind-) to eat (not a meal)> tinn- �timb-� tind-�
<Row Kodagu d3263 ti·t- (ti·ti-) to feed by hand> ti�t- �ti�ti-�
<Row Telugu d3263 tinu (tiṇṭ-) to eat, consume, enjoy, have the use of, spend, use up, corrode, eat away> tinu �tiṇṭ-�
<Row Kolami d3263 tin- (tind-) to eat (including a meal)> tin- �tind-�
<Row Kolami d3263 tinip- (tinipt-) to make to eat> tinip- �tinipt-�
<Row Naikri d3263 tin- (tind-) to eat> tin- �tind-�
<Row Naiki d3263 tin- (tind-) id> tin- �tind-�
<Row Parji d3263 tin- (tind-) id> tin- �tind-�
<Row Parji d3263 tittip- (tittit-) to cause to eat, feed. <i>> tittip- �tittit-�
<Row Gadaba d3263 tin- (tiy-, tinḍ-) > tin- �tiy-� tinḍ-�
<Row salur d3263 tin- (tiy-) to eat. <i>> tin- �tiy-�
<Row adil d3263 tin- (titt-) id> tin- �titt-�
<Row yavatmal d3263 tin- (titt-) id> tin- �titt-�
<Row gommu d3263 tin- (titt-) id> tin- �titt-�
<Row muria d3263 tin- (titt-) id> tin- �titt-�
<Row maria d3263 tin- (titt-) id> tin- �titt-�
<Row seoni d3263 tin- (titt-) id> tin- �titt-�
<Row Konda d3263 tin- (tiR-) to eat> tin- �ti�-�
<Row Konda d3263 caus. tīRpis- to cause to eat, feed> caus� tī�pis
<Row Pengo d3263 tin- (tic- to eat> tin- �tic
<Row Pengo d3263 cic-) to eat> cic-�
<Row Pengo d3263 tīc- (tīcc-) to feed> tīc- �tīcc-�
<Row Manda d3263 tin- (tic-) to eat> tin- �tic-�
<Row Kui d3263 tinba (tis-) to eat, enjoy the proceeds of; <i>n.</i> eating, food> tinba �tis-�
<Row Kui d3263 tīspa (tīst-) to feed someone on something; <i>n.</i> act of feeding someone. <i>> tīspa �tīst-�
<Row Kuwi d3263 tinjali (tic-) > tinjali �tic-�
<Row sunkar d3263 tin- (ticc- to eat> tin- �ticc
<Row sunkar d3263 cicc-) to eat> cicc-�
<Row sunkar d3263 tīh- (tīst-) to feed> tīh- �tīst-�
<Row Kuwi d3263 ti'ni > ti�ni
<Row sunkar d3263 ṭi'ni > ṭi�ni
<Row Kuwi d3263 tī'ni kēyu right hand> tī�ni kēyu
<Row Tam d3265 Setaria italica </i>; wild Bermuda grass, <i>> �etaria italica
<Row Tam d3265 Panicum burmanni </i>; little millet (=cāmai); paddy-field grass> �anicum burmanni
<Row Kannada d3265 P. italicum. [S. italica </i> Beauv. = <i>> �� italicum� ��� italica
<Row Kannada d3265 P. italicum </i> Linn.] DED 2671> �� italicum
<Row Tam d3266 tī (-v-, -nt-) to be burnt, charred, blighted; (-pp-, -tt-) to allow food to be charred in cooking, dry up (water), cause to wither; <i>n.</i> fire, lamp, heat, anger> tī �-v-� -nt-�
<Row Tam d3266 tīy (-v-, -nt-) to be burnt, charred, blighted; (-pp-, -tt-) to allow food to be charred in cooking, dry up (water), cause to wither; <i>n.</i> fire, lamp, heat, anger> tīy �-v-� -nt-�
<Row Kota d3266 ti·y- (ti·c-) to be singed, roasted, (flame) burns low> ti�y- �ti�c-�
<Row Kota d3266 ti·c- (ti·c-) to singe> ti�c- �ti�c-�
<Row Toda d3266 ti·y- (ti·s-) to be singed; (ti·c-) to singe, roast> ti�y- �ti�s-�
<Row Toda d3268 tic ïn- (ïḏ-) to taste sweet> tic ɨn- �ɨḏ-�
<Row Toda d3268 sic = tic in woman's name> sic � tic
<Row Toda d3268 Sici·z (also known asTici·ζ, spelled Tichidz in Rivers> �ici�z
<Row Kui d3268 semba (sembi-) to be sweet, tasty, palatable; <i>n.</i> sweetness, palatable taste. <i>> semba �sembi-�
<Row Kui d3268 sepa (set-) to be sweet, tasty, palatable; <i>n.</i> sweetness, palatable taste. <i>> sepa �set-�
<Row Kuwi d3268 hē'ni tasty> hē�ni
<Row Kuwi d3268 hempu he'nai to taste> hempu he�nai
<Row Kuwi d3268 heˀ - (-t-) to be tasty> heˀ - �-t-�
<Row Toda d3268 tic ïn- (ïḏ-) to taste sweet> tic ɨn- �ɨḏ-�
<Row Toda d3268 sic = tic in woman's name> sic � tic
<Row Toda d3268 Sici·z (also known asTici·ζ, spelled Tichidz in Rivers> �ici�z
<Row Kui d3268 semba (sembi-) to be sweet, tasty, palatable; <i>n.</i> sweetness, palatable taste. <i>> semba �sembi-�
<Row Kui d3268 sepa (set-) to be sweet, tasty, palatable; <i>n.</i> sweetness, palatable taste. <i>> sepa �set-�
<Row Kuwi d3268 hē'ni tasty> hē�ni
<Row Kuwi d3268 hempu he'nai to taste> hempu he�nai
<Row Kuwi d3268 heˀ - (-t-) to be tasty> heˀ - �-t-�
<Row Kota d3268 te·n honey, bee> te�n
<Row Toda d3268 tö·n id> tø�n
<Row Kodagu d3268 te·nï id> te�nɨ
<Row Kodagu d3268 te·n-eri honeycomb> te�n-eri
<Row Kodagu d3268 te·m-puḷu honey-bee> te�m-puḷu
<Row Telugu d3268 Bombinatrix glabra (-i &lt> �ombinatrix glabra �-i
<Row Kolami d3268 te·ne honey> te�ne
<Row Parji d3268 tīni (-i &lt; ī fly) bee. <i>> tīni �-i �lt� ī
<Row Tam d3273 tīṭṭu (tīṭṭi-) to whet, sharpen, polish, rub, smear, anoint, smooth as the hair, inscribe, draw, belabour, thrash; <i>n.</i> whetting, cleansing, polishing, plastering, blow, stroke> tīṭṭu �tīṭṭi-�
<Row Tam d3273 tīṟṟu (tīṟṟi-) to smear, rub, polish (as plaster), cover and fill up a hole or crevice with mortar or clay, put on an outer coat of mortar or clay, rub and smooth the folds of a cloth, clean the teeth> tīṟṟu �tīṟṟi-�
<Row Kota d3273 ti·ṭ- (ti·c-) to paint, rub on (liquid); ?> ti�ṭ- �ti�c-�
<Row Kota d3273 teṛv- (teṛt-) to clean up by rubbing (excrement, vomit, pus)> teṛv- �teṛt-�
<Row Kodagu d3273 tï·ṭ- (tï·ṭi-) to rub on or off, stroke> tɨ�ṭ- �tɨ�ṭi-�
<Row Pengo d3273 ṭīnḍ- (-t-) to sharpen. <i>> ṭīnḍ- �-t-�
<Row Tam d3274 tīṇṭu (tīṇṭi-) to touch, feel, come in contact with, pollute by contact, defile, contaminate, infuse poison as snake by biting, catch, seize hold of, beat> tīṇṭu �tīṇṭi-�
<Row Kota d3274 ti·ṇḍ- (ti·ṇḍy-) to be polluted by illegal sexual intercourse (as with person of another caste, or virgin with man)> ti�ṇḍ- �ti�ṇḍy-�
<Row Kota d3274 ti·ṭ pollution> ti�ṭ
<Row Toda d3274 ti·ṭ id> ti�ṭ
<Row Kodagu d3274 tï·ṇḍ- (tï·ṇḍi-) to touch> tɨ�ṇḍ- �tɨ�ṇḍi-�
<Row Kodagu d3274 tï·ṭa excrement. DED 2680> tɨ�ṭa
<Row Kota d3276 ti·m ik- (iky-) to sob> ti�m ik- �iky-�
<Row Kota d3276 ti·va·p panting. ?> ti�va�p
<Row Toda d3276 ti·m song sung by women when pounding grain, any work-song (e.g. of Badagas when digging)> ti�m
<Row Mal d3277 fem. tīyatti > fem� tīyatti
<Row Kodagu d3277 ti·yë Tiyan> ti�yə
<Row Kodagu d3277 fem. ti·yatti DED 2682> fem� ti�yatti
<Row Tam d3278 tīr (-v-, -nt-) to end, vanish, be completed, finished, separate, leave, cause (as pain), go, proceed, be absent, die, perish, be used up, be settled (as a quarrel), become expert; leave, quit, solve; (-pp-, -tt-) to leave, quit, finish, complete, perfect, destroy, kill, cure, pay off (as debt), settle (dispute)> tīr �-v-� -nt-�
<Row Tam d3278 tīrmāṉi (-pp-, -tt-) to determine, resolve, decide, conclude, finish> tīrmāṉi �-pp-� -tt-�
<Row Kota d3278 ti·r- (ti·ry-) to be ended, be settled, finished, cease, be possible> ti�r- �ti�ry-�
<Row Kota d3278 ti·rc- (ti·rc-) to finish, bring to an end, settle, decide> ti�rc- �ti�rc-�
<Row Kota d3278 ti·rp settlement, decision> ti�rp
<Row Kota d3278 ti·rma·nm decision> ti�rma�nm
<Row Kota d3278 di·rkm cleverness> di�rkm
<Row Toda d3278 ti·r- (ti·ry-) to be ended, be settled, finished, settle> ti�r- �ti�ry-�
<Row Toda d3278 ti·rc- (ti·rč-) to finish (work, affair), bring to an agreement> ti�rc- �ti�rč-�
<Row Toda d3278 ti·rmo·nm decision> ti�rmo�nm
<Row Kannada d3278 tīr (tīrd-) to be finished, end, be accomplished, be possible to be accomplished, be cured, die, be paid, be settled, decided> tīr �tīrd-�
<Row Kannada d3278 tīru (tīri-) to be finished, end, be accomplished, be possible to be accomplished, be cured, die, be paid, be settled, decided> tīru �tīri-�
<Row Kodagu d3278 tï·r- (tï·ruv-, tï·nd-) to be used up, (work) is finished; (tï·p-, tï·t-) to use up, finish> tɨ�r- �tɨ�ruv-� tɨ�nd-�
<Row Kolami d3278 ti·r- (ti·ṭ- Kin> ti�r- �ti�ṭ
<Row Kolami d3278 ti·rp- (ti·ript-) to finish (work, food, etc.)> ti�rp- �ti�ript-�
<Row Konda d3278 tīṟ- (-it-) to be exhausted (as food, drink, etc.), be over. <i>> tīṟ- �-it-�
<Row Kurux d3278 tīrta'ānā to delay> tīrta�ānā
<Row Kolami d3279 ti·r (pl. ti·ḍl) hair> ti�r �pl� ti�ḍl�
<Row Naikri d3279 tīr (pl. tīḍḷ) id> tīr �pl� tīḍḷ�
<Row Naiki d3279 tīr (pl. -l) id> tīr �pl� -l�
<Row Pengo d3280 tīr- (-t-) to sprinkle> tīr- �-t-�
<Row Pengo d3280 intens. tīrpa- > intens� tīrpa
<Row sunkar d3280 dir- (-h-) > dir- �-h-�
<Row Parji d3281 dīṛa (pl. dīṛel) castor-oil plant> dīṛa �pl� dīṛel�
<Row Gadaba d3281 diṛel (pl.) castor-oil plants. DED 2679> diṛel �pl��
<Row Tam d3282 tu (-pp- generally used in negative forms) to eat; <i>n.</i> food, experience> tu �-pp
<Row Tam d3282 tuy (-pp-, -tt-) to enjoy by means of the senses, experience, suffer as the fruit of actions, eat, feed; <i>n.</i> food> tuy �-pp-� -tt-�
<Row Tam d3282 tuvvu (tuvvi-) to eat, enjoy; <i>n.</i> food, gratification of the senses, enjoyment, experience> tuvvu �tuvvi-�
<Row Tam d3282 tūvu = tuvvu > tūvu � tuvvu
<Row Kota d3283 tu·j dust> tu�j
<Row Kodagu d3283 du·ḷï dust> du�ḷɨ
<Row Kolami d3283 tu·k dust, (Kin.) earth, clay> tu�k
<Row Tam d3283 dhūḷikka (= tūḷuka) Ka> dʰūḷikka �� tūḷuka�
<Row Kurux d3288 tusᵘgnā (tusgyas) to loosen threads that are knit, undo a piece of plaited straw, tamper with, unsettle, derange something tidily bound up> tusᵘgnā �tusgyas�
<Row Kurux d3288 refl.-pass. tusgᵘrnā DED 2691> refl�-pass� tusgᵘrnā
<Row Tam d3291 tuñcu (tuñci-) to sleep, doze, slumber, rest without work, be drowsy, sluggish, indolent, droop, die, perish, diminish, decrease, abide, stay, settle, hang> tuñcu �tuñci-�
<Row Tam d3291 tuyil (tuyilv-, tuyiṉṟ-) to sleep, abide, stay, set as the sun, die; <i>n.</i> sleep, dream, death, abiding, staying, cohabitation> tuyil �tuyilv-� tuyiṉṟ-�
<Row Tam d3291 tuyiṟṟu (tuyiṟṟi-) to put to sleep, cause to stay> tuyiṟṟu �tuyiṟṟi-�
<Row Kota d3291 tugu·ṛ- (tugu·c-) to fall asleep while talking> tugu�ṛ- �tugu�c-�
<Row Toda d3291 tü·s̱ sleep (? verb or noun; in story phrase:to·ṟ tü·s̱ wïḍska·'has the man quit sleeping?'); ?> ty�s̱
<Row Toda d3291 tu·s- (-tu·sy-) to become useless or damaged, (woman) is not married> tu�s- �-tu�sy-�
<Row Parji d3291 tuñip- (tuñit-) to put to sleep. <i>> tuñip- �tuñit-�
<Row Gondi d3291 caus. hunjih- > caus� hunjih
<Row sova d3291 sus- (-t-) to sleep> sus- �-t-�
<Row Konda d3291 sunz- (-it-) id> sunz- �-it-�
<Row Pengo d3291 hunj- (hunc-) to sleep> hunj- �hunc-�
<Row Pengo d3291 jūc- (jūcc-) to close the eyes> jūc- �jūcc-�
<Row Kui d3291 sunja (sunji-) to sleep; <i>n.</i> sleep> sunja �sunji-�
<Row Kui d3291 sūsa (sūsi-) to close the eyes> sūsa �sūsi-�
<Row Kui d3291 pl. action sūska (sūski-); sūsa kanga sleepy eyes, drowsiness> pl� action sūska �sūski-�� sūsa kanga
<Row sunkar d3291 hunj- (-it-) to sleep; ?> hunj- �-it-�
<Row Brah d3291 tūling (imper. tūḻẖ, past tūs-) to sit, seat oneself, remain sitting, wait, dwell, calmly to do something, be made to sit, remain a maiden (unmarried)> tūling �imper� tūṛ̆ẖ� past tūs-�
<Row Tam d3294 tuṭi (-pp-, -tt-) to quiver, tremble, throb, palpitate, be in great flurry or agitation, be eager, suffer acutely (hunger), be rude, mischievous, roguish, be fidgety, giddy, glitter; <i>n.</i> quivering, trepidation, speed, quickness, acuteness of intellect, cleverness, industry, superiority, strength> tuṭi �-pp-� -tt-�
<Row Tam d3294 tuṭituṭi (-pp-, -tt-) to be in a great flurry, fret and fume> tuṭituṭi �-pp-� -tt-�
<Row betul d3296 toḍḍī (pl. toṛk ) mouth, face> toḍḍī �pl� toṛk
<Row Kolami d3300 duḍm- (duḍumt-) to swim. DED 2702> duḍm- �duḍumt-�
<Row Tam d3301 tuṭai (-pp-, -tt-) to wipe, wipe off, scour, scrub, sweep, brush, dry by wiping as wet hair, polish, rub, apply, wipe out, ruin, destroy> tuṭai �-pp-� -tt-�
<Row Tam d3301 toṭai (-pp-, -tt-) to wipe, wipe off, dust> toṭai �-pp-� -tt-�
<Row Kolami d3302 duṭ (pl. duṭl ) hip. <i>> duṭ �pl� duṭl
<Row Tam d3305 tuṇi (-v-, -nt-) to be sundered, cut, severed, be removed, be torn, become clear, resolve, determine, ascertain, conclude; commence; (-pp-, -tt-) to cut, sever, cut off; <i>n.</i> piece, slice, chop, fragment, bit, morsel> tuṇi �-v-� -nt-�
<Row Konda d3305 tuns- (-t-) to be broken in pieces (as a stick), become worn out (as a cloth)> tuns- �-t-�
<Row Pengo d3305 ṭūṇ- (ṭūṭ-) to cut, slaughter, sacrifice> ṭūṇ- �ṭūṭ-�
<Row Kui d3305 ṭūṇu (pl. ṭūṇga) log of wood, large beam or block of wood> ṭūṇu �pl� ṭūṇga�
<Row sunkar d3305 ṭuṇ- (-h-) to cut (with axe)> ṭuṇ- �-h-�
<Row Kuwi d3305 ṭūṇ- (-h-) to cut, kill. ?> ṭūṇ- �-h-�
<Row Tam d3306 tuṇi (-v-, -nt-) to dare, venture> tuṇi �-v-� -nt-�
<Row Tam d3306 tuṇikari (-pp-, -tt-) to be bold, dare> tuṇikari �-pp-� -tt-�
<Row Tam d3308 tuṇar (-v-, -nt-; -pp-, -tt-) to cluster as flowers; <i>n.</i> flower, bunch of flowers, pollen of a flower, bunch of fruit> tuṇar �-v-� -nt-� -pp-� -tt-�
<Row Tam d3308 tuṇai (-pp-, -tt-) to string as a garland> tuṇai �-pp-� -tt-�
<Row Tam d3310 tuṇṭi (-pp-, -tt-) to cut, sever, tear up, divide, separate, cut short one's words, speak in few words, dispute, disprove, rebuke; be cut off, detached, broken; <i>n.</i> detached piece of high land left waste> tuṇṭi �-pp-� -tt-�
<Row Kodagu d3310 tuṇḍ- (tuṇḍi-) to break (<i>intr.</i>; thread, rope, flower-stem, tip)> tuṇḍ- �tuṇḍi-�
<Row Tam d3315 tutai (-v-, -nt-) to be crowded thick, close, intense, abound, be copious; (-pp-, -tt-) to press together; <i>n.</i> closeness, crowded state; ?> tutai �-v-� -nt-�
<Row Tam d3315 tatai (-v-, -nt-) to be thickset, crowded, densely packed; (-pp-, -tt-) to be full, abundant; ?> tatai �-v-� -nt-�
<Row Tam d3315 tatumpu (tatumpi-) to become full> tatumpu �tatumpi-�
<Row Kota d3315 tod- (tody-) to cook (grain or flour) into solid mass by compressing it with a stick. DED(S) 2717> tod- �tody-�
<Row Parji d3319 caus. tundip- (tundit-) DED 2721> caus� tundip- �tundit-�
<Row Tam d3323 tuppu (tuppi-) to spit; <i>n.</i> spittle> tuppu �tuppi-�
<Row Toda d3323 tüf ïn- (ïḏ-) to spit> tyf ɨn- �ɨḏ-�
<Row Kodagu d3323 tupp- (tuppi-) to spit> tupp- �tuppi-�
<Row Pengo d3323 cup- (-t-) to spit> cup- �-t-�
<Row Kui d3323 sūpa (sūpi-) id.; <i>n.</i> expectoration> sūpa �sūpi-�
<Row sunkar d3323 hūp- (-it-) to spit> hūp- �-it-�
<Row Kuwi d3323 hūp- (-it-) to spit> hūp- �-it-�
<Row Tam d3325 tumi (-v-, -nt-) to be cut off, severed, perish, be crushed; (-pp-, -tt-) to cut off, saw, keep off, obstruct; <i>n.</i> cut, severance> tumi �-v-� -nt-�
<Row Pengo d3326 dum- (-t-) to ascend, climb> dum- �-t-�
<Row Pengo d3326 caus. dup- (-t-) > caus� dup- �-t-�
<Row Kodagu d3330 ba·-tumbi bird's tail (ba·lïtail)> ba�-tumbi
<Row Kota d3331 tub- (tuby-) to be filled full> tub- �tuby-�
<Row Kota d3331 tubc- (tubc-) to fill (<i>tr.</i>)> tubc- �tubc-�
<Row Kodagu d3331 dumb- (dumbi-) to become full> dumb- �dumbi-�
<Row Tam d3336 tummu (tummi-) to sneeze> tummu �tummi-�
<Row Tam d3336 tumpu (tumpi-) to sneeze> tumpu �tumpi-�
<Row Kota d3336 tub- (tuby-) to sneeze> tub- �tuby-�
<Row Toda d3336 tüb- (tüby-) id> tyb- �tyby-�
<Row Kodagu d3336 tïmm- (tïmmi-) > tɨmm- �tɨmmi-�
<Row Kodagu d3336 tumm- (tummi-) id> tumm- �tummi-�
<Row Kolami d3336 tum- (tumt-) to sneeze> tum- �tumt-�
<Row Konda d3336 tup- (-t-) to sneeze> tup- �-t-�
<Row Konda d3336 tumbu (pl. tupku) a sneeze> tumbu �pl� tupku�
<Row Pengo d3336 tum- (-t-) to sneeze> tum- �-t-�
<Row Kui d3336 tumb- (-it-) id> tumb- �-it-�
<Row Kurux d3336 tum'nā (tummyas) to sneeze> tum�nā �tummyas�
<Row Kurux d3336 tum'ta'ānā to cause one to sneeze> tum�ta�ānā
<Row Kota d3337 tu·n- (tu·nḏ-) to pull along (something or someone), rape> tu�n- �tu�nḏ-�
<Row Kannada d3337 tuyi (tuyid-, tūd-) to pull, draw, stretch. ?> tuyi �tuyid-� tūd-�
<Row Tam d3339 tura (-pp-, -nt-) to tunnel, bore> tura �-pp-� -nt-�
<Row Tam d3339 turuvu (turuvi-) to bore, drill, perforate, scrape out as the pulp of a coconut; <i>n.</i> hole, scraping, scooping> turuvu �turuvi-�
<Row Konda d3339 tṟuk- (-t-) (pig) to root up earth with snout> tṟuk- �-t-�
<Row Kui d3339 trupka (&lt; truk-p-; trukt-) to bore, pierce> trupka ��lt� truk-p-� trukt-�
<Row Kui d3339 truspa (trust-) to pierce a hole, breach> truspa �trust-�
<Row Kui d3339 tuspa (tust-) to pierce a hole, breach> tuspa �tust-�
<Row Kui d3339 trūva (trūt-) to be pierced, holed> trūva �trūt-�
<Row Kui d3339 trunga (trungi-) to become a hole, be pierced> trunga �trungi-�
<Row Tam d3340 tura (-pp-, -nt-) to drive as an elephant, beat away as flies, shoot as an arrow, propel, disperse, scatter, direct, urge, encourage, drive in a nail, hammer> tura �-pp-� -nt-�
<Row Tam d3340 turattu (turatti-) to drive away, chase out, scare off as beasts, birds, remove, reject, expel as a servant, pursue as a thief, drive, cause to move fast as bullocks> turattu �turatti-�
<Row Parji d3340 turkip- (turkit-) to push, shove> turkip- �turkit-�
<Row Kui d3340 trōpa (trōt-) to press something forward with the fingers, massage> trōpa �trōt-�
<Row Kuwi d3340 trō- (-t-) to poke (fire). DED(S, N) 2744, DED(N) 2891> trō- �-t-�
<Row Tulu d3343 ) mairůtuttu blue vitriol> � mairɯtuttu
<Row Tam d3347 turuvu (turuvi-) to seek, inquire into, search out, trace, pursue; <i>n.</i> searching> turuvu �turuvi-�
<Row Tam d3347 turappu (turappi-) to seek> turappu �turappi-�
<Row Tam d3347 turuntu (turunti-) to explore, examine> turuntu �turunti-�
<Row Tam d3350 tuvaṅku (tuvaṅki-) to begin, enter upon> tuvaŋku �tuvaŋki-�
<Row Tam d3350 tuvakku (tuvakki-) to begin, enter upon> tuvakku �tuvakki-�
<Row Kota d3350 tovk- (tovky-) to begin. ?> tovk- �tovky-�
<Row Toda d3350 twïQx- (twïQxy-) to be at the point of, be ready to> tvɨ�x- �tvɨ�xy-�
<Row Toda d3350 twïQk- (twïQky-) to start, begin. DED 2754> tvɨ�k- �tvɨ�ky-�
<Row Tam d3351 tuvar (-v-, -nt-) to dry, wipe off moisture; become dry; <i>n.</i> firewood, dry leaves> tuvar �-v-� -nt-�
<Row Tam d3351 tuvarttu (tuvartti-) to wipe off moisture> tuvarttu �tuvartti-�
<Row Tam d3351 tuvaṭṭu (tuvaṭṭi-) to wipe off moisture as after bathing; <i>n.</i> wiping off moisture> tuvaṭṭu �tuvaṭṭi-�
<Row Tam d3352 tuka (-pp-, -tt-) to be bitter> tuka �-pp-� -tt-�
<Row Kui d3352 torpa (tort-) to be astringent, have a lingering and clinging taste> torpa �tort-�
<Row Kodagu d3353 to·ri be·ḷe id. (forbe·ḷe, see<xref="4444">4444</xref="4444">)> to�ri be�ḷe
<Row Telugu d3353 togaru (togari) (<i>pl.</i>togaḷḷu) id> togaru �togari�
<Row Tam d3354 tuvaḷ (tuvaḷv-, tuvaṇṭ-) to quiver, tremble> tuvaḷ �tuvaḷv-� tuvaṇṭ-�
<Row Toda d3354 tu·ḷ power of a god (in songs)> tu�ḷ
<Row Tam d3355 tuvai (-pp-, -tt-) to dip in, soak, temper (steel); (-v-, -nt-) to be dipped (as cloth in dye), be moistened with starch, be tempered (as steel)> tuvai �-pp-� -tt-�
<Row Tam d3356 tur̤a (-pp-, -nt-) to stir as with a ladle> tuṛ̆a �-pp-� -nt-�
<Row Tam d3356 tur̤avu (tur̤avi-) to stir with the hand, stir with a ladle, turn over as paddy spread in the sun, paddle or row a boat> tuṛ̆avu �tuṛ̆avi-�
<Row Tam d3356 tur̤āvu (tur̤āvi-) to stir with the hand, stir with a ladle, turn over as paddy spread in the sun, paddle or row a boat> tuṛ̆āvu �tuṛ̆āvi-�
<Row Tam d3356 tur̤ai (-v-, -nt-) to propel by oars> tuṛ̆ai �-v-� -nt-�
<Row Kurux d3358 tuṛxa'ānā to take the skin off, shell, strip; <i>refl.-pass.</i>> tuṛxa�ānā
<Row Tam d3359 tuḷaṅku (tuḷaṅki-) to move, sway from side to side as an elephant, shake, be perturbed, be uprooted, droop> tuḷaŋku �tuḷaŋki-�
<Row Tam d3359 tuḷakku (tuḷakki-) to move, shake, bow, nod; <i>n.</i> shaking, grief, sorrow> tuḷakku �tuḷakki-�
<Row Tam d3359 tuḷumpu (tuḷumpi-) to shake, be agitated> tuḷumpu �tuḷumpi-�
<Row Tam d3359 tulaṅku (tulaṅki-) to hang, swing, be agitated, disturbed> tulaŋku �tulaŋki-�
<Row Tam d3359 tuluṅku (tuluṅki-) to shake, toss> tuluŋku �tuluŋki-�
<Row Tam d3359 tulukku (tulukki-) id., walk affectedly; <i>n.</i> gesticulation> tulukku �tulukki-�
<Row Tam d3359 tuṭku (tuṭki-) to be alarmed; <i>n.</i> fear, dismay> tuṭku �tuṭki-�
<Row Toda d3359 twïḷg öḍ- (öḍQ-) (ball) bounces, (river) goes over rocks> tvɨḷg øḍ- �øḍ�-�
<Row Toda d3359 twïlg fi·s- (fi·sy-) (river) goes over rocks (pi·s-to swing)> tvɨlg fi�s- �fi�sy-�
<Row Kui d3359 tlānga (tlāngi-) to be rocked to and fro, pitch, sway, be tossed violently backwards and forwards and up and down> tlānga �tlāngi-�
<Row Kui d3359 tr. tlāpka (&lt; tlāk-p-; tlākt-) > tr� tlāpka ��lt� tlāk-p-� tlākt-�
<Row Kuwi d3359 dulp- (-it-) to shake (<i>tr.</i>). DED(S, N) 2762> dulp- �-it-�
<Row Tam d3360 tuḷaṅku (tuḷaṅki-) to shine, be bright, luminous, radiate> tuḷaŋku �tuḷaŋki-�
<Row Tam d3360 tuḷakku (tuḷakki-) to polish> tuḷakku �tuḷakki-�
<Row Tam d3360 tuḷumpu (tuḷumpi-) to sparkle, glitter, shine> tuḷumpu �tuḷumpi-�
<Row Tam d3360 tulaṅku (tulaṅki-) to shine, glitter, be bright, be polished, be clear> tulaŋku �tulaŋki-�
<Row Tam d3360 tulakku (tulakki-) to polish, burnish, cause to shine, illumine, make clear, sharpen; <i>n.</i> lustre, polish> tulakku �tulakki-�
<Row Tam d3361 tuḷi (-pp-, -tt-) to drip, fall in drops as rain, tears, trickle down, rain; sprinkle, let fall in drops; <i>n.</i> raining, dripping, raindrop, globule of water, rain, small quantity> tuḷi �-pp-� -tt-�
<Row Tam d3361 tuḷumpu (tuḷumpi-) to brim over, overflow as tears in the eyes, melt> tuḷumpu �tuḷumpi-�
<Row Kota d3361 toḷg- (toḷgy-) to wash one's hands with tears> toḷg- �toḷgy-�
<Row Toda d3361 toḷy- (toḷc-) to sprinkle (<i>intr., tr.</i>)> toḷy- �toḷc-�
<Row Toda d3361 toḷb- (toḷby-) (liquid) slops over> toḷb- �toḷby-�
<Row Parji d3361 tolkip- (tolkit-) id> tolkip- �tolkit-�
<Row Parji d3361 tolcip- (tolcit-) id> tolcip- �tolcit-�
<Row Konda d3361 toṛŋ- (-it-) (water) to be spilt> toṛŋ- �-it-�
<Row Tam d3362 tuḷir- (-pp-, -tt-) to bud, sprout, shoot, put forth leaves, prosper, thrive; <i>n.</i> bud, sprout, young leaf, tender foliage> tuḷir- �-pp-� -tt-�
<Row Tam d3364 tuḷḷu (tuḷḷi-) to leap, frisk, spring up, jump up, be restive, trip along in a frolicsome manner, be haughty, arrogant, lead a happy-go-lucky life, tremble, quiver; <i>n.</i> leap, jump, spring, arrogance> tuḷḷu �tuḷḷi-�
<Row Kodagu d3364 tuḷḷ- (tuḷḷi-) to make small jumps> tuḷḷ- �tuḷḷi-�
<Row Tam d3365 tuṟa (-v-, -nt-) to leave, relinquish, forsake, quit, abandon, desert, reject, discard, neglect, dispense with, omit, avoid, renounce worldly pleasures, become an ascetic> tuṟa �-v-� -nt-�
<Row Tam d3365 tuvvu (tuvvi-) to leave. ?> tuvvu �tuvvi-�
<Row Kota d3365 tot- (toty-) to escape> tot- �toty-�
<Row Toda d3365 twaṟ- (twaṟQ-) to become on bad terms with, abandon (friendship); (twaṟt-) to make to be on bad terms (with oneself or with one another)> tvaṟ- �tvaṟ�-�
<Row Konda d3365 tuR- (-t-) to remove (weeds, etc.)> tu�- �-t-�
<Row Kui d3365 tuhpa (tuht-) to cast away, throw off, abandon, leave, except, relinquish, let alone, let be; <i>n.</i> abandonment, relinquishing> tuhpa �tuht-�
<Row Kuwi d3365 tūssali (tūst-) to throw away> tūssali �tūst-�
<Row sunkar d3365 tuh- (tust-) to throw away; also used as an auxiliary. ?> tuh- �tust-�
<Row Tam d3367 tuṟu (tuṟuv-, tuṟṟ-) to be thick, crowded, full, be closed; (-pp-, -tt-) to cram as food into the mouth, stuff, press or crowd into a bag or box; <i>n.</i> thickness, closeness, crowdedness, eating> tuṟu �tuṟuv-� tuṟṟ-�
<Row Tam d3367 tuṟumpu (tuṟumpi-) to be close, crowded> tuṟumpu �tuṟumpi-�
<Row Tam d3367 tuṟumu (tuṟumi-) to be close, crowded> tuṟumu �tuṟumi-�
<Row Tam d3367 tuṟṟu (tuṟṟi-) to eat, seize with the mouth, lie close; <i>n.</i> boiled rice, food, ball of boiled rice as a mouthful, crowd, multitude> tuṟṟu �tuṟṟi-�
<Row Tam d3367 tuṉṟu (tuṉṟi-) to be close, thick, crowded together, get near, approximate, get attached to> tuṉṟu �tuṉṟi-�
<Row Tam d3367 tuṉṉu (tuṉṉi-) to be fitted, joined, attached, be thick, crowded, press close, approach, approximate, adhere to, join> tuṉṉu �tuṉṉi-�
<Row Tam d3367 tuvaṉṟu (tuvaṉṟi-) to fill up, be thick, close, crowded, be in company, join, be heaped up; <i>n.</i> fullness> tuvaṉṟu �tuvaṉṟi-�
<Row Kota d3367 turg- (turgy-) to enter into hole, sink into swampy ground> turg- �turgy-�
<Row Kota d3367 turk- (turky-) to push through a hole, cram into mouth> turk- �turky-�
<Row Kolami d3367 turk- (turukt-) to put (fuel) on fire> turk- �turukt-�
<Row Kolami d3367 turs- (turust-) to thrust through hole> turs- �turust-�
<Row Parji d3367 tutip- (tutit-) to block up> tutip- �tutit-�
<Row Parji d3367 tuyp- (tuyt-) to block up> tuyp- �tuyt-�
<Row Konda d3367 tuṟbi- (-t-) to insert, thrust in> tuṟbi- �-t-�
<Row Kuwi d3367 tuc- (-it-) to shut (door)> tuc- �-it-�
<Row Tam d3368 state of being always in motion; tututuru (-pp-, -tt-) to be fidgety, restless, quiver (as the lips or tongue through desire to speak), be in great haste> state of being alvays in motion� tututuru �-pp-� -tt-�
<Row Tam d3369 turuttu (turutti-) to bulge, protrude; thrust out> turuttu �turutti-�
<Row Tam d3369 turuntu (turunti-) to enlarge, as a hole or cavity> turuntu �turunti-�
<Row Parji d3371 tud- (tutt-) to set fire to> tud- �tutt-�
<Row Tam d3372 tuṉi (-pp-, -tt-) to loathe, abhor, be angry at, displeased with, be sulky, as in a love-quarrel; <i>n.</i> disgust, dissatisfaction, loathing, anger, displeasure, affliction, sorrow, distress, disease, sin, trouble, poverty> tuṉi �-pp-� -tt-�
<Row Konda d3374 dū- (-t-) to be well grown (as fruit, child, etc.), be well-developed> dū- �-t-�
<Row Konda d3374 caus. dūp- (-t-) > caus� dūp- �-t-�
<Row Pengo d3374 dū- (-t-) to grow old> dū- �-t-�
<Row Kuwi d3374 dū- (-t-) to grow old> dū- �-t-�
<Row Kuwi d3374 *mutu- &gt; *mdū- &gt; dū- DEDS 530> �mutu- �gt� �mdū- �gt� dū
<Row Kota d3375 du· hollow in ground at burning-place where pyre is built> du�
<Row Badaga d3375 du·e burial ground> du�e
<Row Tam d3376 tūṅku (tūṅki-) to hang, be suspended, swing, sway from side to side as an elephant, dance, sleep, slumber, die, spin as a top, droop as a plant, be sluggish, slow; delay, procrastinate, walk or trudge slowly, rest profoundly> tūŋku �tūŋki-�
<Row Tam d3376 tūkku (tūkki-) to lift up, raise, hoist, weigh, balance, consider, compare, hang, suspend, shake, agitate; <i>n.</i> pendant, anything suspended, balance, weight, plumb-line, height, perpendicularity, steepness, comparison, similitude, deliberation, pondering, dancing> tūkku �tūkki-�
<Row Kota d3376 tu·g- (tu·yg-) to hang (<i>intr.</i>), weigh (<i>intr.</i>)> tu�g- �tu�yg-�
<Row Kota d3376 tu·k- (tu·yk-) to carry on shoulder, weigh (<i>tr.</i>)> tu�k- �tu�yk-�
<Row Kota d3376 tu·gm (obl. tu·gt-) weight> tu�gm �obl� tu�gt-�
<Row Kota d3376 tu·ktu·ky servant> tu�ktu�ky
<Row Toda d3376 tu·x- (tu·xy-) to hang> tu�x- �tu�xy-�
<Row Toda d3376 tu·k- (tu·ky-) id. (<i>tr.</i>), lift up, stir> tu�k- �tu�ky-�
<Row Toda d3376 tu·k gallows (formar, see 4711(<i>a</i>) Ta.maramtree; a borrowing)> tu�k
<Row Toda d3376 tu·k mar gallows (formar, see 4711(<i>a</i>) Ta.maramtree; a borrowing)> tu�k mar
<Row Toda d3376 ne·ṯwï·k- (ne·ṯwï·ky-) to toll bell while mourning over relics between funerals (lit. to lift [bell] for/over the relics [ne·s̱; see 3679])> ne�ṯvɨ�k- �ne�ṯvɨ�ky-�
<Row Kodagu d3376 tu·ŋg- (tu·ŋgi-) to hang (<i>intr.</i>)> tu�ŋg- �tu�ŋgi-�
<Row Kodagu d3376 tu·k- (tu·ki-) id. (<i>tr.</i>), weigh> tu�k- �tu�ki-�
<Row Kodagu d3376 ju·ŋg- (ju·ŋgi-) to sway (snake, tree, person, baby in cradle)> ju�ŋg- �ju�ŋgi-�
<Row Kodagu d3376 ju·k- (ju·ki-) to sway (<i>tr.</i>)> ju�k- �ju�ki-�
<Row Tulu d3376 tūkal&lt;-&gt; yuni to doze, be drowsy> tūkal�lt�-�gt� yuni
<Row Tulu d3376 tūkali&lt;-&gt; yuni to doze, be drowsy> tūkali�lt�-�gt� yuni
<Row Tulu d3376 sūka = t° etc> sūka � t�
<Row Pengo d3376 tūŋ- (tūŋt-) to hang (<i>intr.</i>)> tūŋ- �tūŋt-�
<Row Pengo d3376 tūŋg- (tūŋt-) to hang (<i>intr.</i>)> tūŋg- �tūŋt-�
<Row Pengo d3376 tūk- (-t-) id. (<i>tr.</i>)> tūk- �-t-�
<Row Kui d3376 drūnga (drūngi-) to swing, sway, shake, oscillate; <i>n.</i> a swinging motion> drūnga �drūngi-�
<Row Kui d3376 drūpka (&lt; drūk-p-; drūkt-) to cause to swing or sway; <i>n.</i> act of swinging someone> drūpka ��lt� drūk-p-� drūkt-�
<Row Kui d3376 trupka (&lt; truk-p-; trukt-) to oscillate, swing up and down> trupka ��lt� truk-p-� trukt-�
<Row sunkar d3376 tūŋg- (-it-) to hang (<i>intr.</i>), be hanging> tūŋg- �-it-�
<Row Kuwi d3376 tūk- (-h-) to hang, hang up, weigh> tūk- �-h-�
<Row Tam d3376 tūṅku (tūṅki-) to hang, be suspended, swing, sway from side to side as an elephant, dance, sleep, slumber, die, spin as a top, droop as a plant, be sluggish, slow; delay, procrastinate, walk or trudge slowly, rest profoundly> tūŋku �tūŋki-�
<Row Tam d3376 tūkku (tūkki-) to lift up, raise, hoist, weigh, balance, consider, compare, hang, suspend, shake, agitate; <i>n.</i> pendant, anything suspended, balance, weight, plumb-line, height, perpendicularity, steepness, comparison, similitude, deliberation, pondering, dancing> tūkku �tūkki-�
<Row Kota d3376 tu·g- (tu·yg-) to hang (<i>intr.</i>), weigh (<i>intr.</i>)> tu�g- �tu�yg-�
<Row Kota d3376 tu·k- (tu·yk-) to carry on shoulder, weigh (<i>tr.</i>)> tu�k- �tu�yk-�
<Row Kota d3376 tu·gm (obl. tu·gt-) weight> tu�gm �obl� tu�gt-�
<Row Kota d3376 tu·ktu·ky servant> tu�ktu�ky
<Row Toda d3376 tu·x- (tu·xy-) to hang> tu�x- �tu�xy-�
<Row Toda d3376 tu·k- (tu·ky-) id. (<i>tr.</i>), lift up, stir> tu�k- �tu�ky-�
<Row Toda d3376 tu·k gallows (formar, see 4711(<i>a</i>) Ta.maramtree; a borrowing)> tu�k
<Row Toda d3376 tu·k mar gallows (formar, see 4711(<i>a</i>) Ta.maramtree; a borrowing)> tu�k mar
<Row Toda d3376 ne·ṯwï·k- (ne·ṯwï·ky-) to toll bell while mourning over relics between funerals (lit. to lift [bell] for/over the relics [ne·s̱; see 3679])> ne�ṯvɨ�k- �ne�ṯvɨ�ky-�
<Row Kodagu d3376 tu·ŋg- (tu·ŋgi-) to hang (<i>intr.</i>)> tu�ŋg- �tu�ŋgi-�
<Row Kodagu d3376 tu·k- (tu·ki-) id. (<i>tr.</i>), weigh> tu�k- �tu�ki-�
<Row Kodagu d3376 ju·ŋg- (ju·ŋgi-) to sway (snake, tree, person, baby in cradle)> ju�ŋg- �ju�ŋgi-�
<Row Kodagu d3376 ju·k- (ju·ki-) to sway (<i>tr.</i>)> ju�k- �ju�ki-�
<Row Tulu d3376 tūkal&lt;-&gt; yuni to doze, be drowsy> tūkal�lt�-�gt� yuni
<Row Tulu d3376 tūkali&lt;-&gt; yuni to doze, be drowsy> tūkali�lt�-�gt� yuni
<Row Tulu d3376 sūka = t° etc> sūka � t�
<Row Pengo d3376 tūŋ- (tūŋt-) to hang (<i>intr.</i>)> tūŋ- �tūŋt-�
<Row Pengo d3376 tūŋg- (tūŋt-) to hang (<i>intr.</i>)> tūŋg- �tūŋt-�
<Row Pengo d3376 tūk- (-t-) id. (<i>tr.</i>)> tūk- �-t-�
<Row Kui d3376 drūnga (drūngi-) to swing, sway, shake, oscillate; <i>n.</i> a swinging motion> drūnga �drūngi-�
<Row Kui d3376 drūpka (&lt; drūk-p-; drūkt-) to cause to swing or sway; <i>n.</i> act of swinging someone> drūpka ��lt� drūk-p-� drūkt-�
<Row Kui d3376 trupka (&lt; truk-p-; trukt-) to oscillate, swing up and down> trupka ��lt� truk-p-� trukt-�
<Row sunkar d3376 tūŋg- (-it-) to hang (<i>intr.</i>), be hanging> tūŋg- �-it-�
<Row Kuwi d3376 tūk- (-h-) to hang, hang up, weigh> tūk- �-h-�
<Row Telugu d3376 caus. tūlucu > caus� tūlucu
<Row AluKurumba d3377 tu·ḍe hill mango, <i>Meliosma pungens</i> and> tu�ḍe
<Row Kota d3377 tu·ṛ marm id> tu�ṛ marm
<Row Toda d3377 tï·ṛ id> tɨ�ṛ
<Row Badaga d3377 tu·ḍe id. ?> tu�ḍe
<Row Tam d3380 tūṇṭu (tūṇṭi-) to shoot, discharge, propel an arrow, command, direct, incite, goad, remind, suggest, bring to notice as by word or signal, trim a lamp; <i>n.</i> exciting, rousing> tūṇṭu �tūṇṭi-�
<Row Kota d3380 tu·ṇḍ- (tu·ṇḍy-) to force to an action> tu�ṇḍ- �tu�ṇḍy-�
<Row Kodagu d3380 du·ḍ- (du·ḍi-) to push away> du�ḍ- �du�ḍi-�
<Row Pengo d3382 tūt- (-t-) to crouch down> tūt- �-t-�
<Row Kui d3382 tūspa (tūst-) to bend down and turn the back upon a person. <i>> tūspa �tūst-�
<Row Kuwi d3382 tūt- (-h-) to stoop, bend down. DEDS 532> tūt- �-h-�
<Row Kota d3383 du·dy silk-cotton tree> du�dy
<Row Konda d3388 tūb- (-it-) to blow with the mouth, puff, blow out (lamp)> tūb- �-it-�
<Row Pengo d3388 tūb- (tūpt-) to blow with the mouth. DEDS 534> tūb- �tūpt-�
<Row Tam d3390 tūr (-v-, -nt-) to be filled up, be closed, choked up; (-pp-, -tt-) to fill up, close up as a well, choke up as a pit, hide, cover; <i>n.</i> rubbish at the bottom of a well, dregs, mud> tūr �-v-� -nt-�
<Row Kurux d3390 cūrta'ānā to obstruct, block up. DED 2787> cūrta�ānā
<Row Pengo d3391 tūr- (-t-) to shake down (mangoes)> tūr- �-t-�
<Row Toda d3393 tu·fy feather, bird's tail> tu�fy
<Row maria d3393 tōr̥ (pl. tōhku ) large feather (<i>Voc.</i> 1823)> tōṛ �pl� tōhku
<Row maria d3393 tōr̥i (pl. tōhku ) large feather (<i>Voc.</i> 1823)> tōṛi �pl� tōhku
<Row Tam d3394 tūvu (tūvi-) to sprinkle, strew, scatter, spread out as grain for fowls, shower forth as arrows, put loosely in a measure as flour while measuring, strew or offer flowers in worship, rain> tūvu �tūvi-�
<Row Toda d3394 tu·f- (tu·fy-) to spread (grain in sun to dry, husks for buffalo to eat)> tu�f- �tu�fy-�
<Row Kolami d3395 tu·l- (tu·ṭ-) to run> tu�l- �tu�ṭ-�
<Row Kolami d3395 tu·lp- (tu·lupt-) to make to run> tu�lp- �tu�lupt-�
<Row Naikri d3395 tūḷ- (tūṭ-) to run, flow> tūḷ- �tūṭ-�
<Row Naiki d3395 ṭū- (ṭūṭ-) to run> ṭū- �ṭūṭ-�
<Row Tam d3396 tūr (-pp-, -tt-) to sweep> tūr �-pp-� -tt-�
<Row Mal d3396 tūlkkuka (tūṟṟ-) to sweep> tūlkkuka �tūṟṟ-�
<Row Toda d3396 twa·nf- (twa·nt-) to sweep. DED(S, N) 2788> tva�nf- �tva�nt-�
<Row Tam d3397 tūṟu (tūṟi-) to traduce, slander; <i>n.</i> calumny, slander, ill-report> tūṟu �tūṟi-�
<Row Tam d3397 tūṟṟu (tūṟṟi-) to publish abroad evil reports, slander, defame> tūṟṟu �tūṟṟi-�
<Row Toda d3397 tuḏy- (tuḏc-) to tell a lie> tuḏy- �tuḏc-�
<Row Kodagu d3397 du·rï information laid against a person> du�rɨ
<Row Kui d3397 dohpa (doht-) to mention the name of a person, cite, accuse, blame; praise, honour; <i>n.</i> citation, accusation, praise> dohpa �doht-�
<Row Tam d3398 tūṟu (tūṟi-) to drizzle> tūṟu �tūṟi-�
<Row Tam d3398 tuvaṟṟu (tuvaṟṟi-) to scatter drops, sprinkle> tuvaṟṟu �tuvaṟṟi-�
<Row Tam d3398 tuval (tuvalv-, tuvaṉṟ-) to drip as water, sprinkle, drizzle> tuval �tuvalv-� tuvaṉṟ-�
<Row Tam d3398 tumi (-pp-, -tt-) to drizzle, sprinkle; <i>n.</i> raindrops, light drizzling rain, drop of water, spray> tumi �-pp-� -tt-�
<Row Konda d3398 tūl- (tūR-) (water, etc.) to be splashed, scatter away in particles. <i>> tūl- �tū�-�
<Row Kuwi d3398 tūth'nai to speckle, intersperse, powder. DED(S, N) 2794> tūtʰ�nai
<Row Tam d3399 tūr (-v-, -nt-) to enter> tūr �-v-� -nt-�
<Row Kuwi d3399 dūh- (dūst-) to pierce, go right through> dūh- �dūst-�
<Row Kurux d3399 turda'ānā to pass (a thread, string, etc.) through a hole, let pass an animal, help or allow someone to pass through any narrow aperture> turda�ānā
<Row Tam d3399 tūr (-v-, -nt-) to enter> tūr �-v-� -nt-�
<Row Kuwi d3399 dūh- (dūst-) to pierce, go right through> dūh- �dūst-�
<Row Kurux d3399 turda'ānā to pass (a thread, string, etc.) through a hole, let pass an animal, help or allow someone to pass through any narrow aperture> turda�ānā
<Row Tam d3400 tūru (tūri-) to go to stool> tūru �tūri-�
<Row Kota d3400 tu·t- (tu·yt-) to void (excrement); ?> tu�t- �tu�yt-�
<Row Kota d3400 torl pi· ordinary loose excrement. <i>> torl pi�
<Row Kodagu d3400 tu·r- (tu·ri-) to defecate. <i>> tu�r- �tu�ri-�
<Row Tam d3401 vb. (tūṟi-) to become bushy, sprout forth, become shaggy and rough> vb� �tūṟi-�
<Row Kota d3401 tu·r bushy bunch of leaves of tree> tu�r
<Row Toda d3401 tu·ṟ (obl. tu·ṯ-) branch with leaves, leafy part of tree; (in song) bushes> tu�ṟ �obl� tu�ṯ-�
<Row Tam d3402 tūṟṟu (tūṟṟi-) to scatter, winnow, throw up (as dust in the air); <i>n.</i> winnowing> tūṟṟu �tūṟṟi-�
<Row Kolami d3402 tūrpet- (tūrpett-) to winnow> tūrpet- �tūrpett-�
<Row Pengo d3402 ṭūṭ- (-t-) to winnow with wind> ṭūṭ- �-t-�
<Row Kuwi d3402 ṭūṭ- (-h-) id> ṭūṭ- �-h-�
<Row Tam d3404 teviṭṭu (teviṭṭi-) to loathe, dislike. DED 2800> teviṭṭu �teviṭṭi-�
<Row Tam d3405 tekuḷ (tekuḷv-, tekuṇṭ-) to be full> tekuḷ �tekuḷv-� tekuṇṭ-�
<Row Tam d3405 overflow; tekir̤ (-v-, -nt-) to be full> overflov� tekiṛ̆ �-v-� -nt-�
<Row Tam d3405 tekuṭṭu (tekuṭṭi-) to cloy, glut> tekuṭṭu �tekuṭṭi-�
<Row Tam d3405 teviṭṭu (teviṭṭi-) to become full, be sated, glutted, cloyed; <i>n.</i> loathing (as of food from satiety)> teviṭṭu �teviṭṭi-�
<Row Tam d3405 tevvu (tevvi-) to fill> tevvu �tevvi-�
<Row Tam d3405 tikai (-v-, -nt-) to complete (<i>intr.</i>), come to an end> tikai �-v-� -nt-�
<Row Kolami d3406 tik- (tikt-) to die> tik- �tikt-�
<Row Konda d3406 tegis- (-t-) to abandon (as one's life) in recklessness, put an end to. DED(S) 2802> tegis- �-t-�
<Row Tam d3407 tekku (tekki-) to receive, take> tekku �tekki-�
<Row Tam d3407 tevvu (tevvi-) to get, take, obtain, seize, grasp, steal> tevvu �tevvi-�
<Row Kota d3407 tev- (tevd-) (river) subsides; (woman) thins walls of pot in preparation for closing the bottom; (tevt-) to pull along or out of, (woman) makes clay rise in cylinder in throwing pot> tev- �tevd-�
<Row Kolami d3407 tiv- (tivt-) to pull> tiv- �tivt-�
<Row Kurux d3407 tīgaba'ānā to draw, drag, conduct. DED(S) 2804> tīgaba�ānā
<Row Kota d3408 ten ka·y coconut> ten ka�y
<Row Toda d3408 tö go·y coconut> tø go�y
<Row Toda d3408 tög go·y coconut> tøg go�y
<Row Toda d3408 tög nö·ṇ coir rope> tøg nø�ṇ
<Row Kurux d3409 teŋgnā (tiŋgyas) to tell, narrate, explain> teŋgnā �tiŋgyas�
<Row Kurux d3409 tiŋgāba'&lt;-&gt; anā to moralize, preach, impress upon, inculcate> tiŋgāba��lt�-�gt� anā
<Row Kurux d3409 refl.-pass. tiŋgārnā > refl�-pass� tiŋgārnā
<Row Tam d3412 teṇṭu (teṇṭi-) to beg> teṇṭu �teṇṭi-�
<Row Kurux d3418 tainā (taïyyas) to send, carry newly married girl out of village> tainā �taɨyyas�
<Row Kurux d3418 tēynā (tēyyas) to send, carry newly married girl out of village> tēynā �tēyyas�
<Row Tam d3419 teri (-v-, -nt-) to be seen, perceived, ascertained, become evident, be understood, intelligible, clear, possess the power of sight, be conscious (as of one's guilt); investigate, test, ascertain, inquire, know, understand, select, choose, learn through listening, sift; (-pp-, -tt-) to make evident, bring to view, tell, declare, inform, explain specifically, write, inscribe, sift, choose, select, divide> teri �-v-� -nt-�
<Row Tam d3419 terivi (-pp-, -tt-) to explain, point out, show, teach, bring to light, manifest, reveal, display> terivi �-pp-� -tt-�
<Row Tam d3419 teruḷ (teruḷv-, teruṇṭ-) to know, gain true knowledge, perceive, ascertain, understand clearly, be renowned, be clear, lucid; <i>n.</i> knowledge, intelligence, clear perception, comprehension, wisdom> teruḷ �teruḷv-� teruṇṭ-�
<Row Tam d3419 teruṭṭu (teruṭṭi-) to inform, make known, convince, persuade, enlighten the mind, confirm, assure, rub and test the tone of a lute-string; <i>n.</i> informing, convincing> teruṭṭu �teruṭṭi-�
<Row Tam d3419 tēr (-v-, -nt-) to examine, investigate, inquire into, understand, know, consider, deliberate, ponder well, elect, seek, ascertain, form a conclusion, doubt, question, be well versed in> tēr �-v-� -nt-�
<Row Kota d3419 teyr- (terc-) to choose, divide out or off> teyr- �terc-�
<Row Kota d3419 terṇ- (terṇḍ-) to leave the company or crowd> terṇ- �terṇḍ-�
<Row Toda d3419 tïry- (tïrs-) to choose, separate (calves from buffaloes, etc.); (tïrc-) to separate, excommunicate> tɨry- �tɨrs-�
<Row Toda d3419 tïrc- (tïrč-) to separate> tɨrc- �tɨrč-�
<Row Kodagu d3419 tiri- (tiriv-, tiriñj-) to come to be known> tiri- �tiriv-� tiriñj-�
<Row Brah d3419 cāing (dial. tā- &lt; base> cāing �dial� tā
<Row Brah d3419 tiā-; neg. tipp- &lt; base> tiā-� neg� tipp
<Row Brah d3419 *tir- ) to understand, know, realize, regard. DED 2815> �tir
<Row Kota d3422 tervi· neighbourhood (in:i tervi·, a tervi·; aḷ tervi·in various caves). <i>> tervi�
<Row BettaKurumba d3424 (LSB 1.12) tarkili wing> ���� ����� tarkili
<Row Konda d3425 terp- (-t-) to put to sleep, cause to lie down, lay> terp- �-t-�
<Row Pengo d3425 trēp- (-t-) to lay down, put (child) to sleep> trēp- �-t-�
<Row Manda d3425 tēr- (-t-) to lie, lie down> tēr- �-t-�
<Row Manda d3425 trēp- (-t-) to lay down> trēp- �-t-�
<Row Kui d3425 trēppa (trēpt-) to cause to lie down, lay out, stretch out full length. <i>> trēppa �trēpt-�
<Row Kuwi d3425 trip- (-h-) to lay down, make one sleep> trip- �-h-�
<Row M d3426 adj. talãgī DED 2820> adj� talãgī
<Row Kurux d3428 telᵉgnā (telgcas) to tuck up (e.g. garment before sitting)> telᵉgnā �telgcas�
<Row Tam d3431A tevvu (tevvi-) to beg hard, importune> tevvu �tevvi-�
<Row Tam d3432 ter̤i (-pp-, -tt-) to drive or control by shouting, bluster, cause to sound (as a drum); resound, roar; <i>n.</i> sound, noise> teṛ̆i �-pp-� -tt-�
<Row Tam d3433 teḷ (teṭp-, teṭṭ-) to become clear, clear-minded> teḷ �teṭp-� teṭṭ-�
<Row Tam d3433 teḷku (teḷki-) to become clear> teḷku �teḷki-�
<Row Tam d3433 teḷḷu (teḷḷi-) to be clear, lucid, refined (as language), shine clearly, gleam, be mature in knowledge or experience> teḷḷu �teḷḷi-�
<Row Tam d3433 teḷi (-v-, -nt-) to become clear, limpid (as water by the settling of sediment), become serene (as the mind), be bright (as the countenance), become white, disappear (as famine, epidemic), become obvious, evident; consider, investigate, know, understand; (-pp-, -tt-) to clear, free (as from turbid matter), clarify, make known, pacify, reveal, dispel (as fear, sorrow); <i>n.</i> clearness, essence, light> teḷi �-v-� -nt-�
<Row Tam d3433 teḷir (-v-, -nt-) to shine, sparkle> teḷir �-v-� -nt-�
<Row Tam d3433 taḷi (-v- -nt-) to comprehend clearly> taḷi �-v- -nt-�
<Row Kota d3433 teḷc- (teḷc-) to make to cease (makstate of unconsciousness)> teḷc- �teḷc-�
<Row Toda d3433 tüḷy- (tüḷs-) to become clear, calm, come to senses after a swoon> tyḷy- �tyḷs-�
<Row Toda d3433 tüḷc- (tüḷč-) to calm (<i>tr.</i>), bring to senses after a swoon; ?> tyḷc- �tyḷč-�
<Row Toda d3433 tïbak aṟy- (aṟs-) to remember, (neg.) forget (cf. Ka.tiḷivaḷike)> tɨbak aṟy- �aṟs-�
<Row Kodagu d3433 tëḷi- (tëḷiv-, tëḷiñj-) (sleep) leaves one> təḷi- �təḷiv-� təḷiñj-�
<Row Kodagu d3433 tëḷïp- (tëḷïpi-) to cause (sleep) to leave one> təḷɨp- �təḷɨpi-�
<Row Konda d3433 teli- (-t-) to be known> teli- �-t-�
<Row Kuwi d3433 telh- (-it-) to understand; interpret, explain> telh- �-it-�
<Row Kuwi d3433 teˀ l- (-it-) to wake up> teˀ l- �-it-�
<Row Pk d3434 taḍiṇa- = virala- DED(S, N) 2826> taḍiṇa- � virala
<Row Tam d3435 teḷi (-pp-, -tt-) to strew, scatter, sprinkle, sow as seed, cast up in sifting, winnow; <i>n.</i> sowing as of seeds in a field> teḷi �-pp-� -tt-�
<Row Tam d3435 teḷḷu (teḷḷi-) to winnow, waft (as the sea), cast upon the shore> teḷḷu �teḷḷi-�
<Row Tam d3435 taḷi (-pp-, -tt-) to drip (as rain); sprinkle <i>> taḷi �-pp-� -tt-�
<Row Kota d3435 teḷ- (teyḷ-) to winnow (flour) gently> teḷ- �teyḷ-�
<Row Kota d3435 teḷc- (teḷc-) to sprinkle> teḷc- �teḷc-�
<Row Kodagu d3435 taḷi- (taḷip-, taḷic-) to sprinkle (liquid)> taḷi- �taḷip-� taḷic-�
<Row Kodagu d3436 tëḷi- (tëḷip-, tëḷic-) > təḷi- �təḷip-� təḷic-�
<Row Kodagu d3436 toḷi- (toḷip-, toḷic-) to laugh> toḷi- �toḷip-� toḷic-�
<Row Tam d3437 teṟi (-pp-, -tt-) to burst asunder, snap in twain as a rope, split; break (<i>tr.</i>), cut> teṟi �-pp-� -tt-�
<Row Konda d3437 tev- (-it-) to be broken or snapped (as thread), be disjointed> tev- �-it-�
<Row Konda d3437 tep- (-t-) to break, snap, nip off (as flowers), finish, redeem (a vow), discharge (a religious obligation)> tep- �-t-�
<Row Pengo d3437 trēz- (trēst-) to cut (e.g. crops)> trēz- �trēst-�
<Row Tam d3438 teṟi (-pp-, -tt-) to strike and fly off, start as the eyes, splash as water, fly off as sparks, be scattered as an army, spring, leap, bound, give throbbing pain, twang as bowstring with finger and thumb, thrum as the strings of a lute; <i>n.</i> spattering, splashing> teṟi �-pp-� -tt-�
<Row Tam d3438 teṉṟu (teṉṟi-) to be scattered, split to pieces, stray away as from a group> teṉṟu �teṉṟi-�
<Row Kota d3438 teṯ- (teṯy-) (cattle) stray from a herd. ?> teṯ- �teṯy-�
<Row Tam d3439 teṟu (teṟuv-, teṟṟ-) to tarry> teṟu �teṟuv-� teṟṟ-�
<Row Kota d3439 teṯ- (teṯy-) opportunity or time is, be possible (with dative of person)> teṯ- �teṯy-�
<Row Toda d3439 teṯ- (teṯy-) leisure is> teṯ- �teṯy-�
<Row Tam d3440 teṟu (teṟuv-, teṟṟ-) to burn, scorch, be angry, sting (as wasp), punish, destroy> teṟu �teṟuv-� teṟṟ-�
<Row Parji d3440 ted- (tett-) > ted- �tett-�
<Row Parji d3440 ṭeḍ- (ṭeṭṭ-) to be fierce (of sun's heat). <i>> ṭeḍ- �ṭeṭṭ-�
<Row Kota d3441 ter- (teṯ-) to pay (debt)> ter- �teṯ-�
<Row Toda d3441 tel- (teṯ-) to pay (fine, debt)> tel- �teṯ-�
<Row Kannada d3441 teṟu (tett-) to pay> teṟu �tett-�
<Row Kodagu d3441 ter- (teruv-, tett-) to pay (penalty)> ter- �teruv-� tett-�
<Row Kui d3441 tehpa (teht-) to repay, return, make restitution; <i>n.</i> restitution, repaying. DED(S) 2833> tehpa �teht-�
<Row Konda d3442 teṟ- (teRt-) to pluck out. DEDS(N) 543> teṟ- �te�t-�
<Row Kui d3443 ḍehpa (ḍeht-) to be firm, stiff, hard, tough; <i>n.</i> stiffness, hardness, toughness. <i>> ḍehpa �ḍeht-�
<Row Kuwi d3443 de'ni hard> de�ni
<Row Kuwi d3443 decali (det-) to become hardened> decali �det-�
<Row Kuwi d3443 tē'- to be strong> tē�
<Row Kuwi d3443 de'ne hard> de�ne
<Row Tam d3445 teṟṟu (teṟṟi-) to stumble, be obstructed, hindered, mistake, commit a fault, do wrong; stammer, stutter; <i>n.</i> tripping, mistake, wrong> teṟṟu �teṟṟi-�
<Row Kodagu d3445 teri- (terip-, teric-) to totter about (as a child or through weakness). ?> teri- �terip-� teric-�
<Row Tam d3446 teṟṟu (teṟṟi-) to become intertwined; braid, plait, entwine, weave, string up, tie together, tighten; <i>n.</i> entwining, denseness. ?> teṟṟu �teṟṟi-�
<Row Tam d3446 tettu (tetti-) to become intertwined; braid, plait, entwine, weave, string up, tie together, tighten; <i>n.</i> entwining, denseness. ?> tettu �tetti-�
<Row Toda d3446 te·ṯ- (te·ṯy-) to fold (leaf for drinking-cup)> te�ṯ- �te�ṯy-�
<Row Kurux d3446 tessnā (tissyas) to plait, intertwine so as to form a long narrow strip, (Hahn) tie a knot (Pfeiffer). DED(S, N) 2836> tessnā �tissyas�
<Row Tam d3450 teṉṉu (teṉṉi-) to rise, (Tinn.) lift with a lever. <i>> teṉṉu �teṉṉi-�
<Row Parji d3450 tetip- (tetit-) to raise. <i>> tetip- �tetit-�
<Row Gadaba d3450 ṭeṭp- (ṭeṭt-) to raise, lift> ṭeṭp- �ṭeṭt-�
<Row salur d3450 tēṭp- (tēṭup-) to lift. <i>> tēṭp- �tēṭup-�
<Row Kurux d3450 tētnā (tētcas to assist a woman in raising a load to her head. DED(S, N) 2840> tētnā �tētcas
<Row Kurux d3450 tettas) to assist a woman in raising a load to her head. DED(S, N) 2840> tettas�
<Row Tam d3451 tēkku (tēkki-) to belch; <i>n.</i> belching, eructation> tēkku �tēkki-�
<Row Tam d3451 teviṭṭu (teviṭṭi-) to chew the cud> teviṭṭu �teviṭṭi-�
<Row Kota d3451 te·kl a belch> te�kl
<Row Toda d3451 tö·k- (tö·ky-) to belch> tø�k- �tø�ky-�
<Row Kodagu d3451 të·kïlï a belch> tə�kɨlɨ
<Row Konda d3451 dēk- (-t-) to belch> dēk- �-t-�
<Row Tam d3451 tēkku (tēkki-) to belch; <i>n.</i> belching, eructation> tēkku �tēkki-�
<Row Tam d3451 teviṭṭu (teviṭṭi-) to chew the cud> teviṭṭu �teviṭṭi-�
<Row Kota d3451 te·kl a belch> te�kl
<Row Toda d3451 tö·k- (tö·ky-) to belch> tø�k- �tø�ky-�
<Row Kodagu d3451 të·kïlï a belch> tə�kɨlɨ
<Row Konda d3451 dēk- (-t-) to belch> dēk- �-t-�
<Row Tam d3451 tēmpu (tēmpi-) to sob violently. <i>> tēmpu �tēmpi-�
<Row mandla d3451 dēr (pl. ḍērk <i>sic</i>)> dēr �pl� ḍērk
<Row Kuwi d3451 ḍreb- (-it-) id. DED(S, N) 2841> ḍreb- �-it-�
<Row Tam d3453 tēṅku (tēṅki-) to fill, become full, rise to the brim, be crowded, abundant, copious; stagnate> tēŋku �tēŋki-�
<Row Tam d3453 tēkku (tēkki-) to drink to the fill, be full, copious, abundant, replete, be sated, glutted; stop the flow as of water, dam up; <i>n.</i> fullness, repletion, satiety> tēkku �tēkki-�
<Row Kuwi d3453 tēkla (masc.) fastidious person. <i>> tēkla �masc��
<Row Kuwi d3453 tēkli (fem.) fastidious person. <i>> tēkli �fem��
<Row Tam d3454 tēṅku (tēṅki-) to be puzzled, be in trepidation> tēŋku �tēŋki-�
<Row Tam d3454 tiyaṅku (tiyanki-) to be confounded, deluded> tiyaŋku �tiyanki-�
<Row Tam d3454 tiyakku (tiyakki-) to cause confusion, confound> tiyakku �tiyakki-�
<Row Tam d3456 tēṭu (tēṭi-) to seek, search for, inquire after, acquire, earn, procure, take care of, cherish, provide for, seek, try (as to do a thing)> tēṭu �tēṭi-�
<Row Tam d3456 tēṇṭu (tēṇṭi-) to seek, search for, inquire after, acquire, earn, procure, take care of, cherish, provide for, seek, try (as to do a thing)> tēṇṭu �tēṇṭi-�
<Row Toda d3456 töṛk- (töṛky-) to search for> tøṛk- �tøṛky-�
<Row Kodagu d3456 të·ḍ- (të·ḍi-) id. DED 2844> tə�ḍ- �tə�ḍi-�
<Row Tam d3457 tēmpu (tēmpi-) to fade, wither, droop, be tired, faint, grow thin, be emaciated, be in trouble, suffer, perish> tēmpu �tēmpi-�
<Row Tam d3458 tēy (-v-, -nt-) to wear away by friction, be rubbed, wane as the moon, waste away as oil in a lamp, be emaciated, grow thin, become weakened, pass away (time), be effaced, erased, obliterated, destroyed, die> tēy �-v-� -nt-�
<Row Tam d3458 tēy (-pp-, -tt-) to rub, rub away, waste by rubbing, reduce, destroy, scrub, scour, polish, efface, erase, obliterate, pare, shave, rub in (ointment)> tēy �-pp-� -tt-�
<Row Mal d3458 tēkkuka (tēcc-) to rub, smear, clean, polish, sharpen> tēkkuka �tēcc-�
<Row Mal d3458 caus. tēppikka; tēccal waste from rubbing> caus� tēppikka� tēccal
<Row Kota d3458 te·y- (te·c-) to become worn down, lean; rub, wear down> te�y- �te�c-�
<Row Kota d3458 te·v leanness> te�v
<Row Kota d3458 te·vn n.pr man> te�vn n�pr
<Row Kota d3458 fem. te·vy > fem� te�vy
<Row Kodagu d3458 te·y- (te·yuv-, te·ñj-) to wear off> te�y- �te�yuv-� te�ñj-�
<Row Kodagu d3458 (te·p-, te·c-) id. (<i>tr.</i>), smear, whitewash> �te�p-� te�c-�
<Row Kota d3459 de·r god, possession of a diviner by a god> de�r
<Row Kota d3459 te·r possession of a diviner by a god> te�r
<Row Kota d3459 te·rka·rn diviner> te�rka�rn
<Row Kota d3459 te·rka·rc wife of diviner> te�rka�rc
<Row Toda d3459 tö·r o·ḍ- (o·ḍy-) (shaman) is dancing and divining> tø�r o�ḍ- �o�ḍy-�
<Row Kolami d3460 te·r (pl. te·ḍl) cot> te�r �pl� te�ḍl�
<Row Tam d3464 tēlu (tēli-) to get rid of, escape danger (as a ship)> tēlu �tēli-�
<Row Kodagu d3464 te·l- (-i-) id> te�l- �-i-�
<Row Konda d3464 dēl- (-it-) to float on water. ?> dēl- �-it-�
<Row Kui d3464 tlēpa (tlēt-) (liquid) to stand in a depression. <i>> tlēpa �tlēt-�
<Row Kuwi d3464 tēl- (-it-) id., overflow. DED(S, N) 2852> tēl- �-it-�
<Row Konda d3466 tēl- (-it-) to wipe off (as tears)> tēl- �-it-�
<Row Kodagu d3470 të·ḷï black insect with poisonous bite> tə�ḷɨ
<Row Tam d3471 tēṟu (tēṟi-) to be accepted as true, be clarified, made clear as water, be strengthened, recover from swooning or intoxication, be thorough, accomplished, mature (as the mind), reach perfection, thrive as vegetation, be comforted, consoled, cheer up, be successful in examination, prove, result, amount to (as profit), trust, confide, believe in, decide; <i>n.</i> clearness, certainty> tēṟu �tēṟi-�
<Row Tam d3471 tēṟṟu (tēṟṟi-) to make clear, convince, assure, relieve from doubt, know, understand, swear, take an oath, clear, clarify, refine, comfort, console, cure, give relief, communicate strength, nourish, cherish, invigorate, encourage; <i>n.</i> making clear, becoming clear> tēṟṟu �tēṟṟi-�
<Row Kota d3471 te·r- (te·ry-) to be found satisfactory in one's actions; dawn (with subjectna·ṛ; country becomes clear)> te�r- �te�ry-�
<Row Kota d3471 te·rc- (te·rc-) to make (day) dawn> te�rc- �te�rc-�
<Row Toda d3471 tö·ṟ- (tö·ṟy-) to improve (in health, wealth)> tø�ṟ- �tø�ṟy-�
<Row Toda d3471 tö·ṯ- (tö·ṯy-) to make improve (in health, wealth)> tø�ṯ- �tø�ṯy-�
<Row Toda d3471 te·l- (te·ḏ-) to recover (ü·rlife) slowly after swoon; do work> te�l- �te�ḏ-�
<Row Toda d3471 no·ṭy Qe·l- (Qe·ḏ-) to perform the sweeping ceremony (forno·ṭy, see 3587 and <i>TGT</i>, text 56)> no�ṭy �e�l- ��e�ḏ-�
<Row Kodagu d3471 të·r- (të·ruv-, të·nd-) (man) becomes full-grown> tə�r- �tə�ruv-� tə�nd-�
<Row Kui d3471 tija (tiji-) to wake up <i>(intr.); n.</i> act of awakening> tija �tiji-�
<Row Kui d3471 tispa (tist-) to awaken <i>(tr.); n.</i> act of waking someone. DED(S) 2856> tispa �tist-�
<Row Kodagu d3472 do·t- (do·ti-) > do�t- �do�ti-�
<Row Kodagu d3472 de·t- (de·ti-) to drive away (cattle, persons)> de�t- �de�ti-�
<Row Kodagu d3472 dë·t- (dë·ti-) to drive away (cattle, persons)> də�t- �də�ti-�
<Row Tam d3473 tai (-pp-, -tt-) to sew, stitch, nail, fasten beams with nails, spikes, or pegs, pin, plait or stitch as leaves into a plate, join, pierce, penetrate, prick as a thorn or arrow, tie, weave as a wreath, string as beads, adorn, decorate, set, enchase, wear, put on, paint; <i>n.</i> sewing, decoration, embellishment> tai �-pp-� -tt-�
<Row sunkar d3473 cāc- (-it-) > cāc- �-it-�
<Row Kuwi d3473 tāc- (-it-) to sew. DED(S) 2858> tāc- �-it-�
<Row Tam d3476 toku (tokuv-, tokk-) to assemble, collect, accumulate, form as a whole or lump, aggregate, be summed up, totalled; (-pp-, -tt-) to cause to assemble, bring together, gather, sum up, total, add, summarize> toku �tokuv-� tokk-�
<Row Tam d3476 tuku (tukuv-, tukk-) to be gathered in a mass, as the hair; (-pp-, -tt-) to bring together, gather in a mass as hair> tuku �tukuv-� tukk-�
<Row Tam d3478 toṅku (toṅki-) to hang, be suspended, hang down, dangle, be dependent, servile> toŋku �toŋki-�
<Row Kota d3478 toŋg- (toŋgy-) to hang (<i>intr.</i>), hang oneself> toŋg- �toŋgy-�
<Row Kota d3478 toŋgc- (toŋgc-) to hang> toŋgc- �toŋgc-�
<Row OTelugu d3478 toṅgoḍlu (pl.) bundle, bunch> toŋgoḍlu �pl��
<Row Tam d3480 toṭu (toṭuv-, toṭṭ-) to touch, come in contact with, be connected, united with or joined to, feel, handle, take hold of, use, have illicit intercourse (as with another's wife); (-pp-, -tt-) to connect, join, bind, fasten, fix (as arrow on bow), enchain, tie, surround> toṭu �toṭuv-� toṭṭ-�
<Row Tam d3480 toṭakku (toṭakki-) to catch hold of, tie; get entangled, obstructed; <i>n.</i> tying, binding, entanglement, bondage, connexion> toṭakku �toṭakki-�
<Row Tam d3480 tuṭakku (tuṭakki-) to catch hold of, tie; get entangled, obstructed; <i>n.</i> tying, binding, entanglement, bondage, connexion> tuṭakku �tuṭakki-�
<Row Tam d3480 toṭar (-v-, -nt-) to follow uninterruptedly, be linked, pursue, persist in with energy, tie, bind, attack; <i>n.</i> following, succession, chain, fetters, friendship, connexion> toṭar �-v-� -nt-�
<Row Tam d3480 tuṭar (-v-, -nt-) to follow one after another> tuṭar �-v-� -nt-�
<Row Kota d3480 toṛv- (toṛd-) to put arms around> toṛv- �toṛd-�
<Row Toda d3480 twaḍ- (twaḍQ-) to be polluted> tvaḍ- �tvaḍ�-�
<Row Toda d3480 twaḍf- (twaḍt-) to pollute> tvaḍf- �tvaḍt-�
<Row Toda d3480 twïṛf- (twïṛt-) to entangle> tvɨṛf- �tvɨṛt-�
<Row Toda d3480 to·ṭ- (to·ṭy-) to bring up (child), take (woman of the other moiety) as concubine> to�ṭ- �to�ṭy-�
<Row Toda d3480 to·ṭyfoy mox concubine> to�ṭyfoy mox
<Row Kannada d3480 toḍu (toṭṭ-) to join, put to or on, put (arrow) on (bow); <i>n.</i> putting on, etc> toḍu �toṭṭ-�
<Row Kodagu d3480 toḍ- (toḍuv-, toṭṭ-) to touch> toḍ- �toḍuv-� toṭṭ-�
<Row Parji d3480 ṭoḍ- (ṭoṭṭ-) to touch> ṭoḍ- �ṭoṭṭ-�
<Row Parji d3480 ṭoḍip- (ṭoḍit-) to make to touch> ṭoḍip- �ṭoḍit-�
<Row Kurux d3480 toṛsᵒgnā (tuṛsgyas) to touch slightly with the foot> toṛsᵒgnā �tuṛsgyas�
<Row Brah d3480 tōning (tōr-, tō-) to hold, keep, maintain, keep back, fend off, restrain> tōning �tōr-� tō-�
<Row Tam d3481 toṭu (toṭuv-, toṭṭ-) to begin (<i>tr.</i>), occur, happen, come into being; (-pp-, -tt-) to commence, undertake> toṭu �toṭuv-� toṭṭ-�
<Row Tam d3481 toṭakku (toṭakki-) to begin> toṭakku �toṭakki-�
<Row Tam d3481 tuṭakku (tuṭakki-) to begin> tuṭakku �tuṭakki-�
<Row Tam d3481 toṭaṅku (toṭaṅki-) to begin, originate, undertake, engage in> toṭaŋku �toṭaŋki-�
<Row Tam d3481 tuṭaṅku (tuṭaṅki-) to begin, originate, undertake, engage in> tuṭaŋku �tuṭaŋki-�
<Row Kota d3481 toṭḷ te·l first menses> toṭḷ te�l
<Row Kui d3481 ṭōṇḍa (ṭōṇḍi-) to begin, initiate, attempt; <i>n.</i> beginning, attempt; <i>pl. action</i>> ṭōṇḍa �ṭōṇḍi-�
<Row Kui d3481 ṭōṭka (ṭōṭki-) > ṭōṭka �ṭōṭki-�
<Row Tam d3482 toṭu (toṭuv-, toṭṭ-) to put on (as a ring, clothes), wear (as shoes); (-pp-, -tt-) to wear (as clothes)> toṭu �toṭuv-� toṭṭ-�
<Row Tam d3482 toṭakku (toṭakki-) to wear, put on> toṭakku �toṭakki-�
<Row Kannada d3482 toḍu (toṭṭ-) to put on (as ornaments or clothes adapted to the body)> toḍu �toṭṭ-�
<Row Kolami d3482 toḍ- (toṭṭ-) to put on (shirt)> toḍ- �toṭṭ-�
<Row Naikri d3482 toṛ- (toṭṭ-) to wear (bodice or shirt). <i>> toṛ- �toṭṭ-�
<Row Konda d3482 toR- (-t-) to wear, put on (as saree)> to�- �-t-�
<Row Konda d3482 toRay ā- to get dressed> to�ay ā
<Row Pengo d3482 tuz- (tust-) to wear, put on> tuz- �tust-�
<Row Kui d3482 tubga (&lt; tug-b-; tugd-) to fasten a necklace; <i>n.</i> act of fastening. <i>> tubga ��lt� tug-b-� tugd-�
<Row sunkar d3482 tur- (-h-) to put on, wear (shoes)> tur- �-h-�
<Row Kuwi d3482 truh- (-it-) id. (shoes, clothing, etc.)> truh- �-it-�
<Row Kuwi d3482 turh'nai to wear> turh�nai
<Row Toda d3485 twï·ṭm (see 3549)> tvɨ�ṭm
<Row Kota d3491 doḍ- (doḍy-) to grow big> doḍ- �doḍy-�
<Row Tam d3494 toṇatoṇa (-pp-, -tt-) to vex with ceaseless talk> toṇatoṇa �-pp-� -tt-�
<Row Tam d3494 toṉuppu (toṉuppi-) to chatter, babble> toṉuppu �toṉuppi-�
<Row Tam d3494 toḷatoḷa (-pp-, -tt-) to babble, rattle away> toḷatoḷa �-pp-� -tt-�
<Row gowda d3498 doṇḍE > doṇḍ�
<Row Telugu d3500 doṇḍa Capparis. [C. horrida Linn. = <i>C. zeylanica</i> Roxb.] DED(S) 2881> doṇḍa �apparis� ��� horrida
<Row Kuwi d3503 toth'nai to stammer> totʰ�nai
<Row OIA d3503 *tōtta- DED(S) 2884> �tōtta
<Row Tam d3506 tontari (-pp-, -tt-) to trouble, vex, annoy> tontari �-pp-� -tt-�
<Row Kota d3506 tondarv (obl. tondart-) act of troubling or disturbing a person> tondarv �obl� tondart-�
<Row Kota d3506 tonda·rm (obl. tonda·rt-) persistent trouble or pressure put upon a person> tonda�rm �obl� tonda�rt-�
<Row OIA d3507 nos. 5858 > nos� ����
<Row Toda d3512 tüy- (tüs-) to breathe heavily> tyy- �tys-�
<Row Kodagu d3512 tuyⁿ- (tuyⁿmp-, tuyⁿñc-) (snake) hisses, (bull) snorts in anger> tuyⁿ- �tuyⁿmp-� tuyⁿñc-�
<Row Tam d3513 toy (-v-, -nt-) to languish, pine, grow weak, be weary, fatigued, fail in energy, droop, faint, flag, become slack, be loose, supple, yielding, bend through weakness or want of support> toy �-v-� -nt-�
<Row Tam d3513 tuyaṅku (tuyaṅki-) to be exhausted, faint> tuyaŋku �tuyaŋki-�
<Row Tam d3513 tuyakku (tuyakki-) to slacken, relax; <i>n.</i> fatigue, loss of strength or courage, misconception, confusion, sorrow, distraction> tuyakku �tuyakki-�
<Row Tam d3513 tuyar (-v-, -nt-) to grieve, sorrow, lament; <i>n.</i> affliction, grief, sorrow> tuyar �-v-� -nt-�
<Row Kui d3514 tronga (trongi-) to roll, (child) crawls; <i>n.</i> rolling, crawling> tronga �trongi-�
<Row Kui d3514 tropka (&lt; trok-p-; trokt-) to cause to roll, roll something over and over> tropka ��lt� trok-p-� trokt-�
<Row Kui d3514 torga (torgi-) to writhe; <i>n.</i> writhing. <i>> torga �torgi-�
<Row Kuwi d3514 trog- (-it-) to fall> trog- �-it-�
<Row Kuwi d3514 trok- (-h-) to drop, demolish, fell. DED(S) 2422, and from DED(S) 2211> trok- �-h-�
<Row Parji d3515 dorba (pl. dorbel ) id. <i>> dorba �pl� dorbel
<Row salur d3515 dobba (pl. -l) id. <i>> dobba �pl� -l�
<Row Kota d3516 tol vi·r first pregnancy> tol vi�r
<Row Tam d3519 tolai (-v-, -nt-) to become extinct, perish, die, be exhausted, terminated, liquidated, end (as a way), expire (as time), be over, finished, be weary, be defeated, fail, be lost, leave, depart; (-pp-, -tt-) to destroy, kill, exterminate, spend, pass (as time), remove, wipe off, bring to an end, settle, lose, surpass, defeat; <i>n.</i> ruin, distance, great distance> tolai �-v-� -nt-�
<Row Tam d3519 tolaiccu (tolaicci-) to kill, destroy, exhaust, pay, discharge (a debt)> tolaiccu �tolaicci-�
<Row Tam d3519 tulai (-v-, -nt-) to perish> tulai �-v-� -nt-�
<Row Tam d3519 caus. (-pp-, -tt-) > caus� �-pp-� -tt-�
<Row Kota d3519 tolg- (tolgy-) to be released from debt> tolg- �tolgy-�
<Row Kota d3519 tolk- (tolky-) to release from debt; ?> tolk- �tolky-�
<Row Kota d3519 telg- (telgy-) (hair, bushes) are divided> telg- �telgy-�
<Row Kota d3519 telk- (telky-) to divide (hair, cloak, bushes) so as to examine or go through> telk- �telky-�
<Row Toda d3519 twal- (twalQ-) to be settled and finished with> tval- �tval�-�
<Row Toda d3519 twalf- (twalt-) to settle (debt)> tvalf- �tvalt-�
<Row Toda d3519 twalx- (twalxy-) (plank) is out of plumb, (coagulant agent) is polluted> tvalx- �tvalxy-�
<Row Toda d3519 twalk- (twalky-) to make to be out of plumb> tvalk- �tvalky-�
<Row Kota d3522 toḷ- (toḷy-) to disparage a man's good qualities> toḷ- �toḷy-�
<Row Kui d3522 ḍuḍa (ḍuḍi-) to tread, trample, step upon; <i>n.</i> tread, step. <i>> ḍuḍa �ḍuḍi-�
<Row Kuwi d3522 tuṛb- (-it-) to trample, tread out grain; ?> tuṛb- �-it-�
<Row Tam d3523 tor̤i (-v-, -nt-) to be spilt> toṛ̆i �-v-� -nt-�
<Row Kui d3523 tōṛa (tōṛi-) to be liquid, flow, trickle. DEN 46> tōṛa �tōṛi-�
<Row Tam d3525 tor̤u (-v-, -t-) to worship, adore, pay homage to> toṛ̆u �-v-� -t-�
<Row Kodagu d3525 to- (topp-, tott-) to salute> to- �topp-� tott-�
<Row Pengo d3525 ṭoḍ- (ṭoṭt-) id> ṭoḍ- �ṭoṭt-�
<Row Konda d3525 tuRpa- to invoke gods, fulfil a religious vow, adore, worship, DED(S, N) 2904> tu�pa
<Row Kota d3526 to·y buffalo pen> to�y
<Row Toda d3526 twï· corral, pen> tvɨ�
<Row Toda d3526 tu· fo·s̱ entrance of pen> tu� fo�s̱
<Row Tam d3528 toḷ (toṭp-, toṭṭ-) to perforate, bore with an instrument> toḷ �toṭp-� toṭṭ-�
<Row Tam d3528 toḷai (-pp-, -tt-) to perforate, bore; <i>n.</i> hole> toḷai �-pp-� -tt-�
<Row Tam d3528 tuḷai (-pp-, -tt-) to make a hole, bore, drill, punch, pierce as with an arrow; <i>n.</i> hole, orifice, aperture, perforation, hollow as of a tube, bamboo, gateway, passage, flaw in a diamond> tuḷai �-pp-� -tt-�
<Row Tam d3528 tōḷ (tōṭp-, tōṭṭ-) to perforate, bore through, dig out, scoop; <i>n.</i> hole> tōḷ �tōṭp-� tōṭṭ-�
<Row Kota d3528 toyḷ- (toḷc-) to pierce> toyḷ- �toḷc-�
<Row Kota d3528 teḷi· hole in wall between two houses (for handing through fire, etc.)> teḷi�
<Row Kota d3528 teḷi·g hole in wall between two houses (for handing through fire, etc.)> teḷi�g
<Row Toda d3528 tüḷy- (tüḷc-) to make hole in stone or tree> tyḷy- �tyḷc-�
<Row Gondi d3528 caus. tulhuttānā > caus� tulhuttānā
<Row Tam d3529 toḷukku (toḷukki-) to tie loosely, wear or attach loosely (as clothes)> toḷukku �toḷukki-�
<Row Tam d3530 tuḷai (-v-, -nt-) to disport in water, dive, be immersed> tuḷai �-v-� -nt-�
<Row Kannada d3534 turuhu = tuṟu (Gai, <i>Historical Grammar of Old Kannada</i>, index)> turuhu � tuṟu
<Row Konda d3535 doRk- to be got or acquired, be available, be caught or defeated> do�k
<Row Konda d3535 doRkis- to make available, bring out. DED(S) 2896> do�kis
<Row Konda d3536 toR- (-t-) to tie, bind, build> to�- �-t-�
<Row Kuwi d3536 dōh'nai to bind, tie> dōh�nai
<Row Kuwi d3536 doh'nai to bind, tie> doh�nai
<Row Kuwi d3536 doh- (-t-) to tie, build> doh- �-t-�
<Row Kolami d3538 to·ke id> to�ke
<Row maria d3538 tōkar̥ (pl. tōkahku) > tōkaṛ �pl� tōkahku�
<Row maria d3538 tōkar̥i (pl. tōkahku) > tōkaṛi �pl� tōkahku�
<Row Tam d3539 tukai (-pp-, -tt-) to tread down, trample on, bruise or destroy by treading, pound in a mortar, mash, vex; roam about, walk> tukai �-pp-� -tt-�
<Row Tam d3539 tuvai (-pp-, -tt-) to tread down, pound as in a mortar; <i>n.</i> treading, pounding. ?> tuvai �-pp-� -tt-�
<Row Kota d3539 to·t- (to·ty-) to beat slightly> to�t- �to�ty-�
<Row Pengo d3539 tog- (tokt-) to tread, step on> tog- �tokt-�
<Row Manda d3539 tug- (tukt-) to trample> tug- �tukt-�
<Row Kui d3539 tōga (tōgi-) to kick; <i>n.</i> a kick. <i>> tōga �tōgi-�
<Row Kuwi d3539 doy- (-it-) (Ḍ.) to tread on, trample; (Isr.) to kick, step on> doy- �-it-�
<Row Konda d3540 dōs- (-t-) to carry (a load on the head)> dōs- �-t-�
<Row Konda d3540 caus. dōsis- to cause somebody to carry on head> caus� dōsis
<Row Pengo d3540 jōc- (jōcc-) to carry on the head> jōc- �jōcc-�
<Row Kui d3540 ḍūsa (ḍūsi-) id. <i>> ḍūsa �ḍūsi-�
<Row sunkar d3540 jucc- (-it-) > jucc- �-it-�
<Row bisam d3540 ducc- (-it-) > ducc- �-it-�
<Row Kuwi d3540 jūc- (-it-) id. ? <i>> jūc- �-it-�
<Row Konda d3541 ḍōs- (-t-) to pillage, plunder> ḍōs- �-t-�
<Row Kodagu d3542 do·se a flat rice-cake> do�se
<Row Kodagu d3543 to·ḍï small stream, drain in paddy fields> to�ḍɨ
<Row Tam d3546 tōṭṭicci; tōṭṭimai occupation of village messenger or scavenger> tōṭṭicci� tōṭṭimai
<Row Kodagu d3546 to·ṭi scavenger; fem. to·ṭici > to�ṭi scavenger� fem� to�ṭici
<Row Tam d3549 tōṇṭu (tōṇṭi-) to dig, hollow, excavate, scoop out, bore, draw or fetch water from a well, draw out details of, unload (as a ship)> tōṇṭu �tōṇṭi-�
<Row Tam d3549 toṭu (toṭuv- toṭṭ-) to dig, scoop out, excavate, pierce through; <i>n.</i> field, garden> toṭu �toṭuv- toṭṭ-�
<Row Kota d3549 to·ḍ- (to·j-) to dig a deep hole> to�ḍ- �to�j-�
<Row Kota d3549 to·ṭm (obl. to·ṭt-) fenced field> to�ṭm �obl� to�ṭt-�
<Row Toda d3549 twï·ṛ- (twï·ṛy-) to dig with fingers> tvɨ�ṛ- �tvɨ�ṛy-�
<Row Toda d3549 twï·ṭm (twï·ḍt-) garden> tvɨ�ṭm �tvɨ�ḍt-�
<Row Toda d3549 to·ṭ = twï·ṭm (in song unit:to·ṭïṣ <at>Q</at>o·ṟman on an estate, i.e. European)> to�ṭ � tvɨ�ṭm
<Row Kodagu d3549 to·ḍ- (to·ḍi-) to dig (a well)> to�ḍ- �to�ḍi-�
<Row Kodagu d3549 to·ṭa garden> to�ṭa
<Row Kota d3550 to·d trick> to�d
<Row Toda d3550 twï·Q cunning, trickery> tvɨ��
<Row Kui d3554 dōpa (dōt-) to put within, insert, introduce, plunge into. <i>> dōpa �dōt-�
<Row Kuwi d3554 doˀ - (-t-) to put hand into something (water, etc.). ?> doˀ - �-t-�
<Row Tam d3555 tōy (-v-, -nt-) to bathe, commonly in cold water, become wet, soaked, temper by dipping in water (as heated metal); (-pp-, -tt-) to dip, soak, temper as iron, dye, tinge, stain, imbue, wash, cleanse> tōy �-v-� -nt-�
<Row Kota d3555 to·y- to wash clean (cloth)> to�y
<Row Kota d3555 to·ṭ- (to·c-) to wash clean (cloth)> to�ṭ- �to�c-�
<Row Toda d3555 twï·y- (twï·c-) to wash (clothes)> tvɨ�y- �tvɨ�c-�
<Row Tam d3556 tōy (-v-, -nt-) to come in contact with, reach, unite, embrace, associate with, resemble> tōy �-v-� -nt-�
<Row Kui d3557 trōja (trōji-) to grow in body, become mature and well-developed> trōja �trōji-�
<Row Kui d3557 pl. action trōska (trōski-) DED(N) 2935> pl� action trōska �trōski-�
<Row Tam d3558 tōl (tōṟp-, tōṟṟ-) to be defeated, discomfited, vanquished (as in battle, game, dispute, etc.), fail in comparison, yield, flinch, give way voluntarily, lose; <i>n.</i> defeat, discomfiture, misfortune, ill-luck, loss> tōl �tōṟp-� tōṟṟ-�
<Row Tam d3558 tōr (-pp-, -tt-) to be defeated, discomfited, vanquished (as in battle, game, dispute, etc.), fail in comparison, yield, flinch, give way voluntarily, lose; <i>n.</i> defeat, discomfiture, misfortune, ill-luck, loss> tōr �-pp-� -tt-�
<Row Kota d3558 co·l- (co·t-) to be defeated, be inferior, fail> co�l- �co�t-�
<Row Kota d3558 co·v- (co·t-) to be defeated> co�v- �co�t-�
<Row Toda d3558 twï·l- (twï·ṭ-) to be defeated, become old> tvɨ�l- �tvɨ�ṭ-�
<Row Toda d3558 twï·lc- (twï·lč-) to defeat> tvɨ�lc- �tvɨ�lč-�
<Row Toda d3558 swï·l- (swï·t-) to be defeated (&lt; Badaga)> svɨ�l- �svɨ�t-�
<Row Kodagu d3558 co·l- (co·p-, co·t-) to be defeated> co�l- �co�p-� co�t-�
<Row Tam d3559 toli (-pp-, -tt-) to strip off (bark), flay, husk, hull; <i>n.</i> skin, rind, husk> toli �-pp-� -tt-�
<Row Kota d3559 to·l skin, hide> to�l
<Row Kota d3559 to·krl small peg used in pegging down hide to dry (to·l + karl[see 1389])> to�krl
<Row Toda d3559 twï·s̱ skin, hide> tvɨ�s̱
<Row Kodagu d3559 to·lï skin, hide> to�lɨ
<Row Kodagu d3559 toli- (tolip-, tolic-) to peel, hatch> toli- �tolip-� tolic-�
<Row seoni d3559 tōl (pl. tōlku) > tōl �pl� tōlku�
<Row seoni d3559 tōlu (pl. tōlku) > tōlu �pl� tōlku�
<Row Kui d3559 ṭōḍu (pl. ṭōṭka ) buffalo hide (from which bellows or shields are made). <i>> ṭōḍu �pl� ṭōṭka
<Row sunkar d3559 tōlu (pl. tōlka) skin, hide> tōlu �pl� tōlka�
<Row bisam d3559 tōlu (pl. tōlka) skin, hide> tōlu �pl� tōlka�
<Row Kolami d3563 to·ren (pl. to·renl) younger brother> to�ren �pl� to�renl�
<Row Kolami d3563 to·rndal (pl. to·rndasil ) younger sister> to�rndal �pl� to�rndasil
<Row Naikri d3563 tōren (pl. tōrenśil ) brother> tōren �pl� tōrenśil
<Row Naikri d3563 tōrndal (pl. tōrndaśil ) sister> tōrndal �pl� tōrndaśil
<Row Parji d3563 toled (pl. toler )> toled �pl� toler
<Row Gadaba d3563 toṛon (pl. toṛonkul ) younger brother> toṛon �pl� toṛonkul
<Row Kota d3564 to·ḷ upper arm, elbow to shoulder> to�ḷ
<Row Toda d3564 twï·ḷfody bangle worn on upper arm by women> tvɨ�ḷfody
<Row Tam d3566 tōṉṟu (tōṉṟi-) to be visible, come to mind, appear, seem, spring up, come into existence, be born, exist> tōṉṟu �tōṉṟi-�
<Row Tam d3566 tōṟṟu (tōṟṟi-) id.; cause to appear, show, produce, create; <i>n.</i> appearance> tōṟṟu �tōṟṟi-�
<Row Kota d3566 to·r- (to·ry-) to be visible> to�r- �to�ry-�
<Row Kota d3566 to·g- (to·yg-) intuition comes (to person)> to�g- �to�yg-�
<Row Toda d3566 twï·l- (twï·ḏ-) to be foreseen> tvɨ�l- �tvɨ�ḏ-�
<Row Toda d3566 twï·ṯ- (twï·ṯy-) to be foreseen> tvɨ�ṯ- �tvɨ�ṯy-�
<Row Toda d3566 twï·ṟ- (twï·ṟy-) id., be visible> tvɨ�ṟ- �tvɨ�ṟy-�
<Row Toda d3566 ne·ṯwï·ṟ- (ne·ṯwï·ṟy-) to be reflected (lit. to be visible as a reflection; forne·s̱,see 3679)> ne�ṯvɨ�ṟ- �ne�ṯvɨ�ṟy-�
<Row Kannada d3566 tōṟ (tōṟd-) to appear, be visible, seem, be conspicuous, come into existence, occur, show, exhibit, evince> tōṟ �tōṟd-�
<Row Kannada d3566 tōṟu (tōṟi-) to appear, be visible, seem, be conspicuous, come into existence, occur, show, exhibit, evince> tōṟu �tōṟi-�
<Row Kodagu d3566 *to·nd- (onlyto·ndïciit came in a flash, as a sudden idea)> �to�nd
<Row Kolami d3566 to·t- (neg. paradigm only)> to�t
<Row Kolami d3566 to·d no!> to�d
<Row Kolami d3566 to· to· to· no!> to� to� to�
<Row Parji d3566 ṭōṭip- (ṭōṭit-) to show (cf. also 2658 Ta.cuṭṭu)> ṭōṭip- �ṭōṭit-�
<Row Gadaba d3566 tōṭp- (tōṭt-) to show> tōṭp- �tōṭt-�
<Row Gadaba d3566 tōḍp- (tōḍup-) to show. <i>> tōḍp- �tōḍup-�
<Row Konda d3566 tōṟ- (-it-) to appear, be seen> tōṟ- �-it-�
<Row Pengo d3566 cōnj- (cōnc-) to appear> cōnj- �cōnc-�
<Row Pengo d3566 tōnj- (tōnc-) to appear> tōnj- �tōnc-�
<Row Pengo d3566 cōc- (cōcc-) to show> cōc- �cōcc-�
<Row Pengo d3566 tōc- (tōcc-) to show> tōc- �tōcc-�
<Row Kui d3566 tōnja (tōnji-) to appear, seem; <i>n.</i> appearance> tōnja �tōnji-�
<Row Kui d3566 tōmba (tōmbi-) to appear, seem; <i>n.</i> appearance> tōmba �tōmbi-�
<Row Kui d3566 tōspa (tōst-) to cause to appear, show, expose; <i>n.</i> demonstration, revelation. <i>> tōspa �tōst-�
<Row Kuwi d3566 tuh'nai to manifest> tuh�nai
<Row sunkar d3566 cōnj- (-it-) to appear> cōnj- �-it-�
<Row Kuwi d3566 tōh- (tōst-) to show> tōh- �tōst-�
<Row Kuwi d3566 tōnj- (-it-) to appear> tōnj- �-it-�
<Row Kuwi d3566 tōh- (-t-) to show. DED(S, N) 2942> tōh- �-t-�
<Row Kuwi d3567 fem. trombēni > fem� trombēni
<Row Tam d3569 naku (nakuv-, nakk-) to laugh, smile, rejoice, bloom as a flower, open, expand, shine, glitter> naku �nakuv-� nakk-�
<Row Tam d3569 naṅku (naṅki-) to deride, mock at; <i>n.</i> derision, mockery> naŋku �naŋki-�
<Row Kannada d3569 nagu (nakk-) to laugh, smile, laugh at, deride, open, blossom; <i>n.</i> a laugh, smile, laughter, derision, blooming, blossoming> nagu �nakk-�
<Row Parji d3569 navip- (navit-) to cause to laugh. <i>> navip- �navit-�
<Row salur d3569 nag- (nak-) to laugh. DED 2944> nag- �nak-�
<Row Tam d3570 nakku (nakki-) to lick, lap; <i>n.</i> licking> nakku �nakki-�
<Row Kota d3570 nak- (naky-) to lick> nak- �naky-�
<Row Toda d3570 nok- (noky-) id> nok- �noky-�
<Row Kodagu d3570 nakk- (nakki-) to lick> nakk- �nakki-�
<Row Kolami d3570 na·k- (na·kt-) id> na�k- �na�kt-�
<Row Konda d3570 nāk- (nākt-) id> nāk- �nākt-�
<Row Pengo d3570 nāk- (-t-) > nāk- �-t-�
<Row Pengo d3570 nāŋ- (nāŋt-) id> nāŋ- �nāŋt-�
<Row Pengo d3570 nāŋg- (nāŋt-) id> nāŋg- �nāŋt-�
<Row Kui d3570 nāka (nāki-) to lick, lap. <i>> nāka �nāki-�
<Row sunkar d3570 nāk- (-it-) to lick, (Isr. also) lap. DED(S) 2945> nāk- �-it-�
<Row Kurux d3571 nakhrnā (nakkhras) aux. vb. with idea of reciprocity, dispersion or severance> nakʰrnā �nakkʰras�
<Row Tam d3574 naci (-v-, -nt-) to be crushed, bruised, mashed, crumpled; (-pp-, -tt-) to crush, bruise, mash, press, squeeze, demolish, destroy> naci �-v-� -nt-�
<Row Tam d3574 nacukku (nacukki-) to press, squeeze, crush, subdue; <i>n.</i> bruise> nacukku �nacukki-�
<Row Tam d3574 nacuṅku (nacuṅki-) to be mashed, crushed> nacuŋku �nacuŋki-�
<Row Tam d3574 nai (-v-, -nt-) to be crushed, destroyed, perish; (-pp-, -tt-) to crush, destroy. ?> nai �-v-� -nt-�
<Row Kota d3574 nacak in- (iḏ-) to make noise in cutting through flesh> nacak in- �iḏ-�
<Row Kui d3574 nasa (nasi-) to press, crush; <i>n.</i> act of crushing> nasa �nasi-�
<Row Tam d3575 naci (-v-, -nt-) to be worn, frayed (as cloth), be reduced in circumstances> naci �-v-� -nt-�
<Row Tam d3575 nai (-v-, -nt-) to waste away, be frayed (as cloth)> nai �-v-� -nt-�
<Row Tam d3576 naccu (nacci-) to desire, long for, like, love; <i>n.</i> desire, hankering, liking> naccu �nacci-�
<Row Tam d3576 nattu (natti-) to desire, long for, hanker after, love> nattu �natti-�
<Row Kota d3576 nac- (nac-) to have great liking for (with dat.), feel desire> nac- �nac-�
<Row Tam d3577 naccu (nacci-) to tease, vex, trouble, harass; <i>n.</i> trouble, worry> naccu �nacci-�
<Row Tam d3579 naccu (nacci-) to babble, prate; <i>n.</i> babble. ?> naccu �nacci-�
<Row Toda d3580 noζ poison, afterbirth (of human beings), gall-bladder> no�
<Row Tam d3582 naṭa (-pp-, -nt-) to walk, go, pass, proceed, happen> naṭa �-pp-� -nt-�
<Row Tam d3582 naṭattu (naṭatti-) to cause to walk as a child, lead, transact, administer> naṭattu �naṭatti-�
<Row Tam d3582 naṭavu (naṭavi-) to cause to go, drive; manage, administer, direct> naṭavu �naṭavi-�
<Row Kota d3582 naṛv- (naṛd-) to walk, proceed, happen> naṛv- �naṛd-�
<Row Kota d3582 naṛt- (naṛty-) to teach to walk, make to proceed, manage affair> naṛt- �naṛty-�
<Row Toda d3582 naṛ- (naṛQ-) to walk, happen> naṛ- �naṛ�-�
<Row Toda d3582 naṛt- (naṛty-) to make to walk, string beads> naṛt- �naṛty-�
<Row Toda d3582 naḍ- (naḍQ-) to happen> naḍ- �naḍ�-�
<Row Toda d3582 naḍt- (naḍty-) to conduct, organize> naḍt- �naḍty-�
<Row Toda d3582 naḍc- (naḍč-) to organize, conduct (feast, ceremony)> naḍc- �naḍč-�
<Row Kannada d3582 naḍe (naḍad-) to walk, march, proceed, pass, be current; <i>n.</i> walk, course, pace, deportment> naḍe �naḍad-�
<Row Kannada d3582 naḍi = naḍe <i>vb.</i>> naḍi � naḍe
<Row Kodagu d3582 naḍa- (naḍap-, naḍand-) to walk> naḍa- �naḍap-� naḍand-�
<Row Kodagu d3582 naḍat- (naḍati-) to make to walk, make ceremony to be performed> naḍat- �naḍati-�
<Row Kolami d3582 aḍg- (aḍakt-) to walk> aḍg- �aḍakt-�
<Row Konda d3582 naṛi- (-t-) id> naṛi- �-t-�
<Row Tam d3583 naṭu (naṭuv-, naṭṭ-) to set up (as a pilłar, pole, mast), plant, set, place, establish (as fame)> naṭu �naṭuv-� naṭṭ-�
<Row Tam d3583 nāṭṭu (nāṭṭi-) to set up, fix, plant, place in the ground (as a pole), erect, insert, establish (as laws, etc.), establish one in life, create, write (with style on palm leaf); <i>n.</i> position, posture> nāṭṭu �nāṭṭi-�
<Row Kota d3583 naṛ- (naṭ-) to fix upright in ground, transplant> naṛ- �naṭ-�
<Row Kota d3583 na·ṭy young paddy and ragi plants ready for transplanting> na�ṭy
<Row Kannada d3583 naḍu (naṭṭ-) to fix firmly, stick or fix in the ground, plant, enter, pierce> naḍu �naṭṭ-�
<Row Kannada d3583 neḍu (neṭṭ-) to fix firmly, stick or fix in the ground, plant, enter, pierce> neḍu �neṭṭ-�
<Row Kodagu d3583 naḍï- (naḍïp-, naṭṭ-) to plant (post, seeds)> naḍɨ- �naḍɨp-� naṭṭ-�
<Row Kodagu d3583 na·ṭi act of transplanting> na�ṭi
<Row Telugu d3583 tr. nārcu > tr� nārcu
<Row Telugu d3583 tr. nārucu > tr� nārucu
<Row Konda d3583 naṭ- (-t-) to tuck in, fix in> naṭ- �-t-�
<Row Pengo d3583 aḍ- (aṭt- to pierce, penetrate (e.g. thorn). DED(S, N) 2958> aḍ- �aṭt
<Row Pengo d3583 aṛt-) to pierce, penetrate (e.g. thorn). DED(S, N) 2958> aṛt-�
<Row Kota d3584 naṭa· naṛv very centre> naṭa� naṛv
<Row Kota d3584 naṛy ke·r the centre one of the three exogamous divisions of the Kota village> naṛy ke�r
<Row Tam d3585 naṭuṅku (naṭuṅki-) to shake, shiver, quiver, tremble through fear, stutter, falter, waver, lose heart, nod one's head as a sign of appreciation> naṭuŋku �naṭuŋki-�
<Row Tam d3585 naṭukku (naṭukki-) to shiver, tremble; shake, cause to quiver, cause dizziness (as betel, tobacco); <i>n.</i> (alsonaṭukkal) trembling, shaking, mental agitation> naṭukku �naṭukki-�
<Row Mal d3585 tr. naṭukkuka; naṭukkam tremor> tr� naṭukkuka� naṭukkam
<Row Kota d3585 naṛg- (naṛgy-) to shake (<i>intr.</i>; from old age, cold, fright)> naṛg- �naṛgy-�
<Row Toda d3585 noḏx- (noḏxy-) to tremble> noḏx- �noḏxy-�
<Row Pengo d3586 naḍ- (naṭt-) to be torn, severed> naḍ- �naṭt-�
<Row Pengo d3586 naṭ- (-t-) to tear, sever> naṭ- �-t-�
<Row Toda d3587 no·ṭy Qe·ḏt the sweeping ceremony (performed withkakaṟxgrass, <i>Eragrostis nigra</i> Nees.; see 1397(<i>a</i>), 3471, and <i>TGT</i>, text 56). DED 2961> no�ṭy �e�ḏt
<Row Tam d3588 naṇṇu (naṇṇi-) to draw near, approach, reach, be attached to, united with, adhere> naṇṇu �naṇṇi-�
<Row Tam d3588 naṇuṅku (naṇuṅki-) to approach, draw nigh, arrive at, become attached to or united with> naṇuŋku �naṇuŋki-�
<Row Tam d3588 naṇuku (naṇuki-) to approach, draw nigh, arrive at, become attached to or united with> naṇuku �naṇuki-�
<Row Tam d3588 naḷ (naṭp-, naṭṭ-) to approach, join, associate with, contract friendship, befriend, like, accept> naḷ �naṭp-� naṭṭ-�
<Row Tam d3588 naḷḷu (naḷḷi-) to approach, join, associate with, contract friendship, befriend, like, accept> naḷḷu �naḷḷi-�
<Row Telugu d3588 naṇṭukatte; nan&lt;-&gt; pu amiability, agreeability> naṇṭukatte� nan�lt�-�gt� pu
<Row Telugu d3588 naṇṭukatte; nanu&lt;-&gt; pu amiability, agreeability> naṇṭukatte� nanu�lt�-�gt� pu
<Row Tam d3589 naṇṇu (naṇṇi-) to do, make> naṇṇu �naṇṇi-�
<Row Kurux d3589 nannā (nańjas) to do, prepare, harm; <i>refl.-pass.</i>> nannā �nańjas�
<Row Kurux d3589 nanta'ānā; nalᵃkh work, action, labour, carrying out, use, efficiency> nanta�ānā� nalᵃkʰ
<Row Malto d3589 nane (nanya) to do. DED 2963> nane �nanya�
<Row Tam d3590 natu (-pp-, -tt-) to extinguish, quench, eclipse (as rays), destroy> natu �-pp-� -tt-�
<Row Tam d3590 nantu (nanti-) to be extinguished, put out (as a lamp), set, disappear, perish, die, become spoiled, decay, waste> nantu �nanti-�
<Row Tam d3590 nutu (-pp-, -tt-) to put out, quench, extinguish, destroy, remove> nutu �-pp-� -tt-�
<Row Tam d3590 notu (-pp-, -tt-) to put out, quench, extinguish> notu �-pp-� -tt-�
<Row Tam d3590 nontu (nonti-) to perish> nontu �nonti-�
<Row Tam d3590 nuntu (nunti-) to be extinguished> nuntu �nunti-�
<Row Kannada d3590 nandisu; nundu to be extinguished, go out (as fire)> nandisu� nundu
<Row Tam d3594 nama (-pp-, -tt-) > nama �-pp-� -tt-�
<Row Tam d3594 namar (-pp- > namar �-pp
<Row Konda d3595 namli- (-t-) to munch with noise, ruminate. DED (S, N) 2970> namli- �-t-�
<Row Tam d3597 namai (-v-, -nt-; -pp-, -tt-) itching, itch, irritation> namai �-v-� -nt-� -pp-� -tt-�
<Row Kannada d3597 nạve itching, the itch> n�ve
<Row Tam d3598 namai (-pp-, -tt-) to vex, trouble> namai �-pp-� -tt-�
<Row Tam d3598 navai (-pp-, -tt-) to kill; <i>n.</i> blemish, defect, fault, evil, disgrace, meanness, punishment> navai �-pp-� -tt-�
<Row Tam d3600 nampu (nampi-) to long for, desire intensely, trust, confide in, rely on, believe, have faith in, hope, expect, accept; <i>n.</i> desire, hope> nampu �nampi-�
<Row Tam d3600 navvu (navvi-) to trust unreservedly, expect eagerly> navvu �navvi-�
<Row Kota d3600 namb- (namby-) to believe, trust> namb- �namby-�
<Row Toda d3600 nob- (noby-) to believe, trust> nob- �noby-�
<Row Kodagu d3600 namb- (nambi-) to trust> namb- �nambi-�
<Row Konda d3600 nami- (-t-) to believe. <i>> nami- �-t-�
<Row sunkar d3600 nam- (-it-) id., trust> nam- �-it-�
<Row Tam d3602 naya (-pp-, -nt-) to desire greatly, long for, appreciate, respect, esteem, please, beseech, implore, love, woo, show affection for, be glad, rejoice, be sweet, pleasing, agreeable, be cheap> naya �-pp-� -nt-�
<Row Tam d3602 nayappi (-pp-, -tt-) to induce to love or desire, persuade, win one's compliance> nayappi �-pp-� -tt-�
<Row Tam d3602 nēci; nēci (-pp-, -tt-) to love> nēci� nēci �-pp-� -tt-�
<Row Telugu d3602 neyyurālu; nēyamu friendship, justice> neyyurālu� nēyamu
<Row Kurux d3602 nē'enā (nēcas) to ask for, beg, pray (Pfeiffer)> nē�enā �nēcas�
<Row Tam d3605 araḷ (araḷv-, araṇṭ-) to terrify, frighten; <i>n.</i> fear> araḷ �araḷv-� araṇṭ-�
<Row Tam d3605 aruḷ (aruḷv- to terrify, frighten; <i>n.</i> fear> aruḷ �aruḷv
<Row Tam d3605 aruku (aruki-) to be afraid> aruku �aruki-�
<Row Tam d3605 arukku (arukki-) to be afraid> arukku �arukki-�
<Row Kolami d3605 ars- (arast-) to fear> ars- �arast-�
<Row Kolami d3605 arp- (arapt-) > arp- �arapt-�
<Row Kolami d3605 arsip- (arsipt-) > arsip- �arsipt-�
<Row Parji d3605 narpip- (narpit-) to frighten. <i>> narpip- �narpit-�
<Row Gadaba d3605 narupp- (narupt-) to terrify> narupp- �narupt-�
<Row Tam d3608 naruṅku (naruṅki-) to be deficient in growth, decay, grow lean as a child, fail as a business or harvest> naruŋku �naruŋki-�
<Row Tam d3608 narāṅku (narāṅki-) to be stunted in growth> narāŋku �narāŋki-�
<Row Kurux d3608 narma'ānā to soften down, render less acute or vehement, render thinner, reduce in point of stoutness> narma�ānā
<Row Kurux d3608 narma'anā to become less, give way, waste. DED(S) 2983> narma�anā
<Row Tam d3610 nal (naṟ-) good> nal �naṟ-�
<Row Tam d3610 nala (-pp-, -nt-) to result in good, take a favourable turn> nala �-pp-� -nt-�
<Row Tam d3610 nalku (nalki-) to rejoice; show favour, bestow, grant, give> nalku �nalki-�
<Row Kota d3610 nalva·yn one whose mouth (va·y) smells good, who enjoys food and prosperity> nalva�yn
<Row Toda d3610 nas̱Q beauty> nas̱�
<Row Toda d3610 nas̱o·n <i>n.pr.</i> man> nas̱o�n
<Row OIA d3610 Nala- <i>n.pr.</i> of a man. DED 2986, 2989, and from DED(S) 2988> �ala
<Row Tam d3611 nalaṅku (nalaṅki-) to grow faint, wilt, suffer, pine, lose stiffness, become crumpled, bend as a bow> nalaŋku �nalaŋki-�
<Row Tam d3611 nalakku (nalakki-) to crumple as cloth or paper, soil slightly, sully, tarnish> nalakku �nalakki-�
<Row Tam d3611 nali (-v-, -nt-) to waste, pine away, suffer, be in distress, yield before a foe, fail, slide, fall down; afflict, distress; (-pp-, -tt-) to afflict, cause distress; <i>n.</i> suffering, pain, thinness, leanness> nali �-v-� -nt-�
<Row Tam d3611 naluṅku (naluṅki-) to beome lean, be distressed> naluŋku �naluŋki-�
<Row Tam d3611 nalkūr (-v-, -nt-) to suffer, be wearied> nalkūr �-v-� -nt-�
<Row Konda d3611 nalŋi- (-t-) to be squeezed in handling> nalŋi- �-t-�
<Row Kota d3612 nayḷ- (naḷc-) to play> nayḷ- �naḷc-�
<Row Toda d3612 na·s̱- (na·s̱y-) to play (a game)> na�s̱- �na�s̱y-�
<Row Toda d3612 ne·s̱k play. <i>> ne�s̱k
<Row Kodagu d3612 nali- (naliv-, naliñj-) to play (in songs)> nali- �naliv-� naliñj-�
<Row Kurux d3612 nalta'ānā > nalta�ānā
<Row Kurux d3612 nalda'ānā > nalda�ānā
<Row Malto d3612 lale (laḍa) to dance> lale �laḍa�
<Row Tam d3616 navil (navilv-, naviṉṟ-) to say, tell, learn, utter, sound loudly, sing, perform (as a dance)> navil �navilv-� naviṉṟ-�
<Row Tam d3616 naviṟṟu (naviṟṟi-) to say, utter, declare with authority> naviṟṟu �naviṟṟi-�
<Row Tam d3616 nuval (nuvalv-, nuvaṉṟ-) to say, declare, utter; <i>n.</i> word, saying> nuval �nuvalv-� nuvaṉṟ-�
<Row Tam d3617 navu (-v-, -nt-) to become soft, be soddened by boiling, rot, decay (as clothes, books, wood), be weary (as the limbs by labour)> navu �-v-� -nt-�
<Row Kota d3617 nav- (navd-) (cloth) becomes damp and chilly; (navt-) to make (cloth) to become damp and chilly> nav- �navd-�
<Row Tam d3620 nar̤ukku (nar̤ukki-) to evade, slip away> naṛ̆ukku �naṛ̆ukki-�
<Row Tam d3620 nar̤unar̤u (-pp-, -tt-) to speak evasively, shuffle> naṛ̆unaṛ̆u �-pp-� -tt-�
<Row Tam d3620 nar̤uppu (nar̤uppi-) to shrink from, shirk> naṛ̆uppu �naṛ̆uppi-�
<Row Tam d3620 nar̤uvu (nar̤uvi-) to steal or skulk away, evade, shift, shuffle> naṛ̆uvu �naṛ̆uvi-�
<Row Kolami d3620 naḍi- (naḍit-) to hide (<i>intr.</i>), (tiger) crouches> naḍi- �naḍit-�
<Row Kolami d3620 nars- (= naṛs-) to hide. <i>> nars- �� naṛs-�
<Row Kuwi d3620 naṇḍ- (-it-) to go underneath, hide. DED(S) 2996> naṇḍ- �-it-�
<Row Kolami d3621 a·le id> a�le
<Row Kolami d3621 a·lini in the morning> a�lini
<Row Kolami d3621 a·lintanaṭ from morning> a�lintanaṭ
<Row Parji d3621 āṇḍpip- (āṇḍpit-) to make to become evening (i.e. stay until evening). <i>> āṇḍpip- �āṇḍpit-�
<Row Kui d3621 ḍā'aŋa night> ḍā�aŋa
<Row sunkar d3621 la'aŋa > la�aŋa
<Row bisam d3621 la'a > la�a
<Row Kuwi d3621 la'anga > la�anga
<Row Kuwi d3621 lāl'aŋa > lāl�aŋa
<Row sunkar d3621 lā'isi'e > lā�isi�e
<Row sunkar d3621 la'isi'e > la�isi�e
<Row bisam d3621 la'asi early morning> la�asi
<Row Kuwi d3621 lā'i > lā�i
<Row Kuwi d3621A naṭ'a id. (nakṭametathesized fromnaṭka, originally a plural form)> naṭ�a
<Row Tam d3622 naḷi (-v-, -nt-) to be close together, crowded, be vast in extent; <i>n.</i> closeness, density, vastness, width, multitude> naḷi �-v-� -nt-�
<Row Tam d3623 neṟuneṟu (-pp-, -tt-) to gnash one's teeth, snap (as a stick in breaking), sound (as the biting of a hard, brittle, or crispy substance)> neṟuneṟu �-pp-� -tt-�
<Row Tam d3623 neṟumu (neṟumi-) to gnash> neṟumu �neṟumi-�
<Row Kota d3623 nark nark in- (iḏ-) (gristle) makes noise when chewed> nark nark in- �iḏ-�
<Row Tam d3625 naṟukku (naṟukki-) to cut off, mince, chop, smash; <i>n.</i> a piece cut off> naṟukku �naṟukki-�
<Row Konda d3625 naRk- to chop, cut. <i>> na�k
<Row Kuwi d3625 naṅg- (-it-) to lop off branches> naŋg- �-it-�
<Row Tam d3626 naṟumu (naṟumi-) to crush between the teeth> naṟumu �naṟumi-�
<Row Tam d3630 naṉai (-v-, -nt-) to become wet, be moistened, soaked; (-pp-, -tt-) to wet, moisten, soak> naṉai �-v-� -nt-�
<Row Tam d3630 nacunacu (-pp-, -tt-) to be damp as a floor, be continually drizzling> nacunacu �-pp-� -tt-�
<Row Tam d3630 naya (-pp-, -tt-) to become damp> naya �-pp-� -tt-�
<Row Kota d3630 nanv- (nand-) to become wet so as to be softened> nanv- �nand-�
<Row Kota d3630 nant- (nanty-) to wet thoroughly so as to soften> nant- �nanty-�
<Row Kota d3630 na·n- (na·nḏ-) to become wet in rain> na�n- �na�nḏ-�
<Row Kota d3630 na·nc- (na·nc-) to make to be wetted> na�nc- �na�nc-�
<Row Kota d3630 na·t- (na·ty-) to make to become wet in rain> na�t- �na�ty-�
<Row Toda d3630 no·l- (no·ḏ-) to get wet in rain, (roof) leaks> no�l- �no�ḏ-�
<Row Toda d3630 no·ṯ- (no·ṯy-) to make to get wet in rain> no�ṯ- �no�ṯy-�
<Row Kannada d3630 nān (nānd-) to get wet, moist, damp, soaked> nān �nānd-�
<Row Kodagu d3630 nele- (nelev-, neland-) (person) gets wet> nele- �nelev-� neland-�
<Row Kodagu d3630 nelat- (nelati-) to wet (thing or person)> nelat- �nelati-�
<Row Kodagu d3630 nela- (nelap-, nelat-) to wash (clothes)> nela- �nelap-� nelat-�
<Row Kui d3630 nenja (nenji-) to water plants, etc.; <i>n.</i> watering. ?> nenja �nenji-�
<Row Tam d3631 naṉai (-v-, -nt-) to bud, to appear; <i>n.</i> flower-bud> naṉai �-v-� -nt-�
<Row Tam d3633 nāvu (nāvi-) to thrust out the tongue and move it sideways, mock by thrusting out the tongue> nāvu �nāvi-�
<Row Kota d3633 na·lg id> na�lg
<Row Kota d3633 na·v tongue, esp. of a slaughtered cow or buffalo> na�v
<Row Toda d3633 no·f tongue, eddy> no�f
<Row Toda d3633 no· taṭ roof of mouth (taṭpot)> no� taṭ
<Row Kodagu d3633 na·vu id> na�vu
<Row Kolami d3633 na·lka id> na�lka
<Row Kota d3634 na·g female buffalo calf between two and three years old> na�g
<Row Toda d3634 no·x id> no�x
<Row Tam d3637 nāṭu (nāṭi-) to seek, inquire after, pursue, examine, investigate, desire earnestly, know, understand, resemble, measure, reach, approach, think, consider, scent as dogs, be measured> nāṭu �nāṭi-�
<Row Kota d3638 na·ṛ (<i>obl.</i>na·ṭ-) country, settled area (opposite to jungle), place where dead go> na�ṛ
<Row Toda d3638 no·ṛ (<i>obl.</i>no·ṭ-) sacred place, dairy complex which is a god> no�ṛ
<Row Kodagu d3638 na·ḍï district> na�ḍɨ
<Row Tam d3639 nāṇu (nāṇi-) to be shy, feel bashful, embarrassed, be abashed, shrink back, feel repugnance or dislike> nāṇu �nāṇi-�
<Row Tam d3639 nāṇi (-pp-, -tt-) to be shy, bashful; <i>n.</i> bashful person> nāṇi �-pp-� -tt-�
<Row Kota d3639 na·ṇḍ- (na·ṇḍy-) to feel modesty before elder person> na�ṇḍ- �na�ṇḍy-�
<Row Kota d3639 kaṇa·ṇ- (kaṇa·ṇḍy-) to be modest, abashed, feel self-effacing (kaṇeye +na·ṇḍ-); kaṇa·ṇm(&lt;kaṇ + na·ṇm; <i>obl.</i>kaṇa·ṇt-) sense of shame> kaṇa�ṇ- �kaṇa�ṇḍy-�
<Row Kota d3639 kaṇa·ṇḍ- (kaṇa·ṇḍy-) to be modest, abashed, feel self-effacing (kaṇeye +na·ṇḍ-); kaṇa·ṇm(&lt;kaṇ + na·ṇm; <i>obl.</i>kaṇa·ṇt-) sense of shame> kaṇa�ṇḍ- �kaṇa�ṇḍy-�
<Row Kota d3639 na·ckm (<i>obl.</i>na·ckt-) shame> na�ckm
<Row Toda d3639 no·ṇ- (no·ṇy-) to be ashamed, be shy> no�ṇ- �no�ṇy-�
<Row Toda d3639 no·ṇ shame> no�ṇ
<Row Toda d3639 no·šky shame> no�šky
<Row Kannada d3639 caus. nāṇcisu etc> caus� nāṇcisu
<Row Kodagu d3639 ña·ṇa shame> ña�ṇa
<Row sunkar d3640 na'ni > na�ni
<Row Kurux d3642 aṇḍra'ānā to open one's eyes wide, stare> aṇḍra�ānā
<Row Kurux d3643 nā̃ṛnā (naṇḍyas) to rescue, free, redeem> nā̃ṛnā �naṇḍyas�
<Row Kurux d3643 lā̃ḍnā (laṇḍyas) to rescue, free, redeem> lā̃ḍnā �laṇḍyas�
<Row Kota d3644 na·tu·ṇy sister-in-law, female cross-cousin (woman speaking in all cases)> na�tu�ṇy
<Row Kolami d3647 ne·nḍ id> ne�nḍ
<Row Tam d3648 nāmpu (nāmpi-) to become meagre, thin, emaciated; <i>n.</i> anything lean> nāmpu �nāmpi-�
<Row Kota d3650 na·y id> na�y
<Row Toda d3650 no·y id> no�y
<Row Kodagu d3650 na·y dog> na�y
<Row Kolami d3650 a·te id> a�te
<Row Kolami d3650 resn a·te wild dog (i.e.*res na·te, with original initialn-preserved in this combination; see 817)> resn a�te
<Row Kuwi d3650 neh'ūri (<i>pl.</i>neska)> neh�ūri
<Row sunkar d3650 nih'uṛi (<i>pl.</i>neska)> nih�uṛi
<Row Kota d3651 na·r thin rope> na�r
<Row Toda d3651 no·r string made from bark> no�r
<Row Kodagu d3651 na·rï fibre of plant> na�rɨ
<Row Pengo d3652 nār- (-t-) to scoop out (e.g. pulp of gourd for making vessel)> nār- �-t-�
<Row Kota d3655 na·ng (n not> na�ng �n
<Row Kota d3655 na·ng nu·r 400> na�ng nu�r
<Row Kota d3655 na·lvat forty> na�lvat
<Row Kota d3655 na·lat forty> na�lat
<Row Kota d3655 na·r pa·ṇy four pa·ṇy measures> na�r pa�ṇy
<Row Kota d3655 na·r pa·d forty days> na�r pa�d
<Row Kota d3655 na·n digl four months> na�n digl
<Row Kota d3655 na·n mayṇ four o'clock> na�n mayṇ
<Row Kota d3655 na·n janm four castes> na�n janm
<Row Kota d3655 na·n mu·l four directions> na�n mu�l
<Row Kota d3655 na· calg four calg measures> na� calg
<Row Kota d3655 na· na·ḷ four days> na� na�ḷ
<Row Kota d3655 na· nu·r 400> na� nu�r
<Row Kota d3655 na· na·ng by fours> na� na�ng
<Row Toda d3655 no·ng (n not> no�ng �n
<Row Toda d3655 no·ngn- ) four> no�ngn
<Row Toda d3655 pa·ng fourteen> pa�ng
<Row Toda d3655 no· xwa·w four kwa·x measures> no� xva�v
<Row Toda d3655 no· nu·ṟ 400> no� nu�ṟ
<Row Toda d3655 nal poQ forty> nal po�
<Row Kodagu d3655 na·lï four> na�lɨ
<Row Kodagu d3655 na· padï forty> na� padɨ
<Row Kodagu d3655 na· nu·rï 400> na� nu�rɨ
<Row Kodagu d3655 na·vë four persons (in songs)> na�və
<Row Kodagu d3655 nanna·lï by fours> nanna�lɨ
<Row Kolami d3655 na·liŋ four things> na�liŋ
<Row Kolami d3655 na·l udul four days> na�l udul
<Row Gondi d3655 lālur (jhan) four (men)> lālur �jʰan�
<Row Kota d3656 na·ḷ day; tomorrow> na�ḷ
<Row Kota d3656 na·la·ḷ any day after tomorrow; ?> na�la�ḷ
<Row Toda d3656 no·ł̣ day; ?> no�ł̣
<Row Toda d3656 no·ṭokos̱ym daily, every day> no�ṭokos̱ym
<Row Kodagu d3656 na·ḷe tomorrow> na�ḷe
<Row Kodagu d3656 na·ḷe·kï in the near future> na�ḷe�kɨ
<Row H d3656 'yesterday' and 'tomorrow') > �yesterday� and �tomorrov��
<Row Konda d3656 nāṇḍiRi of that day> nāṇḍi�i
<Row Konda d3656 nāṇḍiRaṇḍ from that day onwards> nāṇḍi�aṇḍ
<Row Tam d3659 nikar (-pp-, -tt-; nikari-) to shine, be visible; <i>n.</i> lustre, brightness, splendour> nikar �-pp-� -tt-� nikari-�
<Row Tam d3659 nikar̤ (-pp-, -tt-) to shine> nikaṛ̆ �-pp-� -tt-�
<Row Tam d3660 nikar (-v-, -nt-) to resemble; (-pp-, -tt-; nikari-) to be similar, alike, rival; <i>n.</i> comparison, likeness, simile, equal, parallel, match, battle, fight> nikar �-v-� -nt-�
<Row Tam d3661 nikar̤ (-v-, -nt-) to happen, occur, be current, passing (as time;nikar̤ kālampresent time, tense), enter, pass, abide, continue, be performed, transacted, carried out> nikaṛ̆ �-v-� -nt-�
<Row Tam d3661 nikar̤ttu (nikar̤tti-) to effect, perform, transact, set on foot, bring to pass; speak, say, mention, narrate, declare> nikaṛ̆ttu �nikaṛ̆tti-�
<Row Konda d3665 niŋ- (-it-) to rise up from a sitting position, wake up (from sleep)> niŋ- �-it-�
<Row Pengo d3665 niŋ- (niŋt-) to rise, get up> niŋ- �niŋt-�
<Row Pengo d3665 niŋg- (niŋt-) to rise, get up> niŋg- �niŋt-�
<Row Pengo d3665 nik- (-t-) to raise> nik- �-t-�
<Row Kui d3665 ninga (ningi-) to rise, arise, stand up; <i>n.</i> act of rising, standing up> ninga �ningi-�
<Row Kui d3665 nipka (&lt; nik-p-; nikt-) to raise, cause to stand up. <i>> nipka ��lt� nik-p-� nikt-�
<Row Kuwi d3665 nikkh'nai (?) to rouse> nikkʰ�nai
<Row sunkar d3665 niŋg- (-it-) to rise> niŋg- �-it-�
<Row bisam d3665 niŋg- (-it-) to rise> niŋg- �-it-�
<Row sunkar d3665 nik- (-h-) to lift up, raise> nik- �-h-�
<Row Kuwi d3665 niṅg- (-it-) to get up, wake up> niŋg- �-it-�
<Row Kuwi d3665 nik- (-h-) to lift up; to awaken. ?> nik- �-h-�
<Row Kurux d3666 nisⁱgnā (nisgyas) to overlay with a coating of earth carefully smoothed down, stop a hole with earth, besmear with any adhesive substance> nisⁱgnā �nisgyas�
<Row Kurux d3666 refl.-pass. nisⁱgrnā > refl�-pass� nisⁱgrnā
<Row Tam d3668 niṇa (-pp-, -nt- to tie up, fasten, braid> niṇa �-pp-� -nt
<Row Tam d3668 -tt-) to tie up, fasten, braid> tt-�
<Row Tam d3668 niṇar (-v-, -nt-) to tie, fasten> niṇar �-v-� -nt-�
<Row gowda d3668 nEṇE wick> n�ṇ�
<Row Tam d3672 nira (-pp-, -nt-) to be full, be thick, crowded, spread, expand (as air or water)> nira �-pp-� -nt-�
<Row Tam d3672 nirattu (niratti-) to level up> nirattu �niratti-�
<Row Tam d3672 nirappu (nirappi-) to fill, replenish, cause to abound, complete, spread; <i>n.</i> fullness, completeness, levelness> nirappu �nirappi-�
<Row Tam d3672 nirampu (nirampi-) to become full, complete, replete, be abundant, end, terminate, attain puberty, mature (as grain)> nirampu �nirampi-�
<Row Tam d3672 niravu (niravi-) to be filled, become level, full, covered, spread, expand; level, fill up, equalize (as threads for weaving)> niravu �niravi-�
<Row Kolami d3672 neray- (nerayt-) to spread> neray- �nerayt-�
<Row Kolami d3672 nerap- (nerapt-) to spread (grain, chillies)> nerap- �nerapt-�
<Row Tam d3673 nira (-pp-, -nt-) to arrange in order, divide equally> nira �-pp-� -nt-�
<Row Tam d3673 niral (niralv-, niraṉṟ-) to be placed in a row, arranged in order; <i>n.</i> order, arrangement, equality, similarity> niral �niralv-� niraṉṟ-�
<Row Tam d3673 niravu (niravi-) to lie in rows> niravu �niravi-�
<Row Tam d3673 nirai (-v-, -nt-) to place in a row; be in a row, form a column, be regular, orderly; (-pp-, -tt-) to arrange in order, classify, string together; follow in succession; <i>n.</i> row, column, line, series, order, regularity, arrangement, collection, herd> nirai �-v-� -nt-�
<Row Kota d3673 nerv- (nerd-) to stand or be in a line (e.g. in dancing in a circle, in going along in company)> nerv- �nerd-�
<Row Kota d3673 nert- (nerty-) to make to stand in line> nert- �nerty-�
<Row Toda d3673 ner- (nerQ-) to go in a line (people, ants), be in a line (trees), sit in a line> ner- �ner�-�
<Row Toda d3673 er- (erQ-) to sit in rows, walk in single file> er- �er�-�
<Row Tam d3675 nil (nirp-, niṉṟ-) to stand, stop, halt, be steadfast, stay, continue, cease, be stopped, remain, wait, delay> nil �nirp-� niṉṟ-�
<Row Tam d3675 nilavu (nilavi-) to be permanent, fixed, stay, exist, be in use, be extant> nilavu �nilavi-�
<Row Tam d3675 nilāvu (nilāvi-) to be permanent, fixed> nilāvu �nilāvi-�
<Row Tam d3675 niṟuttu (niṟutti-) to set up, raise, erect, fix on a firm basis, determine, stop (as a person), defer, put an end to> niṟuttu �niṟutti-�
<Row Tam d3675 niṟuvu (niṟuvi-) to set up, raise, erect, fix on a firm basis, determine, stop (as a person), defer, put an end to> niṟuvu �niṟuvi-�
<Row Tam d3675 niṟu (-pp-, -tt-) to put, set, place, create, construct, weigh, balance, decide> niṟu �-pp-� -tt-�
<Row Kota d3675 nin- (ninḏ-) to stand, stand still, stop> nin- �ninḏ-�
<Row Kota d3675 nilc- (nilc-) to make to stand> nilc- �nilc-�
<Row Kota d3675 ninc- (ninc-) to make to stand> ninc- �ninc-�
<Row Toda d3675 nïl- (nïḍ-) to stand, stand still, stop (kaṟ nïl-[buffalo] stands to be milked, has in negative optionallykaṟ nïs̱-, e.g.kaṟ nïs̱o ïrbuffalo which does not stand to be milked)> nɨl- �nɨḍ-�
<Row Toda d3675 nilc- (nilč-) to stop (<i>tr.</i>), erect> nilc- �nilč-�
<Row Kannada d3675 nil (nilt- to stand still, stand, stand up, stop, stay, wait, remain, be left, last, remain fixed, cease, rest, endure> nil �nilt
<Row Kannada d3675 nind-) to stand still, stand, stand up, stop, stay, wait, remain, be left, last, remain fixed, cease, rest, endure> nind-�
<Row Kodagu d3675 nill- (nipp-, nind-) to stand> nill- �nipp-� nind-�
<Row Kolami d3675 il- (ilt-) to stand> il- �ilt-�
<Row Parji d3675 nilp- (nilt-) to stand> nilp- �nilt-�
<Row Parji d3675 nitip- (nitit-) to make to stand. <i>> nitip- �nitit-�
<Row salur d3675 nil- (nilt-) to stand> nil- �nilt-�
<Row seoni d3675 nil- (nitt-) to stand; <i>> nil- �nitt-�
<Row koya d3675 nil- (nitt-) to stand; <i>> nil- �nitt-�
<Row Konda d3675 nil- (niR-) to stand; cease or stop> nil- �ni�-�
<Row Pengo d3675 nil- (-t-) to stand> nil- �-t-�
<Row Manda d3675 li- (-t-) id> li- �-t-�
<Row Kui d3675 nisa (nisi-) to stand, stand still, be set; <i>n.</i> act of standing still> nisa �nisi-�
<Row Kui d3675 nilpa (nilt-) to stand, be set up. <i>> nilpa �nilt-�
<Row sunkar d3675 ni'- (nit-) > ni�- �nit-�
<Row Kuwi d3675 li- (-t-) to stand> li- �-t-�
<Row Kuwi d3675 niph'nai to cause to stand> nipʰ�nai
<Row Kuwi d3675 liˀ - (nit- to stand up> liˀ - �nit
<Row Kuwi d3675 lit-) to stand up> lit-�
<Row Kuwi d3675 caus. nip- (-h-) > caus� nip- �-h-�
<Row Kurux d3675 ilnā (ilcas to get up, rise to one's feet> ilnā �ilcas
<Row Kurux d3675 illas) to get up, rise to one's feet> illas�
<Row Kurux d3675 ijnā (ijjas) to be stationary in an upright position, rise to one's feet, stand on end, stop, halt, pause, maintain a fixed or steady attitude, persist, persevere> ijnā �ijjas�
<Row Kurux d3675 ilda'ānā to erect, set up, rest against> ilda�ānā
<Row Kurux d3675 ilta'ānā to erect, set up, rest against> ilta�ānā
<Row Kurux d3675 ijta'ānā to erect, set up, rest against> ijta�ānā
<Row Malto d3675 ile (ij-) to stand> ile �ij-�
<Row Toda d3676 nes̱oṭ- (nes̱oṭy-) to put forehead to something (e.g. ground) ceremonially, put to forehead in salutation (for*oṭ-, see 79)> nes̱oṭ- �nes̱oṭy-�
<Row Tam d3677 nivaṟu (nivaṟi-) to swarm, gather thick> nivaṟu �nivaṟi-�
<Row Tam d3679 nir̤al (nir̤alv-, nir̤aṉṟ-) to cast shadow, give shelter, shine, be reflected> niṛ̆al �niṛ̆alv-� niṛ̆aṉṟ-�
<Row Tam d3679 nir̤aṟṟu (nir̤aṟṟi-) to shed radiance, shade, protect> niṛ̆aṟṟu �niṛ̆aṟṟi-�
<Row Tam d3679 nir̤aṟu (nir̤aṟi-) to shine> niṛ̆aṟu �niṛ̆aṟi-�
<Row Toda d3679 ne·s̱ shade, reflection, relics preserved for second funeral> ne�s̱
<Row Toda d3679 ne·l poḷy house in which relics are kept, hut at male funeral place> ne�l poḷy
<Row Toda d3679 ne·l kal flint> ne�l kal
<Row Toda d3679 ne·ṯwï·ṟ- (ne· ṯwï·ṟy-) to be reflected (lit. to be visible as a reflection; fortwï·ṟ-, see 3566)> ne�ṯvɨ�ṟ- �ne� ṯvɨ�ṟy-�
<Row Toda d3679 ne·ṯwï·k- (ne·ṯwï·ky-) to toll bell while mourning over relics between funerals (lit. to lift bell for/ over the relics; fortwï·k-, see 3376(<i>a</i>))> ne�ṯvɨ�k- �ne�ṯvɨ�ky-�
<Row Kolami d3679 ni·nḍa shade> ni�nḍa
<Row Tam d3680 niṟa (-pp-, -tt-) to take on colour as fruits or leaves, deepen in colour, be distinguished, brilliant, be bright and fresh in appearance> niṟa �-pp-� -tt-�
<Row Tam d3682 niṟai (-v-, -nt-) to become full, be replete, abound, be copious, pervade, be satisfied, contented; (-pp-, -tt-) to fill, make full, diffuse, cause to pervade, stuff, cram; <i>n.</i> completion, fullness, copiousness, excellence, splendour> niṟai �-v-� -nt-�
<Row Kota d3682 nerv- (nerd-) (girl) reaches puberty, (affair) comes to fruition> nerv- �nerd-�
<Row Kota d3682 nert- (nerty-) to bring to fruition> nert- �nerty-�
<Row Kota d3682 nerve·t- (nerve·ty-) to make ready, finish> nerve�t- �nerve�ty-�
<Row Toda d3682 neṟ- (neṟQ-) to become full, (girl) reaches puberty, (beard) begins to grow, (moon) becomes full> neṟ- �neṟ�-�
<Row Toda d3682 neṟf- (neṟt-) to fill (<i>tr.</i>)> neṟf- �neṟt-�
<Row Toda d3682 neṟ no·ł̣ day of full moon> neṟ no�ł̣
<Row Kannada d3682 neṟe (neṟed-, neṟad-) to become entire, full, complete, accomplished, ready, perfect, mature, arrive at the age of menstruating, be realized, occur, suffice; <i>n.</i> completeness, maturity, etc.; <i>adv.</i> completely, perfectly> neṟe �neṟed-� neṟad-�
<Row Kodagu d3682 nere- (nerev-, nerand-) to attain puberty (in songs)> nere- �nerev-� nerand-�
<Row Kodagu d3682 nera- (nerap-, nerat-) to fill (harvest-festival pot), load (muzzle-loading gun)> nera- �nerap-� nerat-�
<Row Tulu d3682 (tr </i>); diñjāvuni</b> to cause to fill, load, heap> �tr
<Row Telugu d3682 (tr </i>); ninupu, nimpu</b> id.; <i>n.</i> fullness, abundance> �tr
<Row Kolami d3682 ninḍ- (ninḍt-) to become full, (meeting) is convened> ninḍ- �ninḍt-�
<Row Kolami d3682 ninḍp- (ninḍipt-) to fill, convene (meeting)> ninḍp- �ninḍipt-�
<Row Naiki d3682 (Voc </i> 1999)> ��oc
<Row Konda d3682 ninṟi- (-t-) to be filled, become full> ninṟi- �-t-�
<Row Konda d3682 niR- to fill up; thrust in fully> ni�
<Row Konda d3682 niRay ā- to become full> ni�ay ā
<Row Pengo d3682 neni- (nenc-) to be filled> neni- �nenc-�
<Row Pengo d3682 nec- (-c-) to fill; put in, insert> nec- �-c-�
<Row Kui d3682 nenja (nenji-) to be filled> nenja �nenji-�
<Row Kui d3682 nehpa (neht-) to fill in, load up; <i>n.</i> act of filling in> nehpa �neht-�
<Row Kui d3682 nespa (nest-) to fill, load> nespa �nest-�
<Row Kui d3682 nemba (nembi-) to be finished, ended, used up, come to an end> nemba �nembi-�
<Row Kui d3682 neppa (nept-) to finish, complete, use up, bring to an end; <i>n.</i> act of finishing. <i>> neppa �nept-�
<Row Kuwi d3682 nessali (nest- <i>future</i>> nessali �nest
<Row Kuwi d3682 neh'nai to plenish> neh�nai
<Row sunkar d3682 nenj- (-it-) to be filled> nenj- �-it-�
<Row Kuwi d3682 neh- (nest-) to fill> neh- �nest-�
<Row Tam d3683 niṉai (-v-, -nt-) to think, consider, reflect, ponder, remember, meditate, know, understand, intend, design, have in view, imagine, fancy, suppose; (-pp-, -tt-) id., resolve, determine> niṉai �-v-� -nt-�
<Row Kota d3683 nenc- (nenc-) to think> nenc- �nenc-�
<Row Toda d3683 nenf- (nent-) to think of> nenf- �nent-�
<Row Toda d3683 nen- (nenQ-) (Kurumba) thinks of in order to kill by witchcraft> nen- �nen�-�
<Row Kodagu d3683 nena- (nenap-, nenat-) to think, reflect upon> nena- �nenap-� nenat-�
<Row Tam d3684 nīr; niṉava yours> nīr� niṉava
<Row Mal d3684 nī (obl. nin-) you (<i>sg.</i>)> nī �obl� nin-�
<Row Mal d3684 nī (obl. ninn-) you (<i>sg.</i>)> nī �obl� ninn-�
<Row Kota d3684 ni· (<i>obl.</i>nin-/ni-/di-)> ni�
<Row Toda d3684 ni· (<i>obl.</i>nïn-)> ni�
<Row Kodagu d3684 ni·nï (<i>obl.</i>nin-/ni·-)> ni�nɨ
<Row Kodagu d3684 ni· (<i>obl.</i>nin-/ni·-)> ni�
<Row Kolami d3684 ni·v (<i>obl.</i>in-)> ni�v
<Row Tam d3685 nī (-pp-, -tt-) to separate from, renounce as the world, put away, reject, put to disgrace, despise, loathe, abandon, leave, be removed> nī �-pp-� -tt-�
<Row Tam d3685 nīṅku (nīṅki-) to leave, go, depart, separate from, give up, abandon, pass over, turn away, be warded off, be liberated, released, be dismissed, discharged, be excepted, excluded, go, proceed, be spread out (as fingers)> nīŋku �nīŋki-�
<Row Tam d3685 nīkku (nīkki-) to remove, exclude, put aside, dismiss, extricate, liberate, exempt, deduct, turn, draw aside as a curtain, kill, dispatch, destroy, open, force apart, spread out (as the fingers), give up, abandon, change; <i>n.</i> separation, removal, opening, cleft, crack, deduction, remainder, balance> nīkku �nīkki-�
<Row Tam d3685 nīntu (nīnti-) to relinquish, give up> nīntu �nīnti-�
<Row Tam d3685 nīvu (nīvi-) to cease, discontinue, pass beyond, transgress, break asunder as a chain, destroy; spread> nīvu �nīvi-�
<Row Kota d3685 ni·g- (ni·gy-) to cover a large expanse, be broad> ni�g- �ni�gy-�
<Row Kota d3685 ni·gc- (ni·gc-) to make to cover a large expanse, (feline) walks making its body long> ni�gc- �ni�gc-�
<Row Toda d3685 ni·k- (ni·ky-) to brush away (dirt)> ni�k- �ni�ky-�
<Row Toda d3685 ni·x- (ni·xy-) to crawl (snakewise), (river) runs in flood> ni�x- �ni�xy-�
<Row Kodagu d3685 ni·ŋg- (ni·ŋgi-) to go aside> ni�ŋg- �ni�ŋgi-�
<Row Kodagu d3685 ni·k- (ni·ki-) to put aside, remove> ni�k- �ni�ki-�
<Row Tam d3687 nīntu (nīnti-) to swim in water, overflow, swim across, cross over, escape from, get over, overcome; <i>n.</i> ocean> nīntu �nīnti-�
<Row Tam d3687 nīñcu = nīntu <i>vb.</i>; to be actively engaged as in a stupendous work, drink to excess, esp. toddy> nīñcu � nīntu
<Row Kota d3687 ni·nj- (ni·nj-) to swim> ni�nj- �ni�nj-�
<Row Kota d3687 ni·ciḍ- (ni·ciṭ-) to swim> ni�ciḍ- �ni�ciṭ-�
<Row Toda d3687 ni·ζ id> ni��
<Row Toda d3687 - (ni·j-) id> �ni�j-�
<Row Toda d3687 ni·d- (ni·dy-) id> ni�d- �ni�dy-�
<Row Toda d3687 ni·s- (ni·sy-) id> ni�s- �ni�sy-�
<Row Kodagu d3687 mi·nd- (mi·ndi-) to swim> mi�nd- �mi�ndi-�
<Row Konda d3687 iyba- (-t-) to bathe> iyba- �-t-�
<Row Kota d3688 ni·m (<i>obl.</i>nim-)> ni�m
<Row Kolami d3688 ni·r (<i>obl.</i>im-)> ni�r
<Row Kui d3689 nīmba (nīmbi-) to live, survive, revive; <i>n.</i> life, survival> nīmba �nīmbi-�
<Row Kui d3689 nīppa (nīpt-) to cause to live, give life to> nīppa �nīpt-�
<Row sunkar d3689 nīḍ- (-it-) to live, be alive> nīḍ- �-it-�
<Row Kuwi d3689 nīṭ- (-h-) to make alive> nīṭ- �-h-�
<Row Tam d3690 īrali (-pp-, -tt-) to become moist, damp> īrali �-pp-� -tt-�
<Row Tam d3690 īri (-pp-, -tt-) to become wet, moist, damp, cool, be benumbed by cold or disease> īri �-pp-� -tt-�
<Row Kota d3690 ni·r water, semen> ni�r
<Row Toda d3690 ni·r water> ni�r
<Row Toda d3690 ni·xoy- (ni·xos-) to be thirsty (see 1458)> ni�xoy- �ni�xos-�
<Row Toda d3690 ni· pïkwïḷy water blister (see 4455)> ni� pɨkvɨḷy
<Row Toda d3690 ni· pa·w watering-place in stream> ni� pa�v
<Row Toda d3690 i·rm (<i>obl.</i>i·rt-) dampness> i�rm
<Row Kodagu d3690 ni·rï water> ni�rɨ
<Row Kolami d3690 i·r water> i�r
<Row Tam d3690 īrali (-pp-, -tt-) to become moist, damp> īrali �-pp-� -tt-�
<Row Tam d3690 īri (-pp-, -tt-) to become wet, moist, damp, cool, be benumbed by cold or disease> īri �-pp-� -tt-�
<Row Kota d3690 ni·r water, semen> ni�r
<Row Toda d3690 ni·r water> ni�r
<Row Toda d3690 ni·xoy- (ni·xos-) to be thirsty (see 1458)> ni�xoy- �ni�xos-�
<Row Toda d3690 ni· pïkwïḷy water blister (see 4455)> ni� pɨkvɨḷy
<Row Toda d3690 ni· pa·w watering-place in stream> ni� pa�v
<Row Toda d3690 i·rm (<i>obl.</i>i·rt-) dampness> i�rm
<Row Kodagu d3690 ni·rï water> ni�rɨ
<Row Kolami d3690 i·r water> i�r
<Row koya d3690 īr ney (Voc 214). DED(S, N) 3057> īr ney ��oc
<Row Tam d3691 nīvu (nīvi-) to stroke, rub gently, handle softly, smooth by passing the fingers over, wipe off, daub, smear> nīvu �nīvi-�
<Row Kota d3691 niv- (nivd-) to stroke, massage, comb (hair)> niv- �nivd-�
<Row Toda d3691 ni·f- (ni·fy-) to stroke> ni�f- �ni�fy-�
<Row Kannada d3691 nivarisu; nēvarisu to make straight, smooth, or proper by gently rubbing with the hand or fingering, rub gently with the hand or stroke> nivarisu� nēvarisu
<Row Kui d3691 nēra (nēri-) to rub, stroke, polish, massage; <i>n.</i> act of rubbing. ?> nēra �nēri-�
<Row Tam d3692 nīḷ (nīḷv-, nīṇṭ-) to be long, be great; <i>n.</i> length, extension, elongation, long time, duration, height, tallness, loftiness, depth, order, series, row> nīḷ �nīḷv-� nīṇṭ-�
<Row Tam d3692 nīḷi (-pp-, -tt-) to be lengthened, extended, be long as time or life, last long, endure, be protracted, delayed; <i>n.</i> that which is long, lofty, tall person> nīḷi �-pp-� -tt-�
<Row Tam d3692 nīṇu (nīṇi-) to go a long distance> nīṇu �nīṇi-�
<Row Tam d3692 nīṭu (nīṭi-) to grow long, be lengthened, be extended through space or time, spread, extend, abound, be copious, thrive, grow well, rise high, last long, endure, be permanent, delay; <i>n.</i> long time, permanence> nīṭu �nīṭi-�
<Row Tam d3692 nīṭi (-pp-, -tt-) to lengthen (time, distance, etc.), endure, last, be permanent> nīṭi �-pp-� -tt-�
<Row Tam d3692 nīṭṭu (nīṭṭi-) to lengthen, extend, stretch out, straighten, offer as oblations, give, insert, drive into, speak at length or too much, prolong as a note, delay, procrastinate, retard, defer> nīṭṭu �nīṭṭi-�
<Row Tam d3692 nīṭṭi (-pp-, -tt-) to lengthen, delay; be prolonged, endure long> nīṭṭi �-pp-� -tt-�
<Row Kota d3692 ni·ṛ- (ni·c-) (iron) becomes longer by expansion> ni�ṛ- �ni�c-�
<Row Kota d3692 ni·ṇ- (ni·ḍ-) (iron) becomes longer by expansion> ni�ṇ- �ni�ḍ-�
<Row Kota d3692 ni·ṭ- (ni·ṭy-) to lengthen (iron)> ni�ṭ- �ni�ṭy-�
<Row Kota d3692 ni·ṭ- (ni·c-) id., stretch out (limb)> ni�ṭ- �ni�c-�
<Row Toda d3692 ni·ṛ- (ni·ṛy-) to be stretched out (hand)> ni�ṛ- �ni�ṛy-�
<Row Toda d3692 ni·ṭ- (ni·ṭy-) to stretch out (hand)> ni�ṭ- �ni�ṭy-�
<Row Toda d3692 ni·ḷ- (ni·ḍ-) to be stretched out straight (rope), stretch oneself over or into, peep over (wall)> ni�ḷ- �ni�ḍ-�
<Row Kodagu d3692 nï·ḷa length> nɨ�ḷa
<Row Kodagu d3692 nï·ḍ- (nï·ṇḍ-) to stretch out straight> nɨ�ḍ- �nɨ�ṇḍ-�
<Row Kodagu d3692 nï·ṭ- (nï·ṭi-) id. (<i>tr.</i>), offer> nɨ�ṭ- �nɨ�ṭi-�
<Row Kui d3692 nīlba (nīṭ-) to be standing (corn), stand, be set up> nīlba �nīṭ-�
<Row Kui d3692 ḍrīnja (ḍrīnji-) to be elongated, lengthened; <i>adj.</i> elongated, lengthened; <i>pl. action</i>> ḍrīnja �ḍrīnji-�
<Row Kui d3692 ḍrīska (ḍrīski-); ḍrū inba to be lengthened, stretched, drawn out, opened out> ḍrīska �ḍrīski-�� ḍrū inba
<Row Tam d3693 nīṟu (nīṟi-) to become slaked (as lime), be turned to ashes or calcined (as metals or stones); perish, be ruined; <i>n.</i> ashes, dross of any substance after it has been burned, sacred ashes, dust, slaked lime> nīṟu �nīṟi-�
<Row Tam d3693 nīṟṟu (nīṟṟi-) to slake (as lime), reduce to ashes or powder, calcine (as metals), calcinate> nīṟṟu �nīṟṟi-�
<Row Tam d3693 nivaṟu (nivaṟi-) to be powdered> nivaṟu �nivaṟi-�
<Row Kota d3694 nu·n a yoke (? &lt;*nukan)> nu�n
<Row Tam d3695 nukar (-v-, -nt-) to enjoy, experience as the fruit of actions, eat, drink, do, perform> nukar �-v-� -nt-�
<Row Kurux d3696 nukᵘrnā; nukrū shaky, tottering> nukᵘrnā� nukrū
<Row Kurux d3696 nukta'ānā to cause another to shake something> nukta�ānā
<Row Tam d3697 nuṅku (nuṅki-) to swallow, devour, drink in large draughts, take possession of, capture> nuŋku �nuŋki-�
<Row Tam d3697 noṅku (noṅki-) to swallow> noŋku �noŋki-�
<Row Kota d3697 nuŋg- (nuŋgy-) to gulp down without chewing> nuŋg- �nuŋgy-�
<Row Toda d3697 nug- (nugy-) to gulp down> nug- �nugy-�
<Row Tam d3700 nuṇaṅku (nuṇaṅki-) to be thin, minute, attenuated, be subtle, fine, refined; <i>n.</i> minuteness, subtlety, fineness> nuṇaŋku �nuṇaŋki-�
<Row Tam d3700 nuṇi (-v-, -nt-) to waste away, be thinned down; (-pp-, -tt-) to sharpen to a point, powder, examine carefully; <i>n.</i> a point> nuṇi �-v-� -nt-�
<Row Tam d3700 nuṇukku (nuṇukki-) to make very small (as beads), powder, pulverize, pound, grind, shatter to pieces, write a small hand, be niggardly, stint, sharpen to a point, sharpen the wits, execute minutely or finely (as a work); <i>n.</i> smallness, fineness, subtlety, any small or minute thing, small handwriting> nuṇukku �nuṇukki-�
<Row Tam d3700 nuṇuṅku (nuṇuṅki-) id., be powdered, pulverized, sing softly, as a tune; <i>n.</i> powder> nuṇuŋku �nuṇuŋki-�
<Row Tam d3700 nuṭaṅku (nuṭaṅki-) to be fine, thin, attenuated; <i>n.</i> thinness, smallness> nuṭaŋku �nuṭaŋki-�
<Row Tam d3700 nur̤ai (-v-, -nt-) to be minute, fine, be keen, acute, make innuendoes; <i>n.</i> minuteness, fineness, intellectual sharpness> nuṛ̆ai �-v-� -nt-�
<Row Kota d3700 nunk- (nunky-) (? nuṇk-) to cut a small piece from dried meat to make broth (implies poverty)> nunk- �nunky-� �� nuṇk-�
<Row Tam d3702 nuṇāvu (nuṇāvi-) to rub and feel with the fingers, feel with the tip of the tongue as the gums or palate> nuṇāvu �nuṇāvi-�
<Row Tam d3702 nuṇācu (nuṇāci-) to rub and feel with the fingers, feel with the tip of the tongue as the gums or palate> nuṇācu �nuṇāci-�
<Row Tam d3702 nuṇai (-pp-, -tt-) to rub and feel with the fingers, feel with the tip of the tongue as the gums or palate> nuṇai �-pp-� -tt-�
<Row Kodagu d3708 nï·rï bundle of several paddy seedlings. ?> nɨ�rɨ
<Row Tam d3714 nur̤ai (-v-, -nt-) to creep through a narrow passage, penetrate, be impressed into one's mind, get into, take up as an office, be interpolated; (-pp-, -tt-) to put, insert, interpolate; <i>n.</i> narrow way, window, opening, aperture, cave> nuṛ̆ai �-v-� -nt-�
<Row Tam d3714 nur̤untu (nur̤unti-) to insert, stick in, tuck in, tie (as a coil of hair), keep in a place not easily found, carry away by stealth; skulk, slink or sneak away, slip out of sight as one among many, crawl, creep as reptiles> nuṛ̆untu �nuṛ̆unti-�
<Row Tam d3714 nur̤utu (nur̤uti-) to insert, stick in, tuck in, tie (as a coil of hair), keep in a place not easily found, carry away by stealth; skulk, slink or sneak away, slip out of sight as one among many, crawl, creep as reptiles> nuṛ̆utu �nuṛ̆uti-�
<Row Tam d3714 nur̤uvu (nur̤uvi-) to creep along (as reptiles)> nuṛ̆uvu �nuṛ̆uvi-�
<Row Tam d3714 nor̤untu (nor̤unti-) to insert, thrust> noṛ̆untu �noṛ̆unti-�
<Row Kodagu d3714 nugg- (nuggi-) to enter by force or without permission, go through (into cave)> nugg- �nuggi-�
<Row Kolami d3714 no·laŋg- (no·laŋkt-) (snake) crawls> no�laŋg- �no�laŋkt-�
<Row Konda d3714 ṛug- (-it-) to enter, steal in, get into, enter through a passage> ṛug- �-it-�
<Row Pengo d3714 ṛug- (ṛukt-) to hide (<i>intr.</i>)> ṛug- �ṛukt-�
<Row Pengo d3714 ṛuk- (-t-) id> ṛuk- �-t-�
<Row Kui d3714 rūḍa (rūḍi-) to crawl under, creep under or through> rūḍa �rūḍi-�
<Row Kui d3714 ṛonda (ṛondi-) to slip through; <i>pl. action</i>> ṛonda �ṛondi-�
<Row Kui d3714 ṛotka (ṛotki-) > ṛotka �ṛotki-�
<Row sunkar d3714 ṛug- (-it-) to hide (<i>intr.</i>)> ṛug- �-it-�
<Row Kuwi d3714 ṛuk- (-h-) id. (<i>tr.</i>)> ṛuk- �-h-�
<Row Kurux d3714 nuṛnā (nuḍḍas) to hide, conceal, screen from sight, veil, mask off> nuṛnā �nuḍḍas�
<Row Kodagu d3715 mu·li gnat, midge. <i>> mu�li
<Row Tam d3717 nuḷḷu (nuḷḷi-) to pinch, nip; <i>n.</i> a pinch, nip> nuḷḷu �nuḷḷi-�
<Row Kota d3717 nuḷy- (nuḷc-) to pinch. <i>> nuḷy- �nuḷc-�
<Row Telugu d3720 nūgulu = nuvvulu > nūgulu � nuvvulu
<Row Kolami d3720 nu·ne oil> nu�ne
<Row Tam d3722 nūkku (nūkki-) to shove, push, thrust aside, impel, incite, discharge (weapon)> nūkku �nūkki-�
<Row Kodagu d3722 nu·k- (nu·ki-) to push> nu�k- �nu�ki-�
<Row Kolami d3722 nu·k- (nu·ki-) to push so as to move. DED (N) 3083> nu�k- �nu�ki-�
<Row Kota d3726 nu·l thread; ?> nu�l
<Row Kota d3726 nurb- (nurby-) to twist, wring (neck)> nurb- �nurby-�
<Row Toda d3726 nu·s̱ thread> nu�s̱
<Row Toda d3726 nu·s̱f- (nu·s̱t-) to join ends of thread by rolling> nu�s̱f- �nu�s̱t-�
<Row Kodagu d3726 nu·lï thread> nu�lɨ
<Row Pengo d3726 nōṇ- (nōṭ-) to spin, twine> nōṇ- �nōṭ-�
<Row Kui d3726 nōlba (nōṭ-) to twist strands together, spin thread; <i>n.</i> spinning. <i>> nōlba �nōṭ-�
<Row Kolami d3727 u·r- (u·ṭ-) to wind on (waist-cloth, belt), put on (clothes)> u�r- �u�ṭ-�
<Row Naiki d3727 ūy- (ūṭṭ-) to put on cloth> ūy- �ūṭṭ-�
<Row Parji d3727 nūṛpip- (nūṛpit-) to put (loincloth, dhoti) on someone else. <i>> nūṛpip- �nūṛpit-�
<Row Tam d3728 nūṟu (nūṟi-) to crush, pulverize, reduce to powder, demolish, destroy; <i>n.</i> powder, dust, flour> nūṟu �nūṟi-�
<Row Tam d3728 nuvaṟu (nuvaṟi-) to file> nuvaṟu �nuvaṟi-�
<Row Tam d3728 nuṟukku (nuṟukki-) to crush, pulverize, reduce to powder> nuṟukku �nuṟukki-�
<Row Tam d3728 nuṟuṅku (nuṟuṅki-) to be powdered, crushed, squeezed; <i>n.</i> grit> nuṟuŋku �nuṟuŋki-�
<Row Tam d3728 noṟukku (noṟukki-) to break, crush, smash to pieces; <i>n.</i> crushing> noṟukku �noṟukki-�
<Row Tam d3728 noṟuṅku (noṟuṅki-) to be broken, crushed, smashed; <i>n.</i> broken grains, grits, powder> noṟuŋku �noṟuŋki-�
<Row Tam d3728 noṟunoṟu (-pp-, -tt-) to be brittle, fragile> noṟunoṟu �-pp-� -tt-�
<Row Tam d3728 nukku (nukki-) to break in pieces, grind, powder, crush> nukku �nukki-�
<Row Kota d3728 nug- (nugy-) to be hard-pressed (to support large family)> nug- �nugy-�
<Row Kota d3728 nugc- (nugc-) to pound (chillies) with pestle> nugc- �nugc-�
<Row Toda d3728 nu·ṟ lime> nu�ṟ
<Row Konda d3728 nūṟ- (-it-) to crush, grind, pulverize> nūṟ- �-it-�
<Row Pengo d3728 nūz- (nūst-) to grind> nūz- �nūst-�
<Row Kuwi d3728 nūy- (-it-) to grind> nūy- �-it-�
<Row Kuwi d3728 nōrp- (-it-) (Isr.) to thresh driving cattle over grain, (Su.) to thresh (or with 3797)> nōrp- �-it-�
<Row Mal d3729 nūṟu (nūṟṟu-) 100> nūṟu �nūṟṟu-�
<Row Kota d3729 nu·r 100> nu�r
<Row Toda d3729 nu·ṟ id> nu�ṟ
<Row Kodagu d3729 nu·rï (<i>obl.</i>nu·iṭ-) 100> nu�rɨ
<Row Tam d3730 niva (-pp-, -nt-) to rise, be elevated, grow, spread, overflow> niva �-pp-� -nt-�
<Row Tam d3730 nivar (-v-, -nt-) to rise high> nivar �-v-� -nt-�
<Row Tam d3730 ivar (-v-, -nt-) to rise on high, ascend, spring, leap, rush out, climb over, mount> ivar �-v-� -nt-�
<Row Tam d3730 ika (-pp-, -nt-) to leap over, cross over, transgress, overflow> ika �-pp-� -nt-�
<Row Tam d3730 iya (-pp-, -nt-) to pass beyond, excel, transcend> iya �-pp-� -nt-�
<Row Kolami d3730 negay- (negayt-) to fly> negay- �negayt-�
<Row Kolami d3730 negap- (negapt-) to make to fly> negap- �negapt-�
<Row Konda d3730 egṟi- (-t-) to fly (as a bird)> egṟi- �-t-�
<Row Tam d3733 neku (nekuv-, nekk-) to suffer, be distressed> neku �nekuv-� nekk-�
<Row Tam d3733 evvu (evvi-) to cause pain> evvu �evvi-�
<Row Kota d3733 neg- (negy-) to suffer from reverse of fortune; <i>caus.</i>> neg- �negy-�
<Row Kota d3733 negc- (negc-) > negc- �negc-�
<Row OIA d3735 e.g > e�g
<Row Tam d3736 neñcuḷu (-pp-, -tt-) to be broken-hearted, dispirited> neñcuḷu �-pp-� -tt-�
<Row Tam d3738 neṭi (-pp-, -tt-) to make delay> neṭi �-pp-� -tt-�
<Row Tam d3738 neṭuku (neṭuki-) to extend, be lengthened, grow tall, high or long, be protracted, delayed> neṭuku �neṭuki-�
<Row Toda d3738 nöṛ- (nöṛy-) to be or become tall> nøṛ- �nøṛy-�
<Row Toda d3738 nöṛx- (nöṛxy-) to be or become tall> nøṛx- �nøṛxy-�
<Row Toda d3738 nöṛk- (nöṛky-) to lengthen (<i>tr.</i>), let (hair) grow> nøṛk- �nøṛky-�
<Row Kota d3739 neṭe·n directly (of motion or of communication)> neṭe�n
<Row Kota d3739 neṭe·l directly (of motion or of communication)> neṭe�l
<Row Kannada d3739 fem. nīṭugāti; nēṭu straightness, directness, truth> fem� nīṭugāti� nēṭu
<Row Konda d3739 niṭa koRi a straight pole on which the roof of a house rests> niṭa ko�i
<Row Tam d3745 ney (-v-, -t-) to weave as clothes, string, link together> ney �-v-� -t-�
<Row Kota d3745 nec- (nec-) to weave. ?> nec- �nec-�
<Row Kota d3745 neg- (negy-) to be close-woven> neg- �negy-�
<Row Kota d3745 negc- (negc-) to make close-woven> negc- �negc-�
<Row Toda d3745 nic- (nič-) to darn> nic- �nič-�
<Row Toda d3745 nes- (nesQ-) to weave> nes- �nes�-�
<Row Toda d3745 ni·Q- (ni·Q-) to weave> ni��- �ni��-�
<Row Kodagu d3745 ne·y- (ne·yuv-, nejj-) to spin (thread)> ne�y- �ne�yuv-� nejj-�
<Row Konda d3745 ney- (-t-) to weave or thatch the roof with leaves; <i>caus.</i>> ney- �-t-�
<Row Kui d3745 nehpa (neht-) to build a fence. <i>> nehpa �neht-�
<Row Kuwi d3745 neh'nai to interweave> neh�nai
<Row Kurux d3745 essnā (issyas) to weave, entwine into a fabric, furnish or adorn any article with net-work or plait-work> essnā �issyas�
<Row Kolami d3746 nu·ne oil> nu�ne
<Row salur d3746 neyyū (pl. neygīl) > neyyū �pl� neygīl�
<Row Kodagu d3748 netta ca·ñcï sp. sandalwood which is red> netta ca�ñcɨ
<Row Tam d3750 neraṭu (neraṭi-) to be rough, hard; be halting> neraṭu �neraṭi-�
<Row Telugu d3753 nellūru n. pr a town. DED(S) 3112> nellūru n� pr
<Row Toda d3754 nes̱of (obl. nes̱ot-) id> nes̱of �obl� nes̱ot-�
<Row Parji d3754 neliñ (pl. nelñil) moon, month. <i>> neliñ �pl� nelñil�
<Row Gadaba d3754 nelā (pl. nelŋīl, nelingīl) month. <i>> nelā �pl� nelŋīl� nelingīl�
<Row muria d3754 nalenj (pl. nalesk) id., month> nalenj �pl� nalesk�
<Row Konda d3754 neleŋ (pl.) months> neleŋ �pl��
<Row Pengo d3754 lēnj (obl. lēc-, pl. lēcku) id> lēnj �obl� lēc-� pl� lēcku�
<Row Kui d3754 ḍānju (pl. ḍāska) id., season, period of time. <i>> ḍānju �pl� ḍāska�
<Row Kuwi d3754 lenjū (pl. leska) > lenjū �pl� leska�
<Row sunkar d3754 lēnju (pl. lēska) moon, month. DED(S, N) 3113> lēnju �pl� lēska�
<Row bisam d3754 lēnju (pl. lēska) moon, month. DED(S, N) 3113> lēnju �pl� lēska�
<Row Toda d3755 nis̱ ko·y sp. berry (very sour, but when water is drunk immediately, tastes sweet); emblic myrobalan> nis̱ ko�y
<Row Manda d3756 evṛiŋ (pl.) id. DED(S) 3116> evṛiŋ �pl��
<Row Tam d3757 neṟi (-pp-, -tt-) to press firmly with hand> neṟi �-pp-� -tt-�
<Row Irula d3758 nä·ṯṯu id> næ�ṯṯu
<Row Kota d3758 ne·r (obl. ne·ṯ-) id> ne�r �obl� ne�ṯ-�
<Row Kota d3758 amne·r two days before yesterday> amne�r
<Row Toda d3758 ïne·ṟ yesterday> ɨne�ṟ
<Row Kodagu d3758 ninna·ndï yesterday (see 2920 Ta.ñāṉṟu)> ninna�ndɨ
<Row betul d3758 ninnē (obl. ninnēṭ- )> ninnē �obl� ninnēṭ
<Row bisam d3758 re'e > re�e
<Row Kuwi d3758 re'la > re�la
<Row Kuwi d3758 rē'ini > rē�ini
<Row Kuwi d3758 re'eni > re�eni
<Row sunkar d3758 re'ni id> re�ni
<Row betul d3759 nēc (talā) the crown of the head (<i>Voc.</i> 2045); ?> nēc �talā�
<Row Tam d3760 neṟṟu (neṟṟi-) to thrust, dash, strike a mark (as with balls)> neṟṟu �neṟṟi-�
<Row Tam d3760 neṭṭu (neṭṭi-) to thrust, push, strike as a stone or ball; <i>n.</i> pushing, thrusting, striking, skipping as a stone or ball> neṭṭu �neṭṭi-�
<Row Kodagu d3760 nëṭṭ- (nëṭṭi-) to give a sharp shake (<i>intr.</i>), (sleep) is suddenly broken> nəṭṭ- �nəṭṭi-�
<Row Parji d3761 nendub (pl. nendbul) middle> nendub �pl� nendbul�
<Row muria d3762 nēkih- (Voc 2042)> nēkih- ��oc
<Row Konda d3765 nēnz- (-it-) to sigh, respire when exhausted or tired, have hiccups while weeping; (BB) to breathe> nēnz- �-it-�
<Row Pengo d3765 nēnj- (nēnc-) to breathe; <i>intens.</i>> nēnj- �nēnc-�
<Row Kui d3765 nēnja (nēnji-) to breathe; <i>n.</i> breathing. <i>> nēnja �nēnji-�
<Row Kuwi d3765 nēnj- (-it-) to breathe, moan with pain> nēnj- �-it-�
<Row Tam d3766 nēṭu (nēṭi-) to seek, look out for, desire, consider, aim at, earn> nēṭu �nēṭi-�
<Row Kodagu d3766 në·ḍ- (në·ḍi-) to earn> nə�ḍ- �nə�ḍi-�
<Row Kodagu d3766 në·ṭa earning. ?> nə�ṭa
<Row Tam d3769 nēmpu (nēmpi-) to winnow> nēmpu �nēmpi-�
<Row Tam d3769 nōmpu (nōmpi-) to separate by winnowing (as stones from rice)> nōmpu �nōmpi-�
<Row Tam d3769 nāvu (nāvi-) to winnow and clear grain from stones> nāvu �nāvi-�
<Row Kui d3769 ēmba (ēmbi-) to separate rice grains from straw by shaking> ēmba �ēmbi-�
<Row Tam d3770 nēr (-v-, -nt-) to meet, approach, come near to, obtain, agree, consent, resemble, equal, be fit, appropriate, seize, take hold of, grant, bestow, happen, occur, transpire, appear, come to view, oppose, resist, encounter, attack, consecrate, dedicate, resolve, take a vow, entreat, pray; (-pp-, -tt-) to resemble, equal, oppose, resist, encounter, attack; <i>n.</i> resemblance, similarity, comparison, agreement, consent, settlement, opposition> nēr �-v-� -nt-�
<Row Tam d3770 neri (-v-, -nt-) to be crowded together; (-pp-, -tt-) to approach> neri �-v-� -nt-�
<Row Tam d3770 neruṅku (neruṅki-) to be near, approximate, be close together, crowd, be close as a relationship or connexion, approach, go near> neruŋku �neruŋki-�
<Row Tam d3770 nerukku (nerukki-) to set thick> nerukku �nerukki-�
<Row Tam d3770 nirai (-v-, -nt-) to crowd, swam; make full, crowd; (-pp-, -tt-) to crowd, cluster, swarm, crowd together, form an assembly; <i>n.</i> collection, pack, herd> nirai �-v-� -nt-�
<Row Kota d3770 ne·r (obl. ne·r-, ne·ṯ-) opposite> ne�r �obl� ne�r-� ne�ṯ-�
<Row Tam d3771 nēr (-v-, -nt-) to grow thin, lean, be emaciated, be soft, yield to the touch; <i>n.</i> minuteness, smallness, fineness, slenderness> nēr �-v-� -nt-�
<Row Toda d3772 nö·ṣf- (nö·ṣt-) to measure the length of; ?> nø�ṣf- �nø�ṣt-�
<Row Toda d3772 nö·b direction> nø�b
<Row Kannada d3772 fem. nēridaḷ; nērpu straightness, propriety, rectitude> fem� nēridaḷ� nērpu
<Row Kodagu d3772 në·rï truth, fact> nə�rɨ
<Row Kodagu d3772 ne·re direct, straight> ne�re
<Row Tam d3773 nēr (-v-, -nt-) to cut off, sever> nēr �-v-� -nt-�
<Row Brah d3773 danning (neg. da-, present dē-, imper. da, dar, past darē-) to cut (of a knife), blight (as frost the crop), usurp (property), carry off (a prize), win, take away, remove (MBE 1962, pp. 60-61). DED(S) 3127> danning �neg� da-� present dē-� imper� da� dar� past darē-�
<Row Kodagu d3774 ne·ra sun, time> ne�ra
<Row Kodagu d3774 ne·rate early in the morning> ne�rate
<Row Kurux d3777 nērnā (nīryas) to get dry, lose moisture> nērnā �nīryas�
<Row Tam d3779 novvu (novvi-) to become thin, slender; <i>n.</i> thinness> novvu �novvi-�
<Row Tam d3779 noci (-v-, -nt-) to be thin, slender, minute> noci �-v-� -nt-�
<Row Kota d3779 noca·k a little> noca�k
<Row Kota d3779 onca·k a little> onca�k
<Row BettaKurumba d3782 1.11) nicci cooked rice> � nicci
<Row Tam d3783 nuṭakku (nuṭakki-) to wash, wipe off moisture, destroy, dissolve> nuṭakku �nuṭakki-�
<Row Belari d3783 2.1) noḍi id> � noḍi
<Row Kolami d3783 oḍ- (oṭṭ-) to wash (body or part of body)> oḍ- �oṭṭ-�
<Row Kolami d3783 o·ḍp- (o·ḍopt-) to bath> o�ḍp- �o�ḍopt-�
<Row Naikri d3783 oṛ- (oṭṭ-) to wash, bathe> oṛ- �oṭṭ-�
<Row Naiki d3783 oṛ- (oṭṭ-) to wash (hands, feet, etc.)> oṛ- �oṭṭ-�
<Row Parji d3783 noḍ- (noṭṭ-) to wash> noḍ- �noṭṭ-�
<Row Parji d3783 noḍip- (noḍit-) to wash (another). <i>> noḍip- �noḍit-�
<Row salur d3783 norr- (noṭṭ-) to wash (clothes, etc.). <i>> norr- �noṭṭ-�
<Row maria d3783 nor̥- (noẖt-) to wash (hands) (<i>Voc.</i> 2061)> noṛ- �noẖt-�
<Row Konda d3783 noṟ- (noRt-) to wash, clean utensils, etc> noṟ- �no�t-�
<Row Konda d3783 refl. noṟba- to wash (one's own hands, face, etc.)> refl� noṟba
<Row Pengo d3783 noz- (nost-) to wash> noz- �nost-�
<Row Pengo d3783 nuz- (nust-) to wash> nuz- �nust-�
<Row Kuwi d3783 nōrh'nai > nōrh�nai
<Row sunkar d3783 nor- (-h-) to wash> nor- �-h-�
<Row Kurux d3783 nō̃ṛnā (nū̃ṛyas) id> nō̃ṛnā �nū̃ṛyas�
<Row Tam d3784 noṭi (-v-, -nt-) to say, tell, speak, declare; (-pp-, -tt-) id., insinuate so as to stir up ill-will, make unfavourable allusions, use sarcasm; <i>n.</i> word, phrase, language, speech, wise saying, riddle, enigma, stanza, noise> noṭi �-v-� -nt-�
<Row Tam d3786 noṇṭu (noṇṭi-) to walk lamely, limp, hobble from lameness or weariness> noṇṭu �noṇṭi-�
<Row Tam d3786 neṇṭu (neṇṭi-) to limp> neṇṭu �neṇṭi-�
<Row Kota d3786 noṇḍ- (noṇḍy-) to limp dragging one leg uselessly> noṇḍ- �noṇḍy-�
<Row Konda d3787 noṇḍ- (-it-) to caress> noṇḍ- �-it-�
<Row Pengo d3787 nonḍ- (-t-) to kiss> nonḍ- �-t-�
<Row Kui d3787 nonja (nonji-) to kiss; <i>n.</i> a kiss. <i>> nonja �nonji-�
<Row Kuwi d3787 noṇḍ- (-it-) to kiss, embrace> noṇḍ- �-it-�
<Row Kuwi d3787 noṭk- (-it-) to kiss (= sexual intercourse)> noṭk- �-it-�
<Row Kuwi d3788 lol- (-it-) to level soil in new paddy field. From DED (S) 3140> lol- �-it-�
<Row Kolami d3789 nolŋg- (noloŋkt-) to thrash about on ground> nolŋg- �noloŋkt-�
<Row Tam d3790 noḷ (noḷv-, noṇṭ-) to bale out as water, measure out as grain> noḷ �noḷv-� noṇṭ-�
<Row Tam d3790 noḷku (noḷki-) to bale out as water, measure out as grain> noḷku �noḷki-�
<Row Tam d3790 nōṇṭu (nōṇṭi-) to bale, scoop out> nōṇṭu �nōṇṭi-�
<Row Tam d3790 fem. nuḷaicci > fem� nuḷaicci
<Row Konda d3790 lo- (-t-) to fetch (water), dip and take out (water)> lo- �-t-�
<Row Pengo d3790 ṛonj- (ṛonc-) to scatter, sow broadcast, bail out (by sprinkling)> ṛonj- �ṛonc-�
<Row Kui d3790 nolpa (nolt- to ladle out. <i>> nolpa �nolt
<Row Kui d3790 noṭ-) to ladle out. <i>> noṭ-�
<Row sunkar d3790 noṇ- (-h-) to draw water> noṇ- �-h-�
<Row Tam d3791 noḷ (noḷv-, noṇṭ-) to swallow, devour> noḷ �noḷv-� noṇṭ-�
<Row Mal d3791 fem. nuṇacci; nuṇekka to smack the lips, have a ravenous appetite> fem� nuṇacci� nuṇekka
<Row Tam d3793 nō (-v-, nont-) to feel pain, ache, suffer, be grieved, distressed in mind, be injured, spoiled; <i>n.</i> pain, illness, weakness, infirmity> nō �-v-� nont-�
<Row Tam d3793 nōy (-pp-, -tt-; -v-, -nt-) to be ill, diseased, be debilitated, wither (as crops); <i>n.</i> malady, disease, grief, affliction, pain> nōy �-pp-� -tt-� -v-� -nt-�
<Row Tam d3793 novvu (novvi-) to ache, pain; <i>n.</i> pain, illness> novvu �novvi-�
<Row Tam d3793 noci (-v-, -nt-) to be in pain, suffer> noci �-v-� -nt-�
<Row Tam d3793 uyaṅku (uyaṅki-) to suffer, be in distress, pain (of body or mind), grow thin, become emaciated, be flexible, slender> uyaŋku �uyaŋki-�
<Row Tam d3793 uyavu (uyavi-) to suffer; <i>n.</i> distress, suffering> uyavu �uyavi-�
<Row Kota d3793 no·v disease, pain> no�v
<Row Toda d3793 nu· sickness> nu�
<Row Kannada d3793 nō (nond-) to suffer, pain, ache, (pain) is felt, grieve> nō �nond-�
<Row Kodagu d3793 no- (novv-, nond-) to pain> no- �novv-� nond-�
<Row Telugu d3793 noccu (novv- to ache, pain, smart, be grieved> noccu �novv
<Row Telugu d3793 nō-) to ache, pain, smart, be grieved> nō-�
<Row Kolami d3793 oy- (oyt-) (wound) hurts, pains> oy- �oyt-�
<Row Parji d3793 noy- (noñ-) to be painful, hurt, ache> noy- �noñ-�
<Row Konda d3793 nō- (-t-) to pain, ache (as the limbs after hard work, etc.)> nō- �-t-�
<Row Pengo d3793 nō- (-t-) to hurt, be painful> nō- �-t-�
<Row Pengo d3793 nōc- (nōcc-) to be ill, have fever> nōc- �nōcc-�
<Row Kui d3793 nōva (nōt-) to be painful, ache; <i>n.</i> pain, aching, suffering> nōva �nōt-�
<Row Kui d3793 nospa (nost-) to give pain to> nospa �nost-�
<Row sunkar d3793 nō- (-t-) to pain, ache> nō- �-t-�
<Row bisam d3793 nō- (-t-) to pain, ache> nō- �-t-�
<Row Kuwi d3793 lunj- (-it-) to ache, throb with pain> lunj- �-it-�
<Row Kuwi d3793 luh- (lust-) to cause pain> luh- �lust-�
<Row Kurux d3793 nuńjnā (nuńcas, nuńjcas) to smart, pain> nuńjnā �nuńcas� nuńjcas�
<Row Tam d3794 nōkku (nōkki-) to see, look at, behold, view, consider, reflect, regard, pay attention to, arrange, put in order, keep, protect, save, do, perform, resemble, compare, read, desire; <i>n.</i> eye, sight, look, beauty, meaning, intention, knowledge, greatness, mode, style> nōkku �nōkki-�
<Row Kota d3794 no·ṭ- (no·c-) to look at, look for, examine, be looked at> no�ṭ- �no�c-�
<Row Kota d3794 no·ṭ a sight> no�ṭ
<Row Kota d3794 no·ṭm (obl. no·ṭt-) a sight> no�ṭm �obl� no�ṭt-�
<Row Toda d3794 nwï·ṭ- (nwï·ṭy-) to look at> nvɨ�ṭ- �nvɨ�ṭy-�
<Row Toda d3794 nwï·ṭ a sight> nvɨ�ṭ
<Row Kodagu d3794 no·ṭ- (no·ṭi-) to look at> no�ṭ- �no�ṭi-�
<Row Tam d3795 nōṇṭu (nōṇṭi-) to stir, dig up, grub up, root out, pick off as the scab of an ulcer, pick out as wax from the ear, pilfer, pluck as an ear of grain> nōṇṭu �nōṇṭi-�
<Row Konda d3796 nōmbu (pl. nōpku), nōpku) id. DEDS 584> nōmbu �pl� nōpku�� nōpku�
<Row sunkar d3797 nōrp- (-it-) id. (or with 3728)> nōrp- �-it-�
<Row Pengo d3799 nōk- (-t-) to go first, precede> nōk- �-t-�
<Row Kui d3799 nōka (nōki-) to precede, go ahead of> nōka �nōki-�
<Row Kuwi d3799 nōk- (-it-) to go ahead, precede> nōk- �-it-�
<Row Tam d3800 nōl (nōṟp-, nōṟṟ-) to endure, suffer patiently as hunger, practise, do penance, practise austerities; <i>n.</i> a means of attaining salvation> nōl �nōṟp-� nōṟṟ-�
<Row Tam d3800 nōṉ (nōṉp-, nōṉṟ-) to endure, bear, renounce as secular things, practise austerities> nōṉ �nōṉp-� nōṉṟ-�
<Row Mal d3800 nōlkka (nōṟṟ-) to fast, lead an austere life> nōlkka �nōṟṟ-�
<Row Kota d3800 no·m period when cloak is covered over head of relative of dead person (three days at green funeral, eight days at dry funeral)> no�m
<Row Kota d3800 no·mb period when cloak is covered over head of relative of dead person (three days at green funeral, eight days at dry funeral)> no�mb
<Row Kannada d3800 nōn (nōnt-) to observe a vow or religious obligation, perform anything as a meritorious act of devotion or austerity; <i>caus.</i>> nōn �nōnt-�
<Row Kannada d3800 nōnisu; nōmpi any religious act or obligation enjoined by the gods, any meritorious act of devotion or austerity. ?> nōnisu� nōmpi
<Row muria d3801 paurjap B. v siyāri (<i>Voc.</i> 2171)> paurjap �� v
<Row Kuwi d3801 pa'eri dōri rope (creeper fibre)> pa�eri dōri
<Row Kuwi d3801 pa'eri > pa�eri
<Row Tam d3803 pakar (-v-, -nt-) to shift, move> pakar �-v-� -nt-�
<Row Tam d3803 pakarttu (pakartti-) to transcribe, copy> pakarttu �pakartti-�
<Row Tam d3804 pakar (-v-, -nt-) to tell, utter, declare, say, announce, pronounce, publish> pakar �-v-� -nt-�
<Row Tam d3805 pakar (-v-, -nt-) to emit lustre; <i>n.</i> radiance; ?> pakar �-v-� -nt-�
<Row Kota d3805 po·l daytime; time (oḏ po·lkat one and the same time)> po�l
<Row Kota d3805 palma·rm daytime; ?> palma�rm
<Row Kota d3805 vo·l day, daytime> vo�l
<Row Kodagu d3805 po·lï daytime> po�lɨ
<Row Tam d3808 paku (pakuv-, pakk-) to be split, divided, be at variance, separate; divide> paku �pakuv-� pakk-�
<Row Tam d3808 (-pp- -tt-) to distribute, apportion, classify, give, divide, cut into pieces, tear off, root out> �-pp- -tt-�
<Row Tam d3808 pakir (-v-, -nt-) to divide into shares, distribute, break, split; separate <i>> pakir �-v-� -nt-�
<Row Tam d3808 pā (-pp-, -tt-) to divide, distribute> pā �-pp-� -tt-�
<Row Tam d3808 pāttu (pātti-) to divide, distribute> pāttu �pātti-�
<Row Kota d3808 pati·r- (patrc-) to divide (&lt;pat-ayr-, pat-arc-, orpat-tayr, pat-tarc-)> pati�r- �patrc-�
<Row Toda d3808 pax- (paxQ-) to be divided, be estranged; (paxt-) to distribute, divide> pax- �pax�-�
<Row Toda d3808 axo·ṟn > axo�ṟn
<Row Toda d3808 axexo·ṟn enemy> axexo�ṟn
<Row Gondi d3808 (Voc </i> 2071)> ��oc
<Row Gondi d3808 (Voc </i> 2121)> ��oc
<Row Konda d3808 pag- (-it-) to split> pag- �-it-�
<Row Konda d3808 pak- (-t-) id> pak- �-t-�
<Row Pengo d3808 pag- (pakt-) id> pag- �pakt-�
<Row Pengo d3808 pak- (-t-) id> pak- �-t-�
<Row Pengo d3808 Manḍa pak- to split (firewood)> �anḍa pak
<Row Kui d3808 panga (pangi-) to be cracked, split, divided> panga �pangi-�
<Row Kuwi d3808 pak- (-h-) to cut open> pak- �-h-�
<Row Parji d3810 pakkip- (pakkit-) to hide something. <i>> pakkip- �pakkit-�
<Row Gadaba d3810 pakup- (pakut-) id. (<i>tr.</i>)> pakup- �pakut-�
<Row Kuwi d3819 paŋgeŋga (pl.) plains people> paŋgeŋga �pl��
<Row Tam d3821 paca (-pp-, -nt-) to be green, turn sallow or pale, become golden (as the sky in the evening)> paca �-pp-� -nt-�
<Row Tam d3821 paya (-pp-, -nt-) to change in complexion (as the skin through lovesickness), turn sallow through affliction> paya �-pp-� -nt-�
<Row Kota d3821 pa·ty moss> pa�ty
<Row Kota d3821 paca·l open grassy ground in front of Kolme·l temples> paca�l
<Row Toda d3821 po·Qy moss> po��y
<Row Kodagu d3821 pa·mañji green scum on stagnant water, lichen on rocks> pa�mañji
<Row Tam d3825 paci (-pp-, -tt-) to be hungry; <i>n.</i> hunger> paci �-pp-� -tt-�
<Row Toda d3825 osf- (ost-) hunger is (to a person)> osf- �ost-�
<Row Tam d3825 paci (-pp-, -tt-) to be hungry; <i>n.</i> hunger> paci �-pp-� -tt-�
<Row Toda d3825 osf- (ost-) hunger is (to a person)> osf- �ost-�
<Row Kota d3825 pajm (obl. pajt-) famine> pajm �obl� pajt-�
<Row Toda d3825 poζm (&lt; Badagahañja) id> po�m
<Row Toda d3825 oζm (&lt; Badagahañja) id> o�m
<Row Kota d3829 pace·k puffed millet> pace�k
<Row Pengo d3830 bajoŋ (pl.) many> bajoŋ �pl��
<Row Tam d3835 pañcari (-pp-, -tt-) to press, importune, talk at length> pañcari �-pp-� -tt-�
<Row Tam d3835 pañcali (-pp-, -tt-) to upset mentally> pañcali �-pp-� -tt-�
<Row Parji d3837 pañip- (pañit-) to satisfy. <i>> pañip- �pañit-�
<Row muria d3837 panjih- (Voc 2080)> panjih- ��oc
<Row Konda d3837 panz- (-it-) (belly) to be filled after eating and drinking> panz- �-it-�
<Row Pengo d3837 panj- (panc-) to be replete, satisfied after eating> panj- �panc-�
<Row Kui d3837 panja (panji-) to be replete, satisfied; <i>n.</i> repletion, satisfaction. <i>> panja �panji-�
<Row sunkar d3837 paj- (-it-) > paj- �-it-�
<Row bisam d3837 panj- (-it-) to be satisfied. DED(S) 3174> panj- �-it-�
<Row Tam d3841 paṭapaṭa (-pp-, -tt-) to rattle (as things falling, rolling or breaking)> paṭapaṭa �-pp-� -tt-�
<Row Kota d3841 paṭ in- (iḏ-) to make noise of bursting of skin when burnt, of sharp blow, crack, etc> paṭ in- �iḏ-�
<Row Kota d3841 paṭa·rn with noise of a blow, or of breaking (stick, knife, rope)> paṭa�rn
<Row Tam d3842 paṭapaṭa (-pp-, -tt-) to be over-hasty (as in speech)> paṭapaṭa �-pp-� -tt-�
<Row Tam d3844 paṭar (-v-, -nt-) to run, spread (as a creeper), overspread (as eruptions on the skin), spread (as light, fire, rumour, epidemic), be diffused, pervade, expand; <i>n.</i> spreading spots on skin, thick bush (esp. of creepers)> paṭar �-v-� -nt-�
<Row Tam d3848 paṭi (-v-, -nt-) to settle (as dust or sediment), rest (as clouds upon a mountain), roost, be subjugated, trained, tamed, become orderly, obey, sink in water, be immersed, subside (as water); (-pp-, -tt-) to practise, habituate oneself to> paṭi �-v-� -nt-�
<Row Tam d3852 paṭu (paṭuv-, paṭṭ-) to perish, die, set (as a heavenly body), rain; (-pp-, -tt-) to lay horizontally, pave, spread out (as bedding), kill, cast down, fell; lie down to sleep or otherwise, roost (as birds); <i>adj.</i> base, low> paṭu �paṭuv-� paṭṭ-�
<Row Mal d3852 paṭuka (paṭṭ-) to fall, sink> paṭuka �paṭṭ-�
<Row Mal d3852 peṭuka (peṭṭ-) to fall, get into or under> peṭuka �peṭṭ-�
<Row Kota d3852 paṛ- (paṭ-) to lie down, sleep> paṛ- �paṭ-�
<Row Kota d3852 paṛc- (paṛc-) to make to lie, lay> paṛc- �paṛc-�
<Row Toda d3852 poṛ- (poṭ-) to lie down; lose (teeth; of children)> poṛ- �poṭ-�
<Row Kannada d3852 paḍu (paṭṭ-) to lie down, set (as the sun), be spent (as the day), have sexual intercourse, die; <i>n.</i> setting, the west, dying> paḍu �paṭṭ-�
<Row Kodagu d3852 paḍ- (paḍuv-, paṭṭ-) to lie fallow> paḍ- �paḍuv-� paṭṭ-�
<Row Kodagu d3852 paḍït- (paḍïti-) to let lie fallow, (Kar. also) send (child) to sleep> paḍɨt- �paḍɨti-�
<Row Kodagu d3852 paḍï-bu·mi fallow land> paḍɨ-bu�mi
<Row Kodagu d3852 paḍi-ña·rï west> paḍi-ña�rɨ
<Row Kolami d3852 pār- (? pāṛ-) to fall> pār- �� pāṛ-�
<Row Naikri d3852 paṛ- (paṭṭ-) to fall> paṛ- �paṭṭ-�
<Row Naiki d3852 paṛ- (paṭṭ-) to fall> paṛ- �paṭṭ-�
<Row Parji d3852 paḍ- (paṭṭ-) to fall, sink down, (sun) sets. <i>> paḍ- �paṭṭ-�
<Row salur d3852 par- (paṭ-) to fall. <i>> par- �paṭ-�
<Row Pengo d3852 paz- (past-) to be caught (bird or animal, in snare)> paz- �past-�
<Row Tam d3853 paṭu (paṭuv-, paṭṭ-) to occur, happen, come into existence, rise (as a heavenly body), occur to mind, hit or strike against, touch, be caught (as fishes, birds, or other game), suffer, endure, dash against (<i>tr.</i>), agree to, be connected with, resemble; (-pp-, -tt-) to do, make, effect, catch, establish, entrust, cause to grow> paṭu �paṭuv-� paṭṭ-�
<Row Tam d3853 paṭuttu (paṭutti-) to cause to suffer, put to trouble, cause to get, effect, bring into existence> paṭuttu �paṭutti-�
<Row Tam d3853 paṭai (-pp-, -tt-) to create, form, produce; acquire, get> paṭai �-pp-� -tt-�
<Row Mal d3853 paṭuka (paṭṭ-) to be obtained, caught, happen, be in a state> paṭuka �paṭṭ-�
<Row Mal d3853 peṭuka (peṭṭ-) to happen, be in, belong to; <i>auxiliary verb</i>> peṭuka �peṭṭ-�
<Row Kota d3853 paṛ- (paṭ-) to experience (emotion), be caught, seem good> paṛ- �paṭ-�
<Row Kota d3853 pa·ṛ (obl. pa·ṭ-) work, concern> pa�ṛ �obl� pa�ṭ-�
<Row Toda d3853 poṛ- (poṭ-) to suffer, experience> poṛ- �poṭ-�
<Row Toda d3853 po·ḍ suffering, affair, concern; ?> po�ḍ
<Row Toda d3853 paṟy- (paṟs-) to be possible; to endure> paṟy- �paṟs-�
<Row Kannada d3853 paḍu (paṭṭ-) to get, obtain, catch, incur, undergo, experience, feel, suffer; <i>n.</i> getting, etc> paḍu �paṭṭ-�
<Row Kodagu d3853 paḍ- (paḍuv-, paṭṭ-) to suffer, (something) hits, (thorn) runs in> paḍ- �paḍuv-� paṭṭ-�
<Row Kodagu d3853 paḍït- (paḍïti-) to make to suffer> paḍɨt- �paḍɨti-�
<Row Kolami d3853 paḍ- (paṭṭ-) (wound) is got, (eye) is filled with dust, (turn in game) is won, become (loose, dusk, bald)> paḍ- �paṭṭ-�
<Row Kolami d3853 part- (paratt-) to win (turn in game)> part- �paratt-�
<Row Parji d3853 paṭip- (paṭit-) to cause to get. <i>> paṭip- �paṭit-�
<Row Konda d3854 paḍ- (-it-) to burst out, be broken with a crackling sound> paḍ- �-it-�
<Row Konda d3854 paṭ- (-t-) to break> paṭ- �-t-�
<Row Pengo d3854 paḍ- (paṭt-) to break> paḍ- �paṭt-�
<Row Pengo d3854 paṭ- (-t-) id> paṭ- �-t-�
<Row Kuwi d3854 paḍ- (-it-) to break, split, crack> paḍ- �-it-�
<Row Kuwi d3854 paṭ- (-h-) to smash> paṭ- �-h-�
<Row Tam d3858 fem. paṭuvi > fem� paṭuvi
<Row Pengo d3862 paṭ- (-t-) to unstring (bow), close (umbrella). <i>> paṭ- �-t-�
<Row Kuwi d3862 paṭ- (-h-) to fold clothes, umbrella, etc. DEDS 602> paṭ- �-h-�
<Row Kota d3867 paṭa·r in- (iḏ-) (country,na·ṛ) becomes fully light at dawn> paṭa�r in- �iḏ-�
<Row Kota d3872 paṭu·ṇy hunger> paṭu�ṇy
<Row Parji d3875 peṭṭi (pl. peṭkul) beam, post. <i>> peṭṭi �pl� peṭkul�
<Row Kodagu d3877 paṭṭati n.pr of dappled cow> paṭṭati n�pr
<Row Kolami d3881 paḍḍa-le·ŋa female calf> paḍḍa-le�ŋa
<Row Tam d3884 paṇṇu (paṇṇi-) to make, effect, produce, adorn> paṇṇu �paṇṇi-�
<Row Tam d3884 paṉṉu (paṉṉi-) to do anything with consideration and skill> paṉṉu �paṉṉi-�
<Row Parji d3884 panḍp- (panḍt-) to make, do. <i>> panḍp- �panḍt-�
<Row Gondi d3884 Kōi) paṇi > �ōi� paṇi
<Row Konda d3884 pand- (-it-) to prepare, construct, devise, plan> pand- �-it-�
<Row Tam d3887 paṇi (-pp-, -tt-) to speak, say, declare (used of a superior), order, command; <i>n.</i> saying, word, command> paṇi �-pp-� -tt-�
<Row Tam d3887 palukku (palukki-) to be pronounced clearly, boast, speak (&lt; Te.)> palukku �palukki-�
<Row Tam d3887 paṉṉu (paṉṉi-) to speak, say, talk, sing> paṉṉu �paṉṉi-�
<Row Toda d3887 poṇQ- (poṇQy-) to talk in assembly> poṇ�- �poṇ�y-�
<Row Belari d3887 2.3) haṇi to say> � haṇi
<Row Kolami d3887 pank- (panakt-) to send> pank- �panakt-�
<Row Kolami d3887 pa·na language> pa�na
<Row Kui d3887 panḍa (panḍi-) to send, commission; <i>n.</i> act of sending> panḍa �panḍi-�
<Row Kui d3887 plāpa (plāt-) to inquire, question, ask, address, say; <i>n.</i> inquiry, remark. <i>> plāpa �plāt-�
<Row Kuwi d3887 paṇḍ- (-it-) to send> paṇḍ- �-it-�
<Row Brah d3887 pāning (pā-, pār-) to say, speak, tell, speak of, call a thing something, say to oneself. /Cf. Pkt> pāning �pā-� pār-�
<Row Tam d3888 paṇi (-v-, -nt-) to be low in height, be short, be lowered, be humble, become inferior, fall (as prices, wages), bow, make obeisance to; (-pp-, -tt-) to lower or lead down, degrade, reduce (as price); <i>n.</i> bowing, reverencing> paṇi �-v-� -nt-�
<Row Pengo d3894 pan- (-t-) to grow, grow up, grow big or tall. DED (S) 3217> pan- �-t-�
<Row Gadaba d3897 (Oll. panḍaŋ bark of a tree> ��ll� panḍaŋ
<Row Kodagu d3902 baṇḍati; baṇḍatana shamelessness> baṇḍati� baṇḍatana
<Row Kota d3904 paṇ paṇ in- (iḍ-) (woman) looks very beautiful. DED(S) 3225> paṇ paṇ in- �iḍ-�
<Row Tam d3905 pata (-pp-, -tt-) to become soft> pata �-pp-� -tt-�
<Row Tam d3905 pati (-v-, -nt-) to be mild, gentle, submissive quail, flinch> pati �-v-� -nt-�
<Row Tam d3906 pata (-pp-, -tt-) to become moist, marshy> pata �-pp-� -tt-�
<Row Toda d3907 poQ green (not dead; of tree, grass); ?> po�
<Row Toda d3907 poQïl green (not dead; of tree, grass); ?> po�ɨl
<Row Toda d3907 poQ fo·s pure milk> po� fo�s
<Row Toda d3909 paQs̱ large, broad-mouthed clay pot. <i>> pa�s̱
<Row Tam d3910 pataṟu (pataṟi-) to be flurried, confused, be impatient, overhasty, hurry> pataṟu �pataṟi-�
<Row Tam d3910 patai (-pp-, -tt-) to throb (as in sympathy), flutter, quiver, be in agony, shake, be anxious> patai �-pp-� -tt-�
<Row Tam d3911 pati (-v-, -nt-) to be imprinted, indented, be depressed, sunk, be low-lying (as land), sink in, penetrate, be absorbed (as the mind), perch, occupy, settle, alight (as a bird), be low (as price); insert, inlay, pave; (-pp-, -tt-) to imprint, stamp, infix, insert, inlay, excavate, plant; <i>n.</i> penetration, sapling for transplantation, abode; town, city, village> pati �-v-� -nt-�
<Row Tam d3912 patuṅku (patuṅki-) to hide, lie in ambush, crouch, disappear> patuŋku �patuŋki-�
<Row Tam d3912 patukku (patukki-) to hide (<i>tr.</i>), secrete> patukku �patukki-�
<Row Kota d3912 padŋg- (padŋgy-) to lie crouching for a spring> padŋg- �padŋgy-�
<Row Toda d3913 poQn id. DED 3234> po�n
<Row Kurux d3916 patta'ānā to believe, admit> patta�ānā
<Row Kota d3918 patrmba·d nineteen> patrmba�d
<Row Kota d3918 potrmba·d nineteen> potrmba�d
<Row Kota d3918 irva·d twenty> irva�d
<Row Kota d3918 orba·d nine> orba�d
<Row Kota d3918 mu pa·d thirty days> mu pa�d
<Row Kota d3918 na·r pa·d forty days> na�r pa�d
<Row Toda d3918 pa·ng fourteen> pa�ng
<Row Toda d3918 pu·j fifteen> pu�j
<Row Toda d3918 pa·ṟ sixteen> pa�ṟ
<Row Toda d3918 pa·w seventeen> pa�v
<Row Toda d3918 pu·ṭ eighteen> pu�ṭ
<Row Toda d3918 pu·ṇboQ nineteen> pu�ṇbo�
<Row Toda d3918 -foQ ten (ïfo<at>Q</at>twenty,öwfo<at>Q</at>seventy,öṭfo<at>Q</at>eighty)> fo�
<Row Toda d3918 -poQ id. (mupo<at>Q</at>thirty,nalpo<at>Q</at>forty)> po�
<Row Toda d3918 -boQ id. (ebo<at>Q</at>fifty,e·ṇbo<at>Q</at>ninety)> bo�
<Row Toda d3918 -oQ id. (aṟo<at>Q</at>sixty)> o�
<Row Kodagu d3918 payt a·ṇḍï ten years> payt a�ṇḍɨ
<Row Kota d3921 pàndi·gm (<i>obl.</i>pandi·gt-) race, contest> p�ndi�gm
<Row Tam d3932 pampu (pampi-) to sound> pampu �pampi-�
<Row Tam d3932 pammu (pammi-) to sound> pammu �pammi-�
<Row Tam d3934 pammu (pammi-) to baste, pin a seam to be sewed> pammu �pammi-�
<Row Kannada d3936 pasu (pacc-) to divide, separate, part, distribute, share; be divided, etc> pasu �pacc-�
<Row Parji d3936 payp- (payt-) to share. <i>> payp- �payt-�
<Row salur d3936 payp- (payup-) to distribute> payp- �payup-�
<Row Pengo d3936 paspa (-t-) to divide, distribute> paspa �-t-�
<Row Tam d3937 paya (-pp-, -nt-) to yield, produce, put forth fruit, be productive> paya �-pp-� -nt-�
<Row Kota d3940 baga·l conspicuous (of a view from a high place), wide-open (of a door)> baga�l
<Row Tam d3942 payil (payilv-, payiṉṟ-) to become trained, accustomed, practise, learn by practice (as an art); <i>n.</i> practice, habit> payil �payilv-� payiṉṟ-�
<Row Tam d3942 payiṟṟu (payiṟṟi-) to train, habituate, teach> payiṟṟu �payiṟṟi-�
<Row Tam d3943 payil (payilv-, payiṉṟ-) to speak, utter, tell, talk, utter indistinct sound (as bird), call; <i>n.</i> word, secret language, cant> payil �payilv-� payiṉṟ-�
<Row Tam d3943 payiṟṟu (payiṟṟi-) to speak, utter, tell> payiṟṟu �payiṟṟi-�
<Row Tam d3943 payir (-v-, -nt-) to cry as beasts or birds, summon, call, sound as instruments; <i>n.</i> cry of animals, etc., sound, musical instrument, cant> payir �-v-� -nt-�
<Row Kota d3945 pa·ym slowly, silently, doing nothing> pa�ym
<Row Kota d3945 pa·ym ba·ym very slowly, very gradually> pa�ym ba�ym
<Row Kota d3945 pa·yma·ym very slowly, very gradually> pa�yma�ym
<Row Toda d3948 poy o·ł̣ male affinal relatives (e.g. wife's father and brother, daughter's husband, sister's husband). ?> poy o�ł̣
<Row Tam d3949 para (-pp-, -nt-) to spread, be diffused, be flattened (as by hammering), be broad (as a plane surface)> para �-pp-� -nt-�
<Row Tam d3949 parakku (parakki-) to roam about> parakku �parakki-�
<Row Tam d3949 parattu (paratti-) to spread> parattu �paratti-�
<Row Tam d3949 parappu (parappi-) to spread (<i>tr.</i>; as grain), diffuse (as odour), disseminate (news), expand, establish, give lavishly; <i>n.</i> expanse, extension, space, diffused or extended state, diffusion, mass, sea, bed> parappu �parappi-�
<Row Tam d3949 parampu (parampi-) to spread (<i>intr.</i>), expand, pervade, be spread out or become flattened; <i>n.</i> roller for smoothing land newly ploughed; bamboo mat> parampu �parampi-�
<Row Tam d3949 pampu (pampi-) to be close, thick, crowded, be full, spread (as vegetation, water, darkness)> pampu �pampi-�
<Row Tam d3949 pammu (pammi-) to be close, thick, crowded> pammu �pammi-�
<Row Tam d3949 paravu (paravi-) to spread (<i>intr.</i>); lay open to view (as goods in a bazaar)> paravu �paravi-�
<Row Kota d3949 pard- (pardy-) (small objects) spread over large space, (news) spreads> pard- �pardy-�
<Row Kota d3949 part- (party-) to spread (grain, chillies) in sun to dry> part- �party-�
<Row Toda d3949 par- (parQ-) to open wide (an entrance; in songs)> par- �par�-�
<Row Kodagu d3949 para- (parap-, parand-) to crawl> para- �parap-� parand-�
<Row Kodagu d3949 parat- (parati-) to spread (grain)> parat- �parati-�
<Row Kodagu d3949 pabb- (pabbi-) (creeping plant) twines; ?> pabb- �pabbi-�
<Row Parji d3949 parp- (part-) to spread. <i>> parp- �part-�
<Row salur d3949 pamp- (pamup-) to crawl like a child. <i>> pamp- �pamup-�
<Row Konda d3949 paR- (-t-) to spread (as a mat)> pa�- �-t-�
<Row Konda d3949 rēs- (-t-) to make plating (of metals)> rēs- �-t-�
<Row Kui d3949 prahpa (praht-) to spread out (<i>tr.</i>), scatter over a level surface> prahpa �praht-�
<Row Kui d3949 brāḍa (brāḍi-) to be sounded abroad, be spread (news)> brāḍa �brāḍi-�
<Row Kui d3949 brāṭpa (brāṭt-) to sound abroad, proclaim, spread (news); <i>n.</i> proclamation (the last two communicated by P.S. Subrahmanyam). <i>> brāṭpa �brāṭt-�
<Row Tam d3951 paracu (paraci-) to praise, extol> paracu �paraci-�
<Row Tam d3951 paravu (paravi-) id., worship, reverence, adore, sing> paravu �paravi-�
<Row Kota d3951 parc- (parc-) to pray> parc- �parc-�
<Row Toda d3951 part- (party-) to pray> part- �party-�
<Row mandla d3955 pangāl (n not> pangāl �n
<Row Kodagu d3956 baraj- (baraji-) to feel for (something), grope> baraj- �baraji-�
<Row Konda d3956 paṟbi- (-t-) to feel with hands, grope, search in darkness by groping> paṟbi- �-t-�
<Row Pengo d3956 prek- (-t-) to seek> prek- �-t-�
<Row Kui d3956 parmba (parmbi-) to grope, search blindly; <i>n.</i> groping. <i>> parmba �parmbi-�
<Row Kuwi d3956 par- (-it-) to search> par- �-it-�
<Row Kuwi d3956 pārk- (-it-) to feel one's way in the dark> pārk- �-it-�
<Row Kuwi d3956 prek- (-h-) to search for lice in the hair. ?> prek- �-h-�
<Row Kota d3961 kopi·rv id. (but bigger thanpayrv; doesko-belong with 2146 Ta.kor̤u?)> kopi�rv
<Row Tam d3962 pari (-v-, -nt-) to separate, be sundered, break off, be destroyed, cut asunder, destroy; (-pp-, -tt-) to cut asunder> pari �-v-� -nt-�
<Row Tam d3962 paruṅku (paruṅki-) to pluck (as fruit), tear off> paruŋku �paruŋki-�
<Row Kota d3962 pary bay (bi·) house with roof and walls broken from disuse> pary bay �bi��
<Row Kolami d3962 part- (paratt-) to cut up> part- �paratt-�
<Row Parji d3962 parkip- (parkit-) to split, plough for the first time> parkip- �parkit-�
<Row pottangi d3962 pariŋp- (pariŋt-) to split (firewood with axe)> pariŋp- �pariŋt-�
<Row Kui d3962 paja (paji-) to hew, cut down> paja �paji-�
<Row Kui d3962 parpa (part-) to cut through the bank of a wet field, irrigate; <i>n.</i> irrigation> parpa �part-�
<Row Kuwi d3962 par- (-h-) to dig a ditch, (alsoparl- [-it-]) make channel for water, place for well> par- �-h-�
<Row Tam d3962 pari (-v-, -nt-) to separate, be sundered, break off, be destroyed, cut asunder, destroy; (-pp-, -tt-) to cut asunder> pari �-v-� -nt-�
<Row Tam d3962 paruṅku (paruṅki-) to pluck (as fruit), tear off> paruŋku �paruŋki-�
<Row Kota d3962 pary bay (bi·) house with roof and walls broken from disuse> pary bay �bi��
<Row Kolami d3962 part- (paratt-) to cut up> part- �paratt-�
<Row Parji d3962 parkip- (parkit-) to split, plough for the first time> parkip- �parkit-�
<Row pottangi d3962 pariŋp- (pariŋt-) to split (firewood with axe)> pariŋp- �pariŋt-�
<Row Kui d3962 paja (paji-) to hew, cut down> paja �paji-�
<Row Kui d3962 parpa (part-) to cut through the bank of a wet field, irrigate; <i>n.</i> irrigation> parpa �part-�
<Row Kuwi d3962 par- (-h-) to dig a ditch, (alsoparl- [-it-]) make channel for water, place for well> par- �-h-�
<Row Tam d3963 pari (-v-, -nt-) to run, go out, escape; (-pp-, -tt-) to run, proceed; <i>n.</i> motion, speed, rapidity, pace of a horse, a horse> pari �-v-� -nt-�
<Row Toda d3963 pary- (parc-) (horse) gallops; ride at a gallop> pary- �parc-�
<Row Tam d3964 pari (-v-, -nt-) to be affectionate; <i>n.</i> love, affection> pari �-v-� -nt-�
<Row Tam d3965 pari (-v-, -nt-) to be troubled, distressed, suffer; <i>n.</i> trouble, distress> pari �-v-� -nt-�
<Row Kolami d3967 pari- (parit-) > pari- �parit-�
<Row Tam d3972 paru (-pp-, -tt-) to become large, bulky, plump, swell; <i>adj.</i> large, bulky (in:paruṅ-kuṭallarge intestine, etc.; cf. 1652)> paru �-pp-� -tt-�
<Row Toda d3972 par me·ṇ tree with huge trunk> par me�ṇ
<Row Konda d3972 pabli- (-t-) to hatch (chickens as a fowl); grow in numbers (as chickens hatched)> pabli- �-t-�
<Row Konda d3973 baRka roughness; rough> ba�ka
<Row Tam d3975 paruku (paruki-) to drink, eat, devour, enjoy> paruku �paruki-�
<Row Tam d3975 parukku (parukki-) to cause to drink> parukku �parukki-�
<Row Toda d3977 paQ bird of prey (including kite, eagle, vulture)> pa�
<Row Kota d3980 par par in- (iḏ-) (country,na·ṛ) becomes a little light before dawn> par par in- �iḏ-�
<Row Kota d3988 pala·v jackfruit> pala�v
<Row Tulu d3988 pela A. integri- > pela �� integri
<Row Tulu d3988 folia; ? peja A. pubescens wild jack. <i>> folia� � peja �� pubescens
<Row Kota d3994 e·paj small wall-lizard> e�paj
<Row Tam d3999 par̤aku (par̤aki-) to be old> paṛ̆aku �paṛ̆aki-�
<Row Toda d3999 pa·w (before consonants) old> pa�v
<Row Toda d3999 pa·- (before consonants) old> pa�
<Row Toda d3999 pa·fn old (of things)> pa�fn
<Row Kodagu d3999 paḷe·dï an old thing> paḷe�dɨ
<Row Kuwi d3999 prā'i old> prā�i
<Row Kuwi d3999 prā'asi an old-timer> prā�asi
<Row Kuwi d3999 pṇā'ī > pṇā�ī
<Row Tam d4000 par̤aku (par̤aki-) to practise, become initiated; become acquainted, be familiar; become fitted, tempered, wholesome (as a utensil or tool), become broken or trained (as an animal)> paṛ̆aku �paṛ̆aki-�
<Row Tam d4000 par̤akku (par̤akki-) to train, domesticate> paṛ̆akku �paṛ̆akki-�
<Row Tam d4000 pur̤aṅku (pur̤aṅki-) to practise, exercise, put to use; be conversant or acquainted, associate with> puṛ̆aŋku �puṛ̆aŋki-�
<Row Kota d4000 paḷg- (paḷgy-) to become tame, become used to a person's ways, become amenable to suggestion for sexual intercourse> paḷg- �paḷgy-�
<Row Kota d4000 paḷk- (paḷky-) to tame> paḷk- �paḷky-�
<Row Kota d4000 paḷkm (obl. paḷkt-) being on intimate terms> paḷkm �obl� paḷkt-�
<Row Kota d4000 poḷŋg- (poḷŋgy-) to be on intimate terms with, have interdining intercourse with> poḷŋg- �poḷŋgy-�
<Row Toda d4000 pa·g- (pa·gy-) to use (things, path)> pa�g- �pa�gy-�
<Row Toda d4000 pa·k path, track> pa�k
<Row Kannada d4001 par̤a; paḷa sound of rain or tears falling in big drops, of fruits falling in numbers when shaking a tree, of leaves agitated by wind> paṛ̆a� paḷa
<Row Tam d4002 par̤i (-pp-, -tt-) to blame, censure, ridicule, revile, slander; <i>n.</i> blame, ridicule, slander, fault, sin, revenge> paṛ̆i �-pp-� -tt-�
<Row Kota d4002 paḷc- (paḷc-) to abuse> paḷc- �paḷc-�
<Row Kota d4002 paya·c woman who has casual sexual intercourse> paya�c
<Row Toda d4002 pa·k- (pa·ky-) to abuse> pa�k- �pa�ky-�
<Row Kodagu d4002 paḷi (paḷiv-, paḷiñj-) to speak ill of; ?> paḷi �paḷiv-� paḷiñj-�
<Row Kodagu d4002 paḷe- (paḷev-, paḷand-) to speak ill of; ?> paḷe- �paḷev-� paḷand-�
<Row Kurux d4002 paṛᵃgnā (paṛgyas) to talk against one, detract, slander, run one down. ?> paṛᵃgnā �paṛgyas�
<Row Tam d4003 par̤iccu (par̤icci-) to praise, worship, bless, announce, tell; <i>n.</i> praise, adoration. ?> paṛ̆iccu �paṛ̆icci-�
<Row Kota d4003 paṛd- (payd- to tell> paṛd- �payd
<Row Kota d4003 paṛdy-) to tell> paṛdy-�
<Row Kota d4003 aṛd- (ayd- to tell> aṛd- �ayd
<Row Kota d4003 aṛdy-) to tell> aṛdy-�
<Row Kota d4003 paykm (obl. paykt-) a story> paykm �obl� paykt-�
<Row Kota d4003 pa·c- (pa·c-) (pair word withparc-to pray; see 3951). ?> pa�c- �pa�c-�
<Row Toda d4003 öšt- (öšty-) to say, tell (story, lament) (or with 4430 Ta.pēcu); pa·ym (<i>obl.</i> pa·yt-)story of actual event. DED(S) 3298> øšt- �øšty-�
<Row Tam d4004 par̤u (-pp-, -tt-) to ripen (as fruits, grain), grow mature, arrive at perfection (as in knowledge, piety), become old, come to a head (as a boil), change colour by age, become pale or yellowish (as the body by disease), become flexible, pliant; <i>n.</i> (alsopar̤uppu) ripeness, yellowness (of fruits), leaf turned yellow with age> paṛ̆u �-pp-� -tt-�
<Row Tam d4004 par̤unu (par̤uni-) to grow ripe, become mellow, mature, be full or perfect> paṛ̆unu �paṛ̆uni-�
<Row Tam d4004 par̤uṉu (par̤uṉi-) to grow ripe, become mellow, mature, be full or perfect> paṛ̆uṉu �paṛ̆uṉi-�
<Row Irula d4004 pa·mu ripe fruit> pa�mu
<Row Kota d4004 paṛv- (paṛd-) (fruits) become ripe, (boil, sore) opens> paṛv- �paṛd-�
<Row Toda d4004 pošf- (pošt-) to ripen> pošf- �pošt-�
<Row Toda d4004 po·ṣf- (po·ṣt-) to yield fruit, (fruit) ripens> po�ṣf- �po�ṣt-�
<Row Kolami d4004 panḍ- (panḍt-) to become ripe> panḍ- �panḍt-�
<Row Kolami d4004 paṇḍip- (panḍipt-) to put to become ripe> paṇḍip- �panḍipt-�
<Row kinwat d4004 pan (pl. panḍl) fruit> pan �pl� panḍl�
<Row Naiki d4004 panḍ- (panṭ-) to be ripe> panḍ- �panṭ-�
<Row salur d4004 paḍiŋ- (paṭṭ-) to become ripe> paḍiŋ- �paṭṭ-�
<Row Konda d4004 paṇḍu (pl. paṭku) > paṇḍu �pl� paṭku�
<Row Pengo d4004 paṛ (pl. -ku) id> paṛ �pl� -ku�
<Row Manda d4004 paṛ (pl. -ke) id. <i>> paṛ �pl� -ke�
<Row sunkar d4004 pāṛey (pl. -ka) > pāṛey �pl� -ka�
<Row Kurux d4004 pā̃nnā (pańjā) to ripen, (boil) festers, have a yellowish appearance (as after a prolonged illness)> pā̃nnā �pańjā�
<Row OIA d4004 nos. 9051 > nos� ��
<Row Kota d4007 pak me·ki·- to rise up from chewing cud> pak me�ki�
<Row Pengo d4008 pṛak- (-t-) to cover> pṛak- �-t-�
<Row Kui d4008 planga (plangi-) to be covered> planga �plangi-�
<Row Kui d4008 plapka (&lt; plak-p-; plakt-) to cover with something. DEDS 638> plapka ��lt� plak-p-� plakt-�
<Row Tam d4012 paḷapaḷa (-pp-, -tt-) to glitter, shine (as hair well-oiled, a surface well-polished)> paḷapaḷa �-pp-� -tt-�
<Row Kannada d4014 Lapis allaris </i>, frequently used (as a substitute for slate pencil, etc.) in writing> �apis allaris
<Row Tam d4015 paḷku (paḷki-) to cower, crouch> paḷku �paḷki-�
<Row Tam d4015 par̤ku (par̤ki-) to cower, crouch> paṛ̆ku �paṛ̆ki-�
<Row Konda d4015 paṛg- (-it-) (tiger) to crouch> paṛg- �-it-�
<Row Kui d4015 palga (palgi-) to bend forwards, stoop down. DED(S) 3306> palga �palgi-�
<Row Toda d4018 wïs̱ o·ḷ > vɨs̱ o�ḷ
<Row OTelugu d4018 paḷḷi = palli > paḷḷi � palli
<Row Tam d4020 paṟa (paṟapp-, paṟant-) to fly, hover, flutter, move with celerity, hasten, be in a hurry, be greatly agitated, be scattered, dispersed, disappear> paṟa �paṟapp-� paṟant-�
<Row Tam d4020 paṟapaṟa (-pp-, -tt-) to hasten, hurry> paṟapaṟa �-pp-� -tt-�
<Row Tam d4020 paṟi (-v-, -nt-) to run away (as a horse), flow out quickly, be displaced suddenly, give way, fly off (as steam), be discharged (as an arrow)> paṟi �-v-� -nt-�
<Row Tam d4020 pāṟu (pāṟi-) to run, flee, be scattered, give way, be in disorder, cross over; <i>n.</i> hawk, kite, falcon, eagle; ruin> pāṟu �pāṟi-�
<Row Kota d4020 parn- (parnd-) to fly, run fast without stopping; become helpless because of sudden fright> parn- �parnd-�
<Row Toda d4020 po·ṟ- (po·ṟy-) to fly> po�ṟ- �po�ṟy-�
<Row Toda d4020 po·ṯ- (po·ṯy-) to teach (young) to fly> po�ṯ- �po�ṯy-�
<Row Toda d4020 o·ṟc- (o·ṟč-) to throw in air and catch (jackstraws, coins)> o�ṟc- �o�ṟč-�
<Row Kannada d4020 pāṟ (pārd-) to leap up, run, jump, fly, palpitate, cross by jumping (as a stream), copulate (as a bull)> pāṟ �pārd-�
<Row Kannada d4020 pāṟu (pāṟi-) to leap up, run, jump, fly, palpitate, cross by jumping (as a stream), copulate (as a bull)> pāṟu �pāṟi-�
<Row Kodagu d4020 pa·r- (pa·ri-) to fly, leap, (flag) waves> pa�r- �pa�ri-�
<Row Kodagu d4020 pa·ram-bekkï flying squirrel> pa�ram-bekkɨ
<Row Kodagu d4020 pa·t- (pa·ti-) to winnow (to remove light grains, dust, straw, etc.)> pa�t- �pa�ti-�
<Row Gondi d4020 caus. parrih- (Voc 2130)> caus� parrih- ��oc
<Row Kuwi d4020 prāḍ- (-it-) to run away. DED(S, N) 3311> prāḍ- �-it-�
<Row Kuwi d4021 jācū (pl. jāska) gourd spoon> jācū �pl� jāska�
<Row Kuwi d4021 jācu (pl. jāska) spoon; gourd, gourd spoon. (Pe. and Kuwi with aphaeresis.) DEDS 642> jācu �pl� jāska�
<Row Tam d4022 paṟaṭṭaicci; paṟaṭṭai-kkīrai wild colewort> paṟaṭṭaicci� paṟaṭṭai-kkīrai
<Row Kannada d4022 Calophanes littoralis </i> T. Anders. = <i>J. m.</i> Burm. (nail dye).] DED(S) 3312> �alopʰanes littoralis
<Row Tam d4023 paṟaṇṭu (paṟaṇṭi-) to scratch as with nails> paṟaṇṭu �paṟaṇṭi-�
<Row Tam d4023 puṟāṇṭu (paṟāṇṭi-) to scratch as with nails> puṟāṇṭu �paṟāṇṭi-�
<Row Tam d4023 piṟāṇṭu (piṟāṇṭi-) to scratch as with nails> piṟāṇṭu �piṟāṇṭi-�
<Row Tam d4023 puṟāṇṭu (puṟāṇṭi-) to scratch as with nails> puṟāṇṭu �puṟāṇṭi-�
<Row Kolami d4023 pars- (parast-) to scratch (part of body)> pars- �parast-�
<Row salur d4023 pārs- (pāris-) to scratch with fingernails or claws> pārs- �pāris-�
<Row Konda d4023 pas- (-t-) to scratch with the nails> pas- �-t-�
<Row Pengo d4023 pac- (pacc-) to scratch> pac- �pacc-�
<Row sunkar d4023 pac- (-it-) to scratch> pac- �-it-�
<Row Tam d4027 paṟi (-pp-, -tt-) to pluck, crop, pick off with twist, weed, eradicate, pull out (as an arrow), take by force, rob, destroy; (-v-, -nt-) to be loosened (as bonds), be cut off, torn apart (as roots); <i>n.</i> plucking, picking off, seizure, plunder> paṟi �-pp-� -tt-�
<Row Tam d4027 pāṟu (pāṟi-) to be torn in pieces> pāṟu �pāṟi-�
<Row Kota d4027 payr- (parc-) to break by pulling both ends (<i>intr., tr.</i>; as rope, flower-stem), pull out (as hair)> payr- �parc-�
<Row Toda d4027 paṟy- (paṟc-) to pluck forcibly, (string) breaks> paṟy- �paṟc-�
<Row Kodagu d4027 pari- (parip- paric-) to pluck> pari- �parip- paric-�
<Row Toda d4028 paṟy- (paṟc-) to beautify (bamboo pot with black dots, teeth by polishing)> paṟy- �paṟc-�
<Row Parji d4030 par (pl. -kul) garden> par �pl� -kul�
<Row Tam d4031 paṟai (-v-, -nt-; -pp-, -tt-) to speak, say; <i>n.</i> word, saying, statement> paṟai �-v-� -nt-� -pp-� -tt-�
<Row Kodagu d4031 pare- (parev-, parand-) to utter> pare- �parev-� parand-�
<Row salur d4031 park- (parik-) to speak, talk> park- �parik-�
<Row Tam d4032 fem. paṟaicci > fem� paṟaicci
<Row Mal d4032 fem. paṟayi > fem� paṟayi
<Row Kota d4032 fem. parc > fem� parc
<Row Tam d4033 paṟai (-v-, -nt-) to be wasted, worn out, impaired; (-pp-, -tt-) to remove, destroy> paṟai �-v-� -nt-�
<Row Tam d4034 paṟṟu (paṟṟi-) to grasp, seize, catch, hold, receive, adhere to, touch, comprehend; hold (as colour), be kindled, have effect (as drugs), stick, become joined to or welded together (as metals soldered), be fitting, be sufficient; <i>n.</i> grasp, seizure, acceptance, adherence, affection, friendship, affinity, solder, paste> paṟṟu �paṟṟi-�
<Row Kota d4034 paṯ- (pac-) to catch, seize, hold, hold out, be obstinate, resolve, (fire) catches; suit, please> paṯ- �pac-�
<Row Kota d4034 aṯ- (ac-) to seize firmly, persist (in doing)> aṯ- �ac-�
<Row Kota d4034 pat- (paty-) to become stuck fast> pat- �paty-�
<Row Kota d4034 at- (aty-) to climb; fight> at- �aty-�
<Row Toda d4034 paṯ- (paṯy-) to seize, catch, touch, marry (woman), (bull) covers cow> paṯ- �paṯy-�
<Row Toda d4034 öt- (öty-) to stick to; climb> øt- �øty-�
<Row Kodagu d4034 patt- (patti-) to be stuck, (bull) covers cow, (heat of fire) is felt; climb> patt- �patti-�
<Row Parji d4034 patip- (patit-) to make catch, set fire. <i>> patip- �patit-�
<Row Gadaba d4034 parip- (parit-) to light (lamp); ?> parip- �parit-�
<Row Gondi d4034 (Hislop p. 82> ��islop
<Row Gondi d4034 pt. III p. 82> pt� ���
<Row Tam d4035 paṉi (-pp-, -tt-) to be bedewed, flow out, be shed, rain incessantly, become cool, shiver with cold, tremble, fear, spring forth (as tears); cause to tremble; <i>n.</i> dew, chill, cold, tears, rain, mist, fog, haze, trembling, fever> paṉi �-pp-� -tt-�
<Row Tam d4035 paṉiṟṟu (paṉiṟṟi-) to shed> paṉiṟṟu �paṉiṟṟi-�
<Row Tam d4035 paṉukku (paṉukki-) to sprinkle, moisten by sprinkling> paṉukku �paṉukki-�
<Row Kota d4035 pany- (panc-) only in phrase:> pany- �panc-�
<Row Kota d4035 unya·d panya·d (to act) without thought (cf. Ta.paṉito fear)> unya�d panya�d
<Row Toda d4035 pony- (pons-) (place) is full of fever> pony- �pons-�
<Row Toda d4035 onk- (onky-) (rain) drizzles> onk- �onky-�
<Row Kodagu d4035 pann- (panni-) to drizzle> pann- �panni-�
<Row Kodagu d4035 panni·ṙi perfume> panni��i
<Row Telugu d4035 Koḷ </i>> �oḷ
<Row Mal d4036 panicci Diospyros embryopteris etc. DED 3323> panicci �iospyros embryopteris
<Row Kannada d4037 Caryota urens </i> Lin., from which toddy is made> �aryota urens
<Row salur d4039 panḍu (pl. panḍkīl) id. <i>> panḍu �pl� panḍkīl�
<Row Pengo d4044 pāg- (pākt-) to strike, kill> pāg- �pākt-�
<Row Kui d4044 pāga (pāgi-) to attack, fight, etc. (or with 4087 Ta.pāy)> pāga �pāgi-�
<Row bisam d4044 pāy- (-it-) > pāy- �-it-�
<Row Kuwi d4044 pay- (-it-) to beat, kill. DEDS 644> pay- �-it-�
<Row Telugu d4048 pō̃ka Areca catechu the areca tree; an areca nut. <i>> pō̃ka �reca catecʰu
<Row OIA d4048 pūga- A. catechu Turner> pūga- �� catecʰu
<Row Kodagu d4049 pa·kkï id. (in songs)> pa�kkɨ
<Row Kurux d4050 pāknā (pakkyas) to take up into one's arms, on one's lap> pāknā �pakkyas�
<Row Kurux d4050 refl.-pass. pakᵃrnā (pakkras) > refl�-pass� pakᵃrnā �pakkras�
<Row Toda d4052 pa·ṇ moss. DEDS 646> pa�ṇ
<Row Toda d4053 wa·x o·x- to side with, connive with> va�x o�x
<Row Kota d4054 pa·c eye of a needle; vulva (as a riddling word). DED 3339> pa�c
<Row Konda d4057 pās- (-t-) to rot and smell offensively (of any food, rice, fruit, or a dead animal). ?> pās- �-t-�
<Row Kota d4059 pa·c- (pa·c-) to be suitable (dative of person)> pa�c- �pa�c-�
<Row Toda d4059 po·c- (po·č-) (dress, hairdressing) suits. DED 3343> po�c- �po�č-�
<Row Kui d4060 pāska (pāski-) to disparage, despise; <i>n.</i> disparagement. ?> pāska �pāski-�
<Row Tam d4060 payir (-pp-, -tt-) to show aversion or disgust at, be sulky or ill-humoured about> payir �-pp-� -tt-�
<Row Kota d4062 pa·ṛm (obl. pa·ṛt-) level ground> pa�ṛm �obl� pa�ṛt-�
<Row Toda d4062 o·ḍ level ground (&lt; Badagaha·ḍaopen, grassy ground in village)> o�ḍ
<Row Kodagu d4064 pa·ḍi hut of a Kurumba> pa�ḍi
<Row Tam d4065 pāṭu (pāṭi-) to sing, chant, warble, hum> pāṭu �pāṭi-�
<Row Kota d4065 pa·ṛv- (pa·ṛd-) to make noise (crow, bees, gun)> pa�ṛv- �pa�ṛd-�
<Row Kota d4065 pa·ṭ song> pa�ṭ
<Row Toda d4065 po·ṛ- (po·ṛy-) to sing (the song calledpo·ṭ); po·ṭa particular type of song> po�ṛ- �po�ṛy-�
<Row Toda d4065 po·ṭ- (po·ṭy-) to shout> po�ṭ- �po�ṭy-�
<Row Kodagu d4065 pa·ḍ- (pa·ḍi-) to sing> pa�ḍ- �pa�ḍi-�
<Row Kodagu d4065 pa·ṭï song> pa�ṭɨ
<Row Kolami d4065 pa·ḍ- (pa·ḍt-) to sing> pa�ḍ- �pa�ḍt-�
<Row Kolami d4065 pa·ṭa song> pa�ṭa
<Row Naiki d4065 pāṛ- (pāṭ-) to sing> pāṛ- �pāṭ-�
<Row Kota d4067 pa·ṭy size, strength equal to what must be done> pa�ṭy
<Row Tam d4068 paṇṇu (paṇṇi-) to sing in an instrument (as a tune), tune musical instruments> paṇṇu �paṇṇi-�
<Row Toda d4068 pa·ṇ festival (any except funeral)> pa�ṇ
<Row Kodagu d4071 ba·ṇe open treeless meadow where cattle graze> ba�ṇe
<Row Kui d4072 pāṇba (pāṭ-; future pā-) > pāṇba �pāṭ-� future pā-�
<Row Kui d4072 pāṇpa (pāṇt-) to obtain, get, receive, find; <i>n.</i> obtaining, getting, finding, wealth. <i>> pāṇpa �pāṇt-�
<Row sunkar d4072 pa'- (paṭ-; ppl. paṇbi) to find, get> pa�- �paṭ-� ppl� paṇbi�
<Row Kuwi d4072 pa'- (pāṭ-; infinitive pāḍeli, neg. pṛā-, imper. 2sg. pṛāmu) to obtain> pa�- �pāṭ-� infinitive pāḍeli� neg� pṛā-� imper� �sg� pṛāmu�
<Row Kuwi d4072 patali (future par-, imper. pamū) to find> patali �future par-� imper� pamū�
<Row Kuwi d4072 pā'nai to get, have> pā�nai
<Row Kuwi d4072 pṇaˀ - (-h- to receive, get> pṇaˀ - �-h
<Row Kuwi d4072 -t-) to receive, get> t-�
<Row Kota d4074 pa·dy half> pa�dy
<Row Toda d4074 po·Qy id> po��y
<Row Tam d4075 Stereospermum chelonoides </i>, and> �tereospermum cʰelonoides
<Row OIA d4075 pāṭalī- B. suaveolens. [S. chelonoides DC. = <i>> pāṭalī- �� suaveolens� ��� cʰelonoides
<Row OIA d4075 pāṭali- B. suaveolens. [S. chelonoides DC. = <i>> pāṭali- �� suaveolens� ��� cʰelonoides
<Row OIA d4075 B. chelonoides </i> Lin. <i>> �� cʰelonoides
<Row OIA d4075 S. suaveolens </i> DC. = <i>> �� suaveolens
<Row OIA d4075 B. suaveolens </i> Roxb.] DED 3356> �� suaveolens
<Row Kolami d4080 pa·tar grain storage pit (&lt; Te.)> pa�tar
<Row pottangi d4080 pendup- (pendut-) id> pendup- �pendut-�
<Row Kodagu d4083 pa·pïli id., moth> pa�pɨli
<Row Kodagu d4083 pa·pïli id., moth> pa�pɨli
<Row Kodagu d4083 pa·pïli id., moth> pa�pɨli
<Row Kodagu d4083 pa·pïli id., moth> pa�pɨli
<Row Kota d4085 pa·b id> pa�b
<Row Toda d4085 po·b id> po�b
<Row Toda d4085 o·f id. (in songs; &lt; Badagaha·vu)> o�f
<Row Kodagu d4085 pa·mbï id> pa�mbɨ
<Row Kolami d4085 pa·m id> pa�m
<Row Tam d4087 pāy (-v-, -nt-) to spring, leap, gallop, flow or gush out (blood or stream), plunge, dive, attack, pounce on, run, fly, flit, hurry, flee; plunge into, penetrate, rush against> pāy �-v-� -nt-�
<Row Tam d4087 pāyccu (pāycci-) to lead or conduct water, irrigate, push over, upset, plunge into, cause to enter; <i>n.</i> throw (as of dice), plunging, spring, leap> pāyccu �pāycci-�
<Row Tam d4087 pāyttu (pāytti-) to lead or conduct water, irrigate, push over, upset, plunge into, cause to enter; <i>n.</i> throw (as of dice), plunging, spring, leap> pāyttu �pāytti-�
<Row Tam d4087 pāvu (pāvi-) to leap or jump over> pāvu �pāvi-�
<Row Kota d4087 a·da·ry road, path (cf. 3170 Ta.tāri)> a�da�ry
<Row Toda d4087 po·x- (po·xy-) to swoop, (god) travels, walks> po�x- �po�xy-�
<Row Toda d4087 pa·f threshold> pa�f
<Row Kodagu d4087 pa·y- (pa·yuv-, pa·ñj-) to dash into> pa�y- �pa�yuv-� pa�ñj-�
<Row Kodagu d4087 pa·yp dashing> pa�yp
<Row Kodagu d4087 pa·yv dashing> pa�yv
<Row Kui d4087 pānja (pānji-) to fly, leap; <i>n.</i> act of flying, flight> pānja �pānji-�
<Row Kui d4087 pl. action pāska (pāski-); pāga (pāgi-) to attack, pounce upon, swoop down on, spring at, wrestle with, fight; <i>n.</i> attack, fight (or with 4044 Ka.pāy). DED(S) 3362> pl� action pāska �pāski-�� pāga �pāgi-�
<Row Tam d4088 pāy (-v-, -nt-) to spread (as water, darkness, light), extend; <i>n.</i> spreading, extension, mat, sail> pāy �-v-� -nt-�
<Row Tam d4088 pāvu (pāvi-) to extend, be diffused, spread (as creepers); lay in order, pave, spread, seed closely for transplanting, transplant; <i>n.</i> warp> pāvu �pāvi-�
<Row Kota d4088 pa·t- (pa·ty-) to spread (cloth, mat;<i>intr., tr.</i>); pa·ymat used as seat> pa�t- �pa�ty-�
<Row Kota d4088 pa·tveyṛ sleeping mat> pa�tveyṛ
<Row Kota d4088 pa·c id.; level ground> pa�c
<Row Toda d4088 po·t- (po·ty-) to spread (bedding, mat)> po�t- �po�ty-�
<Row Pengo d4088 pāh- (pāst-) to spread out (mat, etc.)> pāh- �pāst-�
<Row Kui d4088 pāspa (pāst-) to spread out, lay a cloth; <i>n.</i> act of spreading out something. <i>> pāspa �pāst-�
<Row sunkar d4088 pāh- (pāst-) to spread. DED(S, N) 3363> pāh- �pāst-�
<Row bisam d4088 pāh- (pāst-) to spread. DED(S, N) 3363> pāh- �pāst-�
<Row Kolami d4089 pa·p- (pa·pt-) to comb> pa�p- �pa�pt-�
<Row Konda d4089 pāy- (-t-) to leave, be gone. ? <i>> pāy- �-t-�
<Row Toda d4089 pa·p hoof> pa�p
<Row Kurux d4090 bāynā (bāycas) to respect, keep on a footing of reserve with (elder brothers with younger brothers' wives, elder sisters with younger sisters' husbands, man with wife's elder sisters, woman with husband's elder brothers)> bāynā �bāycas�
<Row Tam d4091 pār (-pp-, -tt-) to see, look at, examine, inspect, know, look for, desire, search, look after> pār �-pp-� -tt-�
<Row Tam d4091 pār (-pp-, -tt-) to see, look at, examine, inspect, know, look for, desire, search, look after> pār �-pp-� -tt-�
<Row Tam d4091 fem. pārppaṉi the brahman caste> fem� pārppaṉi
<Row Tam d4091 pārppi; pārppu the brahman caste> pārppi� pārppu
<Row Mal d4091 fem. pāppātti; pāppini a caste of lower brahmans> fem� pāppātti� pāppini
<Row Kota d4091 pa·rvn brahman, Badaga of Harva subcaste> pa�rvn
<Row Kota d4091 fem. pa·rvty > fem� pa�rvty
<Row Toda d4091 o·rfn brahman, Badaga of Harva subcaste (&lt; Badagaha·ruva)> o�rfn
<Row Kannada d4091 fem. pārviti; pārvike brahmanism. <i>> fem� pārviti� pārvike
<Row Telugu d4091 fem. pāṟuta > fem� pāṟuta
<Row Telugu d4091 fem. bā̃pata; bā̃pana the brahman caste> fem� bā̃pata� bā̃pana
<Row Naiki d4091 fem. pāriya DED(S) 3366> fem� pāriya
<Row Tam d4092 pārāṭṭu (pārāṭṭi-) to applaud, commend, eulogize> pārāṭṭu �pārāṭṭi-�
<Row Kota d4093 pa·r crowbar> pa�r
<Row Toda d4093 pa·r id> pa�r
<Row Parji d4095 pāp (pl. pāpkul; voc. pāpā) child, baby, young of animals. <i>> pāp �pl� pāpkul� voc� pāpā�
<Row Kota d4096 pa·l milk> pa�l
<Row Toda d4096 po·s̱ id> po�s̱
<Row Toda d4096 po·l fi·ṟ stomach full of milk (pi·ṟstomach)> po�l fi�ṟ
<Row Toda d4096 po·l fe·ḷ middle finger (pe·ḷfinger)> po�l fe�ḷ
<Row Kodagu d4096 pa·lï milk> pa�lɨ
<Row Kodagu d4096 pa·kutti milking pot> pa�kutti
<Row Kolami d4096 pa·l id> pa�l
<Row betul d4096 pāl (obl. pād-) id> pāl �obl� pād-�
<Row Kota d4097 pa·lm (obl. pa·lt-) portion, division> pa�lm �obl� pa�lt-�
<Row Toda d4097 po·lm (obl. po·lt-) share; subdivision of patrilineal sib> po�lm �obl� po�lt-�
<Row Kodagu d4097 pa·lï ma·ḍ- to divide, distribute> pa�lɨ ma�ḍ
<Row Kota d4099 pa·lm (obl. pa·lt-) bridge> pa�lm �obl� pa�lt-�
<Row Toda d4099 po·lm (obl. po·lt-) id> po�lm �obl� po�lt-�
<Row Kodagu d4099 pa·la bridge made of tree, etc. DED 3372> pa�la
<Row Tam d4100 Mimusops kauki </i>; seven-leaved milk-plant> �imusops kauki
<Row Mal d4100 pāla Echites scholaris and various trees, including> pāla �cʰites scʰolaris
<Row Kota d4100 pa·l marm an unidentified tree, prob. identical with To> pa�l marm
<Row Kota d4100 pa·s̱ > pa�s̱
<Row Toda d4100 pa·s̱ a timber tree (Rivers: ?> pa�s̱
<Row Kannada d4100 pāle M. kauki Lin.; <i>> pāle �� kauki
<Row Kannada d4100 A. scholaris </i> R. Br> �� scʰolaris
<Row Telugu d4100 pāla M. hexandra. [A. scholaris Brown = <i>> pāla �� hexandra� ��� scʰolaris
<Row Telugu d4100 E. scholaris </i> Lin. Lush. gives Ta> �� scʰolaris
<Row Telugu d4100 M. kauki </i>, and <i>> �� kauki
<Row Telugu d4100 A. scholaris </i>, and <i>> �� scʰolaris
<Row Telugu d4100 S. tomentosum </i>, and some other trees.] DED 3373> �� tomentosum
<Row Telugu d4101 Boracias indica </i>, erroneously called a blue jay. DED 3374> �oracias indica
<Row Toda d4103 po·wfeṭ Pavetta sp> po�vfeṭ �avetta
<Row Kannada d4103 pāpaṭe-giḍa P. indica Lin> pāpaṭe-giḍa �� indica
<Row Telugu d4104 pāvili-kūra P. meridiana. [P. quadrifida Linn. = <i>> pāvili-kūra �� meridiana� ��� quadrifida
<Row Telugu d4104 P. meridiana </i> Linn.] DED 3376> �� meridiana
<Row Naiki d4106 bagale (pl. -l) cat> bagale �pl� -l�
<Row Kolami d4108 pa·v way, path> pa�v
<Row Kolami d4108 pa·v o·l- to wait for (o·l-to see, look at)> pa�v o�l
<Row Tam d4110 pār̤ (-pp-, -tt-) to go to ruin, be laid waste, become useless, be accursed (as a place or house); <i>n.</i> desolation, ruin, damage, loss, corruption, baseness, evil, emptiness, barrenness, barren or waste land> pāṛ̆ �-pp-� -tt-�
<Row Kota d4110 pa·y (before vowel)> pa�y
<Row Kota d4110 pa· (before consonant) empty, abandoned (house, village-site, tortoise shell, hand, pot)> pa�
<Row Kota d4110 ha·ḷ ruin (&lt; Badaga)> ha�ḷ
<Row Kota d4110 a·ḷ ruin (&lt; Badaga)> a�ḷ
<Row Toda d4110 po·y (before vowel)> po�y
<Row Toda d4110 po· (before consonant) empty (house, village, place)> po�
<Row Toda d4110 o· go·ḍ deserted place (&lt; Badaga)> o� go�ḍ
<Row Toda d4110 o· ci·my deserted place (&lt; Badaga)> o� ci�my
<Row Toda d4110 pa·ṛ dry buffaloes, buffaloes that have gone wild (word used at ti· dairy; or with 5320Ta. vaṟa)> pa�ṛ
<Row Kodagu d4110 pa·ḷï bad, ruined, lost> pa�ḷɨ
<Row Kota d4112 e·r iṭ va·y fields near village which are ploughed in the sowing ceremony (va·y &lt; pa·y; lit. field to which they put the team of plough bullocks)> e�r iṭ va�y
<Row Kota d4112 va·yv Toda ti· dairy> va�yv
<Row Kota d4112 karpo·y pen and cowshed attached (i.e. milking place; see 1385; is the second memberpo·yoro·y?)> karpo�y
<Row Toda d4112 po·w one variety of dairy (viz. all those belonging to the ti· grade, the conical dairies, and a few others of high sanctity)> po�v
<Row Toda d4112 poḷ o·ḷ the priest of the ti· dairy (i.e. the man [o·ḷ] of the po·w)> poḷ o�ḷ
<Row Toda d4112 po·š in:> po�š
<Row Toda d4112 po·š tüṇy garment of priest of ti· dairy, when worn around waist, and> po�š tyṇy
<Row Toda d4112 po·š tu·ṭ front lock of hair as tied up by priest of ti· dairy (MBE 1974b, pp. 13f.)> po�š tu�ṭ
<Row Toda d4112 o·y field nearest Badaga village, garden (&lt; Badagahá·i)> o�y
<Row Badaga d4112 há·i field near village (Emeneau, <i>Language</i> 15.45). ?> há�i
<Row Kota d4118 pa·ḷ buffalo calf between one and two years old> pa�ḷ
<Row Toda d4118 po·ḷ female buffalo calf between one and two years old> po�ḷ
<Row Kodagu d4121 pa·re flat stone, stone slab, place where bath is taken on paved floor in bath-house> pa�re
<Row Kota d4122 pa·r in:> pa�r
<Row Kota d4122 kay pa·r upper arm (<i>Kota Texts</i> 25.57)> kay pa�r
<Row Toda d4122 po·ṟ (<i>obl.</i>po·ṯ-) id., (?) upper limb (shoulder to fingers)> po�ṟ
<Row Toda d4123 pa·ṯ id> pa�ṯ
<Row gowda d4123 hāntE id> hānt�
<Row Kodagu d4123 pa·te id. DED(S) 3393> pa�te
<Row Kota d4124 pa·ṇy a measure (= eight oḷk)> pa�ṇy
<Row Toda d4124 po·ny Badaga contribution to Toda (four oḷk a house)> po�ny
<Row Kodagu d4124 pa·ni a measure (= two se·rï)> pa�ni
<Row Pengo d4127 pik- (-t-) to be heavy> pik- �-t-�
<Row Kui d4127 pīga (pīgi-) to be heavy; <i>n.</i> heaviness> pīga �pīgi-�
<Row Kuwi d4127 pik- (-h-) to be heavy. DED(S, N) 3396> pik- �-h-�
<Row Mal d4129 pikkuka (picc-) to break in pieces> pikkuka �picc-�
<Row Kui d4129 pinja (pinji-) id.; <i>cs.</i>> pinja �pinji-�
<Row Kui d4129 pispa (pist-) <i>pl. action</i>> pispa �pist-�
<Row Kui d4129 piska (piski-) <i>> piska �piski-�
<Row sunkar d4129 pinj- (-it-) (fire) to explode, spark out; <i>pl. action</i>> pinj- �-it-�
<Row Kuwi d4129 pisk- (-it-) DED(S) 3398> pisk- �-it-�
<Row Tam d4131 picaku (picaki-) to fail, err, blunder, make a false step, trip, be dislocated (as a joint)> picaku �picaki-�
<Row OIA d4131 *phiss- DED (S, N) 3400> �pʰiss
<Row Tam d4132 picir (-v-, -nt-) to drizzle, sprinkle; <i>n.</i> rain drop, spray> picir �-v-� -nt-�
<Row Tam d4132 picupicu (-pp-, -tt-) to drizzle, sprinkle> picupicu �-pp-� -tt-�
<Row Toda d4132 pisk ïn- (ïḏ-) to urinate. ?> pisk ɨn- �ɨḏ-�
<Row Tam d4134 picupicu (-pp-, -tt-) to be moist, sticky, be viscous, adhesive or oily> picupicu �-pp-� -tt-�
<Row OIA d4134 nos. 8154, 8156); Skt. vijjala- slimy, smeary (Mayrhofer 3, pp. 205, 794). DED(S, N) 3403> nos� ����� ������ �kt� vijjala
<Row Tam d4135 picai (-v-, -nt-) to work with the thumb and fingers in mixing, knead, squeeze or mash between the palms, crush and separate as kernels of grain from the ear, rub or apply on the skin, strike against one another as branches in the wind> picai �-v-� -nt-�
<Row Tam d4135 picakku (picakki-) to press between the fingers, squeeze, crush> picakku �picakki-�
<Row Tam d4135 picaṟu (picaṟi-) to mingle, mix with the hand> picaṟu �picaṟi-�
<Row Kota d4135 picg- (picgy-) to be soft so that it can be squeezed> picg- �picgy-�
<Row Kota d4135 pick- (picky-) to squeeze, pinch> pick- �picky-�
<Row Gadaba d4135 piskolp- (piskolt-) to squeeze> piskolp- �piskolt-�
<Row Pengo d4135 pīc- (pīcc-) to squeeze, milk> pīc- �pīcc-�
<Row Kuwi d4135 pīc- (-it-) to milk, squeeze> pīc- �-it-�
<Row Kurux d4135 picka'ānā to press and bruise, flatten by crushing; <i>refl. and pass.</i>> picka�ānā
<Row OIA d4135 3458 > �
<Row Belari d4137 2.3) hijini id. DEN 59> � hijini
<Row Pengo d4138 pih- (pist-) to leave, abandon> pih- �pist-�
<Row Manda d4138 pih- (-t-) id> pih- �-t-�
<Row Kui d4138 pihpa (piht-) to release, relinquish, let loose, set free, absolve, forgive, excuse, cast off; <i>n.</i> release, relinquishment, absolution. <i>> pihpa �piht-�
<Row sunkar d4138 pih- (pist-) to leave, abandon> pih- �pist-�
<Row bisam d4138 pih- (pist-) to leave, abandon> pih- �pist-�
<Row Kuwi d4138 pih- (pist-) to leave, forsake> pih- �pist-�
<Row Kuwi d4138 pih'nai to release, relinquish> pih�nai
<Row Tam d4143 picaṅku (picaṅki-) to become dirty, be soiled> picaŋku �picaŋki-�
<Row Tulu d4143 ? pēñci filth, dirt; ?> � pēñci
<Row Tam d4143 picaṅku (picaṅki-) to become dirty, be soiled> picaŋku �picaŋki-�
<Row Tulu d4143 ? pēñci filth, dirt; ?> � pēñci
<Row Tam d4144 picuku (picuki-) to be niggardly> picuku �picuki-�
<Row Kui d4145A pinja (pinji-) to rebound, leap; <i>n.</i> a leap; <i>pl. action</i>> pinja �pinji-�
<Row Kui d4145A piska (piski-); pispa (pist-) to cause to rebound. <i>> piska �piski-�� pispa �pist-�
<Row sunkar d4145A pinj- (-it-) to spring, jump; <i>pl. action</i>> pinj- �-it-�
<Row Kuwi d4145A pisk- (-it-) > pisk- �-it-�
<Row tinn d4146 poṛaDi nape> poṛa�i
<Row Tam d4148 piṭi (-pp-, -tt-) to catch, grasp, seize, clutch, capture, cling to, contain, carry, keep back, understand, make a handful; cling (<i>intr.</i>), adhere, be pleasing, suitable; <i>n.</i> hold, clutch, pinch, seizure by the hand, comprehension, fist, closed hand, handle, handful, small quantity> piṭi �-pp-� -tt-�
<Row Kota d4148 piṛc- (piṛc-) to clench (hand)> piṛc- �piṛc-�
<Row Toda d4148 iḍy- (iḍt-) to seize, cling to (&lt; Badaga)> iḍy- �iḍt-�
<Row Kodagu d4148 puḍi- (puḍip-, puḍic-) to catch, hold, be small enough to go into or through> puḍi- �puḍip-� puḍic-�
<Row Kota d4149 piṛy ma·y female deer> piṛy ma�y
<Row Tam d4152 piṭuṅku (piṭuṅki-) to pull out or off, pluck up, extort, break through an obstruction, vex, give trouble> piṭuŋku �piṭuŋki-�
<Row Toda d4152 pïṛy- (pïṛs-) (boil) opens> pɨṛy- �pɨṛs-�
<Row Toda d4152 pïṛc- (pïṛč-) to open (a boil)> pɨṛc- �pɨṛč-�
<Row Kui d4152 pṛunga (pṛungi-) to be snapped, broken off, plucked> pṛunga �pṛungi-�
<Row Kui d4152 brunga (brungi-) to be plucked out> brunga �brungi-�
<Row Kui d4152 pṛīsi pṛīsi kōva (kōt-) to reap by stripping off ears of corn. DED(S) 3416> pṛīsi pṛīsi kōva �kōt-�
<Row Tam d4157 piṇi (-v-, -nt-) to die> piṇi �-v-� -nt-�
<Row Konda d4157 pīngu (n not> pīngu �n
<Row Tam d4160 piṇai (-v-, -nt-) to entwine (<i>intr.</i>), unite, copulate; tie, fasten, clasp each other's hands as in dancing; (-pp-, -tt-) to link, unite, tie, fasten, clasp hands; <i>n.</i> being knit together, joint in planks, tie, flower garland; bail, security, pledge, consent> piṇai �-v-� -nt-�
<Row Tam d4160 piṇi (-pp-, -tt-) to tie, fetter, link, win over; <i>n.</i> fastening, bond, attachment, plait> piṇi �-pp-� -tt-�
<Row Tam d4160 piṇaṅku (piṇaṅki-) to be linked together, intertwined, be at variance> piṇaŋku �piṇaŋki-�
<Row Tam d4160 piṇakku (piṇakki-) to fasten, intertwine> piṇakku �piṇakki-�
<Row Kota d4160 pi·ṇ- (pi·ṇḍ-) to become entangled (of ropes, wrestlers' legs)> pi�ṇ- �pi�ṇḍ-�
<Row Kota d4160 pi·ṇḍ- (pi·ṇḍy-) to entwine (ropes), tangle up (someone's legs); ?> pi�ṇḍ- �pi�ṇḍy-�
<Row Kota d4160 peṇ ga·l ov- (child) waves arms and legs> peṇ ga�l ov
<Row Tam d4160 piṇai (-v-, -nt-) to entwine (<i>intr.</i>), unite, copulate; tie, fasten, clasp each other's hands as in dancing; (-pp-, -tt-) to link, unite, tie, fasten, clasp hands; <i>n.</i> being knit together, joint in planks, tie, flower garland; bail, security, pledge, consent> piṇai �-v-� -nt-�
<Row Tam d4160 piṇi (-pp-, -tt-) to tie, fetter, link, win over; <i>n.</i> fastening, bond, attachment, plait> piṇi �-pp-� -tt-�
<Row Tam d4160 piṇaṅku (piṇaṅki-) to be linked together, intertwined, be at variance> piṇaŋku �piṇaŋki-�
<Row Tam d4160 piṇakku (piṇakki-) to fasten, intertwine> piṇakku �piṇakki-�
<Row Kota d4160 pi·ṇ- (pi·ṇḍ-) to become entangled (of ropes, wrestlers' legs)> pi�ṇ- �pi�ṇḍ-�
<Row Kota d4160 pi·ṇḍ- (pi·ṇḍy-) to entwine (ropes), tangle up (someone's legs); ?> pi�ṇḍ- �pi�ṇḍy-�
<Row Kota d4160 peṇ ga·l ov- (child) waves arms and legs> peṇ ga�l ov
<Row Tam d4160 puṇai (-pp-, -tt-) to unite, tie; <i>n.</i> fetters, pledge, security, surety> puṇai �-pp-� -tt-�
<Row Tam d4160 puṇar (-v-, -nt-) to join, unite, copulate, associate with; suit, fit, be understood, be possible> puṇar �-v-� -nt-�
<Row Tam d4160 puṇar (-pp-, -tt-) to combine (<i>tr.</i>), connect, unite, make, do, bring about, fasten; <i>n.</i> mating, uniting> puṇar �-pp-� -tt-�
<Row Tam d4160 puṇarttu (puṇartti-) to combine (<i>tr.</i>), connect> puṇarttu �puṇartti-�
<Row Tam d4160 puṉai (-v-, -nt-) to bind; <i>n.</i> fetters> puṉai �-v-� -nt-�
<Row Konda d4161 piṇḍ- (-it-) to carry on shoulder (with kavṛi)> piṇḍ- �-it-�
<Row Pengo d4161 pinḍ- (-t-) id. DEDS 669> pinḍ- �-t-�
<Row Tam d4163 pitir (-v-, -nt-) to be bewildered; <i>n.</i> conundrum, puzzle> pitir �-v-� -nt-�
<Row Tam d4165 pituṅku (pituṅki-) to protrude, bulge, gush out, be expressed> pituŋku �pituŋki-�
<Row Tam d4165 pitukku (pitukki-) to press out, squeeze out as pus or pulp, express, blow up as a bladder, puff out; <i>n.</i> squeezing out, pressing out> pitukku �pitukki-�
<Row Tam d4165 pitakku (pitakki-) to be squeezed or crushed> pitakku �pitakki-�
<Row Toda d4165 pïQx- (pïQxy-) to be squeezed> pɨ�x- �pɨ�xy-�
<Row Toda d4165 pïQk- (pïQky-) to squeeze> pɨ�k- �pɨ�ky-�
<Row Kuwi d4165 pid- (-it-) to open up (e.g. boil, sore); burst open> pid- �-it-�
<Row Kuwi d4165 pit- (-h-) to poke to release blood, cause to burst, open up> pit- �-h-�
<Row Kurux d4165 pedᵉxnā (pedxas) to pinch, squeeze, strangle> pedᵉxnā �pedxas�
<Row Kurux d4165 pedxa'ānā to pinch, squeeze, strangle> pedxa�ānā
<Row Kota d4166 pitla·ṭm failure to keep promise> pitla�ṭm
<Row Konda d4167 pīt- (-t-) to fart> pīt- �-t-�
<Row Pengo d4167 pīt- (-t-) to break wind> pīt- �-t-�
<Row Kui d4167 pīta (pīti-) id. <i>> pīta �pīti-�
<Row Kuwi d4167 pīt- (-it-) id> pīt- �-it-�
<Row Kurux d4167 pītnā (pittyas) to break wind> pītnā �pittyas�
<Row Tam d4171 piy (-v-, -nt-) to be tattered, torn off, torn into bits, be loosened, be carded (as cotton), be put to rout> piy �-v-� -nt-�
<Row Tam d4171 piy (-pp-, -tt-) to rip, tear, rend, card (cotton), tear into small bits> piy �-pp-� -tt-�
<Row OIA d4171 *piñjati cards cotton; Turner> �piñjati
<Row OIA d4171 nos. 8160 > nos� ����
<Row Tam d4176 piri (-v- also> piri �-v
<Row Kota d4176 piry- (pirc-) to separate part from part (<i>intr., tr.</i>), demolish (building)> piry- �pirc-�
<Row Kota d4176 pirc- (pirc-) to separate (persons;<i>tr.</i>); pirnj- (pirnj-)to separate oneself from:> pirc- �pirc-�
<Row Toda d4176 pïry- (pïrs-) to be demolished; (pïrc-) to demolish; ?> pɨry- �pɨrs-�
<Row Toda d4176 püry- (pürs-) to disappear from sight (man over hill, etc., god dying and body is not found, sun setting); ?> pyry- �pyrs-�
<Row Toda d4176 pürc- (pürč-) to make (daytime, sun) to disappear (i.e. spend the day from morning until evening)> pyrc- �pyrč-�
<Row Kodagu d4176 piri- (piriv-, piriñj-) (assembly) disperses, (person) returns to own place; (pirip-, piric-) to turn (cattle) in a different direction, spread (leaves, blanket)> piri- �piriv-� piriñj-�
<Row Kodagu d4176 pirïp- (pirïpi-) to turn (cattle) in a different direction; send away, cause to disperse> pirɨp- �pirɨpi-�
<Row salur d4176 pirg- (pirig-) to open (like a flower)> pirg- �pirig-�
<Row Kui d4176 prīva (prīt-) to be cracked, cloven, opened out, be hatched> prīva �prīt-�
<Row sunkar d4176 prik- (-h-) to break open (fruit)> prik- �-h-�
<Row Tam d4177 puri (-v-, -nt-) to be twisted, curl, turn; <i>n.</i> cord, twine, rope, strand, twist (as of straw), curl, spiral, conch> puri �-v-� -nt-�
<Row Kota d4177 piry- (pirc-) to make (rope) by twisting> piry- �pirc-�
<Row Kota d4177 pury- (purc-) to make (rope) by twisting> pury- �purc-�
<Row Kodagu d4177 piri- (pirip-, piric-) to make (rope) by twisting> piri- �pirip-� piric-�
<Row Kodagu d4177 biri- (birip-, biric-) to make (rope) by twisting> biri- �birip-� biric-�
<Row Kui d4177 prīpa (prīt-) to roll up (<i>tr.</i>), roll into a roll, cylinder, tube, coil, or cone; <i>n.</i> act of rolling up> prīpa �prīt-�
<Row OIA d4180 *billa- DED (S) 3438> �billa
<Row Toda d4181 pilyxo·ṟn Toda sorcerer. DED(N) 3439> pilyxo�ṟn
<Row Konda d4182 piṛ- (piṭ-) to peel> piṛ- �piṭ-�
<Row Pengo d4182 piṛ- (-t-) id> piṛ- �-t-�
<Row Tam d4183 pir̤i (-v-, -nt-) to squeeze, express, press out with hands, drip, exude, shed or pour (as rain)> piṛ̆i �-v-� -nt-�
<Row Kota d4183 iṇḍ- (iṇḍy-) to twist (something wet), oppress by uninterrupted action upon> iṇḍ- �iṇḍy-�
<Row Kota d4183 iṇḍc- (iṇḍc-) to twist (something wet), oppress by uninterrupted action upon> iṇḍc- �iṇḍc-�
<Row Kodagu d4183 puṇḍ- (puṇḍi-) to squeeze (wet cloth, fruit, anything with liquid in it)> puṇḍ- �puṇḍi-�
<Row Kolami d4183 pi·nḍ- (pi·nḍt-) > pi�nḍ- �pi�nḍt-�
<Row Kui d4183 pṛihpa (pṛiht-) to squeeze out, strip off> pṛihpa �pṛiht-�
<Row Tam d4183 pir̤i (-v-, -nt-) to squeeze, express, press out with hands, drip, exude, shed or pour (as rain)> piṛ̆i �-v-� -nt-�
<Row Kota d4183 iṇḍ- (iṇḍy-) to twist (something wet), oppress by uninterrupted action upon> iṇḍ- �iṇḍy-�
<Row Kota d4183 iṇḍc- (iṇḍc-) to twist (something wet), oppress by uninterrupted action upon> iṇḍc- �iṇḍc-�
<Row Kodagu d4183 puṇḍ- (puṇḍi-) to squeeze (wet cloth, fruit, anything with liquid in it)> puṇḍ- �puṇḍi-�
<Row Kolami d4183 pi·nḍ- (pi·nḍt-) > pi�nḍ- �pi�nḍt-�
<Row Kui d4183 pṛihpa (pṛiht-) to squeeze out, strip off> pṛihpa �pṛiht-�
<Row Kui d4183 vṛīsa (vṛīsi-) to squeeze, milk; <i>n.</i> act of squeezing, milking; <i>pl. action</i>> vṛīsa �vṛīsi-�
<Row Kui d4183 vṛīska (vṛīski-) > vṛīska �vṛīski-�
<Row Kuwi d4183 ṛīsk- (-it-) to knead> ṛīsk- �-it-�
<Row Tam d4186 pir̤ai (-pp-, -tt-) to be emancipated from sin and births, obtain salvation, escape from evil or danger, live, get on in life> piṛ̆ai �-pp-� -tt-�
<Row Parji d4186 pī- (piñ-) to live. <i>> pī- �piñ-�
<Row Gadaba d4186 piy- (piṭ-) id> piy- �piṭ-�
<Row Tam d4187 pir̤ai (-pp-, -tt-) to do wrong, fail, die, be missing, lost; <i>n.</i> fault, crime, defect, mistake> piṛ̆ai �-pp-� -tt-�
<Row Toda d4187 pe·f penalty paid to one who has been injured in a minor way (cf. Ma.pir̤aa fine)> pe�f
<Row Kolami d4187 pirs- (pirist-) to slip, slide> pirs- �pirist-�
<Row Kolami d4187 pirsip- (pirsipt-) to slide> pirsip- �pirsipt-�
<Row Konda d4188 piṛgi- (-t-) to be completely covered by a cloth or upper garment> piṛgi- �-t-�
<Row Konda d4188 piṛk- (-t-) to cover or envelop completely (as a dead body with a cloth), cover, mask. <i>> piṛk- �-t-�
<Row sunkar d4188 pṛik- (-h-) to cover> pṛik- �-h-�
<Row Kuwi d4188 plīkh'nai to close, cover> plīkʰ�nai
<Row Kuwi d4188 pṛīk- (-h-) id. DEDS 678> pṛīk- �-h-�
<Row Kui d4192 pṛihpa (pṛiht-) to be tall, high, lofty, grow tall> pṛihpa �pṛiht-�
<Row Kui d4192 pṛīpa (pṛīt-) to be tall> pṛīpa �pṛīt-�
<Row Kolami d4193 pe·gul (<i>pl.</i>) intestines> pe�gul
<Row salur d4193 puḍg (puḍug) stomach> puḍg �puḍug�
<Row Tam d4194 piḷ (piḷv-, piṇṭ-; piḷp-, piṭṭ-) to burst open, be rent or cut, be broken to pieces, disagree; cleave asunder, divide, crush> piḷ �piḷv-� piṇṭ-� piḷp-� piṭṭ-�
<Row Tam d4194 piḷa (-v-, -nt-) to be split, cleaved, rent, cracked, be disunited, gape; split (<i>tr.</i>), cleave, rend, tear open, part asunder, pierce> piḷa �-v-� -nt-�
<Row Kota d4194 pi·ṭ- (pi·ṭy-) to separate joints of carcass> pi�ṭ- �pi�ṭy-�
<Row Kota d4194 pi·ṇṭ- (pi·ṇṭy-) to separate joints of carcass> pi�ṇṭ- �pi�ṇṭy-�
<Row Kolami d4194 pe·l- (pe·lt-) (grain) pops when parched over fire> pe�l- �pe�lt-�
<Row Kolami d4194 pe·lip- (pe·lipt-) to make (grain) to pop> pe�lip- �pe�lipt-�
<Row Parji d4194 piḍ- (piṭṭ-) (boil) bursts, (fire) splutters, explodes> piḍ- �piṭṭ-�
<Row Parji d4194 piḍip- (piḍit-) to make to burst, (hen) hatches eggs, pop rice> piḍip- �piḍit-�
<Row Parji d4194 pinḍp- (pinḍt-) to break, extract (tooth). <i>> pinḍp- �pinḍt-�
<Row Pengo d4194 pṛī- (-t-) to be split open, (egg) to hatch> pṛī- �-t-�
<Row Pengo d4194 pṛip- (-t-) to hatch eggs> pṛip- �-t-�
<Row Kui d4194 plinga (plingi-) to be split, burst, cracked> plinga �plingi-�
<Row Kui d4194 plīva (plīt-) to be hatched, created> plīva �plīt-�
<Row Kui d4194 plīpa (plīt-) to cause to open, hatch, create, form; <i>n.</i> hatching. <i>> plīpa �plīt-�
<Row Kuwi d4194 plih'nai to hatch. DED (S, N) 3446> plih�nai
<Row Tam d4195 piḷiṟu (piḷiṟi-) to trumpet, roar (as an elephant); <i>n.</i> (alsopiḷiṟal) great noise> piḷiṟu �piḷiṟi-�
<Row Tam d4195 piḷiṟṟu (piḷiṟṟi-) to make a roaring noise> piḷiṟṟu �piḷiṟṟi-�
<Row pottangi d4195 pilup- (pilut-) to thunder (<i>subject</i>mogulcloud)> pilup- �pilut-�
<Row Tam d4198 Veḷḷāḷa caste> �eḷḷāḷa
<Row Toda d4198 pił̣Q in:> pił̣�
<Row Toda d4198 mo·t fił̣Q son's wife (not being one's sister's daughter; formo·t, see 4616)> mo�t fił̣�
<Row Toda d4198 peḷ xo·f- (xo·t-) to be married to a man (ko·f-[woman] marries [man]; see 1416)> peḷ xo�f- �xo�t-�
<Row Tam d4200 piṟar̤ (-v-, -nt-) to tremble> piṟaṛ̆ �-v-� -nt-�
<Row Tam d4200 piṟar̤ (-v-, -nt-) to tremble> piṟaṛ̆ �-v-� -nt-�
<Row Tam d4201 piṟar̤ (-v-, -nt-) to be irregular, misplaced, out of order, be dislodged, dislocated> piṟaṛ̆ �-v-� -nt-�
<Row Kota d4201 perṇ- (perḍ-) (joint) is dislocated> perṇ- �perḍ-�
<Row Kota d4201 perṭ- (perṭy-) to dislocate (joint) by force; (from DED 3516)> perṭ- �perṭy-�
<Row Toda d4204 piṛy- (piṛs-) (eye) is blind. ?> piṛy- �piṛs-�
<Row Tam d4205 piṉṉavaḷ; piṉṉaṉ younger brother> piṉṉavaḷ� piṉṉaṉ
<Row Tam d4205 piṉṟu (piṉṟi-) to retreat, fall behind, fall below (in rank or quality), turn back, go astray, change; <i>adv.</i> afterwards> piṉṟu �piṉṟi-�
<Row Tam d4205 pintu (pinti-) to go behind, be behind, happen subsequently, be subsequent (in time, birth, or origin), be inferior, be tardy, delay> pintu �pinti-�
<Row Kota d4205 pind- (pindy-) to walk behind> pind- �pindy-�
<Row Kota d4205 piba·r (<i>obl.</i>piba·t-) behind, backwards> piba�r
<Row Kota d4205 pite·l the back> pite�l
<Row Kota d4205 piga·r (<i>obl.</i>piga·t-, piga·ṯ-) place behind, time after> piga�r
<Row Kota d4205 pebi· following along with (pi·going); ?> pebi�
<Row Toda d4205 pïṟn bï·x- (buffaloes) follow dead man to afterworld> pɨṟn bɨ�x
<Row Toda d4205 püda·l behind, later on> pyda�l
<Row Toda d4205 pügo·l hind leg of animal (ko·lleg)> pygo�l
<Row Toda d4205 peṟne·ṟ day after tomorrow; ?> peṟne�ṟ
<Row Parji d4206 pinip- (pinit-) to break <i>> pinip- �pinit-�
<Row Gadaba d4206 punup- (punut-) > punup- �punut-�
<Row salur d4206 punk- (punt-) to break> punk- �punt-�
<Row Tam d4207 piṉṉu (piṉṉi-) to plait, braid, lace, knit, weave, entwine, bind, embrace; become united> piṉṉu �piṉṉi-�
<Row Tam d4207 paṉṉu (paṉṉi-) to weave> paṉṉu �paṉṉi-�
<Row Toda d4207 pïn- (pïny-) (hair) is matted; weave (basket), plait (hair). <i>> pɨn- �pɨny-�
<Row Tam d4210 pīccu (pīcci-) to purge, have loose motions> pīccu �pīcci-�
<Row Kota d4210 pi· excrement> pi�
<Row Kodagu d4211 bi·ga lock> bi�ga
<Row Tam d4212 pīr̤ (-v-, -nt-) to uproot. ?> pīṛ̆ �-v-� -nt-�
<Row Kota d4213 pi·g- (pi·gy-) to part (<i>intr.</i>; hair, bushes)> pi�g- �pi�gy-�
<Row Kota d4213 pi·k- (pi·ky-) id> pi�k- �pi�ky-�
<Row Kodagu d4214 pi·ce-katti dagger worn in sash. ?> pi�ce-katti
<Row Tam d4215 pīccu (pīcci-) to squirt, milk (as a cow)> pīccu �pīcci-�
<Row Tam d4215 pīrccu (pīrcci-) to squirt, milk (as a cow)> pīrccu �pīrcci-�
<Row Toda d4217 ïr feṛ ïḍ- (ïṭ-) to drive buffaloes in a herd. DED(S) 3463> ɨr feṛ ɨḍ- �ɨṭ-�
<Row Kota d4220 pi·ṛ penis> pi�ṛ
<Row Kodagu d4226 pi·li peacock's tail feather> pi�li
<Row Kota d4228 pi·l weakly> pi�l
<Row Kota d4228 pi·l a weakling> pi�l
<Row Kota d4228 pi·ln a weakling> pi�ln
<Row Kota d4228 fem. pi·ly > fem� pi�ly
<Row Toda d4228 pu·ly good-for-nothing fellow> pu�ly
<Row Kota d4229 pi·v various plant species:> pi�v
<Row Kota d4229 am bi·y <i>Indigofera pulchella</i>> am bi�y
<Row Kota d4229 u·r vi·v <i>Cassia tomentosa</i>> u�r vi�v
<Row Kota d4229 pi· du·r <i>Cassia tomentosa</i>> pi� du�r
<Row Kota d4229 ka·ṛ vi·v <i>Sophora glauca</i>> ka�ṛ vi�v
<Row Kota d4229 ci·m bi· du·r > ci�m bi� du�r
<Row Tam d4230 pīṟu (pīṟi-) to be torn; tear, rip, split, lacerate; <i>n.</i> rent, tear> pīṟu �pīṟi-�
<Row Kota d4230 pi·r- (pi·ry-) to cut (animal's belly), press way through obstruction. DED 3473> pi�r- �pi�ry-�
<Row Konda d4231 pīr- (-it-) to draw (milk), draw out oil (by pressing the seeds under oil-press), squeeze. DED(S) 3474> pīr- �-it-�
<Row Tam d4233 pukal (pukalv-, pukaṉṟ-) to say, state, sound; <i>n.</i> word, mode of singing> pukal �pukalv-� pukaṉṟ-�
<Row Toda d4233 po·Q- (only 2nd stem, recorded in song; see <i>TGT</i> VII. 4.23) (barking deer) barks> po��
<Row Kuwi d4234 pōkh'nai > pōkʰ�nai
<Row Kuwi d4234 pōk- (-h-) to swagger. DED (S) 3477> pōk- �-h-�
<Row Tam d4235 pukar̤ (-v- -nt-) to praise, extol, applaud; <i>n.</i> praise, eulogy, fame, exploit> pukaṛ̆ �-v- -nt-�
<Row Kui d4235 pōnga (pōngi-) to be sounded abroad, be famed, praised, made known; <i>n.</i> fame> pōnga �pōngi-�
<Row Kannada d4236 anus; pūku female organ of generation> anus� pūku
<Row Tam d4238 puku (pukuv-, pukk-) to reach, attain, enter, commence, go, ride, happen; (-pp-, -tt-; alsopukuttu [pukutti-]) to cause to enter, insert> puku �pukuv-� pukk-�
<Row Tam d4238 pukaṭṭu (pukaṭṭi-) to insert, introduce, infuse, instil> pukaṭṭu �pukaṭṭi-�
<Row Tam d4238 pukutu (pukuti-) to enter, happen> pukutu �pukuti-�
<Row Tam d4238 pukuru (-v-, -nt-) to enter> pukuru �-v-� -nt-�
<Row Tam d4238 pūr (-v-, -nt-) to enter> pūr �-v-� -nt-�
<Row Tam d4238 pūtu (pūti-) id> pūtu �pūti-�
<Row Tam d4238 pūvi (-pp-, -tt-) to cause to enter> pūvi �-pp-� -tt-�
<Row Mal d4238 pukuka (pukk-) to enter, begin> pukuka �pukk-�
<Row Kota d4238 uk- (ug- also in the negative> uk- �ug
<Row Toda d4238 pux- (puk-) id> pux- �puk-�
<Row Kannada d4238 pogu (pokk-) id> pogu �pokk-�
<Row Kannada d4238 hogu (hokk-) id> hogu �hokk-�
<Row Kota d4239 bugi·r flute> bugi�r
<Row Kota d4240 po· tobacco> po�
<Row Gadaba d4240 pogḍ- (poguḍ-) to fill with smoke. <i>> pogḍ- �poguḍ-�
<Row Gondi d4240 (Voc </i> 2398)> ��oc
<Row Kuwi d4240 po'kaṛi id. DED(S, N) 3483> po�kaṛi
<Row Kuwi d4241 prok- (-h-) to wipe mouth. ?> prok- �-h-�
<Row Tam d4241 pilku (pilki-) to gargle, spit, flow, drip (as dew), exude (as honey from flowers)> pilku �pilki-�
<Row Tam d4241 piliṟṟu (piliṟṟi-) to gargle (<i>tr.</i>), drizzle, drop, sprinkle, let out (as milk from the udder)> piliṟṟu �piliṟṟi-�
<Row Tam d4241 piḷir (-pp-, -tt-) to gargle> piḷir �-pp-� -tt-�
<Row Tam d4241 piḷiṟṟu (piḷiṟṟi-) to spit out, vomit. DED(S) 3484> piḷiṟṟu �piḷiṟṟi-�
<Row pottangi d4242 buggal (pl. buggasil) id. <i>> buggal �pl� buggasil�
<Row Kui d4242 fem. bṛūkeri > fem� bṛūkeri
<Row Kurux d4242 pok'ō chubby-cheeked. DED(S) 3485> pok�ō
<Row Kodagu d4246 bus ku·ṭ- to hiss> bus ku�ṭ
<Row Kolami d4251 puḍk- (puḍukt-) to touch> puḍk- �puḍukt-�
<Row Kuwi d4251 brūcali (brūt-) to snatch> brūcali �brūt-�
<Row Kuwi d4251 bṛuˀ - (-t-) id., grab> bṛuˀ - �-t-�
<Row Kuwi d4251 bṛū- (-t-) to touch> bṛū- �-t-�
<Row Tam d4252 puṭai (-pp-, -tt-) to winnow, thresh, beat, strike, beat (drum), flap (wings); <i>n.</i> blow> puṭai �-pp-� -tt-�
<Row Kota d4252 poṛc- (poṛc-) to winnow (rice) with long up-anddown strokes to remove the husks after pestling> poṛc- �poṛc-�
<Row Toda d4252 puṛf- (puṛt-) to winnow, flap (a branch of leaves in cleaning house, in wiping off Kurumba witchcraft), (waterfall) dashes down, (fever) attacks> puṛf- �puṛt-�
<Row Toda d4252 tobk waḍ (waḍQ-) to beat drum, publish by drum (&lt; Badaga; see 3082)> tobk vaḍ �vaḍ�-�
<Row Kodagu d4252 poḍa- (poḍap-, poḍat-) to flutter quickly to and fro (hen with head cut off, persons struggling on ground, mouth in chewing)> poḍa- �poḍap-� poḍat-�
<Row Pengo d4252 poḍ- (poṭt- to hit (not to miss), (rain) to fall. DED(N) 3493> poḍ- �poṭt
<Row Pengo d4252 poṛt-) to hit (not to miss), (rain) to fall. DED(N) 3493> poṛt-�
<Row Tam d4253 puṭai (-pp-, -tt-) to swell, dilate, puff up (as from a blow); <i>n.</i> bulkiness, protuberance> puṭai �-pp-� -tt-�
<Row Tam d4253 puṭavi (-pp-, -tt-) to be swollen (as from a blow). <i>> puṭavi �-pp-� -tt-�
<Row Tam d4253 puṭali (-pp-, -tt-) to be swollen (as from a blow). <i>> puṭali �-pp-� -tt-�
<Row Kodagu d4253 puḍï- (puḍïp-, puḍït-) (leg, part of body) swells> puḍɨ- �puḍɨp-� puḍɨt-�
<Row Tam d4254 puṭai (-pp-, -tt-) to utter a loud noise, roar, rattle; <i>n.</i> sound, noise (as from a stroke)> puṭai �-pp-� -tt-�
<Row Kolami d4254 poḍ- (poṭṭ-) (dog) barks> poḍ- �poṭṭ-�
<Row Kolami d4254 i·sa poḍ- to whistle> i�sa poḍ
<Row pottangi d4254 porp- (port-) id. DED(S) 3495> porp- �port-�
<Row Kuwi d4257 poṭ'i orli a kind of rodent. DEN 60> poṭ�i orli
<Row Kuwi d4259 pōti (pl. pōtisika) > pōti �pl� pōtisika�
<Row Pengo d4260 puṭ- (-t-) to set fire to, kindle> puṭ- �-t-�
<Row Kui d4260 puṭpa (puṭt-) to roast. DEDS 690> puṭpa �puṭt-�
<Row Kui d4260 puṛpa (puṛt-) to roast. DEDS 690> puṛpa �puṛt-�
<Row Kota d4264 uṭ- (uc-) to be born, (plant, hair) sprouts (&lt; Badaga)> uṭ- �uc-�
<Row Kota d4264 uṭc- (uṭc-) to create, bear, beget> uṭc- �uṭc-�
<Row Toda d4264 puṭ- (puṭy-) to grow (<i>intr.</i>; grass, tree, hair)> puṭ- �puṭy-�
<Row Toda d4264 uṭ- (uṭy-) to be born (in songs; &lt; Badaga)> uṭ- �uṭy-�
<Row Kodagu d4264 puṭṭ- (puṭṭi-) to be born, (seed) sprouts> puṭṭ- �puṭṭi-�
<Row Kolami d4268 pun (pl. punḍl) wound, pussy sore> pun �pl� punḍl�
<Row Naikri d4268 pun (pl. punkuḷ) boil, wound> pun �pl� punkuḷ�
<Row Konda d4268 puṇḍu (pl. puṭku) id> puṇḍu �pl� puṭku�
<Row Kui d4268 puḍu (pl. puṭka) pimple, dry itch. <i>> puḍu �pl� puṭka�
<Row Tam d4275 putukku (putukki-) to renovate, adorn> putukku �putukki-�
<Row Tam d4275 putuppi (-pp- -tt-) to renovate, repair, remodel, modernize> putuppi �-pp- -tt-�
<Row Toda d4275 puQ new> pu�
<Row Toda d4275 puQn new> pu�n
<Row Tulu d4275 fem. posabetti; pudubārů new paddy> fem� posabetti� pudubārɯ
<Row Kui d4275 fem. pūnari <i>> fem� pūnari
<Row Kuwi d4275 pū'nani kēpinai to renew> pū�nani kēpinai
<Row Kurux d4276 putᵘrnā (puttras) to vomit> putᵘrnā �puttras�
<Row Kolami d4277 put- (putt-) to cut in pieces, pluck (flower), break (rope)> put- �putt-�
<Row Kurux d4277 pudᵘgnā (pudgas) to pluck out (hair, etc.), strip (fowl) by plucking. DEDS 692> pudᵘgnā �pudgas�
<Row Pengo d4278 butuhiŋ (pl.) eyebrows (kaṇku p.). DEDS 693> butuhiŋ �pl��
<Row Tam d4281 puy (-v-, -nt-) to be pulled out, torn off, wrested, disappear; (-pp-, -tt-) to extract, pull out, uproot> puy �-v-� -nt-�
<Row Tam d4281 puya (-pp-, -nt-) to extract, pull out, uproot, depart, separate> puya �-pp-� -nt-�
<Row Tam d4281 pūy (-pp-, -tt-) to extract, pull out, uproot> pūy �-pp-� -tt-�
<Row Tam d4281 poy (-v-, -t-) to be pulled out, torn off. <i>> poy �-v-� -t-�
<Row Kolami d4281 pus- (pust-) to pull, pull out, take off (clothes), (Kin.) bring out> pus- �pust-�
<Row Naiki d4281 puc- (pust-) to take out something, pull out> puc- �pust-�
<Row Naiki d4281 pucc- (pust-) to take out something, pull out> pucc- �pust-�
<Row Tam d4283 pura (-pp-, -nt-) to keep, preserve, protect, govern, bestow, reverence> pura �-pp-� -nt-�
<Row Parji d4283 porip- (porit-) to rear, foster. <i>> porip- �porit-�
<Row Tam d4285 puraḷ (puraḷv-, puraṇṭ-) lying, deceit, insurrection> puraḷ �puraḷv-� puraṇṭ-�
<Row Tam d4285 roll (as waves) lying, deceit, insurrection> roll �as vaves�
<Row Tam d4285 be deranged or changed (as times, customs or laws) lying, deceit, insurrection> be deranged or cʰanged �as times� customs or lavs�
<Row Tam d4285 be overturned (as a state) lying, deceit, insurrection> be overturned �as a state�
<Row Tam d4285 go back on one's word lying, deceit, insurrection> go back on one�s vord
<Row Tam d4285 die; puraḷi lying, deceit, insurrection> die� puraḷi
<Row Tam d4285 puraṭṭu (puraṭṭi-) to turn a thing over, roll, turn up (as the soil in ploughing), fry (as vegetable curry), nauseate, deceive, pervert, smear, foul with dirt; <i>n.</i> turning over, overturn, prevarication, deceit, treachery, nausea, colic> puraṭṭu �puraṭṭi-�
<Row Kota d4285 porṇ- (porḍ-) to roll backwards and forwards> porṇ- �porḍ-�
<Row Kota d4285 po·ṇ- (po·ṇḍ-) to roll backwards and forwards> po�ṇ- �po�ṇḍ-�
<Row Kota d4285 porṭ- (porṭy-) id> porṭ- �porṭy-�
<Row Kota d4285 po·ṭ- (po·yṭ-) id> po�ṭ- �po�yṭ-�
<Row Kota d4285 perṇ- (perḍ-) to turn upside down (<i>intr.</i>), (person) does opposite of what he promised> perṇ- �perḍ-�
<Row Kota d4285 perṭ- (perṭy-) to turn upside down> perṭ- �perṭy-�
<Row Toda d4285 pï·ḷ- (pï·ḍ-) to tumble over or down> pɨ�ḷ- �pɨ�ḍ-�
<Row Toda d4285 pï·ṭ- (pï·ṭy-) to push over or down> pɨ�ṭ- �pɨ�ṭy-�
<Row Tam d4287 puri (-v-, -nt-) to desire; (-pp-, -tt-) to cause to desire; <i>n.</i> desire> puri �-v-� -nt-�
<Row kinwat d4289 purug (obl. purg-) basket. <i>> purug �obl� purg-�
<Row Toda d4290 pïṣ a·s̱ hut to which woman goes after childbirth and stays until new moon> pɨṣ a�s̱
<Row Toda d4290 pïṣ u·ṭ- to throw earth on corpse at funeral (u·ṭ-to roll [<i>tr.</i>; 664(<i>a</i>)];pïṣhere is 'death pollution')> pɨṣ u�ṭ
<Row Telugu d4290 puruḍu (in cpds. puriṭi) id., childbirth, delivery. <i>> puruḍu �in cpds� puriṭi�
<Row Toda d4292 pü·ł̣ <i>Ilex wightiana> py�ł̣
<Row Tam d4293 purai (-pp-, -tt-) to be defective, slip into wrong note in singing; <i>n.</i> defect, blemish, falsehood> purai �-pp-� -tt-�
<Row Tam d4295 pori (-v-, -nt-) to form as a thin stratum or layer of salt> pori �-v-� -nt-�
<Row Tam d4302 pula (-pp-, -nt-) to pout, sulk, be displeased, suffer pain, dislike> pula �-pp-� -nt-�
<Row Tam d4304 pulampu (pulampi-) to sound, speak foolishly or incoherently, wail, cry out, grieve, utter repeatedly; <i>n.</i> sound, foolish talk, lament, grief> pulampu �pulampi-�
<Row Tam d4304 pulāvu (pulāvi-) to make noise> pulāvu �pulāvi-�
<Row Kodagu d4304 poli- (-v-, -ñj-) to bark repeatedly (song-word)> poli- �-v-� -ñj-�
<Row Tam d4305 pular (-v-, -nt-) to dawn> pular �-v-� -nt-�
<Row Tam d4305 pulāvu (pulāvi-) to dawn> pulāvu �pulāvi-�
<Row Kodagu d4305 pola- (polav-, poland-) to dawn> pola- �polav-� poland-�
<Row Kodagu d4305 polat- (polati-) to spend night until dawn> polat- �polati-�
<Row Kodagu d4305 pola·ka morning> pola�ka
<Row Tam d4308 pulku (pulki-) to embrace, copulate, be attached (to friends)> pulku �pulki-�
<Row Tam d4308 pullu (pulli-) to embrace, copulate, be attached (to friends)> pullu �pulli-�
<Row Tam d4308 poli (-v-, -nt-) to cover (bull or ram)> poli �-v-� -nt-�
<Row Kota d4310 bul n. pr dog or bullock; <i>fem.</i>> bul n� pr
<Row Kota d4310 buln n. pr dog or bullock; <i>fem.</i>> buln n� pr
<Row Kota d4312 pu· worm, maggot> pu�
<Row Toda d4312 u· worm in skin, brain, or body (not intestinal) (&lt; Badagahü·; Emeneau, <i>Language</i>, 15. 45)> u�
<Row Kodagu d4312 puŋg- (puŋgi-) (meat) becomes slightly decomposed, (sore) festers a little> puŋg- �puŋgi-�
<Row Kurux d4312 poccnā (puccyas) to engender worms (as a wound, rotten cheese, etc.); rot, fester> poccnā �puccyas�
<Row Kodagu d4313 pu·-bekkï civet cat> pu�-bekkɨ
<Row Tam d4315 pur̤uṅku (pur̤uṅki-) to be steamed, parboiled, stew, be sultry, be hot with anger> puṛ̆uŋku �puṛ̆uŋki-�
<Row Tam d4315 pur̤ukku (pur̤ukki-) to boil (paddy) before husking, scorch (as the sun); <i>n.</i> boiling grains, well-boiled food> puṛ̆ukku �puṛ̆ukki-�
<Row Toda d4315 puṣk- (puṣky-) to boil (potatoes)> puṣk- �puṣky-�
<Row Kodagu d4315 pukk- (pukki-) to boil so as to loosen skin or husk> pukk- �pukki-�
<Row Kota d4316 pu·dy id.]. [> pu�dy
<Row Toda d4316 pu·Qy id.]> pu��y
<Row Kannada d4316 [būda ashes]> �būda
<Row Kodagu d4316 bu·di ashes]> bu�di
<Row Telugu d4316 [būdi] ashes. <i>> �būdi�
<Row Toda d4317 wa·l pïł̣ drainage hole in wall (cf. 999)> va�l pɨł̣
<Row Kota d4318 peyv-e·r (<i>obl.</i>peyv-e·ṯ-) id. (e·rid., s.v. 5159 Ta.yāṟu)> peyv-e�r
<Row Toda d4318 pa·w id> pa�v
<Row Toda d4318 pa· top the river's noise of waves beating (fortop,see 3069)> pa� top
<Row Tam d4322 puḷi (-pp-, -tt-) to turn sour, ferment, be leavened; <i>n.</i> acidity, tartness, tamarind, curry containing tamarind, acid substance> puḷi �-pp-� -tt-�
<Row Kannada d4322 puḷc- (puḷc-) to be sour, (mouth) tastes sour> puḷc- �puḷc-�
<Row Toda d4322 püḷy- (püḷc-) to be sour> pyḷy- �pyḷc-�
<Row Kannada d4322 huḷi (-t-) to be or turn sour> huḷi �-t-�
<Row Telugu d4322 puṇḍi (kūra) sorrel (a sour vegetable)> puṇḍi �kūra�
<Row Telugu d4322 puṇṭi (kūra) sorrel (a sour vegetable)> puṇṭi �kūra�
<Row Parji d4322 pulp- (pult-) to turn sour. <i>> pulp- �pult-�
<Row Tam d4324 puḷuku (puḷuki-) to tell barefaced lies; <i>n.</i> obvious lie, barefaced falsehood> puḷuku �puḷuki-�
<Row Tam d4324 puḷuki; puḷukuṇi liar (comm. by N. Kumaraswami Raja)> puḷuki� puḷukuṇi
<Row Kolami d4325 puls- (pulust-) (hair) becomes grey> puls- �pulust-�
<Row maria d4325 piṛc- (piṛˀ t-) id. (<i>Voc.</i> 2249)> piṛc- �piṛˀ t-�
<Row Kurux d4325 poṇḍnā (puṇḍyas id., get mouldy or musty> poṇḍnā �puṇḍyas
<Row Kurux d4325 poṇḍos) id., get mouldy or musty> poṇḍos�
<Row Kota d4329 bur...n noise of bird flying up suddenly from ground> bur���n
<Row Telugu d4331 b. koṭṭu to cheat. DEDS(N) 704> b� koṭṭu
<Row Konda d4332 puRka gourd, gourd vessel> pu�ka
<Row Tam d4333 puṟam-; puṟakku outside> puṟam-� puṟakku
<Row Tam d4333 puṟa-ppaṭu (-ppaṭuv-, -ppaṭṭ-) to set forth, proceed, start, go out> puṟa-ppaṭu �-ppaṭuv-� -ppaṭṭ-�
<Row Tam d4333 piṟaḷ; piṟitu other thing> piṟaḷ� piṟitu
<Row Mal d4333 puṟa; puṟattu out, out of> puṟa� puṟattu
<Row Toda d4333 pïṟ no·ṛ the southwestern area of the Nilgiris that is hilly/jungly> pɨṟ no�ṛ
<Row Toda d4333 wïṟoc fö·r nickname, name used in abuse or ridicule (&lt; Badaga)> vɨṟoc fø�r
<Row Kannada d4333 hoṟaḍu (hoṟaṭ- &lt; *> hoṟaḍu �hoṟaṭ
<Row Kodagu d4333 poraḍ- (poraḍuv-, poraṭ-) to start, set out, depart> poraḍ- �poraḍuv-� poraṭ-�
<Row BettaKurumba d4335 1.12) pitti snake hole> � pitti
<Row Konda d4335 puRi id> pu�i
<Row Konda d4335 puR seṭi winged flies that swarm round the lamp after the rains> pu� seṭi
<Row Konda d4335 puRi seṭi winged flies that swarm round the lamp after the rains> pu�i seṭi
<Row Tam d4340 puṉai (-v-, -nt-) to dress, put on, adorn, make ready, wear, make, form; <i>n.</i> beauty, decoration> puṉai �-v-� -nt-�
<Row Mal d4341 puṅṅu] > puŋŋu�
<Row kinwat d4344 pun- (punt-) to know> pun- �punt-�
<Row Parji d4344 pun- (pund-, putt-) id> pun- �pund-� putt-�
<Row adil d4344 pund- (putt-) > pund- �putt-�
<Row muria d4344 pund- (putt-) > pund- �putt-�
<Row koya d4344 pun- (putt-) id. (<i>Voc.</i> 2302)> pun- �putt-�
<Row Pengo d4344 pun- (puc-) id> pun- �puc-�
<Row Manda d4344 pun- (puc-) id> pun- �puc-�
<Row Kui d4344 punba (pus-) id., understand, comprehend; <i>n.</i> knowledge, understanding> punba �pus-�
<Row sunkar d4344 pun- (pucc-) > pun- �pucc-�
<Row Kuwi d4344 pun- (puc-) to know> pun- �puc-�
<Row kinwat d4344 pun- (punt-) to know> pun- �punt-�
<Row Parji d4344 pun- (pund-, putt-) id> pun- �pund-� putt-�
<Row adil d4344 pund- (putt-) > pund- �putt-�
<Row muria d4344 pund- (putt-) > pund- �putt-�
<Row koya d4344 pun- (putt-) id. (<i>Voc.</i> 2302)> pun- �putt-�
<Row Pengo d4344 pun- (puc-) id> pun- �puc-�
<Row Manda d4344 pun- (puc-) id> pun- �puc-�
<Row Kui d4344 punba (pus-) id., understand, comprehend; <i>n.</i> knowledge, understanding> punba �pus-�
<Row sunkar d4344 pun- (pucc-) > pun- �pucc-�
<Row Kuwi d4344 pun- (puc-) to know> pun- �puc-�
<Row Tam d4344 pula (-pp-, -nt-) to make known, instruct> pula �-pp-� -nt-�
<Row Tam d4345 pū (-pp-, -tt-) to blossom, flower, bloom, flourish, menstruate; produce (as flower), create, give birth to> pū �-pp-� -tt-�
<Row Kota d4345 pu · flower, wire edge on tool> pu �
<Row Toda d4345 pu · f flower> pu � f
<Row Kannada d4345 pũ (pūt-) flowers to be produced, flower, bloom; <i>n.</i> flower, blossom> pũ �pūt-�
<Row gowda d4345 pūmbE bunch (plantain flower)> pūmb�
<Row Kodagu d4345 pu · > pu �
<Row Kodagu d4345 pu · vï flower, neck feathers of a jungle cock> pu � vɨ
<Row Parji d4345 pūp- (pūt-) to flower, blossom> pūp- �pūt-�
<Row Gadaba d4345 pūp- (pūt-) to flower> pūp- �pūt-�
<Row Gadaba d4345 pūk- (pūt-) to flower, blossom> pūk- �pūt-�
<Row Konda d4345 pū- (-t-) to flower, blossom> pū- �-t-�
<Row Kui d4345 pūpa (pūt-) to blossom, bloom> pūpa �pūt-�
<Row Kurux d4345 puỹdnā to bloom, flower; (sun) sets in a glory of purple and gold> pu�dnā
<Row Kota d4346 pu · v- (pu · t-) (mouth, tongue) becomes dry with fever> pu � v- �pu � t-�
<Row Kolami d4350 pu·sa necklace> pu�sa
<Row sunkar d4350 pūsa (pl. -ŋa ) id> pūsa �pl� -ŋa
<Row Tam d4352 pūcu (pūci-) to besmear, anoint, rub, daub on, plaster, scrub the floor with cowdung dissolved in water, clean, wash; <i>n.</i> daubing, smearing> pūcu �pūci-�
<Row Toda d4354 pi·x ïḍ- (ïṭ-) to break wind silently> pi�x ɨḍ- �ɨṭ-�
<Row Kota d4355 pi·c id> pi�c
<Row Kodagu d4355 pu·ñe id> pu�ñe
<Row maria d4355 pūsal (pl. pūsasku) > pūsal �pl� pūsasku�
<Row maria d4355 pūsali (pl. pūsasku) > pūsali �pl� pūsasku�
<Row Kota d4356 pu·c blue, green> pu�c
<Row Toda d4356 pu·č bluegrey. ?> pu�č
<Row Tam d4357 pū (-pp-, -tt-) to become mouldy> pū �-pp-� -tt-�
<Row Kui d4357 buru sūpa (sūpi-) to become mildewed; <i>n.</i> mildew. <i>> buru sūpa �sūpi-�
<Row Kota d4358 kambu· eyebrow (kam- &lt; kaṇeye). <i>> kambu�
<Row Kolami d4358 bu·r (pl. bu·ḍl) eyelash, eyebrow> bu�r �pl� bu�ḍl�
<Row Naikri d4358 būr (pl. būḍḷ) down, fine feather> būr �pl� būḍḷ�
<Row Parji d4358 būḍul (pl.) hair, fine feathers, down. <i>> būḍul �pl��
<Row Konda d4358 bulus (pl. -ku) pubic hair, feathers, hair (on legs and chest)> bulus �pl� -ku�
<Row Pengo d4358 būra (pl. -ŋ) small feathers, down, wool, pubic hair> būra �pl� -ŋ�
<Row Tam d4361 pūṇ (pūṇp-, pūṇṭ-) to put on, wear, be fettered or yoked with, undertake (as a business); become entangled (as a lock of hair), be caught (as birds in a snare), be yoked, become inseparable; <i>n.</i> ornament> pūṇ �pūṇp-� pūṇṭ-�
<Row Tam d4361 pūṇi (-pp-, -tt-) to cause to appear, bring into existence; make a vow> pūṇi �-pp-� -tt-�
<Row Tam d4361 pūṭṭu (pūṭṭi-) to lock, hook, unite, yoke, fetter, put on (as jewels, garlands), entrap; <i>n.</i> locking, harnessing, etc> pūṭṭu �pūṭṭi-�
<Row Kota d4361 pu·ṛ- (pu·ṛy-) to yoke, prepare smithy by getting ready bellows> pu�ṛ- �pu�ṛy-�
<Row Kota d4361 pu·ṭ- (pu·ṭy-) to fit (<i>tr.</i>) into sheath (at smithy)> pu�ṭ- �pu�ṭy-�
<Row Toda d4361 pu·ḷ- (pu·ḍ-) to wear around neck> pu�ḷ- �pu�ḍ-�
<Row Toda d4361 pu·ṭ- (pu·ṭy-) to tie around someone else's neck; ?> pu�ṭ- �pu�ṭy-�
<Row Toda d4361 u·ṭm vow (in songs); ?> u�ṭm
<Row Toda d4361 pu·f- (pu·t-) to wear (cloak)> pu�f- �pu�t-�
<Row Toda d4361 pu·txuḷy cloak> pu�txuḷy
<Row Toda d4361 pu·c- (pu·č-) to put (garment) on someone else> pu�c- �pu�č-�
<Row Kannada d4361 pūṇ (pūṇd-) to fix (as an afrow), begin; admit, assent, consent, promise, vow, challenge, bring forward or introduce; <i>n.</i> admission> pūṇ �pūṇd-�
<Row Konda d4361 pūṭ- (-t-) to fasten bullocks to the plough, yoke> pūṭ- �-t-�
<Row Pengo d4361 pūṭ- (-t-) to yoke> pūṭ- �-t-�
<Row Kui d4361 pūṛpa (pūṛt-) to yoke; bear witness> pūṛpa �pūṛt-�
<Row Kui d4361 pūṭpa (pūṭt-) to yoke; bear witness> pūṭpa �pūṭt-�
<Row Kui d4361 pūnḍa (pūnḍi-) to meet; <i>n.</i> act of meeting. <i>> pūnḍa �pūnḍi-�
<Row Kuwi d4361 pūṭ- (-h-) to yoke up the oxen> pūṭ- �-h-�
<Row Malto d4361 púne (punḍ-) to put on one's own neck (as a necklace)> púne �punḍ-�
<Row Kolami d4364 pu·nd- (pu·nt-) to solve (riddle), win (contest). <i>> pu�nd- �pu�nt-�
<Row Kota d4373 bu·jn cock> bu�jn
<Row Kota d4374 moṇa·mbrl id> moṇa�mbrl
<Row Toda d4375 pïł̣moζm mist in valleys or on hills (cf.moζ, s.v. 4641 Ta.mañcu; is To. to be analysed as two words,pïł̣m moζm, with-m . . . -m'and' ?)> pɨł̣mo�m
<Row Kodagu d4375 pu·ḷï mist on mountains. ?> pu�ḷɨ
<Row Kota d4376 puṛv- (puṛt-) to hide> puṛv- �puṛt-�
<Row Toda d4376 pu·Q in:> pu��
<Row Toda d4376 ïrfu·Q n. pr. places at the end of the road to the world of the dead 'where the buffaloes, the people sink into the ground' (cf. 647)> ɨrfu��
<Row Toda d4376 o·ł̣fu·Q n. pr. places at the end of the road to the world of the dead 'where the buffaloes, the people sink into the ground' (cf. 647)> o�ł̣fu��
<Row Kodagu d4376 pu·ḷ- (pu·p-, pu·t-) to bury> pu�ḷ- �pu�p-� pu�t-�
<Row Kolami d4376 pur- (purt-) (hole) becomes filled in> pur- �purt-�
<Row Kolami d4376 purip- (puript-) to fill in (hole)> purip- �puript-�
<Row Toda d4377 pi·ł̣ chip of wood, splinter, upright stick at end of ridgepole to keep thatch in place> pi�ł̣
<Row Toda d4377 u· piece (&lt; Badaga). <i>> u�
<Row Badaga d4377 hö· one part or piece (Emeneau, <i>Language</i> 15.46)> hø�
<Row Kodagu d4379 pu·rï female privates> pu�rɨ
<Row Parji d4382 pēp- (pēt-) to appear, (sun) to rise> pēp- �pēt-�
<Row Parji d4382 pēpip- (pēpit-) to cause to come out, vomit. <i>> pēpip- �pēpit-�
<Row Gadaba d4382 pēp- (pēt-) to appear, come out, (sun, moon) rise> pēp- �pēt-�
<Row salur d4382 pēk- (pēt-) (sun) to rise> pēk- �pēt-�
<Row Gadaba d4382 caus. pēpp- > caus� pēpp
<Row Toda d4388 pe·ḍy large basket tied around with cloth (or with 4442)> pe�ḍy
<Row Konda d4390 beṭ- (-t-) to put (cattle in yard). DED(N) 3602> beṭ- �-t-�
<Row Tam d4392 veṭṭi (-pp-, -tt-) to be harsh, rough, violent> veṭṭi �-pp-� -tt-�
<Row Kota d4393 peṭe·n (to seize the legs of someone) in supplication so that he cannot move away> peṭe�n
<Row Kodagu d4395 poṇṇa·ḷï woman> poṇṇa�ḷɨ
<Row Kuwi d4395 pelli mir'esi bridegroom (mir'esison)> pelli mir�esi
<Row Kodagu d4395 poṇṇa·ḷï woman> poṇṇa�ḷɨ
<Row Kuwi d4395 pelli mir'esi bridegroom (mir'esison)> pelli mir�esi
<Row BettaKurumba d4395 1.12) poṭṭi hen> � poṭṭi
<Row barkur d4401 hEdɨrɨ > h�dɨrɨ
<Row halakki d4401 hEdəru id> h�dəru
<Row Kannada d4401 hEdərike fear> h�dərike
<Row Kuwi d4401 pedr- (-it-) to be startled. From DED(N) 4425> pedr- �-it-�
<Row Kui d4403 benda (bendi-) to thread, pierce. <i>> benda �bendi-�
<Row sunkar d4403 pet- (-it-) > pet- �-it-�
<Row Kuwi d4403 pend- (-it-) to be threaded> pend- �-it-�
<Row Kuwi d4403 pet- (-it-) to attach to thread. DEDS 714> pet- �-it-�
<Row Tam d4407 pey (-v-, -t-) to rain, fall (as dew or hail); pour down or into (<i>tr.</i>), put, place, serve up (as food in a dish), throw out, discharge (as urine), shed (as tears), distribute> pey �-v-� -t-�
<Row Tam d4407 poci (-v-, -nt-) to ooze, percolate, flow> poci �-v-� -nt-�
<Row Kota d4407 oy- (oc-) (rain) rains> oy- �oc-�
<Row Kodagu d4407 poyy- (poyyuv-, pojj-) (rain) rains, (wind) blows. <i>> poyy- �poyyuv-� pojj-�
<Row Kuwi d4407 boiyali (bōt-) to overflow (a vessel)> boiyali �bōt-�
<Row sunkar d4407 bō- (-t-) to be spilled> bō- �-t-�
<Row Kurux d4407 puỹdnā to pour some water on rice when ready for a meal> pu�dnā
<Row Malto d4407 poye (pos-) to rain> poye �pos-�
<Row Tam d4408 pey (-v-, -t-) to wear (as jewels, cloths, flowers), put on (as harness), tie, fasten> pey �-v-� -t-�
<Row Kota d4408 pe·v- (pe·t-) to wear> pe�v- �pe�t-�
<Row Kota d4408 pe·c- (pe·c-) to put clothes on (someone else)> pe�c- �pe�c-�
<Row Toda d4408 pïy- (pïs-) to wrap up (someone). <i>> pɨy- �pɨs-�
<Row Tam d4409 peyar (-v-, -nt-) to move, depart, turn about, return, grow loose, be detached, be displaced, dislodged; (-pp-, -tt-) to remove, displace, dislodge, dispel, drive away, uproot (as a plant)> peyar �-v-� -nt-�
<Row Tam d4409 pēr (-v-, -nt-) to become loose, separate, depart, go away, move, retreat, change; (-pp-, -tt-) to change (<i>tr.</i>), remove> pēr �-v-� -nt-�
<Row Kota d4410 pe·r name> pe�r
<Row Toda d4410 pö·r id> pø�r
<Row Toda d4410 pö·šf- (pö·št-) to name (withpö·ras object)> pø�šf- �pø�št-�
<Row Kolami d4410 pe·r (pl. pe·ḍl) name> pe�r �pl� pe�ḍl�
<Row Naikri d4410 pēr (pl. pēḍḷ) id> pēr �pl� pēḍḷ�
<Row Tam d4411 peruku (peruki-) to increase in numbers, multiply, become full, perfected, rise, overflow, swell, be increased, augmented, or enlarged, prosper, grow> peruku �peruki-�
<Row Tam d4411 perukku (perukki-) to cause to increase or abound, make greater, fill, cause to swell and overflow> perukku �perukki-�
<Row Tam d4411 peruppi (-pp-, -tt-) to magnify, enlarge, exaggerate> peruppi �-pp-� -tt-�
<Row Kota d4411 Strobilanthes </i> (cf. 1154 Ir.ebbukaṭṭe <i>Strobilanthes</i>); pegaṇbandi&lt;-&gt; coot> �trobilantʰes
<Row Kota d4411 ec- (ec-) to increase in number; ?> ec- �ec-�
<Row Kota d4411 peda·ry period of full-grown youth (16 to 30 years)> peda�ry
<Row Toda d4411 pex- (pexy-) to become stout, thick> pex- �pexy-�
<Row Toda d4411 egan (? egaṇ) bandicoot> egan �� egaṇ�
<Row Toda d4411 ec- (eč-) (family) increases; ?> ec- �eč-�
<Row Toda d4411 ic- (ič-) (family) increases; ?> ic- �ič-�
<Row Kodagu d4411 perï- (perïp-, perït-) to increase (<i>intr.</i>; family, wealth, cattle)> perɨ- �perɨp-� perɨt-�
<Row Telugu d4411 per&lt;-&gt; vu to grow, grow up, increase, accumulate, be augmented, expand, extend> per�lt�-�gt� vu
<Row Telugu d4411 peru&lt;-&gt; vu to grow, grow up, increase, accumulate, be augmented, expand, extend> peru�lt�-�gt� vu
<Row Kolami d4411 perg- (perekt-) to grow> perg- �perekt-�
<Row Kolami d4411 perp- (perept-) to rear> perp- �perept-�
<Row Kolami d4411 pergip- (pergipt-) to let grow up (without providing a wife)> pergip- �pergipt-�
<Row Gondi d4411 caus. persp- > caus� persp
<Row Kuwi d4411 bir- (-it-) to grow, multiply> bir- �-it-�
<Row Toda d4412 peš tö·n sp. bee (or with 4411 Ta.peru)> peš tø�n
<Row Tam d4414 peruku (peruki-) to be injured, ruined, snap as a marriage thread> peruku �peruki-�
<Row Parji d4414 perkip- (perkit-) to knock down in ruins> perkip- �perkit-�
<Row Kui d4414 prenga (prengi-) to be cracked, cloven> prenga �prengi-�
<Row Kui d4414 prēju (pl. prēska ) cleavage, crevice, crack> prēju �pl� prēska
<Row Kuwi d4414 bre- (-t-) id. DED (S) 3615> bre- �-t-�
<Row Tam d4415 perukku (perukki-) to sweep> perukku �perukki-�
<Row Tam d4415 paruvu (paruvi-) to sweep or gather together> paruvu �paruvi-�
<Row Konda d4418 peṛen (pl. peṛek ) id> peṛen �pl� peṛek
<Row Pengo d4418 pṛēn (pl. pṛēku) id., stone of fruit> pṛēn �pl� pṛēku�
<Row Manda d4418 pṛēn (pl. pṛēke) bone> pṛēn �pl� pṛēke�
<Row Kui d4418 pṛēnu (pl. pṛēka) id., stone or seed of fruit, kernel, heart of tree. <i>> pṛēnu �pl� pṛēka�
<Row Kuwi d4418 pṛēnu (pl. pṛēka) bone> pṛēnu �pl� pṛēka�
<Row Tam d4419 pēr̤kaṇi (-pp-, -tt-) to be afraid> pēṛ̆kaṇi �-pp-� -tt-�
<Row Kota d4421 pev- (pevd-) (ghee) solidifies, (butter) forms in churning; (pevt-) to make (ghee) solidify, make (butter) form> pev- �pevd-�
<Row Kota d4421 pet- (pety-) (liquid) solidifies> pet- �pety-�
<Row Toda d4421 peṟf- (peṟt-) (milk) solidifies> peṟf- �peṟt-�
<Row Toda d4421 pešf- (pešt-) (ghee or milk) solidifies> pešf- �pešt-�
<Row Toda d4421 pe·ry watery buttermilk> pe�ry
<Row Kannada d4421 peṟ (pett-) to thicken, congeal, curdle (ghee, curds, oil)> peṟ �pett-�
<Row Kolami d4421 pereg (stem perg-, pl. pergul) coagulated milk ready for churning> pereg �stem perg-� pl� pergul�
<Row Tam d4422 peṟu (peṟuv-, peṟṟ-) to get, obtain, beget, generate, bear> peṟu �peṟuv-� peṟṟ-�
<Row Tam d4422 peṟuttu (peṟutti-) to cause to obtain> peṟuttu �peṟutti-�
<Row Tam d4422 piṟa (-pp-, -nt-) to be born, be produced> piṟa �-pp-� -nt-�
<Row Kota d4422 perv- (perd-) to be born> perv- �perd-�
<Row Toda d4422 pe·r act of birth (in songs)> pe�r
<Row Toda d4422 pe·rf act of birth (in songs)> pe�rf
<Row Toda d4422 pe·rf- (pe·d-) to be born> pe�rf- �pe�d-�
<Row Kannada d4422 peṟ (pett-) to get, obtain, beget, bear> peṟ �pett-�
<Row Kodagu d4422 per- (peruv-, pett-) to bear (child)> per- �peruv-� pett-�
<Row Kolami d4422 peṭ- (peṭt-) to bear young (said of animal)> peṭ- �peṭt-�
<Row Parji d4422 ped- (pett-) to obtain. ? <i>> ped- �pett-�
<Row Tam d4423 peṟukku (peṟukki-) to gather, pick up (as stones)> peṟukku �peṟukki-�
<Row Tam d4423 poṟukku (poṟukki-) to pick up here and there, glean, pick out, select> poṟukku �poṟukki-�
<Row Toda d4423 peṟk- (peṟky-) to pick up small objects> peṟk- �peṟky-�
<Row Kodagu d4423 porïk- (porïki-) to pick up (small objects, e.g. bits of broken rice or coins)> porɨk- �porɨki-�
<Row Parji d4423 ped- (pett-) to pick up, pick (flower), pick out, choose> ped- �pett-�
<Row salur d4423 piyk- (piyik-) to select, choose. <i>> piyk- �piyik-�
<Row Konda d4423 peṟ- (peRt-) to pick, pick up, collect> peṟ- �pe�t-�
<Row Kui d4423 pl. action peska (peski-) > pl� action peska �peski-�
<Row sunkar d4423 per- (-h-) to pick up> per- �-h-�
<Row Kurux d4423 pesnā (pett-) to gather up, pick up, glean, choose, pick out by lifting up> pesnā �pett-�
<Row Konda d4424 peṟ- (peRt-) to meet> peṟ- �pe�t-�
<Row Pengo d4424 pez- (pest-) id. DEDS 720> pez- �pest-�
<Row Tam d4425 piṟaṅku (piṟaṅki-) to be great, exalted, be lofty, elevated, grow full, complete, abundant, overflow, grow large in size, be densely crowded> piṟaŋku �piṟaŋki-�
<Row Kota d4426 be· mother!> be�
<Row Kota d4426 doo be·k mother's elder sister> doo be�k
<Row Kurux d4427 bē'enā (biccyas) used as an auxiliary (as a separate verb, it once meant 'to remain fixedly', but has been supplanted byra'anā); (Hahn) to be, stay, remain> bē�enā �biccyas�
<Row Kodagu d4429 pe·c-a·ḍ- to try hard> pe�c-a�ḍ
<Row Tam d4430 pēcu (pēci-) to talk, speak, converse, make noise, roar; tell, say, recite, praise> pēcu �pēci-�
<Row Kota d4430 pe·c- (pe·c-) to talk to oneself> pe�c- �pe�c-�
<Row Kota d4430 peṛc- (peṛc-) to give irrelevant answers, talk nonsense, talk with impropriety in presence of holy man. ?> peṛc- �peṛc-�
<Row Toda d4430 öšt- (öšty-) to say, tell (story, lament) (or with 4003 Ta.par̤iccu)> øšt- �øšty-�
<Row Kannada d4430 pēr̤ (pēr̤d-) to utter, say, speak, narrate, tell, command> pēṛ̆ �pēṛ̆d-�
<Row Kuwi d4430 pēl- (-it-) to talk sweetly> pēl- �-it-�
<Row Kota d4431 e·c pa·c unclean secretions of body (e.g. urine, excrement, snot, vomit)> e�c pa�c
<Row Toda d4431 e·sy to dislike, hate> e�sy
<Row Toda d4431 e·š öḍ- (öḍQ-) to dislike, hate> e�š øḍ- �øḍ�-�
<Row Kodagu d4431 he·sige disgust at touching dirty things> he�sige
<Row Pengo d4432 pēnj- (pēnc-) to split> pēnj- �pēnc-�
<Row Kui d4432 pēnja (pēnji-) id., split wood. <i>> pēnja �pēnji-�
<Row Pengo d4433 pēnj- (pēnc-) id> pēnj- �pēnc-�
<Row Kui d4433 pēnja (pēnji-) to strain a liquid, pour off rice water. <i>> pēnja �pēnji-�
<Row sunkar d4433 pēnj- (-it-) > pēnj- �-it-�
<Row Kodagu d4434 po·ḍi fear> po�ḍi
<Row Kodagu d4434 po·ḍe ko·ḷi hen> po�ḍe ko�ḷi
<Row Tam d4436 pēṇu (pēṇi-) to treat tenderly, cherish, foster, protect, regard, esteem, honour, treat courteously, worship, care for> pēṇu �pēṇi-�
<Row Tam d4436 peḷ (peṭp-, peṭṭ-) to protect> peḷ �peṭp-� peṭṭ-�
<Row Tam d4437 pēntu (pēnti-) to be bewildered> pēntu �pēnti-�
<Row Kota d4438 pe·n possession of woman by spirit of dead> pe�n
<Row Kota d4438 pe·nm possession of woman by spirit of dead> pe�nm
<Row Kota d4438 pe·y demon> pe�y
<Row Toda d4438 ö·n the god of the dead> ø�n
<Row betul d4438 pēn (pl. -k) > pēn �pl� -k�
<Row maria d4438 peṇ (pl. peṇḍku) idol, god> peṇ �pl� peṇḍku�
<Row Pengo d4438 pen (pl. -ku) god> pen �pl� -ku�
<Row Kui d4438 pēnu (pl. pēnga) a god, a spirit. <i>> pēnu �pl� pēnga�
<Row Kui d4438 vēnu (pl. vēnga) a god, a spirit. <i>> vēnu �pl� vēnga�
<Row sunkar d4438 pēnu (pl. pṇēka) > pēnu �pl� pṇēka�
<Row Kuwi d4438 pēnu (pl. pēṇka god> pēnu �pl� pēṇka
<Row Kuwi d4438 pṇēka) god> pṇēka�
<Row Kuwi d4438 pēnu (pl. pēnka ) devil> pēnu �pl� pēnka
<Row Kuwi d4438 pēne'esi > pēne�esi
<Row Tam d4441 pēl (pēlv-, pēṉṟ-) </i> excrement. <i>> pēl �pēlv-� pēṉṟ-�
<Row Tam d4441 pēḷ (pēḷv- </i> excrement. <i>> pēḷ �pēḷv
<Row Tam d4441 pēl (pēlv-, pēṉṟ-) </i> excrement. <i>> pēl �pēlv-� pēṉṟ-�
<Row Tam d4441 pēḷ (pēḷv- </i> excrement. <i>> pēḷ �pēḷv
<Row Toda d4442 pe·ḍy large basket tied around with cloth (or with 4388)> pe�ḍy
<Row Kodagu d4442 po·ḷia basketry box full of edibles, carried by girl of bridegroom's house to bride's house. <i>> po�ḷia
<Row Toda d4444 pa·ḷ each seed section of a jackfruit> pa�ḷ
<Row Kodagu d4444 be·ḷe each of the halves of a seed that can be divided> be�ḷe
<Row Telugu d4444 bēḍalu (pl.) split pulse. ?> bēḍalu �pl��
<Row Kota d4444 ve·ḷ badly ground coarse flour. DED(S) 3639> ve�ḷ
<Row Tam d4446 piṟakku (piṟakki-) to heap, pile up> piṟakku �piṟakki-�
<Row Kota d4446 pe·rn bullock-load> pe�rn
<Row Kodagu d4446 po·r- (po·ri-) to transport by pack-animal> po�r- �po�ri-�
<Row Konda d4446 peṟ- (peRt-) to take up, lift up (a load to carry on head or shoulder), heap up (burnt pieces of wood), lay (pot on fire)> peṟ- �pe�t-�
<Row Pengo d4446 pez- (pest-) to pick up, lift> pez- �pest-�
<Row Kuwi d4446 perh'nai to lift, raise> perh�nai
<Row Kuwi d4446 per- (-h-) to lift up> per- �-h-�
<Row Konda d4447 pēṟ- (-it-) to chase or pursue (thief, etc.), drive (cattle), expel> pēṟ- �-it-�
<Row Pengo d4447 pēz- (pēst-) to drive, drive away, chase> pēz- �pēst-�
<Row Kui d4447 peha (pehi-) to drive away, drive off, repulse, dismiss> peha �pehi-�
<Row sunkar d4447 pēr- (-h-) id> pēr- �-h-�
<Row Kuwi d4447 prē- (-t-) to chase> prē- �-t-�
<Row Kuwi d4447 pērh'nai to scare, impel. DEDS 723> pērh�nai
<Row Kota d4448 pe·r steep slope> pe�r
<Row Toda d4448 pö·ṟ (<i>obl.</i>pö·ṯ-) cliff. DED 3642> pø�ṟ
<Row Kota d4449 pe·n head-louse> pe�n
<Row Toda d4449 pö·n louse> pø�n
<Row Kodagu d4449 pe·nï louse> pe�nɨ
<Row Telugu d4449 pēnu (pl. pēlu) id> pēnu �pl� pēlu�
<Row Kolami d4449 pe·n (pl. -kul) id> pe�n �pl� -kul�
<Row Parji d4449 pēni (pl. pēnul) id. <i>> pēni �pl� pēnul�
<Row Gadaba d4449 pēn (pl. pēnil) id. <i>> pēn �pl� pēnil�
<Row Konda d4449 pēni (pl. pēnku) id> pēni �pl� pēnku�
<Row Pengo d4449 pen (pl. -ku) id> pen �pl� -ku�
<Row Manda d4449 pen (pl. -ke) id> pen �pl� -ke�
<Row sunkar d4449 pēnu (pl. pṇēka) > pēnu �pl� pṇēka�
<Row bisam d4449 pēnu (pl. pēnka) louse> pēnu �pl� pēnka�
<Row Tam d4452 po (-pp-, -tt-) to perforate, puncture, make a hole> po �-pp-� -tt-�
<Row Tam d4452 poy (-v-, -t-) to be hollowed; <i>n.</i> tubularity, hole, hollow or recess in tree> poy �-v-� -t-�
<Row Tam d4452 poku (-pp-, -tt-) to make a hole, perforate> poku �-pp-� -tt-�
<Row Tam d4452 potir (-pp-, -tt-) to pierce> potir �-pp-� -tt-�
<Row Tam d4452 potu (-v-, -nt-) to be perforated; (-pp-, -tt-) to bore, pierce> potu �-v-� -nt-�
<Row Kota d4452 pok-va·yṇ man whose teeth are all gone (cf. Ta.pokku-vāy, pokkai-vāytoothless mouth)> pok-va�yṇ
<Row Konda d4452 pot- (-t-) to bore, perforate> pot- �-t-�
<Row Pengo d4452 pot- (-t-) id> pot- �-t-�
<Row Kui d4452 pospa (post-) to pierce, bore a hole, mortise; <i>n.</i> act of piercing, mortising> pospa �post-�
<Row Kuwi d4452 poth'nai to hole> potʰ�nai
<Row Kuwi d4452 pot- (-h-) to make a hole (in wood, etc.)> pot- �-h-�
<Row OIA d4452 nos. 8391 hollow; 9263(6)> nos� ���
<Row OIA d4452 *pōka- hollow; 9263(6)> �pōka
<Row OIA d4452 *bōkkha- toothless; 9624> �bōkkʰa
<Row OIA d4452 *bhōkkha- hollow. DED(S, N) 3646, DEDS 724> �bʰōkkʰa
<Row Tam d4455 pokku (pokki-) to be blistered> pokku �pokki-�
<Row Tam d4455 po (-pp-, -tt-) to be blistered> po �-pp-� -tt-�
<Row Tam d4455 pokkuḷi (-pp-, -tt-) to rise in blisters> pokkuḷi �-pp-� -tt-�
<Row Kota d4455 poglc- (poglc-) (hand) becomes blistered from heat> poglc- �poglc-�
<Row Toda d4455 pïg- (pïgy-) (hand) gets blistered by friction> pɨg- �pɨgy-�
<Row Toda d4455 ni· pïkwïḷy water-blister (forni·, see 3690)> ni� pɨkvɨḷy
<Row Parji d4455 pova (pl. povel) blister. <i>> pova �pl� povel�
<Row sunkar d4455 bugga (pl. -ŋa) > bugga �pl� -ŋa�
<Row Kurux d4455 pokkhnā (pukkhyā) to get blistered, swell> pokkʰnā �pukkʰyā�
<Row Tam d4456 pukai (-v-, -nt-) to burn as the heart, be chagrined, grieve; <i>n.</i> distress> pukai �-v-� -nt-�
<Row Konda d4457 pok- (-t-) to throw; <i>aux. vb.</i> to finish off> pok- �-t-�
<Row Konda d4457 caus. pokis- to cause to throw off. DED 3737> caus� pokis
<Row Telugu d4459 fem. boṅkulā̃ḍi > fem� boŋkulā̃ḍi
<Row Kuwi d4459 pōk- (-h-) to tell lies> pōk- �-h-�
<Row Pk d4459 phukkā = mithyā DED(S) 3651> pʰukkā � mitʰyā
<Row Kota d4460 puku· id> puku�
<Row Toda d4460 piku· id> piku�
<Row Kota d4460 puku· id> puku�
<Row Toda d4460 piku· id> piku�
<Row Parji d4467 bog (pl. boggul) id. <i>> bog �pl� boggul�
<Row Parji d4467 bogum (pl. bogmul) id. <i>> bogum �pl� bogmul�
<Row Tam d4469 poṅku (poṅki-) to boil up, bubble up by heat, foam and rage (as the sea), increase, swell (as with joy), shoot up, be elated, burst in anger, be swollen (as a boil or sore), rise, grow high, abound, flourish, be fruitful, cook <i>> poŋku �poŋki-�
<Row Tam d4469 n. pr </i> of a festival; height, largeness, fulness, abundance, profusion> n� pr
<Row Tam d4469 pommu (pommi-) to swell, excel in appearance> pommu �pommi-�
<Row Kota d4469 pog- (pogy-) to boil over> pog- �pogy-�
<Row Kota d4469 poŋg- (poŋgy-) to increase (<i>intr.</i>) magically in number, (water) springs forth magically, anger increases> poŋg- �poŋgy-�
<Row Kota d4469 poŋgc- (poŋgc-) to increase (<i>tr.</i>) magically in number> poŋgc- �poŋgc-�
<Row Toda d4469 pïg- (pïgy-) to bubble up, boil over, (stomach) swells or heaves with exertion> pɨg- �pɨgy-�
<Row Kodagu d4469 poŋŋ- (poŋŋi-) to swell (as grain or stomach)> poŋŋ- �poŋŋi-�
<Row Kolami d4469 poŋg- (poŋkt-) to boil over> poŋg- �poŋkt-�
<Row Kolami d4469 poŋgip- (poŋgipt-) to make to boil over> poŋgip- �poŋgipt-�
<Row Konda d4469 pog- (-it-) to boil and overflow, swell into floods (as a river)> pog- �-it-�
<Row Konda d4469 poŋi- (-t-) to be bloated, swell up. <i>> poŋi- �-t-�
<Row sunkar d4469 poŋg- (-it-) to swell> poŋg- �-it-�
<Row bisam d4469 poŋg- (-it-) to swell> poŋg- �-it-�
<Row Pengo d4470 boŋ- (-t-) to be spilled> boŋ- �-t-�
<Row Pengo d4470 bok- (-t-) to spill> bok- �-t-�
<Row Kui d4470 ponga (pongi-) to be spilt, scattered> ponga �pongi-�
<Row Kui d4470 popka (&lt; pok-p-; pokt-) to spill, scatter. <i>> popka ��lt� pok-p-� pokt-�
<Row Kuwi d4470 bokh'nai to shed, spill> bokʰ�nai
<Row Kuwi d4470 bok- (-h-) to spill> bok- �-h-�
<Row Tam d4470 bōkhali (tr.) above, and other forms with o-vowel. From DED(S, N) 3658> bōkʰali �tr��
<Row Kurux d4473 boŋgta'ānā to make run, carry about or off with great speed, lose (by death or otherwise)> boŋgta�ānā
<Row Kurux d4473 Malt; boṉg̣e to run, flee> �alt� boṉɣe
<Row Tam d4474 pocuṅku (pocuṅki-) to be united, agree> pocuŋku �pocuŋki-�
<Row Tam d4475 poccā (-pp-, -nt-) forgetfulness> poccā �-pp-� -nt-�
<Row Tam d4475 poyccā (-pp- forgetfulness> poyccā �-pp
<Row Konda d4475 pōs- (-t-) to forget> pōs- �-t-�
<Row Pengo d4475 pōc- (-c-) id. DEDS(N) 727> pōc- �-c-�
<Row Kui d4479 poja (poji-) to pack, make a bundle, crush together, clench; <i>n.</i> act of packing> poja �poji-�
<Row Kui d4479 pl. action poska (poski-) > pl� action poska �poski-�
<Row Kurux d4479 pojjnā (pujjyas) to wrap (paper, cloth) round some object or person> pojjnā �pujjyas�
<Row Tam d4481 poṭi (-v-, -nt-) to be broken to pieces (as rice), become pulverized; (-pp-, -tt-) to pulverize, reduce to dust or powder; be pulverized; <i>n.</i> powder, dust, pollen, ash, particle, fragment> poṭi �-v-� -nt-�
<Row Tam d4482 poṭi (-pp-, -tt-) to spring up, shoot, rise, appear, produce, ooze out> poṭi �-pp-� -tt-�
<Row Toda d4482 pïṛy- (pïṛs-) to break forth, (water) springs from ground> pɨṛy- �pɨṛs-�
<Row Toda d4482 pïṛc- (pïṛč-) to create, make spring forth> pɨṛc- �pɨṛč-�
<Row OIA d4482 poṭalita- = kuḍmalita- DED(S, N) 3668> poṭalita- � kuḍmalita
<Row Mal d4487 fem. poṭṭi; poṇṇan dolt, coward> fem� poṭṭi� poṇṇan
<Row Mal d4487 fem. poṇni > fem� poṇni
<Row Kota d4487 fem. poṭy > fem� poṭy
<Row Kannada d4487 fem. poṭṭi; poṭṭu deafness> fem� poṭṭi� poṭṭu
<Row Tam d4490 poṭṭu (poṭṭi-) to burst> poṭṭu �poṭṭi-�
<Row Tam d4490 poṭupoṭu (-pp-, -tt-) to snap (as cords), speak fast in a rattling manner, wamble (as the bowels), fall (noisily as stones one after another)> poṭupoṭu �-pp-� -tt-�
<Row Kota d4490 poṭ- (poc-) to burst noisily> poṭ- �poc-�
<Row Toda d4490 pïṭ- (pïṭy-) to burst. <i>> pɨṭ- �pɨṭy-�
<Row Kodagu d4490 poṭṭ- (poṭṭi-) to burst with noise, explode> poṭṭ- �poṭṭi-�
<Row Tam d4491 poṭi (-v-, -nt-) to be blighted as grain> poṭi �-v-� -nt-�
<Row Kuwi d4494 pa'ṭā id> pa�ṭā
<Row Kota d4495 poṭ- (poc-) to blink. ? <i>> poṭ- �poc-�
<Row sunkar d4495 po'- (poṭ-) to close eyes> po�- �poṭ-�
<Row Kuwi d4495 poṭ- (-it-) to shut (eyes). DED(S) 3678> poṭ- �-it-�
<Row Kota d4496 poṭ- (poc-) (hand) blisters from friction or hard work> poṭ- �poc-�
<Row Toda d4496 pïṭ- (pïṭy-) (hand) blisters by friction> pɨṭ- �pɨṭy-�
<Row Kannada d4502 Physalis indica </i> Lamb> �hysalis indica
<Row Tam d4504 potir (-v-, -nt-) to swell, increase, abound; (-pp-, -tt-) to swell, become enlarged> potir �-v-� -nt-�
<Row Tam d4504 potuḷu (potuḷi-) to be thick, close, or crowded, be luxuriant, prosper, thrive> potuḷu �potuḷi-�
<Row Kolami d4505 bo·k- (bo·kt-) to become wet> bo�k- �bo�kt-�
<Row Kolami d4505 bo·kip- (bo·kipt-) to wet> bo�kip- �bo�kipt-�
<Row Parji d4505 pōtip- (pōtit-) to cause to get wet. <i>> pōtip- �pōtit-�
<Row Gadaba d4505 pōdk- (pōdt-) to soak> pōdk- �pōdt-�
<Row Gadaba d4505 pōkp- (pōkup-) to drench. <i>> pōkp- �pōkup-�
<Row Kui d4505 puha (puhi-) to get wet, be wetted, sodden> puha �puhi-�
<Row Kui d4505 puhpa (puht-) to make wet or damp, moisten> puhpa �puht-�
<Row Kurux d4505 porᵒxnā (purxyas) to swell as a result of imbibed water> porᵒxnā �purxyas�
<Row Toda d4507 puQf common property of undivided family> pu�f
<Row Kolami d4508 podal (pl. podasil) mother-in-law> podal �pl� podasil�
<Row Naiki d4508 podn (pl. podl) father-in-law> podn �pl� podl�
<Row Parji d4508 podal (pl. podacil) wife's elder sister> podal �pl� podacil�
<Row Parji d4508 podid (pl. podinkul) wife's elder brother. <i>> podid �pl� podinkul�
<Row Gondi d4508 Tr.) pōṛāl > �r�� pōṛāl
<Row Pengo d4508 potlen (pl. potku) father-in-law> potlen �pl� potku�
<Row Kui d4508 potaḍenju (pl. potka) father-in-law. <i>> potaḍenju �pl� potka�
<Row Kuwi d4508 poiya (pl. poiyasika) > poiya �pl� poiyasika�
<Row Kuwi d4508 pōtlesi (pl. pōtka) > pōtlesi �pl� pōtka�
<Row Kuwi d4508 potleˀ esi (pl. potka) father-in-law> potleˀ esi �pl� potka�
<Row Tam d4509 putai (-v-, -nt-) to be buried, covered, concealed, sink in, penetrate, lie hidden (as a meaning); (-pp-, -tt-) to bury, hide, conceal, cover, clothe, speak in parables, inlay; <i>n.</i> concealment, thick part of a jungle, hidden treasure, place of concealment, sheaf of arrows> putai �-v-� -nt-�
<Row Tam d4509 poti (-v-, -nt-) to hide, conceal, cover up, tie up (as a bundle), store up, contain; <i>n.</i> bundle, fastening> poti �-v-� -nt-�
<Row Tam d4509 potukku (potukki-) to conceal; <i>n.</i> concealment, secluded place> potukku �potukki-�
<Row Tam d4509 pottu (potti-) to bury, cover, close, mend, hide, conceal; <i>n.</i> covering, closing up, mending> pottu �potti-�
<Row tinn d4509 paDaval a bush> pa�aval
<Row Kannada d4509 pode (podad-, poded-, podd-) to put over, put on, wrap round; <i>n.</i> a thatch, bush, bundle, quiver> pode �podad-� poded-� podd-�
<Row Kodagu d4509 podi- (podiv-, podiñj-) to cover completely in a heap-like shape> podi- �podiv-� podiñj-�
<Row Kodagu d4509 pott- (potti-) to cover completely (in closed fist, or in any way)> pott- �potti-�
<Row Toda d4510 pïQ lungs. DED 3687> pɨ�
<Row Tam d4517 pottu (potti-) to light (as a fire). <i>> pottu �potti-�
<Row Kota d4517 pot- (poty-) to light (as a fire)> pot- �poty-�
<Row Telugu d4519 boddi Macaranga Roxburghii DED 3693> boddi �acaranga �oxburgʰii
<Row Kodagu d4522 pond- (pondi-) to be raised, bounce (of a ball)> pond- �pondi-�
<Row Konda d4523 bondu (pl. botku) finger-ring. <i>> bondu �pl� botku�
<Row Pengo d4527 pom- (-t-) id> pom- �-t-�
<Row Pengo d4527 intens. popka- > intens� popka
<Row Kui d4527 pomba (pombi-) id.; <i>n.</i> embrace. <i>> pomba �pombi-�
<Row sunkar d4527 pom- (-it-) > pom- �-it-�
<Row Kuwi d4527 pomb- (-it-) to embrace> pomb- �-it-�
<Row Tam d4531 poy (-pp-, -tt-) to lie, utter falsehood, make false pretences, deceive, cheat, prove false; <i>n.</i> lie, falsehood, sham, that which is artificial> poy �-pp-� -tt-�
<Row Toda d4531 pi·k- (pi·ky-) to lie> pi�k- �pi�ky-�
<Row Toda d4531 pi·kïṭe·r a lie> pi�kɨṭe�r
<Row Kuwi d4532 boy (pl. boycka ) id> boy �pl� boycka
<Row Tam d4534 poy (-v-, -t-) to fell, throw down> poy �-v-� -t-�
<Row Kota d4534 poy- (poc-) to strike with hand> poy- �poc-�
<Row Kota d4534 oy- (oc-) to beat (percussion instruments)> oy- �oc-�
<Row Toda d4534 pïy- (pïs-) to beat> pɨy- �pɨs-�
<Row Kodagu d4534 poyy (poyyuv-, pojj-) to beat> poyy �poyyuv-� pojj-�
<Row Konda d4536 por- (-t-) to sell> por- �-t-�
<Row Pengo d4536 pro- (-t-) id> pro- �-t-�
<Row Kui d4536 prāpa (prāt-) id.; <i>n.</i> act of selling. <i>> prāpa �prāt-�
<Row sunkar d4536 pra'- (prat-) > pra�- �prat-�
<Row Kuwi d4536 prā- (-t-) to sell. From DED(S) 3255 (Krishnamurti 1980)> prā- �-t-�
<Row Kuwi d4536 pār- (-h-) to sell. From DED(S) 3255 (Krishnamurti 1980)> pār- �-h-�
<Row Tam d4537 pori (-v-, -nt-) to be parched, roasted, fried (as grain), be blackened by fire, burnt by the sun, be dried up or shrivelled. (as the skin), crack, pop, throw out sparks; (-pp-, -tt-) to fry, parch, bake on live coals, burn (as the sun); <i>n.</i> anything fried, parched grain or pulse, jungle burnt by forest fire, badly cooked food> pori �-v-� -nt-�
<Row Kota d4537 poyr- (porc-) to parch (grain)> poyr- �porc-�
<Row Kodagu d4537 pori- (-p-, -c-) to fry> pori- �-p-� -c-�
<Row Kui d4537 pronda (prondi-) to be alight> pronda �prondi-�
<Row Kui d4537 prospa (prost-) to light up, ignite; <i>n.</i> igniting, lighting up> prospa �prost-�
<Row Kui d4537 brōḍa (brōḍi-) to be burned to ashes, be scattered (smoke); <i>pl. action</i>> brōḍa �brōḍi-�
<Row Kui d4537 brōṭka (brōṭki-); tr. brōṭpa (brōṭt-); brōnḍa (brōnḍi-) to smoulder, be fanned into flame; <i>pl. action</i>> brōṭka �brōṭki-�� tr� brōṭpa �brōṭt-�� brōnḍa �brōnḍi-�
<Row Kui d4537 brōṭka (brōṭki-); tr. brōṭpa (brōṭt-); ? brūḍa (brūḍi-) to be scattered (dust, ashes); <i>pl. action</i>> brōṭka �brōṭki-�� tr� brōṭpa �brōṭt-�� � brūḍa �brūḍi-�
<Row Kui d4537 brūṭka (brūṭki-); tr. brūṭpa (brūṭt-) [communicated by P. S. Subrahmanyam]. <i>> brūṭka �brūṭki-�� tr� brūṭpa �brūṭt-�
<Row Kuwi d4537 proth'nai to ignite> protʰ�nai
<Row Kuwi d4537 prond- (-it-) to be alight> prond- �-it-�
<Row Kuwi d4537 prot- (-h-) to light> prot- �-h-�
<Row Tam d4538 pori (-pp-, -tt-) to hatch> pori �-pp-� -tt-�
<Row Kodagu d4539 pori- (porip-, poric-) to pull up (plant, peg)> pori- �porip-� poric-�
<Row Tam d4540 poru (-v-, -t-) to fight, engage in battle, compete, dash against (as waves); <i>n.</i> equality, obstacle> poru �-v-� -t-�
<Row Tam d4540 poruttu (porutti-) to stir up (as to a fight)> poruttu �porutti-�
<Row Tam d4540 porutu (poruti-) to fight> porutu �poruti-�
<Row Tam d4540 poruvu (poruvi-) to equal; <i>n.</i> equality, resemblance> poruvu �poruvi-�
<Row Kota d4540 po·r a fight> po�r
<Row Kota d4540 po·r a·ṭ a fight> po�r a�ṭ
<Row Kota d4540 po·r a·ṭm a fight> po�r a�ṭm
<Row Kota d4540 po·r a·ṛ- to fight> po�r a�ṛ
<Row Toda d4540 pï·r quarrel, fight> pɨ�r
<Row Toda d4540 pï·r e·ṟ grown-up male buffalo> pɨ�r e�ṟ
<Row Toda d4540 o·r- (o·Q-) to dash against, attack> o�r- �o��-�
<Row Toda d4540 wï·r- (wï·ry-) to emulate, vie with> vɨ�r- �vɨ�ry-�
<Row Kodagu d4540 poḷ- (popp-, pott-) to fight> poḷ- �popp-� pott-�
<Row Gadaba d4540 porup- (porut-) to become angry> porup- �porut-�
<Row Kui d4540 prohpa (proht-) to rebuke, upbraid, reprove, fight, wage war; <i>n.</i> rebuke, reproof, fight> prohpa �proht-�
<Row Tam d4541 poru (-v-, -t-) to join (<i>tr.</i>) unite, combine, reach, extend> poru �-v-� -t-�
<Row Tam d4541 poruntu (porunti-) to agree, consent, be suitable, come into close contact, occur; combine with, reach, approach, cohabit with> poruntu �porunti-�
<Row Tam d4541 poruttu (porutti-) to fit, adapt, prepare, cause to agree, reconcile, join together, unite; <i>n.</i> joining, joint, uniting> poruttu �porutti-�
<Row Tam d4541 porutu (poruti-) to be joined, united with; join together, unite> porutu �poruti-�
<Row Tam d4541 porun (poruni-) to be suitable, agree> porun �poruni-�
<Row Tam d4541 poruvu (poruvi-) to happen> poruvu �poruvi-�
<Row Tam d4541 purai (-v-, -nt-) to be appropriate, proper, happen, occur> purai �-v-� -nt-�
<Row Kota d4541 porv- (pord-) to be polluted (in eating by man from another village where ceremonies have not been finished)> porv- �pord-�
<Row Kota d4541 pord- (pordy-) to be polluted (in eating by man from another village where ceremonies have not been finished)> pord- �pordy-�
<Row Kota d4541 port- (porty-) to pollute> port- �porty-�
<Row Kota d4541 pot- (poty-) to touch, dip (food into liquid)> pot- �poty-�
<Row Kodagu d4541 pond- (pondi-) to be suited to, agree with> pond- �pondi-�
<Row Kodagu d4541 podd- (poddi-) (good or evil influence) takes possession of> podd- �poddi-�
<Row Kuwi d4541 pond- (-it-) to be appropriate, suitable> pond- �-it-�
<Row Kurux d4541 purᵘmnā (purmyas) to mix, eat one's rice and vegetables mixed into one mess> purᵘmnā �purmyas�
<Row Tam d4542 poruporu (-pp-, -tt-) to be liable to crumbling from too much frying; mutter in dissatisfaction> poruporu �-pp-� -tt-�
<Row Tam d4543 porumu (porumi-) to swell, be bloated> porumu �porumi-�
<Row Pengo d4543 prog- (prokt-) to swell. <i>> prog- �prokt-�
<Row Tam d4547 fem. pulaicci baseness> fem� pulaicci
<Row Tam d4547 pulaitti; pulaimai baseness> pulaitti� pulaimai
<Row Kannada d4547 fem. polati; polasu impurity> fem� polati� polasu
<Row Kannada d4547 Kod. pole pollution caused by menstruation, birth, or death> �od� pole
<Row Kannada d4547 fem. polati > fem� polati
<Row Telugu d4547 pulli-āku (pullāēku) a leaf on which one has eaten food (lit. uncleanness leaf-plate)> pulli-āku �pullāēku�
<Row Kuwi d4547 pola'atasi a bad man> pola�atasi
<Row Tam d4550 poli (-v-, -nt-) to flourish, prosper, abound, increase, live long and prosperously; <i>n.</i> interest paid in kind> poli �-v-� -nt-�
<Row Tam d4550 pular (-v-, -nt-) to mature (as grain)> pular �-v-� -nt-�
<Row Kodagu d4550 poli- (poliv-, poliñj-) to increase (<i>intr.</i>; crop, cattle); (polip-, polic-) (god) increases (crop, cattle); <i>n.</i> interest paid in kind (esp. on paddy)> poli- �poliv-� poliñj-�
<Row Kodagu d4550 pola- (polav-, poland-) to live happily> pola- �polav-� poland-�
<Row Kodagu d4550 polat- (polati-) to make to live happily> polat- �polati-�
<Row Tam d4551 poli (-v-, -nt-) to bloom (as the countenance), shine> poli �-v-� -nt-�
<Row Tam d4552 pulavu (pulavi-) to smell raw flesh> pulavu �pulavi-�
<Row Toda d4553 tö·n bïs̱x <i>E. latifolia.</i> DED 3719> tø�n bɨs̱x
<Row Kannada d4554 pol (polt-) to sew> pol �polt-�
<Row Kodagu d4554 poll- (polluv-, pond-) to stitch, sew> poll- �polluv-� pond-�
<Row Tam d4556 por̤i (-v-, -nt-) to pour forth, shower (as rain), discharge in abundance, give liberally; flow, overflow, abound (as wealth)> poṛ̆i �-v-� -nt-�
<Row Kota d4556 poṛv- (poṛd-) to increase in numbers> poṛv- �poṛd-�
<Row Parji d4556 poṛp- (poṛt-) to flow. DED(S, N) 3722> poṛp- �poṛt-�
<Row Kodagu d4559 po·dï the cutting of paddy at the rice-harvest festival, the act of doing pūjā to the arms and shooting after the monsoon (i.e. an auspicious maṅgala ceremony)> po�dɨ
<Row Kolami d4559 a·puḍ then> a�puḍ
<Row Kolami d4559 e·puḍ when?> e�puḍ
<Row Tam d4560 poḷi (-v-, -nt-) to chisel, split (as a stone), dig, make holes, open (as a blister); be perforated, punctured, become dented; (-pp-, -tt-) to bore, perforate, tear into strips (as fibre); <i>n.</i> holes made with a chisel, depression made by digging> poḷi �-v-� -nt-�
<Row Tam d4560 poḷḷu (poḷḷi-) to bore, make a hole, hew, chisel; be rent or torn> poḷḷu �poḷḷi-�
<Row Kodagu d4560 poḷi- (poḷiv-, poḷiñj-) to break (of a stick-like thing, tree;<i>intr.</i>); (poḷip-, poḷic-)id> poḷi- �poḷiv-� poḷiñj-�
<Row Kodagu d4560 poḷa- (poḷap-, poḷand-) to open the mouth> poḷa- �poḷap-� poḷand-�
<Row Kui d4561 plōva (plōt-) to shed a skin, cast a skin> plōva �plōt-�
<Row Kui d4561 polpa (polt-) to peel, remove the shell or skin, strip the grains from a maize pod. <i>> polpa �polt-�
<Row Kuwi d4561 po'nai (ponh-) to hull> po�nai �ponh-�
<Row Kuwi d4561 ponh'nai to shale, sheal> ponh�nai
<Row bisam d4561 poṛ- (poṭ-) to peel> poṛ- �poṭ-�
<Row Kuwi d4561 pṛop- (-h-) to shell peas, etc., hull. DEDS 744> pṛop- �-h-�
<Row Kuwi d4561 pṛoˀ - (-t-) to shell peas, etc., hull. DEDS 744> pṛoˀ - �-t-�
<Row Kui d4562 polgu (pl. polka) husk, chaff, bran. <i>> polgu �pl� polka�
<Row M d4562 Panj > �anj
<Row Tam d4563 poḷḷu (poḷḷi-) to blister, swell> poḷḷu �poḷḷi-�
<Row Tam d4564 poṟi (-pp-, -tt-) to impress, stamp, inscribe; be impressed or imprinted; <i>n.</i> mark, impression, sign, token, knowledge> poṟi �-pp-� -tt-�
<Row Tam d4565 poṟu (-pp-, -tt-) to bear, sustain, endure, tolerate, excuse, take responsibility, wear; be patient> poṟu �-pp-� -tt-�
<Row Tam d4565 poṟuppi (-pp-, -tt-) to cause to rest on, prop, sustain, cause to bear> poṟuppi �-pp-� -tt-�
<Row Kota d4565 por- (poṯ-) to carry or take in arms, (water) bears up (something), obey the words of> por- �poṯ-�
<Row Kota d4565 porv- (port-) to endure> porv- �port-�
<Row Kota d4565 or- (oṯ-) to carry, undertake, obey> or- �oṯ-�
<Row Kota d4565 porla·r- (porla·ry-) to be able to endure> porla�r- �porla�ry-�
<Row Toda d4565 pïṟ- (pïṯ-) to carry> pɨṟ- �pɨṯ-�
<Row Toda d4565 pïṟf- (pïṟt-) to endure, be patient> pɨṟf- �pɨṟt-�
<Row Toda d4565 wïṟ- (wït-) to undertake, hold, carry (&lt; Badaga)> vɨṟ- �vɨt-�
<Row Kannada d4565 poṟ (pott-) to take upon or bear on the head, bear (as a burden), carry, support, hold up, undertake, endure> poṟ �pott-�
<Row Kodagu d4565 porï- (porïp-, porït-) to carry> porɨ- �porɨp-� porɨt-�
<Row Kodagu d4565 porïd- (porïdi-) to undertake an office> porɨd- �porɨdi-�
<Row Konda d4569 poRo lung(s)> po�o
<Row Pengo d4569 pocla (pl. -ŋ ) id> pocla �pl� -ŋ
<Row Manda d4569 būlaŋ (pl.) id. <i>> būlaŋ �pl��
<Row Kuwi d4569 bo'la id.; ?> bo�la
<Row Tam d4570 poṟpi (-pp-, -tt-) to beautify, adorn> poṟpi �-pp-� -tt-�
<Row Kota d4570 on n. pr bullock> on n� pr
<Row Kota d4570 onn n. pr bullock> onn n� pr
<Row Kota d4570 fem. ony > fem� ony
<Row Kodagu d4570 ponnï (pom-, pon-) gold> ponnɨ �pom-� pon-�
<Row Tam d4571 poṉṟu (poṉṟi-) to perish, be ruined, die, fail, be reduced> poṉṟu �poṉṟi-�
<Row Tam d4571 pulampu (pulampi-) to fade> pulampu �pulampi-�
<Row Tam d4571 pular (-v-, -nt-) to fade, wither, faint, become weak, decrease> pular �-v-� -nt-�
<Row Kurux d4571 polta'ānā to prevent one from doing some action> polta�ānā
<Row Tam d4572 pō (pōv- departure> pō �pōv
<Row Tam d4572 die; pōkai departure> die� pōkai
<Row Tam d4572 pōvi (-pp-, -tt-) to cause to go, lead> pōvi �-pp-� -tt-�
<Row Tam d4572 pōkku (pōkki-) to cause to go, send, complete, perform, pass or spend (as time), ruin, kill; <i>n.</i> causing to go, way, passage, exit, walk, gait, going, departure> pōkku �pōkki-�
<Row Mal d4572 verbal n. pōkal; pōkku going, passing off, way, exit, escape> verbal n� pōkal� pōkku
<Row Kota d4572 o·g- (o·y- some forms from> o�g- �o�y
<Row Kota d4572 o·n- some forms from> o�n
<Row Kota d4572 o·-) to go> o�-�
<Row Kota d4572 o- (oy-; gerund oyṛ, oyṯ) to go> o- �oy-� gerund oyṛ� oyṯ�
<Row Kota d4572 o·kc- (o·kc-) to cause to go> o�kc- �o�kc-�
<Row Kota d4572 po·k- (po·ky-) to spend (time)> po�k- �po�ky-�
<Row Kota d4572 o·yṇ-a·r (<i>obl.</i>o·yṇ-a·ṯ-)path, journey (see 405 Ta.āṟu)> o�yṇ-a�r
<Row Toda d4572 pï·x- (pi·-) to go> pɨ�x- �pi�-�
<Row Toda d4572 pï·- (only negative forms) to be envious, hostile, not to be on good terms with (lit. not to go/join with)> pɨ�
<Row Kodagu d4572 po·- (po·p- some forms with stems> po�- �po�p
<Row Kodagu d4572 po·c- some forms with stems> po�c
<Row Kodagu d4572 po·k-, po·y-) to go> po�k-� po�y-�
<Row Kodagu d4572 po·li-na·y cur> po�li-na�y
<Row Konda d4572 pōk- (-t-) to send> pōk- �-t-�
<Row Pengo d4572 pōk- (-t-) id> pōk- �-t-�
<Row Manda d4572 pūk- (-t-) id> pūk- �-t-�
<Row Kota d4574 po·kry evil man> po�kry
<Row Kota d4576 bo·kva·y ara·ṭ pot with piece broken from mouth> bo�kva�y ara�ṭ
<Row Pengo d4578 pōc- (-c-) to string (bow), open (umbrella)> pōc- �-c-�
<Row Kodagu d4579 bo·ji beauty, goodness> bo�ji
<Row Kodagu d4579 bo·jaŋguṇḍï well, in proper fashion> bo�jaŋguṇḍɨ
<Row Kodagu d4579 bo·jaka·rë best man at wedding> bo�jaka�rə
<Row Kodagu d4579 bo·j avvë mother's younger sister> bo�j avvə
<Row Kui d4579 būja (būji-) to be beautiful, hand&lt;-&gt; some; <i>n.</i> beauty; <i>adj.</i> beautiful, handsome. DED(S) 3740> būja �būji-�
<Row Kurux d4580 pō̃jnā (pū̃jyā) to spread along by degrees (a swelling, an infectious sore), gain ground (as a culture of lac on a tree), be multiplied from one common stock or place> pō̃jnā �pū̃jyā�
<Row Kurux d4580 poccnā (puccyas) to be swarming (in crowds)> poccnā �puccyas�
<Row Tam d4581 pōṭu (pōṭuv-, pōṭṭ-) to cast down, cast away, put, set in a position, fasten (as a bolt), strike, beat, stamp; <i>n.</i> anything striking (as a speech)> pōṭu �pōṭuv-� pōṭṭ-�
<Row Kannada d4582 fem. bōḍi > fem� bōḍi
<Row Kodagu d4585 po·ti niche over a door> po�ti
<Row Kolami d4586 po·t cock> po�t
<Row Kota d4588 po·t flesh, meat> po�t
<Row Toda d4588 pï·t id., muscle. ?> pɨ�t
<Row Tam d4590 pōr (-pp-, -tt-) to wear, wrap oneself in, cover, envelope, surround> pōr �-pp-� -tt-�
<Row Kodagu d4590 poraḍ- (poraḍuv-, poraṭ-) to dress (well)> poraḍ- �poraḍuv-� poraṭ-�
<Row Pengo d4590 por- (-t-) to put on an upper garment, wear round the shoulders> por- �-t-�
<Row Manda d4590 pur- (-t-) to put on an upper garment> pur- �-t-�
<Row Kui d4590 porpa (port-) to wrap around the body, put on an upper cloth> porpa �port-�
<Row Kuwi d4590 por- (-h-) (Su.) to wrap around oneself, wear (cloak), (Isr.) to put on wrap (clothing)> por- �-h-�
<Row Kota d4593 po·ry young bullock (one to two and a half years)> po�ry
<Row Kota d4593 po·ry ma·v male deer> po�ry ma�v
<Row Kodagu d4593 po·ri male buffalo> po�ri
<Row Tam d4594 pōru (pōnt-) to go on, proceed, continue, reach, be understood (as a meaning); be enough, sufficient> pōru �pōnt-�
<Row Tam d4594 pōtu (pōti-) to be adequate, suffice, be fit, proper, suitable> pōtu �pōti-�
<Row Mal d4594 pōruka (pōnn-) to come, go along, return; suit, suffice> pōruka �pōnn-�
<Row Kodagu d4594 po·r- (<i>only in negative</i>po·ra) to be sufficient. DED 3755> po�r
<Row Kui d4596 pōrpa (pōrt-) to watch for, lie in wait, spy. <i>> pōrpa �pōrt-�
<Row Tam d4597 pōl (pōlv-, pōṉṟ-) to resemble, be like, similar, equal, match; a particle of comparison (alsopōla); pōliperson or thing that is equal, similarity, likeness, pretence, hypocrisy> pōl �pōlv-� pōṉṟ-�
<Row Kodagu d4597 po·le like> po�le
<Row Kuwi d4597 poli'nai to compare. DED(S) 3758> poli�nai
<Row Tam d4599 pōr̤ (-v-, -nt-) to be cleft, split, gape, be disunited; split, cleave open, dispel, destroy; <i>n.</i> cleft, piece> pōṛ̆ �-v-� -nt-�
<Row Kota d4599 bo·ṭ hollow in tree trunk, hole that goes through> bo�ṭ
<Row Kota d4600 bo·ḷ complete shaving of head> bo�ḷ
<Row Kota d4600 bo·ḷṇ man with head completely shaved because of vermin; <i>fem.</i>> bo�ḷṇ
<Row Kota d4600 bo·ḷmaṇḍṇ man with head completely shaved because of vermin; <i>fem.</i>> bo�ḷmaṇḍṇ
<Row Kota d4600 bo·ḷy son of man with bald head, etc. (abusive)> bo�ḷy
<Row Kota d4600 bo·ḷmanj; bo·ḷ i· meyṇ son of man with bald head, etc. (abusive)> bo�ḷmanj� bo�ḷ i� meyṇ
<Row Toda d4600 po·ṇ- (po·ṇy-) to shave, clear (a way, growth on site)> po�ṇ- �po�ṇy-�
<Row Kannada d4600 bōr̤i; bōḍi one who is bare or destitute of hair or of horns> bōṛ̆i� bōḍi
<Row OIA d4600 *bōḍa- DED(S) 3761> �bōḍa
<Row kinwat d4602 bo·ri dove> bo�ri
<Row Kota d4604 bo·r vagina> bo�r
<Row Toda d4604 pï·r hollow of tree (where bees nest)> pɨ�r
<Row Toda d4604 o·ṟ (<i>obl.</i>o·ṯ-) hole, wound> o�ṟ
<Row Kota d4604 bo·r vagina> bo�r
<Row Toda d4604 pï·r hollow of tree (where bees nest)> pɨ�r
<Row Toda d4604 o·ṟ (<i>obl.</i>o·ṯ-) hole, wound> o�ṟ
<Row Tam d4605 pōṟṟu (pōṟṟi-) to praise, applaud, worship, protect, cherish, nourish, entertain; <i>n.</i> protection, praise> pōṟṟu �pōṟṟi-�
<Row Pengo d4607 prānj (pl. prāsku) mosquito. <i>> prānj �pl� prāsku�
<Row Kui d4609 prādu (pl. prātka) id. (should it beprāḍu?). DEDS 753> prādu �pl� prātka�
<Row Konda d4610 rēs- (-t-) to stir and mix (boiling flour, etc.) with a ladle. <i>> rēs- �-t-�
<Row Kuwi d4610 pressali (prest-) > pressali �prest-�
<Row Kuwi d4610 preh- (prest-) to stir with a spoon> preh- �prest-�
<Row Kuwi d4610 prēh- (-t-) to stir (curry, meat, etc.). DEN 67> prēh- �-t-�
<Row Pengo d4612 pṛānj- (pṛānc-) to hunt, wander about in search of game> pṛānj- �pṛānc-�
<Row Kui d4612 plāmba (plāmbi-) to hunt, chase, seek; <i>n.</i> hunting, a hunt. DEDS 755> plāmba �plāmbi-�
<Row Kui d4614 bṛūva (bṛūt-) to burst, explode (cooked maize, seed pod, gun). <i>> bṛūva �bṛūt-�
<Row Kuwi d4614 bṛī- (-t-) to go off (gun, trap, etc.)> bṛī- �-t-�
<Row Kuwi d4614 bṛip- (-h-) to shoot with a gun. DEDS 757> bṛip- �-h-�
<Row Kui d4615 ma'esi tomorrow. <i>> ma�esi
<Row sunkar d4615 ma'e > ma�e
<Row bisam d4615 ma'asi > ma�asi
<Row Kuwi d4615 mā'e > mā�e
<Row Kota d4616 mo·ta·c woman with child> mo�ta�c
<Row Toda d4616 toζ mox Toda woman or wife> to� mox
<Row Toda d4616 moxQas̱ adolescent boy (cf. 1851kwaṟtas̱); mo·t fiḷ<at>Q</at>son's wife (not being one's sister's daughter; see 4198)> mox�as̱
<Row Kodagu d4616 mo·vën son> mo�vən
<Row Kodagu d4616 mo·va daughter> mo�va
<Row Tulu d4616 mage (pl. magāḍḷu) son> mage �pl� magāḍḷu�
<Row Tulu d4616 magaḷu (pl. magaḷāḍḷu) daughter> magaḷu �pl� magaḷāḍḷu�
<Row Parji d4616 māl (pl. mācil) daughter> māl �pl� mācil�
<Row Parji d4616 mayid (pl. mayil) husband. <i>> mayid �pl� mayil�
<Row Gadaba d4616 māl (pl. māsil) woman> māl �pl� māsil�
<Row betul d4616 mīār (pl. mīāhk) > mīār �pl� mīāhk�
<Row maria d4616 mīaṛ (pl. mīasku) > mīaṛ �pl� mīasku�
<Row maria d4616 mīaṛi (pl. mīasku) > mīaṛi �pl� mīasku�
<Row mandla d4616 miyār (pl. miyāsk id., girl (<i>Voc.</i> 2832)> miyār �pl� miyāsk
<Row mandla d4616 miyāhk) id., girl (<i>Voc.</i> 2832)> miyāhk�
<Row Manda d4616 āco-mgāṛ (pl. -mgahke) woman (forāco-,see 400)> āco-mgāṛ �pl� -mgahke�
<Row Manda d4616 gāṛeh (pl. -iŋ) girl. <i>> gāṛeh �pl� -iŋ�
<Row Tam d4617 makiṭi (-pp-, -tt-) to be overturned> makiṭi �-pp-� -tt-�
<Row Kota d4617 mavṇ- (mavḍ-) to overturn (<i>intr.</i>), (sleeping person) rolls over> mavṇ- �mavḍ-�
<Row Kota d4617 mavṭ- (mavṭy-) to overturn (<i>tr.</i>), roll over, push> mavṭ- �mavṭy-�
<Row Kota d4617 maṛt- (mayt- to turn over (<i>tr.</i>; stone, log, sleeping person), push away (charcoal from funeral burning-place)> maṛt- �mayt
<Row Kota d4617 maṛty-) to turn over (<i>tr.</i>; stone, log, sleeping person), push away (charcoal from funeral burning-place)> maṛty-�
<Row Kota d4617 maṛty go·l churning stick> maṛty go�l
<Row Kota d4617 maki·r- (makrc-) (tree) is unrooted and falls; ?> maki�r- �makrc-�
<Row Kota d4617 maki·r- (makarc-) (tree) is unrooted and falls; ?> maki�r- �makarc-�
<Row Kota d4617 makaḷc- (makaḷc-) to disobey (command), break (oath, promise)> makaḷc- �makaḷc-�
<Row Kannada d4617 magur̤ (magur̤d-) to turn round (<i>intr.</i>), be turned upside down, return, turn back, recede, retreat, happen or do again> maguṛ̆ �maguṛ̆d-�
<Row Kolami d4617 maguḍ- (maguṭ-) > maguḍ- �maguṭ-�
<Row Konda d4617 mak- (-t-) to turn over (as a stone), turn upside down, (BB 1972 also) dig. <i>> mak- �-t-�
<Row Kuwi d4617 meg- (-t-) to fall down or off, (tree) to fall> meg- �-t-�
<Row Kuwi d4617 mekh'nai to outroot> mekʰ�nai
<Row Tam d4618 makir̤ (-v-, -nt-) to rejoice, exult, forget oneself in joy, bubble up in boiling, drink; <i>n.</i> joy, exhilaration, intoxication from liquor, toddy> makiṛ̆ �-v-� -nt-�
<Row Mal d4625 maṅkacci (pl. maṅkayar) a young, playful woman, a coquette. <i>> maŋkacci �pl� maŋkayar�
<Row Tam d4627 macaṅku (macaṅki-) to become dull, lose lustre> macaŋku �macaŋki-�
<Row Tam d4628 māy (-pp-, -tt-) to grind and sharpen> māy �-pp-� -tt-�
<Row Kolami d4628 may- (mayt-) id> may- �mayt-�
<Row Parji d4628 mayp- (mayt-) id> mayp- �mayt-�
<Row Parji d4628 maykip- (maykit-) to rub> maykip- �maykit-�
<Row Gadaba d4628 mayp- (mayt-) to sharpen> mayp- �mayt-�
<Row betul d4628 masol (ṭōngī) > masol �ṭōngī�
<Row Toda d4630 moζ id> mo�
<Row Konda d4639 manzi (pl. -k) husked rice> manzi �pl� -k�
<Row Toda d4641 moζ id> mo�
<Row Kota d4642 mi·l > mi�l
<Row Toda d4642 mi·s̱ > mi�s̱
<Row Pengo d4642 mal (pl. -ku) > mal �pl� -ku�
<Row Manda d4642 mel (pl. -ke) > mel �pl� -ke�
<Row Tam d4644 maṭakku (maṭakki-) to engage as a servant, secure for oneself as an article or cargo> maṭakku �maṭakki-�
<Row Toda d4644 moḍx- (moḍxy-) to keep lover (of either man or woman; not of Todas)> moḍx- �moḍxy-�
<Row Tam d4645 maṭaṅku (maṭaṅki-) to become bent as the arm or leg, be shut, closed or folded as a knife or table, be inflected, deflected, refracted, bent out of place, bend, turn as a road or river, turn about, be repeated, be twisted, distorted as a limb, be diminished, shrink, submit, yield, surrender, be humbled, tamed, be decreased in force, be stopped, hindered, be turned off, diverted (as weapons), be refuted; <i>n.</i> suppression, control> maṭaŋku �maṭaŋki-�
<Row Tam d4645 maṭakku (maṭakki-) to bend as the arms or knees, draw in, fold, shut (as a knife), double, deflect, turn, turn about, turn back, repeat, subdue, restrain, hinder, tame, humble, counteract, wear round the waist (as a garment); <i>n.</i> bend, crook, flexure, corner, inflexion, deflexion, refraction, turn, fold, folding, curb, check, rebuff, repetition, recurrence, zigzag course> maṭakku �maṭakki-�
<Row Tam d4645 maṭali (-pp-, -tt-) to bend double> maṭali �-pp-� -tt-�
<Row Tam d4645 maṭi (-v-, -nt-) to be bent, folded, turned down, lapped in, be turned as an edge or point, roll or waver, shrink, contract; (-pp-, -tt-) to fold as the arms, fold up (as cloth or paper), shut up (as a folding knife), turn down, turn in, curl, trample down, throw into confusion; <i>n.</i> crease in the abdomen, belly, stomach, waist, lap, fold as in a paper, fold in cloth wrapped round the waist answering for a pocket, udder (esp. of a cow), submission, ruin, loss, lie, falsehood, turn, time> maṭi �-v-� -nt-�
<Row Tam d4645 maṭivi (-pp-, -tt-) to blunt as the edge of an instrument> maṭivi �-pp-� -tt-�
<Row Kota d4645 maṛk- (maṛky-) to fold (<i>tr.</i>), subdue, make to obey> maṛk- �maṛky-�
<Row Toda d4645 moṛy- (moṛc-) to fold neatly or properly (<i>intr., tr.</i>; garment, cane loop)> moṛy- �moṛc-�
<Row Toda d4645 moṛx- (moṛxy-) to bend (<i>intr.</i>), be defeated in argument, fall on evil days> moṛx- �moṛxy-�
<Row Toda d4645 moṛk- (moṛky-) to fold (<i>tr.</i>), bend, defeat in argument> moṛk- �moṛky-�
<Row Toda d4645 moḍk- (moḍky-) to defeat in argument> moḍk- �moḍky-�
<Row Toda d4645 moṛy- (moṛs-) to have foot-and-mouth disease> moṛy- �moṛs-�
<Row Kodagu d4645 maḍak- (maḍaki-) to fold (<i>tr.</i>)> maḍak- �maḍaki-�
<Row Parji d4645 maḍkip- (maḍkit-) to fold, roll up. <i>> maḍkip- �maḍkit-�
<Row Tam d4647 maṭavaḷ; maṭavār women; fools> maṭavaḷ� maṭavār
<Row Tam d4648 maṭamaṭa (-pp-, -tt-) to gurgle, rattle> maṭamaṭa �-pp-� -tt-�
<Row Kota d4648 maṛv- (maṛd-) (water) boils and bubbles. DED 3799> maṛv- �maṛd-�
<Row Kuwi d4650 k. m. bānanga eyelash> k� m� bānanga
<Row Tam d4652 maṭi (-v-, -nt-) to be indolent, inactive, sleep, be dispirited, droop (as the head or sheaves of grain), wither; <i>n.</i> sloth, idleness, indolence, lazy person, bending down (as sheaf of paddy)> maṭi �-v-� -nt-�
<Row Tam d4652 maṭaṅku (maṭaṅki-) to be indolent, inactive> maṭaŋku �maṭaŋki-�
<Row Parji d4652 maḍ- (maṭṭ-) id. <i>> maḍ- �maṭṭ-�
<Row Tam d4653 maṭi (-v-, -nt-) to perish, be destroyed, die; (-pp-, -tt-) to kill, destroy; <i>n.</i> ruin, loss, damage> maṭi �-v-� -nt-�
<Row Tam d4653 maṭivi (-pp-, -tt-) to kill> maṭivi �-pp-� -tt-�
<Row Tam d4653 maṭakku (maṭakki-) to destroy, kill> maṭakku �maṭakki-�
<Row Tam d4657 maṭu (-pp-, -tt-) to take food or drink, devour; cause to eat or drink, feed> maṭu �-pp-� -tt-�
<Row Tam d4657 maṇṭu (maṇṭi-) to eat and drink greedily> maṇṭu �maṇṭi-�
<Row Kota d4657 maṇḍ- (maṇḍy-) (calf) becomes accustomed to suckle> maṇḍ- �maṇḍy-�
<Row Toda d4657 moḍ- (moḍy-) (buffalo) allows calf to suck> moḍ- �moḍy-�
<Row Kota d4660 maṭm (obl. maṭt-) level place; all> maṭm �obl� maṭt-�
<Row Kota d4661 maṭm (obl. maṭt-) inferiority> maṭm �obl� maṭt-�
<Row Kui d4664 maṭa (maṭi-) to sow broadcast; <i>n.</i> broadcast sowing. <i>> maṭa �maṭi-�
<Row sunkar d4664 maṭ- (-it-) to sow. DED(S) 3815> maṭ- �-it-�
<Row bisam d4664 maṭ- (-it-) to sow. DED(S) 3815> maṭ- �-it-�
<Row Toda d4666 er-moḷṇ (obl. er-moḷt-) id. (cf. 2552 Ta.iravu)> er-moḷṇ �obl� er-moḷt-�
<Row Tam d4667 maṇa (-pp-, -nt-) to be united, mingled, come together, happen, be fixed, attached, shine, wed, copulate with, live in company with, embrace> maṇa �-pp-� -nt-�
<Row Tam d4668 maṇa (-pp-, -nt-) to emit fragrance> maṇa �-pp-� -nt-�
<Row Irula d4671 maṇi (-t-) to talk, speak> maṇi �-t-�
<Row Kota d4671 mayṇ- (maṇc-) to talk, scold, abuse> mayṇ- �maṇc-�
<Row Tam d4673 maṭaṅku (maṇi -forms)> maṭaŋku �maṇi
<Row OIA d4673 maṇibandha- (bandha- translates> maṇibandʰa- �bandʰa
<Row Kota d4674 maṇe·v the office of monegar> maṇe�v
<Row Kota d4674 maṇye·v the office of monegar> maṇye�v
<Row Kota d4674 maṇe·ga·rn monegar> maṇe�ga�rn
<Row Kota d4674 maṇye·ga·rn monegar> maṇye�ga�rn
<Row Toda d4674 moṇyxo·ṟn government-appointed representative of the tribe> moṇyxo�ṟn
<Row Tam d4677 maṭaṅku (maṇi -forms)> maṭaŋku �maṇi
<Row Tam d4680 maṇṭu (maṇṭi-) to blaze up, glow> maṇṭu �maṇṭi-�
<Row Tam d4680 maṭu (-pp-, -tt-) to kindle> maṭu �-pp-� -tt-�
<Row Gondi d4680 (Voc </i> 2745)> ��oc
<Row Kui d4680 mṛahpa (mṛaht-) to consume by fire, burn; <i>n.</i> destruction by fire> mṛahpa �mṛaht-�
<Row Tam d4681 maṇṭu (maṇṭi-) to be close together, crowded, pressed, throng, abound, move swiftly, grow vehement, increase, become excessive, be fascinated, charmed, engrossed, thrust in, press upon, close in, attack; <i>n.</i> pressing, thronging, plenty, abundance> maṇṭu �maṇṭi-�
<Row Tam d4681 maṭu (-pp-, -tt-) to gore, pierce, thrust, unite, join> maṭu �-pp-� -tt-�
<Row Tam d4684 maṇṇu (maṇṇi-) to bathe, perform ablutions, immerse oneself completely as in water; wash (<i>tr.</i>), clean by washing, smear, anoint> maṇṇu �maṇṇi-�
<Row Tam d4685 maṇṇu (maṇṇi-) to do, make, perform, adorn, beautify, decorate, polish, perfect, finish> maṇṇu �maṇṇi-�
<Row Tam d4685 maṉai (-v-, -nt-) to make, create, form, fashion, shape> maṉai �-v-� -nt-�
<Row Tam d4687 mata (-pp-, -tt-) to be furious as by must or fanaticism, be luxuriant or fruitful, grow fat, be wanton or lascivious, be intoxicated, be arrogant, be bewildered; <i>n.</i> (alsomatavu) strength, beauty, excess, abundance, ignorance> mata �-pp-� -tt-�
<Row Tam d4687 matar (-pp-, -tt-) to flourish, be fertile, rich or luxuriant, be too luxuriant to be productive (as soil, plants, etc.), be affected with frenzy as a bull or elephant, be self-conceited, arrogant, rejoice, be full of joy, increase, abound; <i>n.</i> pride, arrogance, self-conceit, wantonness, joy, abundance, rush, gust, impulse, bravery> matar �-pp-� -tt-�
<Row Tam d4687 matāḷi (-pp- -tt-) to thrive, flourish, be luxuriant, rich, be too luxuriant to be productive as plants, soil, etc> matāḷi �-pp- -tt-�
<Row Tam d4687 mati (-pp-, -tt-) to be haughty, be furious> mati �-pp-� -tt-�
<Row Kodagu d4687 madi- (madip- > madi- �madip
<Row Kodagu d4687 madic-) (animal) is lustful of the female, (elephant) is in must> madic-�
<Row Kui d4693 maduṛkā (pl.) red ants. <i>> maduṛkā �pl��
<Row Toda d4694 meQf marriage of people other than Todas> me�f
<Row Malto d4695 máthgi Bassia latifolia DED 3842> mátʰgi �assia latifolia
<Row Mal d4696 Sardinia </i>, used as manure. DED 3843> �ardinia
<Row Kota d4699 mandi·r grass sleeping-mat> mandi�r
<Row Kota d4699 mandi·rg grass sleeping-mat> mandi�rg
<Row Pengo d4704 may (pl. -ku) breast, teat> may �pl� -ku�
<Row Manda d4704 may (pl. -ke) id> may �pl� -ke�
<Row Tam d4706 maya (-pp-, -nt-) to mistake, misunderstand> maya �-pp-� -nt-�
<Row Tam d4706 mayakku (mayakki-) to bewilder, confuse, puzzle, mystify, fascinate, allure, charm, mix up, unite, ruin, destroy, disturb, unsettle, make one swoon; <i>n.</i> (alsomayakkam) mental delusion, stupor, bewilderment, aberration of mind as from ignorance, fascination, etc., spiritual ignorance, mistaken knowledge, misunderstanding, giddiness, unconsciousness, coma, confusion, mixture, laziness> mayakku �mayakki-�
<Row Tam d4706 mayaṅku (mayaṅki-) to be confused, bewildered, be charmed, allured, be intoxicated, be changed in one's mind or body, be ruined, desolated, be distressed, be disturbed, tossed about (as the sea), be in doubt, be overwhelmed with anxiety, be mixed up, resemble, be crowded together, be engaged in a fight, lose one's senses, be in a state of disorder or confusion, become unconscious> mayaŋku �mayaŋki-�
<Row Tam d4706 mayar (-v-, -nt-) to be bewildered, confused, lose consciousness, be fatigued, tired, wonder; <i>n.</i> bewilderment> mayar �-v-� -nt-�
<Row Tam d4706 maiyā (-pp-, -tt-) to be perplexed> maiyā �-pp-� -tt-�
<Row Tam d4706 macakku (macakki-) to charm, bewitch, confuse, perplex> macakku �macakki-�
<Row Tam d4706 macaṅku (macaṅki-) to become confused, be doubtful> macaŋku �macaŋki-�
<Row Toda d4706 mo·št- (mo·šty-) to be in rut> mo�št- �mo�šty-�
<Row Toda d4706 mïn ušt- (ušty-) (female) is passionate and arouses passion> mɨn ušt- �ušty-�
<Row Kodagu d4706 me·k- (me·ki-) to mix thoroughly> me�k- �me�ki-�
<Row Kodagu d4706 me·ŋg- (me·ŋgi-) id> me�ŋg- �me�ŋgi-�
<Row Kota d4707 mi·r hair, feathers> mi�r
<Row Toda d4707 mi·r hair. ?> mi�r
<Row Parji d4709 merpip- (merpit-) > merpip- �merpit-�
<Row Parji d4709 mercip- (mercit-) to rub another with the hand. <i>> mercip- �mercit-�
<Row Gadaba d4709 marup- (marut-) to rub (oil, etc.) on another. <i>> marup- �marut-�
<Row Gondi d4709 marehtàlle to apply (<i>Voc.</i> 2724). DEDS 766> mareht�lle
<Row Tam d4711 maram (in cpds. marattu-) tree, wood, timber> maram �in cpds� marattu-�
<Row Kota d4711 marm (obl. mart-) tree> marm �obl� mart-�
<Row Toda d4711 me·ṇ (obl. me·ṇt-) id> me�ṇ �obl� me�ṇt-�
<Row Kolami d4711 ma·k (pl. ma·kul) id> ma�k �pl� ma�kul�
<Row Parji d4711 meri (pl. merkul) id. <i>> meri �pl� merkul�
<Row Gadaba d4711 marin (pl. markil) > marin �pl� markil�
<Row salur d4711 māren (pl. markīl) id. <i>> māren �pl� markīl�
<Row Konda d4711 maran (pl. marak) id> maran �pl� marak�
<Row Pengo d4711 mar (pl. -ku) id> mar �pl� -ku�
<Row Manda d4711 mar (pl. -ke) id> mar �pl� -ke�
<Row Kui d4711 mrahunḍi (pl. mrahka) > mrahunḍi �pl� mrahka�
<Row sunkar d4711 mārnu (pl. mārka) > mārnu �pl� mārka�
<Row Kuwi d4711 marnu (pl. marka) > marnu �pl� marka�
<Row Tam d4711 maram (in cpds. marattu-) tree, wood, timber> maram �in cpds� marattu-�
<Row Kota d4711 marm (obl. mart-) tree> marm �obl� mart-�
<Row Toda d4711 me·ṇ (obl. me·ṇt-) id> me�ṇ �obl� me�ṇt-�
<Row Kolami d4711 ma·k (pl. ma·kul) id> ma�k �pl� ma�kul�
<Row Parji d4711 meri (pl. merkul) id. <i>> meri �pl� merkul�
<Row Gadaba d4711 marin (pl. markil) > marin �pl� markil�
<Row salur d4711 māren (pl. markīl) id. <i>> māren �pl� markīl�
<Row Konda d4711 maran (pl. marak) id> maran �pl� marak�
<Row Pengo d4711 mar (pl. -ku) id> mar �pl� -ku�
<Row Manda d4711 mar (pl. -ke) id> mar �pl� -ke�
<Row Kui d4711 mrahunḍi (pl. mrahka) > mrahunḍi �pl� mrahka�
<Row sunkar d4711 mārnu (pl. mārka) > mārnu �pl� mārka�
<Row Kuwi d4711 marnu (pl. marka) > marnu �pl� marka�
<Row Tam d4713 Barringtonia racemosa </i>; small Indian oak, <i>> �arringtonia racemosa
<Row Tam d4713 B. acutangula </i>; common cadamba> �� acutangula
<Row Tam d4713 Anthocephalus cadamba; marā-maram sal tree; pipal> �ntʰocepʰalus cadamba� marā-maram
<Row Tam d4715 fem. maruki cross nephews and nieces> fem� maruki
<Row Tam d4715 maru-makaḷ; maru-makkaḷ cross nephews and nieces> maru-makaḷ� maru-makkaḷ
<Row Kodagu d4715 mommo·vëⁿ grandson> mommo�vəⁿ
<Row Kodagu d4715 mom-mo·va granddaughter> mom-mo�va
<Row Tulu d4715 fem. marmāḷů > fem� marmāḷɯ
<Row Toda d4717 ma·ṟ side (a ma·ṟthat side, etc.;öṛ ma·ṟleft side;pas̱ ma·ṟright side;ï ma·ṟmboth sides;o ma·ṟhalf [lit. one side];tada(m) ma·ṟseparately [see 3162])> ma�ṟ
<Row Kannada d4718 Terminalia </i> species, esp> �erminalia
<Row Kuwi d4718 T. tomentosa </i> var. <i>> �� tomentosa
<Row Tam d4719 maruntu (in cpds. maruttu-) medicine> maruntu �in cpds� maruttu-�
<Row Parji d4719 merud (pl. merdul) medicine. <i>> merud �pl� merdul�
<Row Kannada d4721 maruva Lagerstroemia flos reginae a timber tree> maruva �agerstroemia flos reginae
<Row Tulu d4721 marva L. reginae. [L. FlosReginae Retz. = <i>> marva �� reginae� ��� �los�eginae
<Row Tulu d4721 L. reginae </i> Roxb.] DEDS 768> �� reginae
<Row Tam d4722 maruvu (maruvi-) to combine, join together, be united in affection, arise, be evolved (as a custom), appear, come near, approach, embrace, adopt, accept, follow, become accustomed to, have sexual intercourse with, meditate upon, encase, set (as a jewel); <i>n.</i> combining, following, embracing> maruvu �maruvi-�
<Row Tam d4722 meccu (mecci-) to praise, extol, flatter, esteem, admire greatly, wonder; <i>n.</i> approbation, commendation> meccu �mecci-�
<Row Tam d4722 meyccu (meycci-) to praise, extol, flatter, esteem, admire greatly, wonder; <i>n.</i> approbation, commendation> meyccu �meycci-�
<Row Mal d4722 merikkam = marukkam > merikkam � marukkam
<Row Kota d4722 mec- (mec-) to praise> mec- �mec-�
<Row Kodagu d4722 mecc- (mecci-) to be pleased> mecc- �mecci-�
<Row Parji d4722 mercip- (mercit-) to teach. <i>> mercip- �mercit-�
<Row Gadaba d4722 marip- (marit-) to teach> marip- �marit-�
<Row salur d4722 mary- (mariy-) id., be habituated. <i>> mary- �mariy-�
<Row Konda d4722 marzi- (-t-) to learn> marzi- �-t-�
<Row Konda d4722 mars- (-t-) to teach, train (as bullocks yoked to the plough)> mars- �-t-�
<Row Pengo d4722 mah- (mast-) to learn, become accustomed> mah- �mast-�
<Row Kui d4722 māspa (māst-) to break in cattle, train cattle to the plough> māspa �māst-�
<Row Kui d4722 mrāspa (mrāst-) to train, break in> mrāspa �mrāst-�
<Row Kui d4722 mrīha (mrīhi-) to be content with, bear with, tolerate, settle down in a place. <i>> mrīha �mrīhi-�
<Row Kui d4722 mrīsa (mrīsi-) to be content with, bear with, tolerate, settle down in a place. <i>> mrīsa �mrīsi-�
<Row Kuwi d4722 mrih'nai to tame, teach> mrih�nai
<Row Kuwi d4722 mrīh- (-t-) to practise; love. ?> mrīh- �-t-�
<Row Kurux d4722 maṛnā (maṇḍcas) (animals) stay habitually in a certain place. ?> maṛnā �maṇḍcas�
<Row Tam d4723 maruḷ (maruḷv-, maruṇṭ-) to be confused, bewildered, deluded, be afraid, be timid, wonder, be similar; <i>n.</i> bewilderment of mind, confusion, ignorance, delusion, illusion, wonder, intoxication, madness, toddy, imp. devil, possession as by a spirit> maruḷ �maruḷv-� maruṇṭ-�
<Row Tam d4723 maruṭṭu (maruṭṭi-) to entice, fascinate, infatuate, bewitch, threaten, menace, cause to be changed, resemble, allure, coax, cheat; <i>n.</i> threatening, enticing> maruṭṭu �maruṭṭi-�
<Row Tam d4723 varuṭṭu (varuṭṭi-) to charm, fascinate> varuṭṭu �varuṭṭi-�
<Row Toda d4723 marïḷ o·x- to lose one's senses> marɨḷ o�x
<Row Kannada d4723 maruḷ&lt;-&gt; tana state of being bewildered, mad, etc> maruḷ�lt�-�gt� tana
<Row Kannada d4723 maruḷu&lt;-&gt; tana state of being bewildered, mad, etc> maruḷu�lt�-�gt� tana
<Row Tulu d4723 fem. marladi; marka fainting, dejection, languor> fem� marladi� marka
<Row Pk d4723 marula- = bhūta- DED(S) 3866> marula- � bʰūta
<Row Tam d4729 malar (-v-, -nt-) to abound, become full> malar �-v-� -nt-�
<Row Tam d4729 mali (-v-, -nt-) to abound, be plentiful, be full, increase, be proud, become large, swell, spread, expand> mali �-v-� -nt-�
<Row Tam d4729 malir (-v-, -nt-) to flood, come frequently> malir �-v-� -nt-�
<Row Tam d4729 malku (malki-) to increase, abound, grow, flourish> malku �malki-�
<Row Toda d4729 mas̱ fo·r- (fod-) (child) is delivered (-k, to a woman)> mas̱ fo�r- �fod-�
<Row Toda d4729 mas̱ foṛ- (foṭ-) to bring forth (-k, a child)> mas̱ foṛ- �foṭ-�
<Row Tulu d4729 fem. mallāḷů > fem� mallāḷɯ
<Row Kodagu d4730 mallaŋ go·ḷi cock> mallaŋ go�ḷi
<Row salur d4734 maṇ- (maṇḍ-) to turn back> maṇ- �maṇḍ-�
<Row Gadaba d4734 maṇp- (maṇup-) id. <i>> maṇp- �maṇup-�
<Row Gondi d4734 (Voc </i> 2752)> ��oc
<Row Kodagu d4735 malaŋg- (malaŋgi-) to lie down, neglecting work> malaŋg- �malaŋgi-�
<Row Kolami d4735 maŋg- (maŋkt-) to sleep, have sexual intercourse> maŋg- �maŋkt-�
<Row Pengo d4735 mag- (makt-) to lie, sleep> mag- �makt-�
<Row Pengo d4735 mak- (-t-) to cause to lie, fell (tree). <i>> mak- �-t-�
<Row Kuwi d4735 meg- (-it-) to fall down, fall off> meg- �-it-�
<Row Tam d4736 malaṅku (malaṅki-) to be agitated, turbid, confused, shake, move, tremble (as the eyes), perish> malaŋku �malaŋki-�
<Row Tam d4736 malakku (malakki-) to bewilder, disturb, confuse> malakku �malakki-�
<Row Tam d4736 malai (-v-, -nt-) to be staggered, be doubtful or confused; (-pp-, -tt-) id., be amazed; afflict, distress> malai �-v-� -nt-�
<Row Tam d4736 milai (-pp-, -tt-) to be bewildered> milai �-pp-� -tt-�
<Row Kolami d4736 melg- (melekt-) to shake> melg- �melekt-�
<Row Kolami d4736 melp- (melept-) id. (<i>tr.</i>)> melp- �melept-�
<Row Kolami d4736 melgip- (melgipt-) id. (<i>tr.</i>)> melgip- �melgipt-�
<Row Kui d4737 mrāu (pl. mrānga) eel. <i>> mrāu �pl� mrānga�
<Row Tam d4739 malar (-v-, -nt-) to open as a flower, bloom, be expanded, extended or spread, be cheerful, beam with joy, be wide open as a gate, (<i>lex.</i>) appear, rise to view; (-pp-, -tt-) to cause to flower; <i>n.</i> full-blown flower, blossom> malar �-v-� -nt-�
<Row Tam d4739 malarttu (malartti-) to cause to flower, open out (as closed hand or umbrella)> malarttu �malartti-�
<Row Mal d4739 tr. malarttuka; malarcca expanding> tr� malarttuka� malarcca
<Row Tam d4740 malar (-pp-, -tt-) to turn the face or mouth upward (as a pot)> malar �-pp-� -tt-�
<Row Tam d4740 malarttu (malartti-) to throw on one's back as in wrestling> malarttu �malartti-�
<Row Tam d4740 mallā (-pp-, -nt-) to fall or lie on the back> mallā �-pp-� -nt-�
<Row Tam d4740 mallār (-v-, -nt-) to fall or lie on the back> mallār �-v-� -nt-�
<Row Tam d4740 mallāttu (mallātti-) to make a person or thing to lie on the back> mallāttu �mallātti-�
<Row Kodagu d4740 male- (malev-, maland-) to turn face upward> male- �malev-� maland-�
<Row Kodagu d4740 mala- (malap-, malat-) id> mala- �malap-� malat-�
<Row Kodagu d4740 malat- (malati-) id> malat- �malati-�
<Row Kodagu d4740 mala·ra outstretched with face upward> mala�ra
<Row Tam d4741 malai (-v-, -nt-) to oppose, fight against, wrangle, dispute; (-pp-, -tt-) to fight, go to war, become unfriendly; <i>n.</i> occupation of war> malai �-v-� -nt-�
<Row Kota d4742 mal a·ṛ high downs on western half of Nilgiri plateau> mal a�ṛ
<Row Toda d4742 mas̱ o·ṛ id> mas̱ o�ṛ
<Row Kolami d4742 ma·le > ma�le
<Row Gadaba d4742 mare (pl. marel) hillock> mare �pl� marel�
<Row salur d4742 māre (pl. mārel) hill> māre �pl� mārel�
<Row Kurux d4743 mal'ā not (when the negation falls on one single word which is being opposed to another word); no> mal�ā
<Row Malto d4743 mal- (past mall-) to be not. ?> mal- �past mall-�
<Row OIA d4744 see Burrow </i> 7.155 f. (1979/1981). DED(S) 3884> see �urrov
<Row OIA d4744 Indologica Taurinensia </i> 7.155 f. (1979/1981). DED(S) 3884> �ndologica �aurinensia
<Row Tam d4746 ma·k beauty> ma�k
<Row Tam d4746 ma·km (obl. ma·kt-) beauty> ma�km �obl� ma�kt-�
<Row Tam d4748 mar̤i (-pp-, -tt-) to shave, esp. the head> maṛ̆i �-pp-� -tt-�
<Row Kota d4748 maṇ- (mayṇḍ-) to shave. DED 3888> maṇ- �mayṇḍ-�
<Row Kurux d4749 massā ṭong'e a large kind of axe> massā ṭong�e
<Row Tam d4750 mar̤uku (mar̤uki-) to become blunt, be dim or obscure> maṛ̆uku �maṛ̆uki-�
<Row Tam d4750 mar̤uṅku (mar̤uṅki-) to be blunt or dull (as an edge or point), be obscured, be deprived of lustre or glory, fade, disappear, be lost, become dull in feeling, lose keenness of intellect, be dim, obscure (as the sun or moon in an eclipse or behind a cloud)> maṛ̆uŋku �maṛ̆uŋki-�
<Row Tam d4750 mar̤ukku (mar̤ukki-) to blunt, dull, obscure as lustre or glory, deprive the intellect of its keenness> maṛ̆ukku �maṛ̆ukki-�
<Row Tam d4750 makku (makki-) to die, perish, become dull, decay as fruits, moulder, be spoiled as by dampness; <i>n.</i> sluggishness, doltishness, ignorant person, dullard> makku �makki-�
<Row Tam d4750 maṅku (maṅki-) to grow less, diminish, become dim (as light or eyesight), grow pale, lose lustre, become obscured (as splendour), decline in prosperity, decay, be ruined, die, perish; <i>n.</i> ruin, loss> maŋku �maŋki-�
<Row Kota d4750 mag- (magy-) (light) becomes less, lose colour (e.g. withering flower), (face) become ugly (through smallpox, etc.)> mag- �magy-�
<Row Kota d4750 maŋg- (maŋgy-) (light) becomes less, lose colour (e.g. withering flower), (face) become ugly (through smallpox, etc.)> maŋg- �maŋgy-�
<Row Kota d4750 mak- (maky-) to fall into unconsciousness> mak- �maky-�
<Row Toda d4750 mak Qoṯ- (Qoṯy-) to become senseless> mak �oṯ- ��oṯy-�
<Row Tam d4751 mar̤ukku (mar̤ukki-) to beat, pound, hull by pounding (as paddy)> maṛ̆ukku �maṛ̆ukki-�
<Row Tam d4752 mar̤uppu (mar̤uppi-) to put off, protract, delay as in coming to a decision; deceive> maṛ̆uppu �maṛ̆uppi-�
<Row Tam d4752 macaku (macaki-) to linger, loiter, hang about designedly, hesitate, be undecided> macaku �macaki-�
<Row Tam d4752 macamaca (-pp-, -tt-) to be slow and indecisive> macamaca �-pp-� -tt-�
<Row Pengo d4754 mṛag- (mṛakt-) in:> mṛag- �mṛakt-�
<Row Pengo d4754 caus. mṛak- (-t-) > caus� mṛak- �-t-�
<Row Kui d4754 malga (malgi-) to be prone, fall flat on the face> malga �malgi-�
<Row yavatmal d4756 maṛso (pl. -rk) husband> maṛso �pl� -rk�
<Row Tam d4760 maṛa (-pp-, -nt-) to forget, neglect, disregard, put an end to, give up> maṛa �-pp-� -nt-�
<Row Tam d4760 maṟai (-v-, -nt-) to be hidden, shrouded, disappear, recede (as from sight); (-pp-, -tt-) to hide, conceal, cover, shelter, protect; <i>n.</i> concealment, secret, disguise, refuge, fraud> maṟai �-v-� -nt-�
<Row Kota d4760 marv- (mard-) to forget, be forgotten> marv- �mard-�
<Row Kota d4760 marc- (marc-) to keep secret in mind, (grief) comes to end, cause (someone's grief) to come to an end> marc- �marc-�
<Row Toda d4760 maṟ- (maṟQ-) to forget> maṟ- �maṟ�-�
<Row Toda d4760 maṟf o·y no·ł̣ xö·ṛ second funeral (lit. funeral on day when he vanishes; see <i>TGT</i> VII.6.7)> maṟf o�y no�ł̣ xø�ṛ
<Row Toda d4760 maṟ pï·x- to make (lit. go to) an ordinary funeral> maṟ pɨ�x
<Row Toda d4760 maṟp pï·x- to make (lit. go to) an ordinary funeral> maṟp pɨ�x
<Row Toda d4760 pa·maṟp o·x- to be dead and gone (forpa·, see 3999)> pa�maṟp o�x
<Row Kodagu d4760 mara- (marap-, marand-) to forget> mara- �marap-� marand-�
<Row Kolami d4760 mad- (matt-) to forget> mad- �matt-�
<Row Gadaba d4760 meyikp- (meyikt-) to make to go astray, make to roam> meyikp- �meyikt-�
<Row mandla d4760 maksahtānā (tr.) > maksahtānā �tr��
<Row Gondi d4760 (Voc </i> 2676)> ��oc
<Row Kui d4760 mrānga (mrāngi-) to be lost, mislaid; <i>n.</i> loss> mrānga �mrāngi-�
<Row Kui d4760 mrāpka (&lt; mrāk-p-; mrākt-) to lose, obliterate; <i>n.</i> losing, obliterating. <i>> mrāpka ��lt� mrāk-p-� mrākt-�
<Row sunkar d4760 jāŋg- (-it-) > jāŋg- �-it-�
<Row Kuwi d4760 jāŋg- (-it-) to be lost> jāŋg- �-it-�
<Row Kuwi d4760 jāk- (-h-) to lose> jāk- �-h-�
<Row Tam d4761 maṟaṅku (maṟaṅki-) to be bewildered, confused> maṟaŋku �maṟaŋki-�
<Row Tam d4761 maṟi (-v-, -nt-) to be turned upside down, return, recede, turn back, retreat, fall down; bend, rise up as a wave, be twisted, go about often, walk to and fro; (-pp-, -tt-) to turn about, return, turn upside down, upset, repeat, double> maṟi �-v-� -nt-�
<Row Tam d4761 maṟuku (maṟuki-) to whirl, go about often, wander, be bewildered, confused, be unsteady, unsettled, be distressed> maṟuku �maṟuki-�
<Row Tam d4761 maṟukali (-pp-, -tt-) to return, relapse (as a disease)> maṟukali �-pp-� -tt-�
<Row Tam d4761 maṟukkaḷi (-pp-, -tt-) to return, relapse (as a disease)> maṟukkaḷi �-pp-� -tt-�
<Row Tam d4761 makkaḷi (-pp-, -tt-) to return, relapse (as a disease)> makkaḷi �-pp-� -tt-�
<Row Kota d4761 mayr- (marc-) (tree) falls; pull up by the roots> mayr- �marc-�
<Row Kota d4761 marṇ- (marḍ-) to overturn (<i>intr.</i>), roll over once or end over end> marṇ- �marḍ-�
<Row Kota d4761 marṭ- (marṭy-) to overturn by levering> marṭ- �marṭy-�
<Row Toda d4761 maṟy- (maṟs-) to fall (tree, wall), (teeth) fall out, (horn) is broken; (maṟc-) to fell (tree), pull down, take (honey) from comb> maṟy- �maṟs-�
<Row Kodagu d4761 mari- (mariv-, mariñj-) to roll (<i>intr.</i>, in lying position), overflow, go up (steps of house, as bride does); (marip-, maric-) to roll (<i>tr.</i>, in lying position)> mari- �mariv-� mariñj-�
<Row Konda d4761 maṟ- (maRt-) to turn> maṟ- �ma�t-�
<Row Konda d4761 maR- (-t-) id> ma�- �-t-�
<Row Pengo d4761 maz- (mast-) to turn (<i>intr.</i>), turn round, return; turn into, be transformed into> maz- �mast-�
<Row Pengo d4761 mah- (mast-) to turn round, turn over (<i>tr.</i>); turn into, transform> mah- �mast-�
<Row Kui d4761 mabga (&lt; mag-b-; magd-) to grovel, wallow, roll on the ground, roll upon, overlay> mabga ��lt� mag-b-� magd-�
<Row Kuwi d4761 mar- (-h-) (Su.) to creep, crawl, (Isr.) lie down flat> mar- �-h-�
<Row Kolami d4762 maran (pl. -sil or> maran �pl� -sil
<Row Kolami d4762 marndal (pl. ᵒdasil) mother's brother's daughter> marndal �pl� ᵒdasil�
<Row Gondi d4762 marṇḍū (pl. -r) male cross-cousin> marṇḍū �pl� -r�
<Row Kuwi d4762 mrāndesi (pl. mrāndinga) > mrāndesi �pl� mrāndinga�
<Row Tam d4763 maṟalu (maṟali-) to oppose, give fight, kill> maṟalu �maṟali-�
<Row betul d4764 marrī (pl. mark) > marrī �pl� mark�
<Row mandla d4764 marrī (pl. mark) > marrī �pl� mark�
<Row mandla d4764 marrī (pl. mark) > marrī �pl� mark�
<Row muria d4764 marr (pl. mark) > marr �pl� mark�
<Row Konda d4764 maṟin (pl. -ku) son> maṟin �pl� -ku�
<Row Kui d4764 mrīenju (pl. mrīka) son> mrīenju �pl� mrīka�
<Row Kui d4764 mṛāga (pl. -ska) daughter. <i>> mṛāga �pl� -ska�
<Row Kuwi d4764 miresi (pl. mirka) son> miresi �pl� mirka�
<Row sunkar d4764 mir'esi (pl. mirka) son> mir�esi �pl� mirka�
<Row Kuwi d4764 māŋga (pl. māska) daughter> māŋga �pl� māska�
<Row Tam d4765 maṟu (-pp-, -tt-) to refuse, deny, disown, object, check, contradict, confute, refute, put away, reject> maṟu �-pp-� -tt-�
<Row Tam d4765 maṟutali (-pp-, -tt-) to deny, disavow, contradict> maṟutali �-pp-� -tt-�
<Row Tam d4765 maṟi (-v-, -nt-) to be checked, arrested; (-pp-, -tt-) to stop, detain, arrest, check> maṟi �-v-� -nt-�
<Row Mal d4766 fem. maṟṟavaḷ the other> fem� maṟṟavaḷ
<Row Kolami d4766 ma·r (? mar) tolli day after tomorrow> ma�r �� mar� tolli
<Row Konda d4766 maRsa the following (referring to time), e.g> ma�sa
<Row Konda d4766 m. nāṇḍu next day> m� nāṇḍu
<Row chanda d4767 marror (pl. marrohk) black mole (<i>Voc.</i> 2737)> marror �pl� marrohk�
<Row Tam d4768 maṟuku (maṟuki-) to be ground into a paste as sandalwood. <i>> maṟuku �maṟuki-�
<Row Konda d4769 maṟg- (-it-) to burn, (water) to boil, (body) to burn with heat. DED(S) 3905> maṟg- �-it-�
<Row Parji d4772 medi (pl. medul) id. <i>> medi �pl� medul�
<Row Konda d4772 maRka id> ma�ka
<Row Konda d4772 maRka maran mango tree> ma�ka maran
<Row Kui d4772 maha'a mango. <i>> maha�a
<Row sunkar d4772 mah'a > mah�a
<Row Kodagu d4776 maneka·rë man of a house> maneka�rə
<Row Tam d4777 maṉṟu (maṉṟi-) to fine, punish> maṉṟu �maṉṟi-�
<Row Kota d4777 mandm (obl. mandt-) meeting> mandm �obl� mandt-�
<Row Toda d4777 moḏ (obl. moṟt-) locus of tribal activity, including village with dairy, dairy apart from village, and funeral place; patrilineal clan> moḏ �obl� moṟt-�
<Row Tam d4778 maṉṉu (maṉṉi-) to be permanent, endure, remain long, stay, persevere, be steady> maṉṉu �maṉṉi-�
<Row Parji d4778 men- (mend-, mett-) to be, stay. <i>> men- �mend-� mett-�
<Row Gadaba d4778 man- (may-, maṭ-) id> man- �may-� maṭ-�
<Row salur d4778 man- (manḍ-, manj-, mey-) to be. <i>> man- �manḍ-� manj-� mey-�
<Row betul d4778 mandānā (matt-) > mandānā �matt-�
<Row adil d4778 mandānā (matt-) > mandānā �matt-�
<Row mandla d4778 mandānā (matt-) > mandānā �matt-�
<Row mandla d4778 mandānā (matt-) > mandānā �matt-�
<Row Konda d4778 man- (maR-) to be, (BB also) stay, dwell> man- �ma�-�
<Row Pengo d4778 man- (mac-) to be> man- �mac-�
<Row Manda d4778 man- (mac-) id> man- �mac-�
<Row Kui d4778 manba (mas-) to be, exist, remain, abide; <i>n.</i> state of being, existing, act of remaining or abiding. <i>> manba �mas-�
<Row sunkar d4778 man- (macc-) to be> man- �macc-�
<Row bisam d4778 man- (macc-) to be> man- �macc-�
<Row Kuwi d4778 manjali (mac-) to remain> manjali �mac-�
<Row Kuwi d4778 mannai (macc-) to be> mannai �macc-�
<Row Kuwi d4778 man- (mac-) to remain, exist, stay; <i>aux. vb.</i> to be> man- �mac-�
<Row Kurux d4778 mannā (mańjas) to become, come off, result, be, turn out to be, be in appearance, act as if, behave as though, be abundant, amount to> mannā �mańjas�
<Row Brah d4778 manning (mar- <i>past</i>> manning �mar
<Row Brah d4778 mass-) to become, be> mass-�
<Row Kota d4780 ma·v id> ma�v
<Row Toda d4780 mo·f id> mo�f
<Row Kodagu d4780 ma·ŋuññi <i>n.pr.</i> bull in mythology (&lt;ma·nï kuññi; see 1646)> ma�ŋuññi
<Row betul d4780 mau (pl. mauk) > mau �pl� mauk�
<Row Kui d4780 māju (pl. mānga) elk. <i>> māju �pl� mānga�
<Row sunkar d4780 māyu (pl. māŋa) > māyu �pl� māŋa�
<Row bisam d4780 māyu (pl. māŋa) > māyu �pl� māŋa�
<Row Kota d4781 ma·ŋgma·ŋgn (of the eyes) blurred from looking at an object for a long time, (of a colour) not a pure primary colour> ma�ŋgma�ŋgn
<Row Toda d4782 mo·fïn bum mango fruit> mo�fɨn bum
<Row Toda d4782 mo·fïn me·ṇ mango tree> mo�fɨn me�ṇ
<Row Kodagu d4782 ma·ŋge id. Te> ma�ŋge
<Row Kolami d4782 ma·nḍi mango fruit> ma�nḍi
<Row Kota d4783 ma·c id> ma�c
<Row Kodagu d4783 ma·tï id> ma�tɨ
<Row Pengo d4788 māk- (-t-) to bake (bread)> māk- �-t-�
<Row Pengo d4788 māŋ- (māŋt-) to bake (bread)> māŋ- �māŋt-�
<Row Pengo d4788 māŋg- (māŋt-) to bake (bread)> māŋg- �māŋt-�
<Row Kui d4788 māka (māki-) to bake or roast by wrapping in leaves and placing on hot ashes or stones. <i>> māka �māki-�
<Row Kuwi d4788 māk- (-it-) to roast in fire, cook food wrapping it in leaves> māk- �-it-�
<Row Kui d4789 māja (māji-) to become ripe after plucking. <i>> māja �māji-�
<Row Kuwi d4789 māca tuh'nai to ripen> māca tuh�nai
<Row Kuwi d4789 māh- (-t-) to ripen (<i>tr.</i>; bananas). DED(S) 3925> māh- �-t-�
<Row Kolami d4791 ma·s man> ma�s
<Row Kolami d4791 ma·sal (pl. ma·sasil) > ma�sal �pl� ma�sasil�
<Row Konda d4791 māsi (pl. -r) husband> māsi �pl� -r�
<Row Konda d4791 mē-mari (pl. mē-marŋu) husband (formar(i), see 4764)> mē-mari �pl� mē-marŋu�
<Row Kota d4792 ma·c dirt on face, hands, or body> ma�c
<Row Kodagu d4792 ma·j- (ma·ji-) (clothes) become soiled> ma�j- �ma�ji-�
<Row Kodagu d4792 ma·ji soiled clothes> ma�ji
<Row Kuwi d4792 māh- (-it-) to become dirty> māh- �-it-�
<Row Kuwi d4792 māh- (-it-) to be dirty> māh- �-it-�
<Row Kuwi d4795 māj- (-it-) (Su. Ṭ.) to become stale, (Isr.) get spoiled (food), smell bad. DEDS 776> māj- �-it-�
<Row Kodagu d4796 ma·ḍi upper story> ma�ḍi
<Row Kolami d4796 ma·ḍi upper story of a building> ma�ḍi
<Row Kodagu d4796 ma·ḍi upper story> ma�ḍi
<Row Kolami d4796 ma·ḍi upper story of a building> ma�ḍi
<Row Kota d4797 ma·ṭm (<i>obl.</i>ma·ṭt-) fashion of doing things, action, wonderful thing> ma�ṭm
<Row Kota d4797 ma·ṛ- (ma·ṛy-) to do, act (&lt; Badaga)> ma�ṛ- �ma�ṛy-�
<Row Toda d4797 soty mo·ḍ- to swear an oath (&lt; Badaga)> soty mo�ḍ
<Row Kodagu d4797 ma·ḍ- (ma·ḍi-) to do> ma�ḍ- �ma�ḍi-�
<Row Kodagu d4797 ma·ḍï burned clearing in jungle where grain is grown> ma�ḍɨ
<Row Kota d4798 ma·ṛ senseless beast (cattle, buffalo, then applied to man)> ma�ṛ
<Row Toda d4798 ma·ṛ in:> ma�ṛ
<Row Toda d4798 mo·f ma·ṛ deer and other jungle animals. DED 3932> mo�f ma�ṛ
<Row Toda d4800 mo·ṭoṇm (<i>obl.</i>mo·ṭoṇt-) sorcery that kills> mo�ṭoṇm
<Row Tam d4801 māṭṭu (māṭṭi-) to kindle (as fire), light (as a lamp), burn, put in or thrust (as fuel)> māṭṭu �māṭṭi-�
<Row Kota d4801 ma·ṭ- (ma·c-) to make (fire) burn> ma�ṭ- �ma�c-�
<Row Toda d4801 mo·ṭ- (mo·ṭy-) to put fuel on fire. <i>> mo�ṭ- �mo�ṭy-�
<Row Tam d4802 māṭṭu (māṭṭi-) to fasten on, buckle, tackle, hook, fix, attach, use, bring into play, grasp, comprehend, be proficient in, be able, be competent, have the necessary strength; (mod. Ta., auxiliary only in negative) will not; <i>n.</i> a mode of construction in verse> māṭṭu �māṭṭi-�
<Row Kui d4802 māṭpa (māṭt-) to prepare a load, bind up a load for carrying. <i>> māṭpa �māṭt-�
<Row Kui d4802 māṛpa (māṛt-) to prepare a load, bind up a load for carrying. <i>> māṛpa �māṛt-�
<Row Kuwi d4802 dakki māth'nai foundation> dakki mātʰ�nai
<Row Kuwi d4802 māṭ- (-h-) to begin> māṭ- �-h-�
<Row Tam d4803 māṇ (māṇp-, māṇṭ-) to become excellent, glorious, be good, worthy, be full, abundant, be great; <i>n.</i> greatness, glory, splendour, excellence, dignity> māṇ �māṇp-� māṇṭ-�
<Row Manda d4804 māṇ- (mānṭ-) id> māṇ- �mānṭ-�
<Row Kui d4804 māṛa (māṛi-) to heal over, be healed (sore). <i>> māṛa �māṛi-�
<Row Kuwi d4804 māṛ- (-it-) id. (<i>intr.</i>). DED(S) 3938> māṛ- �-it-�
<Row Kuwi d4806 mṇāhu (pl. mṇāska) thorny bamboo. From DED(S) 3929; (Kur.māsis another pronunciation ofbã̄s&lt; IA; Pfeiffer 1972)> mṇāhu �pl� mṇāska�
<Row Kui d4807 mānḍa (mānḍi-) to have a fixed intention, intend; aim at, desire, wish; <i>pl. action</i>> mānḍa �mānḍi-�
<Row Kui d4807 māṭka (māṭki-) > māṭka �māṭki-�
<Row Kuwi d4807 māṇḍ- (-it-) to marry. ? <i>> māṇḍ- �-it-�
<Row Kota d4808 ma·daḷm sp. lemon> ma�daḷm
<Row Kota d4808 ma·daḷ ga·y sp. lemon> ma�daḷ ga�y
<Row Toda d4810 mo·Qyxn low-caste man (&lt; Badaga> mo��yxn
<Row Gadaba d4810 any low-caste man) > any lov-caste man�
<Row Naiki d4810 madig (pl. -er) man of the sweeper caste> madig �pl� -er�
<Row Naiki d4810 fem. madigra > fem� madigra
<Row Tam d4811 māntu (mānti-) to be ruined, perish, die, be extinct> māntu �mānti-�
<Row Kodagu d4812 ma·nd- (ma·ndi-) to scratch. DED 3944> ma�nd- �ma�ndi-�
<Row Kota d4813 ma·mn = Ta> ma�mn
<Row Kota d4813 māmaṉ; ma·ym = Ta> māmaṉ� ma�ym
<Row Kota d4813 me·m = Ta> me�m
<Row Toda d4813 māmaṉ; mimy = Ta> māmaṉ� mimy
<Row Toda d4813 māmi; mo·mn (in a song; probably &lt; Ta.)> māmi� mo�mn
<Row Toda d4813 mo·my = mun (in a song; probably &lt; Ta.)> mo�my � mun
<Row Kodagu d4813 ma·vën = Ta> ma�vən
<Row Kodagu d4813 māmaṉ; ma·viⁿ = Ta> māmaṉ� ma�viⁿ
<Row Kolami d4813 ma·mak (voc. ma·ma) mother's brother, father-in-law> ma�mak �voc� ma�ma�
<Row Kolami d4813 ma·mi <i>voc.</i> of> ma�mi
<Row Tam d4814 māy (-v-, -nt-) to hide, vanish, perish, be annihilated, terminated, die, become lustreless as the setting sun, forget; (-pp-, -tt-) to hide, kill, destroy, put an end to> māy �-v-� -nt-�
<Row Kota d4814 ma·nj- (ma·nj-) to keep secret in one's mind; (menstruation) ceases at menopause> ma�nj- �ma�nj-�
<Row Kota d4814 ma·ym (<i>obl.</i>ma·yt-) disappearance> ma�ym
<Row Toda d4814 mo·ζ- (mo·j-) to hide (news, information, secret)> mo��- �mo�j-�
<Row Kodagu d4814 ma·yaⁿ disappearance> ma�yaⁿ
<Row Parji d4814 māypip- (māypit-) to lose. <i>> māypip- �māypit-�
<Row Gadaba d4814 māyŋp- (māyŋt-) to lose. <i>> māyŋp- �māyŋt-�
<Row Konda d4814 māp- (-t-) to exterminate> māp- �-t-�
<Row sunkar d4817 rā- (-t-) to come to an end, be finished (&lt;*mrā-); rāp- (-h-)to finish. DEDS(N) 780> rā- �-t-�
<Row Kota d4818 ma·r (obl. ma·r, ma·ṯ-) id> ma�r �obl� ma�r� ma�ṯ-�
<Row Kota d4818 ma·rap covering shoulders with cloak and holding it in front with both hands> ma�rap
<Row Toda d4818 mo·r chest, breast (in songs)> mo�r
<Row Toda d4818 mo·ṟ chest, breast (in songs)> mo�ṟ
<Row Kodagu d4818 ma·rï id> ma�rɨ
<Row adil d4820 mārel (pl. -k) wing> mārel �pl� -k�
<Row chanda d4820 mārel (pl. mārehk) feather> mārel �pl� mārehk�
<Row betul d4820 māṛē (pl. -hk) long feather> māṛē �pl� -hk�
<Row durg d4820 mārek (pl. -iŋ) > mārek �pl� -iŋ�
<Row maria d4820 māre (pl. -ŋ) wing> māre �pl� -ŋ�
<Row muria d4820 mārek (pl.) wings> mārek �pl��
<Row muria d4820 marahk (pl.) feathers (<i>Voc.</i> 2801)> marahk �pl��
<Row Tam d4822 māl (mālv-, māṉṟ-) to be confused, perturbed; <i>n.</i> illusion, delusion, aberration of mind, dullness, stupor, confusion, desire, love, lust> māl �mālv-� māṉṟ-�
<Row Tam d4822 māṉ (māṉv-, māṉṟ-) to be doubtful, be confused> māṉ �māṉv-� māṉṟ-�
<Row Telugu d4824 fem. māladi > fem� māladi
<Row Toda d4825 malf- (malt-) (buffalo) looks sideways before charging> malf- �malt-�
<Row Tam d4827 malai (-v-, -nt-) to wear, put on (as a garland); (J. Filliozat, <i>Journal asiatique</i> 251.272 [1963], queries the existence of a Ta. verbmalaiin this sense)> malai �-v-� -nt-�
<Row Tam d4827 milai (-v-, -nt-) to wear, put on (as a garland); (J. Filliozat, <i>Journal asiatique</i> 251.272 [1963], queries the existence of a Ta. verbmalaiin this sense)> milai �-v-� -nt-�
<Row Kodagu d4827 ma·le necklace, dewlap, jungle cock's ruff of neck-feathers> ma�le
<Row Naikri d4828 māl (pl. māḍḷ) pod or fruit of leguminous plants. DED 3955> māl �pl� māḍḷ�
<Row Kota d4829 mayt; may paṭy Badaga village> mayt� may paṭy
<Row Toda d4829 ma·f Badaga man> ma�f
<Row Toda d4829 ma· mox Badaga boy. DED(N) 3956> ma� mox
<Row Tam d4830 mār̤ku (mār̤ki-) to be bewildered, fascinated, be spoiled or lost, grow lazy> māṛ̆ku �māṛ̆ki-�
<Row Tam d4830 mār̤ā (-pp-, -nt-) to be fascinated, be confused, bewildered, fade, become dim> māṛ̆ā �-pp-� -nt-�
<Row Tam d4831 māḷ (māḷv-, māṇṭ-) to die, perish, be exhausted, expended or finished> māḷ �māḷv-� māṇṭ-�
<Row Tam d4831 māṭṭu (māṭṭi-) to kill, destroy, remove, cause to disappear> māṭṭu �māṭṭi-�
<Row Tam d4831 maṭku (maṭki-) to be dim, deprived of lustre, glory, or brilliance, lose strength, be destroyed> maṭku �maṭki-�
<Row Kuwi d4831 mṇeṅg- (-it-) to die out, be destroyed> mṇeŋg- �-it-�
<Row Kuwi d4831 mṇek- (-h-) to destroy completely, erase. DED 3958> mṇek- �-h-�
<Row Kodagu d4832 ma·li long hole (e.g. of rat or jackal)> ma�li
<Row Tam d4834 māṟu (māṟi-) to become changed, exchanged, altered, reversed, be cured, be corrected, have a change of residence, retreat (as showing one's back), become false, sell, exchange (as goods), barter, deny; <i>n.</i> mutation, change, enmity, hostility, anything that disagrees or is unsuitable, death, birth, recompense, return, reply, contrariety, contradiction, change or substitute (as of a garment), alternative> māṟu �māṟi-�
<Row Tam d4834 māṟṟu (māṟṟi-) to change, alter, rectify, convert, cure, set right, dispel, relieve, remove, derange, change or alter for the worse, repel, expel, hinder, prevent, deny, refuse, destroy, cancel, repeal, change (as money), exchange, barter, traffic, trade, shift, transfer, be interrupted, fail (as rains), detain; <i>n.</i> changing, removal, destruction, barter, exchange, sale, clothes freshly washed, similarity, resemblance> māṟṟu �māṟṟi-�
<Row Kota d4834 ma·r- (ma·ry-) to change (<i>intr.</i>), (sun) sets, sell> ma�r- �ma�ry-�
<Row Kota d4834 ma·raṭm (<i>obl.</i>ma·raṭt-) sale> ma�raṭm
<Row Kota d4834 ma·t- (ma·ty-) to change (<i>intr., tr.</i>)> ma�t- �ma�ty-�
<Row Kota d4834 ma·ṯa·v white clothes> ma�ṯa�v
<Row Kota d4834 ma·nt word, language> ma�nt
<Row Toda d4834 mo·ṟ- (mo·ṟy-) to change (<i>intr.</i>), sell> mo�ṟ- �mo�ṟy-�
<Row Toda d4834 mo·ṟy seller> mo�ṟy
<Row Toda d4834 mo·ṯ- (mo·ṯy-) to change (way, path)> mo�ṯ- �mo�ṯy-�
<Row Toda d4834 mo·ṯof (<i>obl.</i>mo·ṯot-) beautiful clothes, beauty (given by god to cock)> mo�ṯof
<Row Toda d4834 mo·t- (mo·ty-) to change (clothes)> mo�t- �mo�ty-�
<Row Toda d4834 mo·t change; words, speech (in songs)> mo�t
<Row Toda d4834 mo·ṯ equality (e.g. of two lines of sitting persons)> mo�ṯ
<Row Kannada d4834 fem. mātugārti; mātugāṟike loquacity> fem� mātugārti� mātugāṟike
<Row Kodagu d4834 ma·r- (ma·ri-) to sell> ma�r- �ma�ri-�
<Row Kodagu d4834 ma·t- (ma·ti-) to change> ma�t- �ma�ti-�
<Row Konda d4834 māṟ- (-it-) to barter, exchange> māṟ- �-it-�
<Row Kui d4834 māska (māski-) to exchange; <i>n.</i> exchange. <i>> māska �māski-�
<Row sunkar d4834 māsk- (-it-) to exchange. (The Kui and Kuwi forms are <i>pl. action.</i>) DED(S, N) 3960> māsk- �-it-�
<Row Tam d4836 māṟṟu (māṟṟi-) to conceal, hide> māṟṟu �māṟṟi-�
<Row Kui d4836 mārga (mārgi-) to hide, conceal oneself, take cover; <i>n.</i> concealment of oneself, taking cover> mārga �mārgi-�
<Row Kurux d4836 mā̃ṛnā (maṇḍyas) to intercept from view, hide away from sight, bury. ?> mā̃ṛnā �maṇḍyas�
<Row Tam d4838 miku (mikuv-, mikk-) to exceed, surpass, be in excess, grow, increase, swell, be doubled (a letter), crowd, be great, excellent, be superior, remain, be left over, be superfluous, be self-conceited, arrogant; (-pp-, -tt-) to augment, make large, excel, surpass, increase, regard with pride; <i>adj.</i> great> miku �mikuv-� mikk-�
<Row Tam d4838 mikuttu (mikutti-) to save, spare, leave over> mikuttu �mikutti-�
<Row Tam d4838 miñcu (miñci-) to exceed, surpass, transgress, increase, become proud, be elevated; <i>n.</i> excess> miñcu �miñci-�
<Row Tam d4838 viñcu (viñci-) to excel, surpass, be excessive> viñcu �viñci-�
<Row Mal d4838 mikuka (mikk-) to surpass, abound, be foremost> mikuka �mikk-�
<Row Kota d4838 mik- (miky-) to be left over, be saved from death> mik- �miky-�
<Row Kota d4838 mikc- (mikc-) to save (money, life)> mikc- �mikc-�
<Row Toda d4838 mik- (miky-) to be left over, remain> mik- �miky-�
<Row Toda d4838 mixc- (mixč-) to save, put by> mixc- �mixč-�
<Row Toda d4838 misx- (misxy-) to pollute dairy by transgressing rules> misx- �misxy-�
<Row Kannada d4838 migu (mikk-) to grow great, abundant or excessive, exceed, grow more or larger, superabound, be in excess, be over and above, remain over, be left as a remnant, remain, go beyond, surpass> migu �mikk-�
<Row Kodagu d4838 miñj- (miñji-) to be left over, remain (of things)> miñj- �miñji-�
<Row Konda d4838 mis- (-t-) to increase, excel> mis- �-t-�
<Row Kota d4839 mick- (micky-) to yield to importunity> mick- �micky-�
<Row Toda d4839 misx- (misxy-) to move (<i>intr.</i>) slightly upward from position, budge> misx- �misxy-�
<Row Toda d4839 misk- (misky-) to lift slightly from ground> misk- �misky-�
<Row Tam d4841 mettu (metti-) to abound, increase; ?> mettu �metti-�
<Row Tam d4841 mita (-pp-, -nt-) to float, rise high in the sky, be in abundance, excess> mita �-pp-� -nt-�
<Row Toda d4841 mi·s small part cut from each portion of calf at sacrifice> mi�s
<Row Kodagu d4841 mi·da on top> mi�da
<Row Kodagu d4841 mi·di offering to a god> mi�di
<Row Konda d4841 miˀ eRanḍ from above> miˀ e�anḍ
<Row Tam d4842 micai (-v-, -nt-) to eat as a meal, taste, enjoy, experience; <i>n.</i> food, boiled rice> micai �-v-� -nt-�
<Row Parji d4845 miḍkip- (miḍkit-) to blink the eyes> miḍkip- �miḍkit-�
<Row Kurux d4845 miṭka'ānā to wink, blink> miṭka�ānā
<Row OIA d4845 *miṭṭ- DED(S, N) 3969> �miṭṭ
<Row Tam d4846 miṇṭu (miṇṭi-) to be hard, be exultant, vain, join battle, talk harshly or arrogantly; <i>n.</i> strength, bravery, courage; fault, crime, mischief; vulgar talk, vulgarity, presumptuous speech> miṇṭu �miṇṭi-�
<Row Kota d4846 miṇḍ- (miṇḍy-) to refuse to obey or listen; kick> miṇḍ- �miṇḍy-�
<Row Tam d4848 mīṭṭu (mīṭṭi-) to fillip the strings of a lute, etc., play on the lute> mīṭṭu �mīṭṭi-�
<Row Parji d4848 miṭkip- (miṭkit-) id. <i>> miṭkip- �miṭkit-�
<Row Tam d4849 miṭai (-v-, -nt-) to be distressed> miṭai �-v-� -nt-�
<Row Kolami d4850 miṭ- (miṭt-) to leap> miṭ- �miṭt-�
<Row Kolami d4850 miṭ- (miṭt-) to leap> miṭ- �miṭt-�
<Row Tam d4853 miṭai (-v-, -nt-) to weave as a mat, etc> miṭai �-v-� -nt-�
<Row gowda d4853 mEḍi plait. <i>> m�ḍi
<Row Parji d4854 mettaḍ (? meṭṭaḍ) id. <i>> mettaḍ �� meṭṭaḍ�
<Row Tam d4856 miṇumiṇu (-pp-, -tt-) to mumble, speak with a low reiterated sound, murmur as a secret, utter incantations> miṇumiṇu �-pp-� -tt-�
<Row Tam d4856 muṇamuṇa (-pp-, -tt-) to mutter, murmur> muṇamuṇa �-pp-� -tt-�
<Row Tam d4856 muṇumuṇu (-pp-, -tt-) to mutter, murmur> muṇumuṇu �-pp-� -tt-�
<Row Tam d4856 muṇaṅku (muṇaṅki-) to speak in a suppressed tone, mutter in a low tone, murmur> muṇaŋku �muṇaŋki-�
<Row Tam d4856 muṉaṅku (muṉaṅki-) to mutter, murmur, grumble, moan> muṉaŋku �muṉaŋki-�
<Row Tam d4856 muṉaku (muṉaki-) to mutter, murmur, grumble, moan> muṉaku �muṉaki-�
<Row Tam d4856 mir̤aṟṟu (mir̤aṟṟi-) to prattle as a child, speak softly> miṛ̆aṟṟu �miṛ̆aṟṟi-�
<Row Tam d4856 mar̤aṟu (mar̤aṟi-) to be indistinct as speech> maṛ̆aṟu �maṛ̆aṟi-�
<Row Tam d4857 miṇṭu (miṇṭi-) to try, lift as with a lever, thrust, uproot, push, force forward> miṇṭu �miṇṭi-�
<Row Kodagu d4858 muṇḍïga·rë paramour> muṇḍɨga�rə
<Row Tam d4861 miti (-pp-, -tt-) to tread on, tread down, trample on, insult, dishonour, rush or dash against, attack as the door of a fort; <i>n.</i> treading, tread, step in a tank or well, treadle of a weaver's loom, food trampled and formed into a ball, walking, gait> miti �-pp-� -tt-�
<Row Kodagu d4861 mey- (meyv-, meyñj-) (paddy) becomes well pounded or cleaned; (meyp-, meyc-) to pound (paddy)> mey- �meyv-� meyñj-�
<Row sunkar d4861 med- (-it-) to put down foot> med- �-it-�
<Row Kolami d4863 mind- (mint-) to bury> mind- �mint-�
<Row mandla d4865 mingānā (n not> mingānā �n
<Row Tam d4866 mir̤uṅku (mir̤uṅki-) a gulp, swallow> miṛ̆uŋku �miṛ̆uŋki-�
<Row Tam d4866 consume; vir̤ukku a gulp, swallow> consume� viṛ̆ukku
<Row Tam d4866 mur̤untu (mur̤unti-) to swallow> muṛ̆untu �muṛ̆unti-�
<Row Kota d4866 miŋg- (miŋgy-) to swallow> miŋg- �miŋgy-�
<Row Kodagu d4866 mugg- (muggi-) id> mugg- �muggi-�
<Row Naiki d4866 miŋg- (miŋkt-) id. <i>> miŋg- �miŋkt-�
<Row Konda d4866 ṛiŋ- (-it-) > ṛiŋ- �-it-�
<Row Pengo d4869 mṛi- (-t-) to become evening> mṛi- �-t-�
<Row sunkar d4869 mil'oṛa > mil�oṛa
<Row Kuwi d4869 min'oṇi twilight. DEDS 787> min�oṇi
<Row Tam d4870 miḷir (-v-, -nt-) to be upset, turned topsy-turvy; (-pp-, -tt-) to roll (<i>tr.</i>), turn over, upset. ? <i>> miḷir �-v-� -nt-�
<Row Parji d4870 milkip- (milkit-) to overturn (<i>tr.</i>); ?> milkip- �milkit-�
<Row Parji d4870 biljip- (biljit-) to make to fall on the back> biljip- �biljit-�
<Row Kui d4870 mlinga (mlingi-) to be turned over, turn on the side> mlinga �mlingi-�
<Row Kui d4870 milpa (milt- to overturn, change over, turn over> milpa �milt
<Row Kui d4870 miṭ-) to overturn, change over, turn over> miṭ-�
<Row Kui d4870 mlīva (mlīt-) to be changed, transformed; <i>n.</i> transformation. <i>> mlīva �mlīt-�
<Row Kuwi d4870 milh'nai to invert> milh�nai
<Row Kuwi d4870 milph'nai to invert> milpʰ�nai
<Row Kuwi d4870 mṛi- (-t-) to change into (horse, etc.)> mṛi- �-t-�
<Row Kuwi d4870 mṛip- (-h-) id> mṛip- �-h-�
<Row Tam d4871 miḷir (-v-, -nt-) to roll (as the eyes), jump, leap> miḷir �-v-� -nt-�
<Row Telugu d4871 melãcu; melapu to conduct, lead, manage; (K. also) <i>n.</i> mannerly behaviour, skill> melãcu� melapu
<Row Tam d4872 miḷir (-v-, -nt-) to become famous; <i>n.</i> greatness> miḷir �-v-� -nt-�
<Row Tam d4875 miṟai (-pp-, -tt-) to oppress, harass; suffer, be afflicted; <i>n.</i> fear, trouble, torment> miṟai �-pp-� -tt-�
<Row Tam d4876 miṉṉu (miṉṉi-) to emit lightning, shine, glitter> miṉṉu �miṉṉi-�
<Row Tam d4876 miṉuṅku (miṉuṅki-) to glitter, shine, appear bright> miṉuŋku �miṉuŋki-�
<Row Tam d4876 miṉukku (miṉukki-) to polish, brighten, beautify, make a display> miṉukku �miṉukki-�
<Row Kota d4876 minc- (minc-) to flash, glitter, be dazzling, lighten> minc- �minc-�
<Row Kota d4876 mi·n star> mi�n
<Row Toda d4876 mic- (mič-) to flash, lighten> mic- �mič-�
<Row Toda d4876 mi·n star> mi�n
<Row Kodagu d4876 minn- (minni-) to lighten, flicker> minn- �minni-�
<Row Tulu d4876 miṇ&lt;-&gt; kuni to shine, sparkle, glitter> miṇ�lt�-�gt� kuni
<Row Tulu d4876 miṇu&lt;-&gt; kuni to shine, sparkle, glitter> miṇu�lt�-�gt� kuni
<Row sunkar d4876 mṇih- (mṇist-) to lighten> mṇih- �mṇist-�
<Row Kuwi d4876 mṇīh- (mṇīst-) id., glitter> mṇīh- �mṇīst-�
<Row Kuwi d4876 mrih'nai to sparkle> mrih�nai
<Row Toda d4878 mi·y- (mi·d-) to bathe (used of the priest of the ti·, i.e. the most sacred grade of dairy)> mi�y- �mi�d-�
<Row Kannada d4878 mīyu (mind-, mīd-) to take a bath, bathe; cause to bathe, wash, bathe, pour over (the body); <i>n.</i> bath> mīyu �mind-� mīd-�
<Row Parji d4878 mī- (mīñ-) to bathe. <i>> mī- �mīñ-�
<Row Manda d4878 mī- (-t-) to bathe> mī- �-t-�
<Row Kui d4878 mīva (mīt-) to lave, bathe or anoint oneself, be anointed or spattered; <i>n.</i> act of bathing> mīva �mīt-�
<Row Kui d4878 mīspa (mīst-) to bathe, wash (another); <i>n.</i> act of bathing> mīspa �mīst-�
<Row Kui d4878 musa (musi-) to wash the head. <i>> musa �musi-�
<Row sunkar d4878 mī- (-t-) to bathe> mī- �-t-�
<Row Kuwi d4878 mīt- (-h-) to give bath> mīt- �-h-�
<Row Kota d4879 mi·c moustache> mi�c
<Row Toda d4879 mi·s id> mi�s
<Row Kodagu d4879 mi·se id> mi�se
<Row Telugu d4879 mīsamu (pl. mīsamulu, mīsalu) moustache, whiskers> mīsamu �pl� mīsamulu� mīsalu�
<Row Kolami d4879 mi·sal (pl.) moustache> mi�sal �pl��
<Row seoni d4879 misal (pl. -ku) id. (<i>Voc.</i> 2857). <i>> misal �pl� -ku�
<Row Konda d4879 mēsamku (pl.) id> mēsamku �pl��
<Row Kurux d4879 miśī (pl. miśā) moustache. Cf. also Santali> miśī �pl� miśā�
<Row Kui d4880 mīnja (mīnji-) to attack, charge, rush or pounce upon; <i>n.</i> attack> mīnja �mīnji-�
<Row Kui d4880 neut. mīnjori > neut� mīnjori
<Row Kuwi d4880 mīnj- (-it-) to rob> mīnj- �-it-�
<Row Kuwi d4880 mīnj- (-it-) to take by force> mīnj- �-it-�
<Row Kuwi d4880 mīh- (-t-) to take by force> mīh- �-t-�
<Row Pengo d4881 mṛīnj- (mṛīnc-) to punch, press> mṛīnj- �mṛīnc-�
<Row Toda d4882 mi·ṛ- (mi·ṛy-) to drive (buffaloes) on migration> mi�ṛ- �mi�ṛy-�
<Row Toda d4882 me·ṛ- (me·ṛy-) to drive (buffaloes) on migration> me�ṛ- �me�ṛy-�
<Row Tam d4883 mīḷ (mīḷv-, mīṇṭ-) to return, disappear, vanish, be cured as of a disease, be rescued, redeemed, liberated, pass beyond; (mīṭp-, mīṭṭ-) to liberate, extricate, release, bring back, recover, remove, cause to disappear, redeem, restore, rescue, chew the cud> mīḷ �mīḷv-� mīṇṭ-�
<Row Tam d4883 mīṭṭu (mīṭṭi-) to cause to return, save> mīṭṭu �mīṭṭi-�
<Row Kota d4883 mi·ṇ- (mi·ṇḍ-) to escape> mi�ṇ- �mi�ṇḍ-�
<Row Kota d4883 mi·ṇḍ- (mi·ṇḍy-) to escape> mi�ṇḍ- �mi�ṇḍy-�
<Row Kota d4883 mi·ṇṭ- (mi·ṇṭy-) to make to escape> mi�ṇṭ- �mi�ṇṭy-�
<Row Kota d4883 mi·ṭ- (mi·ṭy-) to be successful in dispute or quarrel; (?) eat> mi�ṭ- �mi�ṭy-�
<Row Tam d4884 mīṟu (mīṟi-) to go beyond, exceed, transgress, violate, infringe, domineer, be in excess, remain over, be great, grow lofty as a tree, stout as a person, be haughty> mīṟu �mīṟi-�
<Row Tam d4884 vīṟu (vīṟi-) to be distinguished, pre-eminent, increase; <i>n.</i> excellence, distinction, abundance> vīṟu �vīṟi-�
<Row Kota d4884 mi·r- (mi·ry-) to be extreme in anything, (beauty) is great, refuse to heed> mi�r- �mi�ry-�
<Row Toda d4884 mi·ṟ- (mi·ṟy-) to become uncontrollable> mi�ṟ- �mi�ṟy-�
<Row Kodagu d4884 mu·r- (mu·ri- Mercara dialect> mu�r- �mu�ri
<Row Kodagu d4884 mu·ruv, mu·nd-) to disregard, disobey (one's words), be superior to, outdo> mu�ruv� mu�nd-�
<Row chanda d4884 widāna (d = ṛ) to cross over (<i>Voc.</i> 3268)> vidāna �d � ṛ�
<Row Kui d4884 mīja (mīji-) to exceed, excel, surpass, overtake, pass by, precede. DED(S) 3998> mīja �mīji-�
<Row Kota d4885 mi·n > mi�n
<Row Toda d4885 mi·n > mi�n
<Row Kodagu d4885 mi·nï > mi�nɨ
<Row Parji d4885 mīni (pl. mīnul) > mīni �pl� mīnul�
<Row Gadaba d4885 mīn (pl. mīnil) > mīn �pl� mīnil�
<Row betul d4885 mīn (Voc 2852). <i>> mīn ��oc
<Row adil d4885 mīn (Voc 2852). <i>> mīn ��oc
<Row mandla d4885 mīn (Voc 2852). <i>> mīn ��oc
<Row mandla d4885 mīn (Voc 2852). <i>> mīn ��oc
<Row muria d4885 mīn (Voc 2852). <i>> mīn ��oc
<Row Konda d4885 mīn (pl. mīnga) > mīn �pl� mīnga�
<Row Pengo d4885 min (pl. -ku) > min �pl� -ku�
<Row Manda d4885 min (pl. -ke) > min �pl� -ke�
<Row Kui d4885 mīnu (pl. mīnga) > mīnu �pl� mīnga�
<Row Kuwi d4885 mīnu (pl. mrīka) > mīnu �pl� mrīka�
<Row Kuwi d4885 mīnu (pl mīnka) > mīnu �pl mīnka�
<Row sunkar d4885 mīnu (pl. mnīka) > mīnu �pl� mnīka�
<Row bisam d4885 mīnu (pl. mnīka) > mīnu �pl� mnīka�
<Row Kuwi d4885 mṇīnu (pl. mṇīka) > mṇīnu �pl� mṇīka�
<Row Tam d4886 muka (-pp-, -nt-) smell> muka �-pp-� -nt-�
<Row Tam d4886 mukar (-v-, -nt-) smell> mukar �-v-� -nt-�
<Row Tam d4886 mūcu (mūci-) to sniff> mūcu �mūci-�
<Row Kota d4886 mu·t- (mu·yt-) to smell> mu�t- �mu�yt-�
<Row Kota d4886 ? muŋg a kiss> � muŋg
<Row Toda d4886 mu·t- (mu·ty-) to smell> mu�t- �mu�ty-�
<Row Toda d4886 mu·t act of smelling, sniffing; scent (of track)> mu�t
<Row Kodagu d4886 mu·s- (mu·si-) id> mu�s- �mu�si-�
<Row Pengo d4886 mūnj- (mūnc-) id> mūnj- �mūnc-�
<Row Kui d4886 mūnja (mūnji-) id.; <i>n.</i> act of smelling. <i>> mūnja �mūnji-�
<Row Kuwi d4886 mūnj- (-it-) to smell. ?> mūnj- �-it-�
<Row Tam d4887 muka (-pp-, -nt-) to draw (as water), bale, measure (as grain or liquid), obtain in full measure, lift, take up> muka �-pp-� -nt-�
<Row Tam d4887 mō (-pp-, -nt-) to take in a vessel (as water)> mō �-pp-� -nt-�
<Row Kota d4887 mu·v- (mu·d-) to scoop up (water) with pot> mu�v- �mu�d-�
<Row Kota d4887 mu·g clay pot in which cows are milked by priests at milk-ceremony> mu�g
<Row Toda d4887 mu· the most sacred dairy-vessel> mu�
<Row Toda d4887 aḍy mu· earthen vessel with various dairy uses, including that of fetching water from the stream> aḍy mu�
<Row Tam d4891 muki (-v-, -nt-) to end, terminate, be finished; (-pp-, -tt-) to finish, conclude, achieve, accomplish> muki �-v-� -nt-�
<Row Tam d4891 mūy (-v-, -nt-) to end> mūy �-v-� -nt-�
<Row Tam d4891 muñcu (muñci-) id> muñcu �muñci-�
<Row Toda d4891 mux- (muxQ-) (one's days) are numbered, finished> mux- �mux�-�
<Row Kui d4891 mūga (mūgi-) to be completed, terminated, accomplished; <i>n.</i> completion, accomplishment> mūga �mūgi-�
<Row Kui d4891 mūpka (&lt; mūkp-; mūkt-) to complete, finish, accomplish> mūpka ��lt� mūkp-� mūkt-�
<Row Kui d4891 mūpa (mūt-) id., succeed, be able, have power; <i>n.</i> ability> mūpa �mūt-�
<Row Kuwi d4891 mū- (-t-) to be able, sufficient> mū- �-t-�
<Row Kuwi d4891 mūˀ - (-t-) to be able> mūˀ - �-t-�
<Row maria d4892 moyol (pl. moyosk) > moyol �pl� moyosk�
<Row Tam d4893 mukir̤ (-v-, -nt-) to appear in the form of a bud; (-pp-, -tt-) to bud, put forth buds, appear, fold or close up as a flower in petals, shut as the eyes; display, cause to appear, bear, bring forth> mukiṛ̆ �-v-� -nt-�
<Row Tam d4893 kai-mmukir̤ (-pp-, -tt-) to join the palms of the hands, as in salute, prayer, etc> kai-mmukiṛ̆ �-pp-� -tt-�
<Row Tam d4893 mukir̤i (-pp-, -tt-) to fold or close up as a flower its petals, shut as the eyes> mukiṛ̆i �-pp-� -tt-�
<Row Tam d4893 mukai (-v-, -nt-; -pp-, -tt-) to bud; <i>n.</i> opening bud> mukai �-v-� -nt-� -pp-� -tt-�
<Row Tam d4893 mūr̤ (-pp-, -tt-) to close as a bud; <i>n.</i> flower-bud> mūṛ̆ �-pp-� -tt-�
<Row Tam d4893 mokkuḷi (-pp-, -tt-) to gather up> mokkuḷi �-pp-� -tt-�
<Row Kota d4893 mu·v- (mu·d-) to salute> mu�v- �mu�d-�
<Row Kota d4893 kay mu·v- to make an añjali> kay mu�v
<Row Kota d4893 movc- (movc-) (priest) prays to god for someone else, moving right hand up and down> movc- �movc-�
<Row Toda d4893 koy mux- (muxQ-) to salute> koy mux- �mux�-�
<Row Konda d4893 mūg- (-it-) to be closed> mūg- �-it-�
<Row Konda d4893 mūk- (-t-) to close> mūk- �-t-�
<Row Tam d4894 mokkuḷi (-pp-, -tt-) to bubble up> mokkuḷi �-pp-� -tt-�
<Row Kolami d4895 mo·karam nose-stud> mo�karam
<Row Tam d4896(a) mukku (mukki-) to strain as a woman in travail, make great efforts> mukku �mukki-�
<Row Kota d4896(a) muk- (muky-) to strain to deliver child, make a strenuous effort> muk- �muky-�
<Row Toda d4896(a) muk- (muky-) to grunt while defecating when constipated; hesitate> muk- �muky-�
<Row Pengo d4896(a) mūk- (-t-) to lift with effort. ?> mūk- �-t-�
<Row Tam d4896(a) mukku (mukki-) to strain as a woman in travail, make great efforts> mukku �mukki-�
<Row Kota d4896(a) muk- (muky-) to strain to deliver child, make a strenuous effort> muk- �muky-�
<Row Toda d4896(a) muk- (muky-) to grunt while defecating when constipated; hesitate> muk- �muky-�
<Row Pengo d4896(a) mūk- (-t-) to lift with effort. ?> mūk- �-t-�
<Row Tam d4897 mukku (mukki-) to eat in large mouthfuls> mukku �mukki-�
<Row Tam d4897 mokku (mokki-) to eat greedily in large mouthfuls> mokku �mokki-�
<Row Kui d4897 muka (muki-) to cast food into the mouth with the hand> muka �muki-�
<Row Kuwi d4897 buk- (-it-) to gobble, swallow> buk- �-it-�
<Row BettaKurumba d4898 1.11) mūṅgi corner> � mūŋgi
<Row adil d4900 mugus (Voc 2870)> mugus ��oc
<Row Pengo d4901 muh- (must-) to chew> muh- �must-�
<Row Kui d4901 muhpa (muht-) to munch, chew, grind the teeth. DEDS 793> muhpa �muht-�
<Row Toda d4902 mo·r id. (used only at the ti· dairy)> mo�r
<Row Kodagu d4902 mo·rï buttermilk> mo�rɨ
<Row Kodagu d4902 kaṭṭi mo·rï curd (cf. s.v. 1148 Ta.kaṭṭu)> kaṭṭi mo�rɨ
<Row Tam d4903 muci (-v-, -nt-) to be torn, be crumpled as a garment, be tired, feel discouraged; (-pp-, -tt-) to faint, become tired, be distressed, grow thin, perish> muci �-v-� -nt-�
<Row OIA d4904 *muss- (e.g> �muss
<Row Kuwi d4906 muh'iri id. DED(S) 4018> muh�iri
<Row Gadaba d4909 muñzur (z = dz) > muñzur �z � dz�
<Row Konda d4909 mūRi mucus of nose> mū�i
<Row Kota d4909 muku· snot. DED(S) 4019> muku�
<Row betul d4910 mūnj (pl. mūsk) langur monkey (female)> mūnj �pl� mūsk�
<Row Kui d4910 mūsu (pl. mūska) sp. monkey or ape. <i>> mūsu �pl� mūska�
<Row Kuwi d4910 mūhū (pl. mūska) monkey (hanuman)> mūhū �pl� mūska�
<Row sunkar d4910 muhu (pl. muska) > muhu �pl� muska�
<Row Kuwi d4910 mūhu (pl. mūska) black-faced monkey> mūhu �pl� mūska�
<Row Tam d4911 Rivea ornata </i>; clove-scented creeper, <i>> �ivea ornata
<Row Tam d4911 R. hypocrateriformis </i>; a kind of creeper> �� hypocrateriformis
<Row Tam d4911 Ipomaea candicans; mucuṇṭai leather-berried bindweed> �pomaea candicans� mucuṇṭai
<Row Kannada d4911 Argyreia speciosa </i> Sweet. DED 4021> �rgyreia speciosa
<Row Mal d4913 Bryonia scabra. [M. scabrella </i> Arn. = <i>> �ryonia scabra� ��� scabrella
<Row Mal d4913 B. scabrella </i> Linn.] DED 4023> �� scabrella
<Row Tam d4915 muccu (mucci-) to cover> muccu �mucci-�
<Row Tam d4915 mūy (-v- -nt-; mūyi-) to cover, fill, surround closely; <i>n.</i> a cover> mūy �-v- -nt-� mūyi-�
<Row Tam d4915 moy (-pp-, -tt-) to cover, enclose; ?> moy �-pp-� -tt-�
<Row Tam d4915 muyaṅku (muyaṅki-) to embrace, copulate> muyaŋku �muyaŋki-�
<Row Kota d4915 muc- (muc-) to cover> muc- �muc-�
<Row Toda d4915 müc- (müč-) to cover> myc- �myč-�
<Row Toda d4915 mücxu· lid, cover> mycxu�
<Row Kodagu d4915 mucc- (mucci-) to close> mucc- �mucci-�
<Row Parji d4915 muypip- (muypit-) to cover (another)> muypip- �muypit-�
<Row salur d4915 mūyk- (mūyt-) to close, cover> mūyk- �mūyt-�
<Row Konda d4915 mus- (-t-) to bury (as a corpse), cover (a pit), close (with lid)> mus- �-t-�
<Row Konda d4915 caus. musis- > caus� musis
<Row Pengo d4915 muc- (mucc-) to cover, bury> muc- �mucc-�
<Row Kui d4915 musa (musi-) to cover (a drum with skin or an umbrella with cloth)> musa �musi-�
<Row Kui d4915 munja (munji-) to be covered, buried> munja �munji-�
<Row Kui d4915 muspa (must-) to cover, bury; <i>n.</i> burying> muspa �must-�
<Row sunkar d4915 muh- (must-) > muh- �must-�
<Row Kuwi d4915 muh'nai to bury> muh�nai
<Row Kuwi d4915 muc- (-it-) to cover up> muc- �-it-�
<Row OIA d4916 muñja- S. sara or <i>> muñja- �� sara
<Row OIA d4916 munja. [S. arundinaceum </i> Retz. = <i>> munja� ��� arundinaceum
<Row OIA d4916 S. munja </i> Roxb. = <i>> �� munja
<Row OIA d4916 S. sara </i> Roxb.] DED 4026> �� sara
<Row Tam d4918 Premna </i>; headache tree; dusty-leaved firebrand teak; woolly-leaved firebrand teak; charcoal tree> �remna
<Row Mal d4918 muñña Premna integrifolia (the wood serves to produce fire by attrition). DED 4027> muñña �remna integrifolia
<Row Tam d4919 muṭaṅku (muṭaṅki-) to contract, become lame or maimed, bend, be spoiled; abide, remain, stay, lie down; <i>n.</i> rheumatism; lane, turning in a street> muṭaŋku �muṭaŋki-�
<Row Tam d4919 muṭakku (muṭakki-) to bend as knee, arm, etc., wind round, wrap (as one's person), cause to bend or contract, disable (as one's limbs), roof in (as a hut), cover, lie down; <i>n.</i> curve, bend, tongue corner of a winding sheet, a kind of ring> muṭakku �muṭakki-�
<Row Tam d4919 muṭavu (muṭavi-) to limp> muṭavu �muṭavi-�
<Row Tam d4919 muṇaṅku (muṇaṅki-) to be contracted, withdrawn, bent, be subject to; <i>n.</i> withdrawing, contracting, bending, shaking off drowsiness or laziness by stretching one's limbs, idleness> muṇaŋku �muṇaŋki-�
<Row Mal d4919 fem. muṭanti to become lame> fem� muṭanti
<Row Mal d4919 muṭavi; muṭaṅṅuka to become lame> muṭavi� muṭaŋŋuka
<Row Kota d4919 fem. moṛvy > fem� moṛvy
<Row Parji d4919 muḍip- (muḍit-) to make to stoop or bend. <i>> muḍip- �muḍit-�
<Row Tam d4921 muṭi (-v-, -nt-) to tie, fasten, make into a knot, put on, adorn; (-pp-, -tt-) to fasten, tie, decorate with, put on as flowers; <i>n.</i> knot, tie, tuft or coil of hair, man's hair tuft, crown of head, top as of mountain, bundle as of paddy seedlings for transplantation, noose> muṭi �-v-� -nt-�
<Row Kota d4921 muṛy a·l Toda conical dairy> muṛy a�l
<Row Tam d4922 muṭi (-v- -nt-) to end, terminate, be completed, effected, accomplished, be destroyed, perish, die; (-pp-, -tt-) to end (<i>tr.</i>), terminate, effect, accomplish, destroy> muṭi �-v- -nt-�
<Row Kota d4922 muṛc- (muṛc-) to finish (work)> muṛc- �muṛc-�
<Row Kota d4922 aṛymuṛy gey- (gec-) to overcome (someone) in a fight (foraṛy-, see 77 Ta.aṭu)> aṛymuṛy gey- �gec-�
<Row Kuwi d4922 muth'nai to complete> mutʰ�nai
<Row Kuwi d4922 muṭ- (-t-) id.; be finished. DED(S) 4031> muṭ- �-t-�
<Row Tam d4923 muṭi (-v-, -nt-) to appear, be possible, capable> muṭi �-v-� -nt-�
<Row Kota d4923 muṛy- (muṛc-) to be possible, be able. DED 4032> muṛy- �muṛc-�
<Row Kannada d4924 muḍivāḷa A. schoenanthus Linn> muḍivāḷa �� scʰoenantʰus
<Row Tulu d4924 muḍyela A. muricatus > muḍyela �� muricatus
<Row Tam d4924 muṭivār̤ai. [A. squarrosus Linn. = <i>> muṭivāṛ̆ai� ��� squarrosus
<Row Tam d4924 A. muricatus </i> Retz.] DED 4033> �� muricatus
<Row Tam d4925 muṭuku (muṭuki-) to hasten, be in haste, move quickly, become urgent, throng and surge, be strong, meet, advance against; <i>n.</i> a rapid movement in verse> muṭuku �muṭuki-�
<Row Tam d4925 muṭukku (muṭukki-) to urge, bring pressure on, drive in as a screw, drive, cause to run as a horse, set in motion, bite off hurriedly, plough, induce, urge on, feel urgently as the call of nature, increase in price, hasten; <i>n.</i> urging, pressing hard, increase (of price), dearness, strength, power, pride, arrogance stiffness of manners> muṭukku �muṭukki-�
<Row Kota d4925 muṛg- (muṛgy-) to be screwed up> muṛg- �muṛgy-�
<Row Kota d4925 muṛk- (muṛky-) to screw into place, keep (wife) in order> muṛk- �muṛky-�
<Row Tam d4927 muṭai (-v-, -nt-) to braid, plait, wattle; <i>n.</i> ola basket, umbrella of palm-leaves> muṭai �-v-� -nt-�
<Row Kota d4928 muṭa· muṛmuṛn without any reason> muṭa� muṛmuṛn
<Row Kodagu d4928 muṇḍate·ŋgi for no reason. DED 4037> muṇḍate�ŋgi
<Row Tam d4932 muṭṭu (muṭṭi-) to dash against, butt, oppose, meet, assault, attack, fight; <i>n.</i> battering, butting> muṭṭu �muṭṭi-�
<Row Kota d4932 muṭ- (muc-) to meet, harm> muṭ- �muc-�
<Row Toda d4932 muṭ- (muṭy-) to outstrip> muṭ- �muṭy-�
<Row Kodagu d4932 muṭṭ- (muṭṭi-) to bump against> muṭṭ- �muṭṭi-�
<Row Kurux d4932 muṭga'ānā to deal a heavy blow with the fist> muṭga�ānā
<Row Kurux d4932 muṭka'ānā to hit or hammer at with the fist> muṭka�ānā
<Row Tam d4933 muṭṭu (muṭṭi-) to hinder, be hindered, prevented; <i>n.</i> hindrance, obstacle, impediment, difficulty as in passing, prop, support> muṭṭu �muṭṭi-�
<Row Tam d4933 muṭakku (muṭakki-) to prevent, hinder; <i>n.</i> hindrance, delay> muṭakku �muṭakki-�
<Row Tam d4933 muṭaṅku (muṭaṅki-) to be hindered, frustrated> muṭaŋku �muṭaŋki-�
<Row Kota d4934 muṭ- (muc-) to touch (corpse at funeral)> muṭ- �muc-�
<Row Toda d4934 muṭ- (muṭy-) id> muṭ- �muṭy-�
<Row Tulu d4934 fem. muṭṭadāḷů; muṭṭuvaḷi expense, cost> fem� muṭṭadāḷɯ� muṭṭuvaḷi
<Row Kota d4937 muṭga·rn Kota economic associate with Badaga or with Kurumba (he gives tool, etc.); Kota economic associate with Toda (less formal than keḷ relationship)> muṭga�rn
<Row Tam d4938 muṭṭu (muṭṭi-) to be deficient; <i>n.</i> shortness, deficiency> muṭṭu �muṭṭi-�
<Row Kota d4941 muṭm (obl. muṭṭ- ) day when moon is not visible> muṭm �obl� muṭṭ
<Row Toda d4941 muṭ ṇo·ḷ day when moon is not visible. DED 4049> muṭ ṇo�ḷ
<Row Tam d4950 mutalu (mutali-) to commence, begin, come first, have a beginning, have as the origin, begin with> mutalu �mutali-�
<Row Tam d4950 mutir (-v-, -nt-) to precede, excel, surpass> mutir �-v-� -nt-�
<Row Toda d4950 moQïl valuable thing> mo�ɨl
<Row Konda d4950 modol (obl. modoR-) the first> modol �obl� modo�-�
<Row Toda d4951 mïQ straw (cf. 'stubble' in Tu.)> mɨ�
<Row pandh d4951 modal (pl. modasil) tree trunk> modal �pl� modasil�
<Row Pk d4952 muduga- = grāhaviśesa- DED(S) 4055> muduga- � grāhaviśesa
<Row Tam d4954 mutir (-v-, -nt-) to grow old, have the qualities of age, become mature, grow ripe> mutir �-v-� -nt-�
<Row Tam d4954 mū (-pp-, -tt-) to become old, be older than another, be senior in age; <i>n.</i> old age> mū �-pp-� -tt-�
<Row Kota d4954 fem. mudky; mutl maturity, ripeness, old age> fem� mudky� mutl
<Row Kota d4954 mut- (muty-) to become ripe, become mature or advanced in age (or with 5017)> mut- �muty-�
<Row Toda d4954 muQ old> mu�
<Row Toda d4954 muQy old> mu�y
<Row Toda d4954 muQ maw heavy rain (in song)> mu� mav
<Row Toda d4954 mut- (muty-) (child) becomes strong, (fruits) become hard and unfit for use, (potatoes) are hard and good for seed (or with 5017)> mut- �muty-�
<Row Toda d4954 mu·f- (mu·t-) to become old> mu�f- �mu�t-�
<Row Toda d4954 mu·t old age (in song)> mu�t
<Row Toda d4954 mu·tk former times (<i>ablative</i> mu·tks̱nfrom of old)> mu�tk
<Row Kannada d4954 fem. mudaki > fem� mudaki
<Row Kannada d4954 mudu (mutt-) to advance in growth, increase, become full-grown, mature, advance in years, become old; <i>n.</i> old age, etc> mudu �mutt-�
<Row Kodagu d4954 fem. mudïki; muttajjë great-grandfather> fem� mudɨki� muttajjə
<Row Kodagu d4954 mutta·y great-grandmother> mutta�y
<Row Kodagu d4954 mu·- (mu·p-, mu·t-) to grow up (in songs)> mu�- �mu�p-� mu�t-�
<Row Kodagu d4954 mu· de·vi quarrelsome, extravagant, cruel woman> mu� de�vi
<Row Kuwi d4954 mū'nai to outgrow> mū�nai
<Row Kuwi d4954 mudr- (-it-) to become matured, ripen> mudr- �-it-�
<Row chanda d4955 muccur (obl. muccuḍ-) upper part of back (<i>Voc.</i> 2908)> muccur �obl� muccuḍ-�
<Row sunkar d4955 mur'esi pṛēnu > mur�esi pṛēnu
<Row Kuwi d4955 ṭuḍu mur'eni back-bone. DED(S) 4058> ṭuḍu mur�eni
<Row Mal d4957 muttaṭi Triacanthus a fish with three horns> muttaṭi �riacantʰus
<Row Tam d4960 muttu (mutti-) to kiss> muttu �mutti-�
<Row Kolami d4960 mud i·ḍ- to kiss> mud i�ḍ
<Row Kuwi d4961 mūt'esi pimple> mūt�esi
<Row Tam d4963 Anacardium occidentale </i>; vine> �nacardium occidentale
<Row Tam d4966 mummari (-pp-, -tt-) to rage, be violent, vehement or impetuous> mummari �-pp-� -tt-�
<Row Tam d4966 mummuri (-pp-, -tt-) to rage, be violent, vehement or impetuous> mummuri �-pp-� -tt-�
<Row Tam d4967 muyal (muyalv-, muyaṉṟ-) to practise, persevere, make continued exertion, take pains, begin, undertake; <i>n.</i> war> muyal �muyalv-� muyaṉṟ-�
<Row Tam d4967 muyaṅku (muyaṅki-) to do, perform> muyaŋku �muyaŋki-�
<Row Toda d4968 mü·s̱ id> my�s̱
<Row Kolami d4968 mi·te hare> mi�te
<Row betul d4968 malōl (pl. malōhk )> malōl �pl� malōhk
<Row Gondi d4968 maloṛ (pl. malohk )> maloṛ �pl� malohk
<Row koya d4968 maloṛ (pl. -i )> maloṛ �pl� -i
<Row Tam d4969 murañcu (murañci-) to mature, be old, ancient; <i>n.</i> maturing> murañcu �murañci-�
<Row Tam d4970 murañcu (murañci-) to be full, abundant> murañcu �murañci-�
<Row Tam d4971 muraṇ (muraṇp-, muraṇṭ-) to be at variance, be opposed; <i>n.</i> variance, opposition, perversity, spite, hatred, fight, battle, strength, greatness, roughness, stubbornness, fierceness, a flaw in rubies> muraṇ �muraṇp-� muraṇṭ-�
<Row Tam d4971 muraṇu (muraṇi-) to be at variance> muraṇu �muraṇi-�
<Row Tam d4971 muraṇṭu (muraṇṭi-) to be obstinate, opposed, cross-grained; <i>n.</i> persistence, obstinacy, opposition, disagreement, unyielding nature> muraṇṭu �muraṇṭi-�
<Row Tam d4971 muṇṭu (muṇṭi-) to be unruly, refractory, attack vehemently; <i>n.</i> petulance, obstinacy, vehement attack, stupidity, knot as in a tree, bulging or protuberance (cf. 4988 Ma.mur̤a), joint of the body, hump> muṇṭu �muṇṭi-�
<Row Kota d4971 muṇḍ- (muṇḍy-) to refuse to obey or listen; kick> muṇḍ- �muṇḍy-�
<Row Kui d4971 mursa (mursi-) to be reckless, dare> mursa �mursi-�
<Row Kurux d4972 murda'ānā to dry to the inside, dry to excess> murda�ānā
<Row Kurux d4972 murjha'ānā to scorch, parch. DED 4075, DEDS 799> murjʰa�ānā
<Row Tam d4973 mural (muralv- muraṉṟ-) to make sound, cry, sing> mural �muralv- muraṉṟ-�
<Row Tam d4973 muraṟṟu (muraṟṟi-) to make sound, cry> muraṟṟu �muraṟṟi-�
<Row Kodagu d4973 moraḍ- (moraḍuv-, moraṭ-) to weep> moraḍ- �moraḍuv-� moraṭ-�
<Row Kolami d4973 moray- (morayt-) to produce musical sound (bell, etc.)> moray- �morayt-�
<Row Kolami d4973 morp- (moropt-) to play (flute), ring (bell), make to produce musical sound> morp- �moropt-�
<Row Parji d4973 murip- (murit-) to snore> murip- �murit-�
<Row OIA d4973 nos. 10210 > nos� �����
<Row Tam d4975 muri (-v-, -nt-) to break off, snap off, perish, be ruined, be scattered, go wrong, be defeated, separate, leave, lose one's position> muri �-v-� -nt-�
<Row Tam d4975 muri (-pp-, -tt-) to break off (<i>tr.</i>), snap off, ruin, defeat; <i>n.</i> piece, bit broken off, scratch, blemish> muri �-pp-� -tt-�
<Row Tam d4975 murukku (murukki-) to destroy, crush, ruin, kill, break in pieces, dissolve; <i>n.</i> killing> murukku �murukki-�
<Row Tam d4975 muruṅku (muruṅki-) to perish, be destroyed, break> muruŋku �muruŋki-�
<Row Kota d4975 mury- (murc-) to break (stick-like thing; <i>intr., tr.</i>), indent (neck in throwing pot)> mury- �murc-�
<Row Toda d4975 müry- (mürs-) to break in two (stick;<i>intr.</i>); (mürc-)id> myry- �myrs-�
<Row Kodagu d4975 muri- (murip-, muric-) to make a cut> muri- �murip-� muric-�
<Row Kui d4975 mrunga (mrungi-) to be torn> mrunga �mrungi-�
<Row Kui d4975 mrūva (mrūt-) to die (balance word ofsāva); ? muṛpa (muṛt-)to split wood. <i>> mrūva �mrūt-�
<Row sunkar d4975 muka (pl. -ŋa) crumb(s)> muka �pl� -ŋa�
<Row Tam d4977 muri (-v-, -nt-) to bend, lack in strength, be gentle; <i>n.</i> curve, bend> muri �-v-� -nt-�
<Row Tam d4977 murimuri (-v, -nt-) to curve, bend> murimuri �-v� -nt-�
<Row Tam d4977 mūri nimir (-v-, -nt-) to stretch oneself as from laziness> mūri nimir �-v-� -nt-�
<Row Kota d4977 muniv- (munivd-) to stretch and groan when one wakes> muniv- �munivd-�
<Row Kota d4977 mu·nj- (mu·nj-) to jerk spasmodically and groan in sleep> mu�nj- �mu�nj-�
<Row Toda d4977 müry fuṛy- (fuṛs-) to stretch the body in yawning> myry fuṛy- �fuṛs-�
<Row salur d4977 murg- (murug-) to bend down> murg- �murug-�
<Row Pk d4977 O > �
<Row Toda d4978 mo·l pïł̣ad young birds, young cocks (a pair of song units)> mo�l pɨł̣ad
<Row Toda d4978 mo·l kwï·ḍyad young birds, young cocks (a pair of song units)> mo�l kvɨ�ḍyad
<Row Toda d4978 mo·lm (<i>obl.</i>mo·lt-) in:> mo�lm
<Row Toda d4978 kin mox mo·ltkm even to the children> kin mox mo�ltkm
<Row Konda d4978 murli (pl. murku ) young man. DED(S) 4081> murli �pl� murku
<Row Toda d4979 Piḷymurx (piḷy silver, 5496(<i>a</i>))> �iḷymurx �piḷy
<Row koya d4979 mur (pl. muhk) bracelet, bangle (<i>Voc.</i> 2897). <i>> mur �pl� muhk�
<Row sunkar d4979 murmu (pl. murka) > murmu �pl� murka�
<Row Kuwi d4979 mūrmū (pl. mrūpka) nose-ring> mūrmū �pl� mrūpka�
<Row Tam d4980 muruṅku (muruṅki-) to simmer [i.e. smoulder]> muruŋku �muruŋki-�
<Row Tam d4980 muruku (muruki-) to exceed the proper limit in heating (or with 5009)> muruku �muruki-�
<Row Mal d4981 murikku Erythrina indica (in Lush. usually with some qualifying word)> murikku �rytʰrina indica
<Row Tam d4982 muruṅkai Moringa pterygosperma Indian horse-radish tree> muruŋkai �oringa pterygosperma
<Row OIA d4982 muruṅgī- M. pterygosperma Turner> muruŋgī- �� pterygosperma
<Row Tam d4987 Jasminum sambac </i>; some other varieties of jasmine> �asminum sambac
<Row Mal d4987 mulla J. sambac etc> mulla �� sambac
<Row Kannada d4987 molle J. multiflorum or> molle �� multiflorum
<Row Tam d4989 mur̤aṅku (mur̤aṅki-) to roar, thunder, make loud noise, be noised abroad, be made public> muṛ̆aŋku �muṛ̆aŋki-�
<Row Tam d4989 mur̤akku (mur̤akki-) to sound, beat a sounding instrument; <i>n.</i> sound, noise> muṛ̆akku �muṛ̆akki-�
<Row Tam d4989 mor̤i (-v-, -nt-) to say, speak; <i>n.</i> word, saying, language> moṛ̆i �-v-� -nt-�
<Row Kolami d4989 muḍ- (muṭṭ-) to talk, speak (a language)> muḍ- �muṭṭ-�
<Row Naikri d4989 muṛ- (muṭṭ-) to speak> muṛ- �muṭṭ-�
<Row Kota d4990 mogi· elbow> mogi�
<Row Kota d4990 moga·l knee> moga�l
<Row Toda d4990 mi·g-mu· knee (mu·pot); ?> mi�g-mu�
<Row Kolami d4990 mu·ra > mu�ra
<Row Toda d4991 muf- (mut-) to become angry (e.g. Kurumba who consequently practises sorcery)> muf- �mut-�
<Row Toda d4991 mu·p o·x- (o·y-) to be pettish, ask in coaxing whine> mu�p o�x- �o�y-�
<Row Toda d4991 mu·p xïy- (xïs-) to spoil (a child)> mu�p xɨy- �xɨs-�
<Row Tam d4992 mur̤u (-pp-, -tt-) to be whole, entire> muṛ̆u �-pp-� -tt-�
<Row Tam d4993 mur̤uku (mur̤uki-) to bathe the entire body by dipping or pouring, sink, be entirely immersed (as in business)> muṛ̆uku �muṛ̆uki-�
<Row Tam d4993 mur̤ukku (mur̤ukki-) to immerse> muṛ̆ukku �muṛ̆ukki-�
<Row Tam d4993 mur̤ucu (mur̤uci-) to dive, dip, get in, enter> muṛ̆ucu �muṛ̆uci-�
<Row Tam d4993 mur̤uttu (mur̤utti-) to plunge, dip in, drown> muṛ̆uttu �muṛ̆utti-�
<Row Tam d4993 mūr̤ (-pp-, -tt-) to submerge, engulf> mūṛ̆ �-pp-� -tt-�
<Row Tam d4993 mūr̤ku (mūr̤ki-) to plunge, submerge, sink as a ship> mūṛ̆ku �mūṛ̆ki-�
<Row Tam d4993 mūr̤ttu (mūr̤tti-) id> mūṛ̆ttu �mūṛ̆tti-�
<Row Tam d4993 muṅku (muṅki-) to plunge, sink, be immersed> muŋku �muŋki-�
<Row Tam d4993 mukku (mukki-) to press under water, immerse> mukku �mukki-�
<Row Tam d4993 mukkuḷi (-pp-, -tt-) to dive> mukkuḷi �-pp-� -tt-�
<Row Kota d4993 muḷg- (muḷgy-) to be lost to one completely> muḷg- �muḷgy-�
<Row Kota d4993 muḷk- (muḷky-) to make to suffer great loss; have intercourse with thoroughly> muḷk- �muḷky-�
<Row Kota d4993 mu·g- (mu·yg-) to submerge oneself, dive, drown> mu�g- �mu�yg-�
<Row Kota d4993 mu·k- (mu·yk-) to submerge> mu�k- �mu�yk-�
<Row Toda d4993 muḷx- (muḷxy-) to be destroyed> muḷx- �muḷxy-�
<Row Toda d4993 muḷk- (muḷky-) to destroy> muḷk- �muḷky-�
<Row Toda d4993 mu·x- (mu·xy-) to be destroyed, drown> mu�x- �mu�xy-�
<Row Toda d4993 mu·k- (mu·ky-) to destroy> mu�k- �mu�ky-�
<Row Toda d4993 mu·xc- (mu·xč-) (river) drowns, is deep; destroy> mu�xc- �mu�xč-�
<Row Kodagu d4993 muŋŋ- (muŋŋi-) to dive> muŋŋ- �muŋŋi-�
<Row Kodagu d4993 mukk- (mukki-) to dip (<i>tr.</i>) under water> mukk- �mukki-�
<Row Kolami d4993 muŋg- (muŋkt-) to submerge oneself under water, drown, (sun) sets> muŋg- �muŋkt-�
<Row Kolami d4993 muŋgip- (muŋgipt-) to submerge> muŋgip- �muŋgipt-�
<Row Gondi d4993 caus. murīsahtānā > caus� murīsahtānā
<Row Konda d4993 muṛg- (-it-) to be drowned, sink> muṛg- �-it-�
<Row Konda d4993 muṛk- (-t-) to dip in (vessel), drown (a person in a river)> muṛk- �-t-�
<Row Pengo d4993 munj- (munc-) to be immersed> munj- �munc-�
<Row Pengo d4993 muc- (mucc-) to immerse> muc- �mucc-�
<Row Kui d4993 munja (munji-) to be immersed, submerged, immerse oneself; <i>n.</i> submersion> munja �munji-�
<Row Kui d4993 muspa (must-) to immerse; <i>n.</i> immersing> muspa �must-�
<Row Kui d4993 bṛuḍga (bṛuḍgi-) to sink completely in, penetrate; be of such consistency that one sinks into it. <i>> bṛuḍga �bṛuḍgi-�
<Row Kuwi d4993 munj- (-it-) (Su.) to be immersed, (Isr.) drown, sink> munj- �-it-�
<Row sunkar d4993 muh- (must-) to immerse> muh- �must-�
<Row Kurux d4993 mulᵘxnā (mulxyas) to sink, walk or fall into, be submerged, founder, go to the bottom, (sun or moon) sets, get hopelessly lost> mulᵘxnā �mulxyas�
<Row Kurux d4993 mulxa'ānā to precipitate, plunge, let sink, submerge, engulf, wreck, ruin> mulxa�ānā
<Row Kurux d4993 mulᵘxta'ānā to cause (somebody or something) to be sunk through the agency of a third person, swallow up> mulᵘxta�ānā
<Row Tam d4994 mur̤ai (-v-, -nt-) to enter> muṛ̆ai �-v-� -nt-�
<Row Tam d4994 mur̤ai (-pp-, -tt-) to pierce, bore; <i>n.</i> large mountain cave, cavern, den> muṛ̆ai �-pp-� -tt-�
<Row Tam d4995 muḷku (muḷki-) to enter, pierce> muḷku �muḷki-�
<Row Tam d4996 muḷi (-v-, -nt-) to dry, burn, be scorched, perish; mature, curdle> muḷi �-v-� -nt-�
<Row Tam d4996 muḷi (-pp-, -tt-) to dry, become dried, be scorched; <i>n.</i> dryness, faded condition, that which is dry> muḷi �-pp-� -tt-�
<Row Toda d4996 müł̣y- (müł̣s-) to be dry (of leaves, flowers)> mył̣y- �mył̣s-�
<Row Tam d4997 muḷai (-v-, -nt-; -pp-, -tt-) to spring, grow as horns, hair, etc., sprout as shoots, germinate as seeds; <i>n.</i> shoot, sprout, seedling; ?> muḷai �-v-� -nt-� -pp-� -tt-�
<Row Pengo d5002 mṛūg- (mṛūkt-) to put on (hat, dancing mask), cover oneself with (e.g. umbrella)> mṛūg- �mṛūkt-�
<Row Pengo d5002 mūg- (mūkt-) > mūg- �mūkt-�
<Row Pengo d5002 mūk- (-t-) to surround, enclose, close (mouth), obstruct one's way> mūk- �-t-�
<Row Kui d5002 mlūnga (mlūngi-) to be covered> mlūnga �mlūngi-�
<Row Kurux d5002 mulga'anā to cover, protect> mulga�anā
<Row Tam d5003 muḷkā (-v-, -nt-) to sit with arms and legs folded> muḷkā �-v-� -nt-�
<Row Toda d5003 muguḷm ïr- (ïQ-) (person) squats on heels, (tiger) sits on haunches. DEDS 801> muguḷm ɨr- �ɨ�-�
<Row Toda d5005 muṟn (obl. muṟt-) id> muṟn �obl� muṟt-�
<Row Telugu d5006 morali Sponia orientalis > morali �ponia orientalis
<Row Telugu d5006 mōralli B. latifolia. [Trema orientalis Blume = <i>> mōralli �� latifolia� ��rema orientalis
<Row Telugu d5006 S. orientalis </i> Planch. <i>> �� orientalis
<Row Telugu d5006 B. latifolia </i> is different.] DED(S) 4107> �� latifolia
<Row Tam d5007 muṟi (-v-, -nt-) to be spoiled> muṟi �-v-� -nt-�
<Row Tam d5007 muṟi (-pp-, -tt-) to change the nature of (as milk, medicine)> muṟi �-pp-� -tt-�
<Row Tam d5007 muri (-v-, -nt-) to be spoiled> muri �-v-� -nt-�
<Row Konda d5007 muRki dirty. DED(S) 4108> mu�ki
<Row Tam d5008 muṟi (-v-, -nt-) to break, give way as a branch, be defeated, discomfited, perish, cease to exist> muṟi �-v-� -nt-�
<Row Tam d5008 muṟi (-pp-, -tt-) to break (as a stick), cut, discontinue; <i>n.</i> piece, half, broken half of coconut, piece of cloth, deed, written bond, ola receipt, part of village or town, room> muṟi �-pp-� -tt-�
<Row Tam d5008 muṟukku (muṟukki-) to break> muṟukku �muṟukki-�
<Row Tam d5009 muṟi (-v-, -nt-) to exceed the proper stage, as in boiling or heating> muṟi �-v-� -nt-�
<Row Tam d5009 muruku (muruki-) to exceed the proper limit in heating (or with 4980)> muruku �muruki-�
<Row Tam d5011 muṟukku (muṟukki-) to be proud, haughty arrogant, disagree, be angry; <i>n.</i> arrogance, impertinence, disagreement, discord, rancour, stiffness of manners, vehemence> muṟukku �muṟukki-�
<Row Tam d5011 muṟukkaṭi (-pp-, -tt-) to oppose, disobey (as a command)> muṟukkaṭi �-pp-� -tt-�
<Row Tam d5011 muṟuku (muṟuki-) to be haughty or insolent, bluster, become vehement> muṟuku �muṟuki-�
<Row Tam d5011 muṟai (-pp-, -tt-) to become stiff, hard, be stiffnecked, haughty> muṟai �-pp-� -tt-�
<Row Kota d5011 murk- (murky-) to be on bad terms with, refuse to do what one is told, sulk> murk- �murky-�
<Row Toda d5011 muṟ- (muṟQ-) to become angry, become sad in mind, have dispute with> muṟ- �muṟ�-�
<Row Toda d5011 muṟk- (muṟky-) to be on bad terms with, be offended> muṟk- �muṟky-�
<Row Tam d5011 muṟukku (muṟukki-) to be proud, haughty arrogant, disagree, be angry; <i>n.</i> arrogance, impertinence, disagreement, discord, rancour, stiffness of manners, vehemence> muṟukku �muṟukki-�
<Row Tam d5011 muṟukkaṭi (-pp-, -tt-) to oppose, disobey (as a command)> muṟukkaṭi �-pp-� -tt-�
<Row Tam d5011 muṟuku (muṟuki-) to be haughty or insolent, bluster, become vehement> muṟuku �muṟuki-�
<Row Tam d5011 muṟai (-pp-, -tt-) to become stiff, hard, be stiffnecked, haughty> muṟai �-pp-� -tt-�
<Row Kota d5011 murk- (murky-) to be on bad terms with, refuse to do what one is told, sulk> murk- �murky-�
<Row Toda d5011 muṟ- (muṟQ-) to become angry, become sad in mind, have dispute with> muṟ- �muṟ�-�
<Row Toda d5011 muṟk- (muṟky-) to be on bad terms with, be offended> muṟk- �muṟky-�
<Row Tam d5012 muṟukku (muṟukki-) to twist (as a rope), twirl, spin (as a potter his wheel); <i>n.</i> twisting, turn or thread of screw, ball of thread> muṟukku �muṟukki-�
<Row Tam d5012 muṟuku (muṟuki-) to wriggle, twist> muṟuku �muṟuki-�
<Row Kodagu d5012 mur- (muri-) to tighten> mur- �muri-�
<Row Kodagu d5012 murïk- (murïki-) id> murɨk- �murɨki-�
<Row Kurux d5012 murka'ānā to sprain> murka�ānā
<Row Tam d5013 muṟumuṟu (-pp-, -tt-) to complain, express grievance> muṟumuṟu �-pp-� -tt-�
<Row Tam d5013 grumble; muṟaiyiṭu to complain, express grievance> grumble� muṟaiyiṭu
<Row Kota d5013 murg- (murgy-) to growl> murg- �murgy-�
<Row Kota d5013 morv- (mord-) to mumble> morv- �mord-�
<Row Toda d5013 muṟx- (muṟxy-) to growl> muṟx- �muṟxy-�
<Row Toda d5013 muṟk- (muṟky-) to complain> muṟk- �muṟky-�
<Row maria d5013 bu?c- id. (<i>Voc.</i> 2936)> bu�c
<Row Konda d5013 muṟli- (-t-) to bark> muṟli- �-t-�
<Row Kui d5013 muska (muski-) id.; <i>n.</i> barking. <i>> muska �muski-�
<Row Kuwi d5013 mukh'nai > mukʰ�nai
<Row Kuwi d5013 muk- (-h-) > muk- �-h-�
<Row sunkar d5013 musk- (-it-) to bark. ?> musk- �-it-�
<Row Tam d5014 muṟuvali (-pp-, -tt-) to smile> muṟuvali �-pp-� -tt-�
<Row Tam d5017 muṟṟu (muṟṟi-) to become mature, ripen, be fully grown, be advanced in age, abound, increase, become hardened as the core of a tree, be fulfilled (as one's desire), come to an end, be finished, die; complete (<i>tr.</i>), finish, destroy, kill; <i>n.</i> perfection, completeness, that which is complete, ripeness, maturity, end, termination> muṟṟu �muṟṟi-�
<Row Tam d5017 muṟṟi (-pp-, -tt-) to complete, finish> muṟṟi �-pp-� -tt-�
<Row Tam d5017 muṟuku (muṟuki-) to ripen> muṟuku �muṟuki-�
<Row Tam d5017 muruku (muruki-) to ripen> muruku �muruki-�
<Row Kota d5017 mut- (muty-) to become ripe, become mature or advanced in age (or with 4954 Ta.mutu); muṭ et- (eyt-)to go round completely> mut- �muty-�
<Row Toda d5017 mut- (muty-) (child) becomes strong, (fruits) become hard and unfit for use, (potatoes) are hard and good for seed (or with 4954 Ta.mutu)> mut- �muty-�
<Row Tam d5018 muṛṟu (muṟṟi-) to surround, besiege, blockade; <i>n.</i> siege> muṛṟu �muṟṟi-�
<Row Kota d5018 mut- (muty-) (people) come together in a dense crowd> mut- �muty-�
<Row Kuwi d5018 muc- (-it-) to lay siege> muc- �-it-�
<Row Tam d5020 muṉṉu (muṉṉi-) to meet, reach, join, precede> muṉṉu �muṉṉi-�
<Row Tam d5020 muntu (munti-) to come in front, advance, meet, be prior in time or place, take precedence, take the lead, be first, surpass, excel, be old, of long standing; <i>n.</i> antiquity, priority, beginning> muntu �munti-�
<Row Kota d5020 mund- (mundy-) to go in front, act first> mund- �mundy-�
<Row Kota d5020 mind- (mindy-) to go in front, act first> mind- �mindy-�
<Row Kota d5020 muŋga·r forward, in front, early> muŋga�r
<Row Toda d5020 muda·l first> muda�l
<Row Toda d5020 mubo·y fas̱ front teeth> mubo�y fas̱
<Row Kannada d5020 mun (muṃ) that which is before, in front of, or preceding in space, that which is preceding in time, that which is towards a place (etc.), in front or onward, that which is following> mun �muṁ�
<Row Kodagu d5020 mumba·ra the fore> mumba�ra
<Row Kodagu d5020 mund- (mundi-) to go ahead> mund- �mundi-�
<Row Kolami d5020 mutta sa·l next year> mutta sa�l
<Row Tam d5020 muṉṉu (muṉṉi-) to meet, reach, join, precede> muṉṉu �muṉṉi-�
<Row Tam d5020 muntu (munti-) to come in front, advance, meet, be prior in time or place, take precedence, take the lead, be first, surpass, excel, be old, of long standing; <i>n.</i> antiquity, priority, beginning> muntu �munti-�
<Row Kota d5020 mund- (mundy-) to go in front, act first> mund- �mundy-�
<Row Kota d5020 mind- (mindy-) to go in front, act first> mind- �mindy-�
<Row Kota d5020 muŋga·r forward, in front, early> muŋga�r
<Row Toda d5020 muda·l first> muda�l
<Row Toda d5020 mubo·y fas̱ front teeth> mubo�y fas̱
<Row Kannada d5020 mun (muṃ) that which is before, in front of, or preceding in space, that which is preceding in time, that which is towards a place (etc.), in front or onward, that which is following> mun �muṁ�
<Row Kodagu d5020 mumba·ra the fore> mumba�ra
<Row Kodagu d5020 mund- (mundi-) to go ahead> mund- �mundi-�
<Row Kolami d5020 mutta sa·l next year> mutta sa�l
<Row Tam d5020 ñāṉṟu) > ñāṉṟu�
<Row Kota d5020 mine·r any day before yesterday (see s.v. 3758> mine�r
<Row Tam d5020 nerunal) > nerunal�
<Row Toda d5020 mune·ṟ day before yesterday (see s.v. 3758> mune�ṟ
<Row Tam d5020 nerunal) > nerunal�
<Row Kodagu d5020 monia·ndï day before yesterday (see s.v. 2920> monia�ndɨ
<Row Tam d5020 ñāṉṟu). ? > ñāṉṟu�� �
<Row Telugu d5020 adv. monnanu > adv� monnanu
<Row Konda d5020 muˀ e (obl. muˀ eR-) day after tomorrow; (comm. by K.)> muˀ e �obl� muˀ e�-�
<Row Tam d5021 muṉi (-v-, -nt-) to dislike, be angry with> muṉi �-v-� -nt-�
<Row Tam d5021 muṉai (-v-, -nt-) to fight, be zealous, be deeply engaged, be angry with, dislike> muṉai �-v-� -nt-�
<Row Tam d5021 muṉai (-pp-, -tt-) to attack, busy oneself with, be overweight; <i>n.</i> battle, fight, war, battlefield, enemy country, hatred, dislike, aversion, austerity, boldness, audacity> muṉai �-pp-� -tt-�
<Row Tam d5021 muṇai (-v-, -nt-) to dislike, feel aversion to; <i>n.</i> aversion> muṇai �-v-� -nt-�
<Row Tam d5021 muṇavu (muṇavi-) to dislike, feel aversion to, be angry> muṇavu �muṇavi-�
<Row Kuwi d5022 mulenḍi or'i id. (molova mūsā). DEDS 805> mulenḍi or�i
<Row Kota d5024 mu·k nose, funnel of bellows> mu�k
<Row Kota d5024 mu·kn man with long nose> mu�kn
<Row Kota d5024 fem. mu·ky > fem� mu�ky
<Row Toda d5024 mu·k nose (in songs)> mu�k
<Row Toda d5024 mu·ku·ṛ- (mu·ku·ṛy-) to meet (of persons, rivers)> mu�ku�ṛ- �mu�ku�ṛy-�
<Row Toda d5024 mu·ku·ṭ- (mu·ku·ṭy-) to cause to meet; ?> mu�ku�ṭ- �mu�ku�ṭy-�
<Row Toda d5024 mu·kuṟ- (mu·kuṟy-) (person, ceremony) approaches> mu�kuṟ- �mu�kuṟy-�
<Row Kodagu d5024 mu·kï nose> mu�kɨ
<Row Tulu d5024 fem. mūki > fem� mūki
<Row Parji d5024 muvāḍ (pl. muvācil) id. <i>> muvāḍ �pl� muvācil�
<Row sunkar d5024 muŋgeli (pl. muŋgelka) id> muŋgeli �pl� muŋgelka�
<Row bisam d5024 muŋgeli (pl. muŋgelka) id> muŋgeli �pl� muŋgelka�
<Row Kolami d5025 mu·ŋge anklet bell> mu�ŋge
<Row Kota d5026 mu·ŋg dumb> mu�ŋg
<Row Kota d5026 mu·ŋgn dumb man> mu�ŋgn
<Row Kota d5026 fem. mu·yŋg > fem� mu�yŋg
<Row Telugu d5026 fem. mū̃gadi; muṅga dumb. <i>> fem� mū̃gadi� muŋga
<Row Mal d5027 Bubo orientalis </i> DED 4125> �ubo orientalis
<Row Irula d5028 mu·ŋga bamboo. <i>> mu�ŋga
<Row Tam d5029 mūcu (mūci-) to go bad, be spoiled, rancid> mūcu �mūci-�
<Row gowda d5029 musirE dirt on utensils> musir�
<Row Tam d5030 mūcu (mūci-) to swarm about, gather round; <i>n.</i> swarming, thronging> mūcu �mūci-�
<Row Tam d5030 mūr̤ (-pp-, -tt-) to swarm round, surround> mūṛ̆ �-pp-� -tt-�
<Row Tam d5030 moy (-pp-, -tt-) to crowd, press, throng, swarm, spread as an eruption, crowd round, swarm round, cover, enclose; <i>n.</i> press, throng, swarm, crowd, closeness, tightness, battle, war> moy �-pp-� -tt-�
<Row Tam d5030 moci (-v-, -nt-) to swarm> moci �-v-� -nt-�
<Row Kota d5031 mo·nd id> mo�nd
<Row Toda d5031 mu·n (obl. mu·t-) face, front> mu�n �obl� mu�t-�
<Row Toda d5031 mu·nör the front, place in front> mu�nør
<Row Toda d5031 mu·n eł- (eṯ-) to like (see 862)> mu�n e�- �eṯ-�
<Row Toda d5031 mu·neṯ affection, love; ?> mu�neṯ
<Row Toda d5031 möQš cheek> mø�š
<Row Kodagu d5031 mu·ḍï face> mu�ḍɨ
<Row Kolami d5031 mu·ti mouth, beak> mu�ti
<Row muria d5031 mosor (obl. mosoṭ-) > mosor �obl� mosoṭ-�
<Row maria d5031 mosor̥ (obl. mosoṭ-) nose (<i>Voc.</i> 2996)> mosoṛ �obl� mosoṭ-�
<Row maria d5031 mosor̥i (obl. mosoṭ-) nose (<i>Voc.</i> 2996)> mosoṛi �obl� mosoṭ-�
<Row Tam d5032 mūñcu (mūñci-) to lick> mūñcu �mūñci-�
<Row Kodagu d5032 mu·ñj- (mu·ñji-) to suck (penis). DED 4130> mu�ñj- �mu�ñji-�
<Row Kodagu d5033 mo·ḍa cloud> mo�ḍa
<Row Tam d5034 mūṭu (mūṭi-) to cover, shroud, veil, hide, screen, obscure, shut in, enclose, close (as the eyes), shut (as the mouth), surround, encompass> mūṭu �mūṭi-�
<Row Tam d5034 mūr̤ (-pp-, -tt-) to close, swarm around, surround> mūṛ̆ �-pp-� -tt-�
<Row salur d5034 mūrp- (mūṛt-) to close> mūrp- �mūṛt-�
<Row Kodagu d5036 mu·ḍi girl. DEDS 806> mu�ḍi
<Row Tam d5037 mūṭṭu (mūṭṭi-) to join, link, stitch, sew together; <i>n.</i> tie, bond, that which is tied, stitch> mūṭṭu �mūṭṭi-�
<Row Kota d5037 mu·ṭ bag of grain as a load for an animal> mu�ṭ
<Row Toda d5037 mu·ṭy full bag> mu�ṭy
<Row Kurux d5039 mū̃ḍnā (muḍḍyas) to strike or dash in one's course against some obstacle, stumble> mū̃ḍnā �muḍḍyas�
<Row Tam d5040 mūtari (-pp-, -tt-) confrontation> mūtari �-pp-� -tt-�
<Row Tam d5040 mūtali (-pp- confrontation> mūtali �-pp
<Row Tam d5040 proof; mukatalai confrontation> proof� mukatalai
<Row Tam d5040 mūtari (-pp-, -tt-) to confront, face> mūtari �-pp-� -tt-�
<Row Kota d5041 mu·ry untamed (of bullocks)> mu�ry
<Row Kota d5043 mu·lm (obl. mu·lt-) eversion of bowel during evacuation (?). <i>> mu�lm �obl� mu�lt-�
<Row Kota d5044 mu·l corner, direction> mu�l
<Row Toda d5044 mu·ly id> mu�ly
<Row Kodagu d5044 mu·le corner> mu�le
<Row Kurux d5045 refl. mulrnā > refl� mulrnā
<Row Tam d5046 mūr̤ (-v-, -nt-) to be mature> mūṛ̆ �-v-� -nt-�
<Row Parji d5046 muṛkip- (muṛkit-) to ripen off> muṛkip- �muṛkit-�
<Row Tam d5047 mūṭku (mūṭki-) to ladle out (as rice from a pot)> mūṭku �mūṭki-�
<Row Tam d5048 mūḷ (mūḷv-, mūṇṭ-) to kindle, catch fire, be kindled, stirred up (as anger)> mūḷ �mūḷv-� mūṇṭ-�
<Row Tam d5048 mūṭṭu (mūṭṭi-) to kindle (as a flame), stimulate (as a quarrel), stir up (as feelings); <i>n.</i> excitement, provocation> mūṭṭu �mūṭṭi-�
<Row gowda d5050 muḷḷE bone> muḷḷ�
<Row Kodagu d5050 mu·ḷe id. <i>> mu�ḷe
<Row Kota d5051 mi·ḷ marrow. <i>> mi�ḷ
<Row Tam d5052 adj. mu (before doubled consonants)> adj� mu
<Row Kota d5052 mu·nḏ three> mu�nḏ
<Row Kota d5052 mu· nu·r 300> mu� nu�r
<Row Kota d5052 mu· pa·ṇy three pa·ṇy measures> mu� pa�ṇy
<Row Kota d5052 mu· na·ḷ three days> mu� na�ḷ
<Row Kota d5052 mu pa·d thirty days> mu pa�d
<Row Kota d5052 mu nu·r 300> mu nu�r
<Row Kota d5052 mu·nu·nḏ by threes> mu�nu�nḏ
<Row Kota d5052 mu·r kamaṭr aya· O three gods!> mu�r kamaṭr aya�
<Row Toda d5052 mu·ḏ (obl. mu·ḏn-) three> mu�ḏ �obl� mu�ḏn-�
<Row Toda d5052 mu poQ thirty; thirty days> mu po�
<Row Toda d5052 mu· xwa·w three kwa·x measures> mu� xva�v
<Row Toda d5052 mu· nu·ṟ 300> mu� nu�ṟ
<Row Toda d5052 mu· okos̱ ïr three buffaloes giving milk to the same calf (in songs)> mu� okos̱ ɨr
<Row Toda d5052 mu·štyu· three times> mu�štyu�
<Row Toda d5052 ma·k three ačok measures (numerated asak; see 397)> ma�k
<Row Kannada d5052 adj. mu etc> adj� mu
<Row Kannada d5052 mū; mū-vattu thirty> mū� mū-vattu
<Row Kodagu d5052 mu·ndï three> mu�ndɨ
<Row Kodagu d5052 mu·ndane third> mu�ndane
<Row Kodagu d5052 mu·a·ṇḍï three years> mu�a�ṇḍɨ
<Row Kodagu d5052 mu·vë three persons (in songs)> mu�və
<Row Kodagu d5052 mu·ma three times> mu�ma
<Row Kodagu d5052 munnu·rï 300> munnu�rɨ
<Row Kodagu d5052 mummu·ndï by threes> mummu�ndɨ
<Row Telugu d5052 adj. mu (in some cpds.)> adj� mu
<Row Kolami d5052 mu·ndiŋ three things> mu�ndiŋ
<Row Kolami d5052 mu·nd ul three days> mu�nd ul
<Row Parji d5052 adj. muy > adj� muy
<Row Konda d5052 mūRku mūRku three each> mū�ku mū�ku
<Row Konda d5052 mūRku leka at the rate of three apiece> mū�ku leka
<Row Konda d5052 muˀ eṭ (lpl. incl.) we three. <i>> muˀ eṭ �lpl� incl��
<Row Konda d5052 muˀ ep (lpl. excl.) we three. <i>> muˀ ep �lpl� excl��
<Row Kui d5052 mu'ar three men> mu�ar
<Row Brah d5052 adj. musi; musīka three times> adj� musi� musīka
<Row Kurux d5053 mekkhnā (mikkhyas) to bake bread, vegetables, fruit, fish, in a leaf wrapper> mekkʰnā �mikkʰyas�
<Row Kurux d5053 mēkhnā (mikkhan) to bake bread> mēkʰnā �mikkʰan�
<Row Tam d5057 meṭṭu (meṭṭi-) to spurn or push with the foot> meṭṭu �meṭṭi-�
<Row Kota d5057 meṭ- (mec-) to trample on, tread on> meṭ- �mec-�
<Row Toda d5057 möṭ- (möṭy-) to trample on> møṭ- �møṭy-�
<Row Konda d5057 maṭ- (-t-) to crush under foot, tread on, walk, thresh (grain, as by oxen)> maṭ- �-t-�
<Row Konda d5057 caus. maṭis- > caus� maṭis
<Row Tulu d5059 (K. Ramakrishnaiya </i>, p. 181> ��� �amakrishnaiya
<Row Tulu d5059 Dravidian Cognates </i>, p. 181> �ravidian �ognates
<Row betul d5060 mēnḍ (obl. mēṭ-, pl. mēhk) full (used suffixally, e.g.ḍoppō-mēnḍa leafplate full)> mēnḍ �obl� mēṭ-� pl� mēhk�
<Row muria d5060 menḍ (pl. mehk) id., e.g> menḍ �pl� mehk�
<Row Gondi d5060 gappa menḍ (pl. gappa mehk) basketful> gappa menḍ �pl� gappa mehk�
<Row Kui d5061 med- (-it-) to put on, wear (jacket). <i>> med- �-it-�
<Row Kolami d5062 mitik (obl. mitk-) > mitik �obl� mitk-�
<Row Telugu d5064 vb. n. medalika; medalincu > vb� n� medalika� medalincu
<Row Tam d5066 mettu (metti-) to plaster, pad, pack> mettu �metti-�
<Row Kota d5066 met- (mety-) to plaster, smear> met- �mety-�
<Row Kota d5066 metc- (metc-) to smear> metc- �metc-�
<Row Kolami d5066 met- (mett-) to plaster with mud> met- �mett-�
<Row Pengo d5067 met- (-t-) to cast (e.g. fishing net), put in (e.g. rice into a pot)> met- �-t-�
<Row Kui d5067 mespa (mest-) to cast into an enclosed space, put into, drop into, let fall, imprison; <i>n.</i> act of putting into, imprisonment. <i>> mespa �mest-�
<Row bisam d5067 met- (-h-) to throw> met- �-h-�
<Row Kuwi d5067 meth'nai to lade> metʰ�nai
<Row Kuwi d5067 met- (-h-) to put inside. DEDS 812> met- �-h-�
<Row Tam d5070 metumetu (-pp-, -tt-) to be soft to the touch (as fruit)> metumetu �-pp-� -tt-�
<Row Tam d5072 foenum-graecum. Ma. ventayam id> foenum-graecum� �a� ventayam
<Row Tam d5073 mey (-pp-, -tt-) to be true> mey �-pp-� -tt-�
<Row Tam d5073 meyppi (-pp-, -tt-) to prove, substantiate> meyppi �-pp-� -tt-�
<Row Kolami d5074 merp- (merept-) to lighten> merp- �merept-�
<Row Parji d5074 marp- (mart-) to lighten> marp- �mart-�
<Row Tam d5075 meruḷ (meruḷv- meruṇṭ-) to fear, shy; <i>n.</i> fear> meruḷ �meruḷv- meruṇṭ-�
<Row Tam d5075 miraḷ (miraḷv-, miraṇṭ-) to be frightened, startled> miraḷ �miraḷv-� miraṇṭ-�
<Row Tam d5075 mirar̤ (-v-, -nt-) to be frightened, startled> miraṛ̆ �-v-� -nt-�
<Row Tam d5075 miraṭṭu (miraṭṭi-) to frighten; fascinate, deceive, drive away> miraṭṭu �miraṭṭi-�
<Row Toda d5075 mï·ḍ- (mï·ḍQ-) to look fiercely. ?> mɨ�ḍ- �mɨ�ḍ�-�
<Row tinn d5076 miDuku id. ? <i>> mi�uku
<Row Tam d5077 mel (melv- meṉṟ-) to chew, champ> mel �melv- meṉṟ-�
<Row Kui d5077 mrēḍa (mrēḍi-) to chew; <i>n.</i> chewing> mrēḍa �mrēḍi-�
<Row Kuwi d5077 mērḍ- (-it-) to eat, chew (joking expression). DED(S) 4166> mērḍ- �-it-�
<Row Tam d5078 melku (melki-) to become soft, be light> melku �melki-�
<Row Tam d5078 meli (-v-, -nt-) to be weak, become lean, thin, suffer, languish, perish, become poor, reduced in circumstances, be softened (as a hard coconut), be lowered in pitch (music)> meli �-v-� -nt-�
<Row Tam d5078 meli (-pp-, -tt-) to weaken, make lean, thin, cause suffering, destroy, soften (a hard consonant), lower the pitch> meli �-pp-� -tt-�
<Row Kota d5078 melg- (melgy-) to soften (<i>intr.</i>) by action of water or heat> melg- �melgy-�
<Row Kota d5078 melk- (melky-) id> melk- �melky-�
<Row Toda d5078 mes̱x- (mes̱xy-) (thing) becomes soaked and softened> mes̱x- �mes̱xy-�
<Row Toda d5078 mes̱k- (mes̱ky-) to soak (<i>tr.</i>) so as to soften> mes̱k- �mes̱ky-�
<Row Tam d5082 mer̤uku (mer̤uki-) to cleanse floor with cowdung solution, smear as the body with sandal paste, gloss over, varnish; <i>n.</i> cowdung, wax, gum, soft waxy pill, mass> meṛ̆uku �meṛ̆uki-�
<Row Kota d5082 mek- (meky-) to cleanse floor with cowdung water> mek- �meky-�
<Row Toda d5082 möšk- (möšky-) to smear with dung of buffaloes as a ritual purification> møšk- �møšky-�
<Row Kolami d5082 me·g- (me·kt-) to purify with cowdung solution> me�g- �me�kt-�
<Row Naikri d5082 mēgh- (mēkt-) to apply. <i>> mēgʰ- �mēkt-�
<Row Konda d5082 miṛis- (-t-) to rub and clean utensils with ashes, etc> miṛis- �-t-�
<Row Kui d5082 mrānḍa (mrānḍi-) to plaster, smear; <i>n.</i> plastering. <i>> mrānḍa �mrānḍi-�
<Row Kuwi d5082 mṇek- (-h-) to make clean filling holes, etc> mṇek- �-h-�
<Row Kannada d5083 mar; ? mere to wander, roam about. ?> mar� � mere
<Row Gondi d5083 caus. mirus- DED(N) 4170> caus� mirus
<Row Pengo d5084 meh- (mest-) id., see> meh- �mest-�
<Row Manda d5084 meh- (meht-) to open eyes> meh- �meht-�
<Row Kui d5084 mehpa (meht-) to look, see, observe, perceive, give attention to; <i>n.</i> look, sight, observation, perception, attention. <i>> mehpa �meht-�
<Row Kuwi d5084 meh'nai to look, see> meh�nai
<Row sunkar d5084 meh- (mest-) to see> meh- �mest-�
<Row Kuwi d5084 meh- (mest-) to see> meh- �mest-�
<Row Kurux d5085 mehrta'ānā to damp> mehrta�ānā
<Row Kota d5086 me· mu·l higher place, up, western side> me� mu�l
<Row Kota d5086 me· ci·m western part of Nilgiris> me� ci�m
<Row Kota d5086 me· kay upper arm> me� kay
<Row Kota d5086 me· ki· upper arm> me� ki�
<Row Kota d5086 me·ŋ gaṇ eyes turned up in death> me�ŋ gaṇ
<Row Kota d5086 me·ki·- (me·kaṛt-) to get up (cf. 1109 Ta.kaṭa); me·kaṛc- (me·kaṛc-)to make to get up> me�ki�- �me�kaṛt-�
<Row Toda d5086 me·l up, high (in songs)> me�l
<Row Toda d5086 me·tal upper border of waistcloth> me�tal
<Row Toda d5086 me·tïṇ sleeping platform on right side of house> me�tɨṇ
<Row Toda d5086 me·lpa·w upstream> me�lpa�v
<Row Kannada d5086 mēgu (obl. mēgaṇ-) the upper side, surface, etc> mēgu �obl� mēgaṇ-�
<Row Kodagu d5086 me· ma·ḍi top story> me� ma�ḍi
<Row Kodagu d5086 me·ŋ gay back of hand> me�ŋ gay
<Row Kodagu d5086 me·ŋ ga·lï top part of foot> me�ŋ ga�lɨ
<Row Kolami d5087 me·ke id> me�ke
<Row Kurux d5087 mēxnā (mīxyas) to call, call after loudly, hail> mēxnā �mīxyas�
<Row betul d5088 mēnj (pl. mēsk) > mēnj �pl� mēsk�
<Row chanda d5088 mēnj (pl. mēsk) > mēnj �pl� mēsk�
<Row muria d5088 mēnj (pl. mēsk) > mēnj �pl� mēsk�
<Row maria d5088 mēnj (pl. mēsku) > mēnj �pl� mēsku�
<Row maria d5088 mēnji (pl. mēsku) > mēnji �pl� mēsku�
<Row yavatmal d5088 mēs (pl. -k) egg (<i>Voc.</i> 2962)> mēs �pl� -k�
<Row Kui d5088 mēnju (pl. mēcaka) egg> mēnju �pl� mēcaka�
<Row Kurux d5089 mejxa'ānā to sprain, inflict a sprain; strain (e.g. by sleeping in an uncomfortable position)> mejxa�ānā
<Row Kannada d5090 Ficus racemosa </i>; opposite-leaved fig tree> �icus racemosa
<Row Kolami d5090 F. racemosa </i> Wall.] DED 4176> �� racemosa
<Row Kodagu d5092 me·dë man of caste who make baskets and leaf-umbrellas and play drums at ceremonies> me�də
<Row Kodagu d5092 fem. me·di > fem� me�di
<Row Tam d5093 mēy (-v-, -nt-) to graze, feed, prey on (as birds or beasts), gnaw (as white ants), roam, lead a profligate life> mēy �-v-� -nt-�
<Row Tam d5093 mēy (-pp-, -tt-) to make to graze, feed> mēy �-pp-� -tt-�
<Row Tam d5093 mēvu (mēvi-) to eat> mēvu �mēvi-�
<Row Kota d5093 me·y- (me·c-) to graze> me�y- �me�c-�
<Row Kota d5093 me·c- (me·c-) to make to graze> me�c- �me�c-�
<Row Toda d5093 mi·y- (mi·s-) to graze> mi�y- �mi�s-�
<Row Toda d5093 mi·c- (mi·č-) to make to graze> mi�c- �mi�č-�
<Row Kannada d5093 mēyu (mēd-) to graze, eat grass, browse, feed, eat> mēyu �mēd-�
<Row Kannada d5093 mēy (mēyd-) to graze, eat grass, browse, feed, eat> mēy �mēyd-�
<Row Kodagu d5093 me·y- (me·v- to graze> me�y- �me�v
<Row Kodagu d5093 me·yuv-, me·ñj-) to graze> me�yuv-� me�ñj-�
<Row Kodagu d5093 me·ci food (for cattle, birds, etc.)> me�ci
<Row Kolami d5093 mi·- (mi·t-) to graze> mi�- �mi�t-�
<Row Kolami d5093 mi·p- (mi·pt-) to make to graze> mi�p- �mi�pt-�
<Row Naiki d5093 caus. māyip- > caus� māyip
<Row Parji d5093 mēypip- (mēypit-) > mēypip- �mēypit-�
<Row Parji d5093 mēpip- (mēpit-) > mēpip- �mēpit-�
<Row Parji d5093 mēkip- (mēkit-) to make to graze. <i>> mēkip- �mēkit-�
<Row Gondi d5093 (Voc </i> 2964)> ��oc
<Row Konda d5093 mī- (-t-) > mī- �-t-�
<Row sova d5093 mēp- (-t-) to tend or graze cattle> mēp- �-t-�
<Row sunkar d5093 mēy- (-it-) to graze> mēy- �-it-�
<Row sunkar d5093 me'- (met-) > me�- �met-�
<Row Kuwi d5093 meˀ - (-t-) to herd (cattle)> meˀ - �-t-�
<Row Kuwi d5093 mē'nai to feed> mē�nai
<Row Kuwi d5093 me'nai to pasture> me�nai
<Row Kurux d5093 mennā (mińy-) to eat grass, graze> mennā �mińy-�
<Row Kurux d5093 menta'ānā to graze, i.e. supply with grass or pasture> menta�ānā
<Row Malto d5095 měru thread. DED 4181> m�ru
<Row Tam d5096 mēvu (mēvi-) to join, reach, desire, love, learn, study, level, make even (as the ground), manifest, assume, abide, dwell, be attached, be united, be fitted or joined; <i>n.</i> desire> mēvu �mēvi-�
<Row Tam d5096 mēvi (-pp-, -tt-) to cause to stay> mēvi �-pp-� -tt-�
<Row Konda d5096 mēnz- (-it-) to be straight or suitable, be harmonious or go with, unite (individual threads into a rope)> mēnz- �-it-�
<Row Kota d5097 me·y handle of plough> me�y
<Row Kodagu d5099 me·lï body> me�lɨ
<Row Kolami d5099 me·n (pl. me·nḍl) body> me�n �pl� me�nḍl�
<Row Naikri d5099 mēn (pl. mēnuḷ) id> mēn �pl� mēnuḷ�
<Row Parji d5099 mēn (pl. mēnul) id. <i>> mēn �pl� mēnul�
<Row salur d5099 mēnu (pl. mēngil) > mēnu �pl� mēngil�
<Row betul d5099 mēndur (obl. mēnduḍ-) > mēndur �obl� mēnduḍ-�
<Row Toda d5101 moy- (moc-) to become dark, become evening> moy- �moc-�
<Row Toda d5101 moQp darkness before dawn or after sunset> mo�p
<Row Tulu d5103 caus. maipāvuni > caus� maipāvuni
<Row Kui d5103 mespa (mest-) to pour in. DED 4190> mespa �mest-�
<Row Kannada d5105 mokka Schroebera swietenoides. id > mokka �cʰroebera svietenoides� id
<Row Tam d5113 moṭṭi (-pp-, -tt-) to close like a bud, bud, shoot forth buds> moṭṭi �-pp-� -tt-�
<Row Kannada d5114 fem. mōṇṭi > fem� mōṇṭi
<Row OIA d5114 nos. 9723 > nos� �
<Row OIA d5114 10187 > ���
<Row OIA d5114 10191. Cf. also O > ����� �f� also �
<Row Tam d5115 fem. moṭṭaicci; moṇṇaṉ baldheaded person> fem� moṭṭaicci� moṇṇaṉ
<Row Tam d5117 mottu (motti-) to strike, beat; <i>n.</i> stroke, blow> mottu �motti-�
<Row Tam d5117 mōtu (mōti-) to hit, smite, strike, dash against; <i>n.</i> blow; ?> mōtu �mōti-�
<Row Kota d5122 mu·ṛ shoulder joint> mu�ṛ
<Row Kuwi d5122 mōpa with'nai to shrug (cf. 5424)> mōpa vitʰ�nai
<Row Kota d5123 aḍ mug- (muṛt-) to bow to the ground before god or god-like person (cf. 83 Ta.aṭai)> aḍ mug- �muṛt-�
<Row Parji d5123 muṛtip- (muṛtit-) to cause to lie flat on the face, turn upside down> muṛtip- �muṛtit-�
<Row salur d5123 molk- (moluk-) to bow down> molk- �moluk-�
<Row Gondi d5123 caus. mursahtānā; murs- (Ch.) to bend down, (Mu.) bow; <i>> caus� mursahtānā� murs
<Row Kui d5123 mrōnga (mrōngi-) to crouch over. <i>> mrōnga �mrōngi-�
<Row sunkar d5123 boṅg- (-it-) to bow, bend down. <i>> boŋg- �-it-�
<Row Tam d5124 moḷ (moḷv-, moṇṭ-) to take in a vessel, as water> moḷ �moḷv-� moṇṭ-�
<Row Pengo d5124 mṛuk- (-t-) to ladle out> mṛuk- �-t-�
<Row Kuwi d5124 mṇok- (-h-) (Su.) to draw (water from container with small vessel into larger vessel), (Isr.) ladle out> mṇok- �-h-�
<Row Kuwi d5124 mrokh'nai to merge> mrokʰ�nai
<Row Tam d5126 mō (-pp-, -nt-) to undertake> mō �-pp-� -nt-�
<Row Kolami d5126 mo·p burden. <i>> mo�p
<Row salur d5126 mōpap- (-t-) to keep [? hold] something heavy. <i>> mōpap- �-t-�
<Row Kuwi d5126 mōc- (-it-) to be loaded down with heavy load, be burdened with many worries and responsi&lt;-&gt; bilities> mōc- �-it-�
<Row Tam d5126 cuma (? *cuma- &gt; *cmō&gt; mō-) DED(S) 4211> cuma �� �cuma- �gt� �cmō�gt� mō-�
<Row Kurux d5127 mōxrnā; mōxta'ānā to cause or allow someone to eat> mōxrnā� mōxta�ānā
<Row Tam d5127 moci (-pp-, -tt-) to eat> moci �-pp-� -tt-�
<Row Tam d5127 māntu (mānti-) to eat, drink, experience, enjoy> māntu �mānti-�
<Row Konda d5128 musku (obl. muskuR-) above, upon, on> musku �obl� musku�-�
<Row Konda d5128 muskuRaṇḍ from above. ? <i>> musku�aṇḍ
<Row Kurux d5131 mosga'ānā to create smoke, smoke anything, fumigate> mosga�ānā
<Row Kota d5135 fem. meḍy > fem� meḍy
<Row Toda d5142 mo·y beard> mo�y
<Row Telugu d5143 Eugenia alternifolia </i> DEDS 818> �ugenia alternifolia
<Row Pengo d5146 mṛā- (-t-) to steal> mṛā- �-t-�
<Row Kui d5146 mṛāpa (mṛāt-) to deceive, cheat, flatter with the intent of deceiving. <i>> mṛāpa �mṛāt-�
<Row Kuwi d5146 mṛākli or'i mouse> mṛākli or�i
<Row Kuwi d5146 mṇā- (-t-) to take away without asking, secretly> mṇā- �-t-�
<Row Tam d5149 yā (-pp-, -tt-) to bind, tie, dam up, confine, compose (as a poem), tell, utter; be inseparable from> yā �-pp-� -tt-�
<Row Tam d5149 ā (-pp-, -tt-) to bind> ā �-pp-� -tt-�
<Row Kota d5149 e·p long sticks used as outside layer (i.e. binding) of bundle of small twigs for firewood; ?> e�p
<Row Kota d5149 a·v- (a·t-) to give (name to child)> a�v- �a�t-�
<Row Kurux d5149 hē'enā (hēc-) to tie, imprison, unite in one body> hē�enā �hēc-�
<Row Malto d5149 eye (éc-) to tie, bond> eye �éc-�
<Row Tam d5151 adj. enta; evarum everyone> adj� enta� evarum
<Row Kota d5151 e·d which man, which woman, which persons, which thing or things> e�d
<Row Kota d5151 adj. e (before consonant)> adj� e
<Row Kota d5151 e·d where> e�d
<Row Kota d5151 eyo·n man, woman, persons, thing or things of or from what place> eyo�n
<Row Kota d5151 eyo·ḷ man, woman, persons, thing or things of or from what place> eyo�ḷ
<Row Kota d5151 eyo·r man, woman, persons, thing or things of or from what place> eyo�r
<Row Kota d5151 eṯa·k a little in which direction> eṯa�k
<Row Kota d5151 etervi· in which neighbourhood> etervi�
<Row Kota d5151 e·llk when> e�llk
<Row Kota d5151 elo·n man, woman, etc., at what time> elo�n
<Row Kota d5151 elo·ḷ man, woman, etc., at what time> elo�ḷ
<Row Kota d5151 elo·r man, woman, etc., at what time> elo�r
<Row Kota d5151 entgo· numerous> entgo�
<Row Kota d5151 ena· such as what> ena�
<Row Kota d5151 enena· such as what> enena�
<Row Kota d5151 enta· how great> enta�
<Row Kota d5151 e·pa·ṭy so big as what> e�pa�ṭy
<Row Kota d5151 enmu·ṛ like what> enmu�ṛ
<Row Kota d5151 a·r who (<i>sg., pl.)> a�r
<Row Kota d5151 da·r who (<i>sg., pl.)> da�r
<Row Kota d5151 ida·r who (<i>sg., pl.)> ida�r
<Row Toda d5151 e·- (same meaning as Ko.)> e�
<Row Toda d5151 e·Q (<i>obl. personal</i>e·n-) which person or thing; <i>pl.</i>> e��
<Row Toda d5151 e·Qa·m <i>adj.</i>> e��a�m
<Row Toda d5151 e· (before consonant)> e�
<Row Toda d5151 e·y (before vowel)> e�y
<Row Toda d5151 e·Qïd because of what> e��ɨd
<Row Toda d5151 e·Qïdm because of any of these things> e��ɨdm
<Row Toda d5151 e·l where> e�l
<Row Toda d5151 e·nk to what place> e�nk
<Row Toda d5151 e·na·ṟ by what road, towards where> e�na�ṟ
<Row Toda d5151 e·faxm always> e�faxm
<Row Toda d5151 e·ḏ > e�ḏ
<Row Toda d5151 eto·f such as what> eto�f
<Row Toda d5151 o·ry (<i>obl.</i>o·r-) who> o�ry
<Row Toda d5151 i· what (i· xïy-to do what; freely used in song)> i�
<Row Kannada d5151 āvuvu; yāke why> āvuvu� yāke
<Row Kannada d5151 ēvu; etta which or what place or direction, to or in which etc., where> ēvu� etta
<Row Kodagu d5151 a·rï (<i>dat.</i>a·kï, <i>gen.</i>a·ḍa), da·rïwho (<i>sg., pl.</i>)> a�rɨ
<Row Kodagu d5151 e·vëⁿ which man, which woman, which persons, which thing or things; <i>adj.</i>> e�vəⁿ
<Row Kodagu d5151 e·va which man, which woman, which persons, which thing or things; <i>adj.</i>> e�va
<Row Kodagu d5151 e·vu which man, which woman, which persons, which thing or things; <i>adj.</i>> e�vu
<Row Kodagu d5151 e·dï which man, which woman, which persons, which thing or things; <i>adj.</i>> e�dɨ
<Row Kodagu d5151 e·; elli where> e�� elli
<Row Kodagu d5151 e·le by which way> e�le
<Row Kodagu d5151 ekka·kaṇe until when> ekka�kaṇe
<Row Kodagu d5151 ekkale· just when> ekkale�
<Row Kodagu d5151 ekkalu· always> ekkalu�
<Row Kodagu d5151 ekko·lu· always> ekko�lu�
<Row Kodagu d5151 endu· always> endu�
<Row Kodagu d5151 e·taratï in what manner> e�taratɨ
<Row Kodagu d5151 ennata·ŋgï for what purpose> ennata�ŋgɨ
<Row Kodagu d5151 e·naŋguṇḍï on account of what> e�naŋguṇḍɨ
<Row Telugu d5151 ē; evata (all the preceding withvvforv), ēbiḍa, ēme, ēpe, ēkewhich woman> ē� evata
<Row Kolami d5151 e·n who/which man, which men, which woman or thing, which women or things; <i>adj.</i>> e�n
<Row Kolami d5151 e·nd who/which man, which men, which woman or thing, which women or things; <i>adj.</i>> e�nd
<Row Kolami d5151 e·r who/which man, which men, which woman or thing, which women or things; <i>adj.</i>> e�r
<Row Kolami d5151 e· (rarely used)> e�
<Row Kolami d5151 e·v which women> e�v
<Row Kolami d5151 e·ndi entena someone> e�ndi entena
<Row Kolami d5151 e·ri entena some people> e�ri entena
<Row Kolami d5151 e·puḍ when> e�puḍ
<Row Kolami d5151 e· where> e�
<Row Kolami d5151 ta·ned what thing, things> ta�ned
<Row Kolami d5151 ta·nev what thing, things> ta�nev
<Row Kolami d5151 ta·ŋ > ta�ŋ
<Row Kolami d5151 ta·na at all (ort-forms at 3197)> ta�na
<Row Kolami d5151 ta·nay at all (ort-forms at 3197)> ta�nay
<Row Naikri d5151 ēv; eŋgel how much> ēv� eŋgel
<Row H d5151 what; tāndun why (ort-forms at 3197)> vhat� tāndun
<Row Gadaba d5151 ēvi; ecel where> ēvi� ecel
<Row Pengo d5151 imṇakadel; imṇi what (<i>attrib.</i>)> imṇakadel� imṇi
<Row Manda d5151 amne; ina what> amne� ina
<Row Kui d5151 ani; estanju which man, which men, which woman or thing, which women or things; <i>adj.</i>> ani� estanju
<Row Kui d5151 esti; imbai who (<i>sg. or pl. masc. or fem.</i>)> esti� imbai
<Row Kui d5151 an-; ini => an-� ini
<Row Kui d5151 ani; inari => ani� inari
<Row Kui d5151 anari; eccur how many. <i>> anari� eccur
<Row Kuwi d5151 amba'i id. (<i>fem. sg. and pl.</i>)> amba�i
<Row Kuwi d5151 eni; imin what kind> eni� imin
<Row Kuwi d5151 imbi'a where> imbi�a
<Row Kuwi d5151 imba'asi which man, which men, which woman or thing, which women or things> imba�asi
<Row Kuwi d5151 imba'ari which man, which men, which woman or thing, which women or things> imba�ari
<Row Kuwi d5151 imbini; eccōra how many> imbini� eccōra
<Row Kurux d5151 ekā; endrad what thing> ekā� endrad
<Row Kurux d5151 ek'am any, every> ek�am
<Row Malto d5151 indru (indrth) who/ which man, which woman, which persons, which thing> indru �indrtʰ�
<Row Malto d5151 ik; ikeno where> ik� ikeno
<Row Brah d5151 arā; aṭ how many> arā� aṭ
<Row Kota d5152 a·ṛ (<i>obl.</i>a·ṭ-) goat> a�ṛ
<Row Toda d5152 o·ḍ id> o�ḍ
<Row Kodagu d5152 a·ḍï id> a�ḍɨ
<Row Kuwi d5152 o'ḍā > o�ḍā
<Row Tam d5153 āṭṭai; āṭṭāṇṭu every year> āṭṭai� āṭṭāṇṭu
<Row Kota d5153 o·r a·ṛ one year> o�r a�ṛ
<Row Kota d5153 i·r a·ṛ two years> i�r a�ṛ
<Row Toda d5153 wï·r o·ṛ one year> vɨ�r o�ṛ
<Row Toda d5153 i·r o·ṛ two years> i�r o�ṛ
<Row Toda d5153 ko·ḍ last year (cf. 1619)> ko�ḍ
<Row Kodagu d5153 a·ṇḍï id> a�ṇḍɨ
<Row Kolami d5153 i· e·ḍ this year> i� e�ḍ
<Row Kolami d5153 a· e·ḍ two years before last> a� e�ḍ
<Row Mal d5154 ñāṅṅaḷ (obl. ñaṅṅaḷ-, eṅṅaḷ-) id> ñāŋŋaḷ �obl� ñaŋŋaḷ-� eŋŋaḷ-�
<Row Mal d5154 ñaṅṅaḷ (obl. ñaṅṅaḷ-, eṅṅaḷ-) id> ñaŋŋaḷ �obl� ñaŋŋaḷ-� eŋŋaḷ-�
<Row Kota d5154 a·m we (<i>obl.</i>em- <i>excl.</i>; am&lt;-&gt> a�m
<Row Kolami d5154 a·m (<i>obl.</i>am-) id> a�m
<Row Kota d5155 e·m tortoise. <i>> e�m
<Row Kota d5155 e·mb tortoise. <i>> e�mb
<Row Toda d5155 a·my id. (&lt; Ta.)> a�my
<Row Kodagu d5155 a·me id> a�me
<Row Tam d5156 er̤u (-v-, -nt-) to emit sound> eṛ̆u �-v-� -nt-�
<Row Tam d5156 er̤uppu (er̤uppi-) to call forth (as melody from an instrument), raise (as the voice in speaking or singing)> eṛ̆uppu �eṛ̆uppi-�
<Row Tam d5156 er̤uvu (er̤uvi-) to produce or call forth sound> eṛ̆uvu �eṛ̆uvi-�
<Row Tam d5156 eṭu (-pp-, -tt-) to utter or sing in a loud voice> eṭu �-pp-� -tt-�
<Row Tam d5156 eṭuppu (eṭuppi-) to produce (as harmonious sounds from an instrument)> eṭuppu �eṭuppi-�
<Row Kota d5156 et- (eyt-) to sing (song), play musical instrument. (TPM, p. 227, for Ta.yār̤ : er̤u.) DEN 72> et- �eyt-�
<Row Tam d5157 āḷ (āḷv-, āṇṭ-) to rule, reign over, control or manage (as a household), cherish, maintain, keep or maintain in use> āḷ �āḷv-� āṇṭ-�
<Row Kota d5157 a·ṇ- (a·ḍ-) to possess, rule, keep, own> a�ṇ- �a�ḍ-�
<Row Toda d5157 o·ḷ- (o·ḍ-) to own (buffaloes), rule> o�ḷ- �o�ḍ-�
<Row Kannada d5157 āḷ (āḷd-) to get, have, possess, govern, rule, manage> āḷ �āḷd-�
<Row Kodagu d5157 a·ḷ- (a·ḷi-) to rule> a�ḷ- �a�ḷi-�
<Row Kodagu d5157 a·ce week, day of the week> a�ce
<Row Kota d5159 peyv-e·r (<i>obl.</i>peyv-e·ṯ-) id. (see 4318 Ma.pur̤a); e·ṯ aṇedge of bank of stream or tank (or with 916 Ta.ēṟu); e·r (<i>obl.</i> e·ṯ-), in:> peyv-e�r
<Row Kota d5159 te·lvie·r Pykara river (&lt;te·l pey e·r), kime·r<i>n.pr.</i> of swamp at Kolme·l village. <i>> te�lvie�r
<Row Telugu d5159 ēṟu (gen. ēṭi ) river> ēṟu �gen� ēṭi
<Row muria d5159 berer (pl. berehk )> berer �pl� berehk
<Row Konda d5159 ēṟ (obl ēR- ) water> ēṟ �obl ē�
<Row Konda d5159 ēṟu (obl ēR- ) water> ēṟu �obl ē�
<Row Konda d5159 ēRki thirst> ē�ki
<Row Pengo d5159 ēzuŋ; ēs (variant form ofēzused in certain combinations, e.g.ēs orliotter [lit. water-rat])> ēzuŋ� ēs
<Row Kota d5160 a·n (<i>obl.</i>en-; e-with some relationship terms)> a�n
<Row Toda d5160 o·n (<i>obl.</i>en-)> o�n
<Row Kodagu d5160 na·nï (<i>obl.</i>en-, nan-, na·-)> na�nɨ
<Row Kodagu d5160 na· (<i>obl.</i>en-, nan-, na·-)> na�
<Row Kolami d5160 a·n (<i>obl.</i>an-)> a�n
<Row Kota d5161 a·n > a�n
<Row Toda d5161 a·n > a�n
<Row Kodagu d5161 a·ne > a�ne
<Row Parji d5161 ēnu (pl. -l) > ēnu �pl� -l�
<Row Konda d5161 ēngu (n not> ēngu �n
<Row Kolami d5165 ra·ŋg- (ra·ŋkt-) to be possessed by (a god)> ra�ŋg- �ra�ŋkt-�
<Row Kui d5165 ṛānja (ṛānji-) (spirit, demon) possesses, inspires, excites; <i>n.</i> spirit-possession, demon-possession. DED 4239> ṛānja �ṛānji-�
<Row Telugu d5166 rāmalu (pl.) a kind of fish. DED 4240> rāmalu �pl��
<Row Konda d5167 ṟīpa (pl. ṟīpek ) grown-up girl> ṟīpa �pl� ṟīpek
<Row Pengo d5167 jīpoli (pl. jīpok ) young woman> jīpoli �pl� jīpok
<Row Manda d5167 jīpaṛ (pl. jīpahiŋ ) grown-up girl. DEDS 835> jīpaṛ �pl� jīpahiŋ
<Row sunkar d5175 ro'ni > ro�ni
<Row Kuwi d5175 rō'ni > rō�ni
<Row Kuwi d5175 rō'oni > rō�oni
<Row Kuwi d5175 ro'la day before yesterday. DEDS(N) 831> ro�la
<Row Kui d5176 rohpa (roht-) to put, place, put by, store. <i>> rohpa �roht-�
<Row Kuwi d5176 rōssali (rōst-) to put in> rōssali �rōst-�
<Row Kuwi d5176 roh'- to put> roh�
<Row Kuwi d5176 rōh'nai to preserve> rōh�nai
<Row Kuwi d5176 roh- (-t-) to put into (a tin, cupboard, etc.). DEDS 832> roh- �-t-�
<Row Konda d5177 ros- (-t-) to arrange (as stones in construction), pile up, get things packed (for travel); (BB) to fashion, arrange, prepare, make> ros- �-t-�
<Row Pengo d5177 rōh- (rōst-) to make, construct, build> rōh- �rōst-�
<Row Kui d5177 rōnja (rōnji-) to be level, smooth, well ordered, properly formed, prosperous; <i>pl. action</i>> rōnja �rōnji-�
<Row Kui d5177 rōska (rōski-); rōspa (rōst-) to make level or smooth, fashion properly, give form to; <i>n.</i> levelling, fashioning. DEDS 833> rōska �rōski-�� rōspa �rōst-�
<Row Konda d5178 rōmb- (-it-) to rest, take rest; <i>caus.</i>> rōmb- �-it-�
<Row Pengo d5178 jōm- (-t-) to stop, rest, cease> jōm- �-t-�
<Row Kui d5178 jāmba (jāmbi-) to rest, cease, subside. <i>> jāmba �jāmbi-�
<Row Kuwi d5178 jōm- (-it-) to rest; ?> jōm- �-it-�
<Row Kuwi d5178 rēmb-(-it-) id. DEDS 834> rēmb-�-it-�
<Row Kolami d5179 ro·si > ro�si
<Row sunkar d5180 ṛak- (-h-) id> ṛak- �-h-�
<Row Pengo d5183 ṛetohiŋ (pl.) id. DEN 73> ṛetohiŋ �pl��
<Row Konda d5184 ṛo- (-t-) to fasten, attach, suspend (Krishnamurti, texts 5.151, 7.43; not in vocabulary)> ṛo- �-t-�
<Row Pengo d5184 ṛo- (-t-) to hang up. DEN 74> ṛo- �-t-�
<Row Kuwi d5186 lāh'i boiled manḍeya grain. DEDS 840> lāh�i
<Row Pengo d5188 litaŋ (pl.) leavings of food. <i>> litaŋ �pl��
<Row Pengo d5190 lu- (lut-) to beat game> lu- �lut-�
<Row Kuwi d5190 luh- (-t-) to hunt with group of men> luh- �-t-�
<Row Tam d5194 loṭaloṭa (-pp-, -tt-) to be hollow or empty, become useless> loṭaloṭa �-pp-� -tt-�
<Row Kodagu d5195 loṭṭo· noise of wooden cattle-bell> loṭṭo�
<Row Kui d5199 lumba (lumbi-) > lumba �lumbi-�
<Row Kui d5199 luppa (lupt-) to extinguish. <i>> luppa �lupt-�
<Row sunkar d5199 ḍumb- (-it-) > ḍumb- �-it-�
<Row bisam d5199 ḍumb- (-it-) > ḍumb- �-it-�
<Row Kui d5200 lenga- (lengi-) to be broken, snap off> lenga- �lengi-�
<Row bisam d5200 ṛeŋg- (-it-) to be broken. DEDS 848> ṛeŋg- �-it-�
<Row Kui d5201 ḍrēnḍu (pl. ḍrēṭka) > ḍrēnḍu �pl� ḍrēṭka�
<Row Kui d5201 ḍēḍru (pl. ḍrēṭka) id. <i>> ḍēḍru �pl� ḍrēṭka�
<Row Tam d5202 vaku (-pp-, -tt-) to separate, divide, apportion, distribute; (-v-, -nt-) to split> vaku �-pp-� -tt-�
<Row Tam d5202 vakai (-v-, -nt-) to be divided; divide, cut, arrange a subject; <i>n.</i> division, branch, section, class, caste, manner, method, way, means, nature. quality> vakai �-v-� -nt-�
<Row Tam d5202 vakir (-v-, -nt-) to slice, cut in slips, split, cleave, tear open, divide; <i>n.</i> tearing, scratch, slice> vakir �-v-� -nt-�
<Row Tam d5202 vaci (-v-, -nt-) to split, cut> vaci �-v-� -nt-�
<Row Kuwi d5202 bark- (-it-) to claw (or with 5322 Ta.vaṟaṇṭu; cf. Ka.bagaru). DED(S) 4255> bark- �-it-�
<Row Kuwi d5202 brak- (-h-) to claw (or with 5322 Ta.vaṟaṇṭu; cf. Ka.bagaru). DED(S) 4255> brak- �-h-�
<Row Kannada d5204 bogulụ to bark, cry out> bogul�
<Row Tam d5205 vakai (-v-, -nt-) to consider, weigh> vakai �-v-� -nt-�
<Row Tam d5205 vai (-pp-, -tt-) to consider, meditate upon, suppose> vai �-pp-� -tt-�
<Row Tam d5206 Ardea nivea; vaṅkā a bird> �rdea nivea� vaŋkā
<Row Tam d5207 vakku (vakki-) to burn, singe, roast; <i>n.</i> being singed or burnt, being roasted> vakku �vakki-�
<Row Gondi d5207 caus. vars- to scorch, burn, brand> caus� vars
<Row Tam d5209 Sterculia villosa </i>; hemp fibre; (<i>DCV</i>) elephant rope tree [i.e. <i>S. v.</i>]> �terculia villosa
<Row Pengo d5215 vāh- (vāst-) to be or become tired> vāh- �vāst-�
<Row Kui d5215 vaha (vahi-) to be tired, exhausted, tire, faint; <i>n.</i> weariness, exhaustion. <i>> vaha �vahi-�
<Row sunkar d5215 vāh- (-it-) id., become tired> vāh- �-it-�
<Row Tam d5216 Calamus rotang </i> (and some other similar plants)> �alamus rotang
<Row OIA d5216 vañjula- C. rotang Turner> vañjula- �� rotang
<Row Tam d5217 Cybium guttalum </i>; seer, bluish, attaining 3 feet in length> �ybium guttalum
<Row Kota d5219 fem. vavṛy > fem� vavṛy
<Row Tam d5220 vaṭṭi (-pp-, -tt-) to tie> vaṭṭi �-pp-� -tt-�
<Row Tam d5221 vaṭi (-v-, -nt-) to drip, trickle, (tide) ebbs; (-pp-, -tt-) to cause to flow out, shed (as tears), drain, strain, filter; <i>n.</i> filtration, distillation> vaṭi �-v-� -nt-�
<Row Toda d5221 waṛf- (waṛt-) (blood) flows (or with 1010 Ta.or̤uku)> vaṛf- �vaṛt-�
<Row Telugu d5221 vb.n. vaḍupu; vaḍĩ-gaṭṭu to strain, filter> vb�n� vaḍupu� vaḍĩ-gaṭṭu
<Row Kolami d5221 vaḍp- (vaḍapt-) to pour> vaḍp- �vaḍapt-�
<Row Konda d5221 vaḍis- (-t-) to pour down, serve (of liquid food)> vaḍis- �-t-�
<Row Tam d5222 vaṭi (-v-, -nt-) to be diminished, dry up (as water in a river)> vaṭi �-v-� -nt-�
<Row Kota d5222 baṛva· meyṇ son of a pauper (abusive)> baṛva� meyṇ
<Row Kodagu d5222 fem. baḍavati > fem� baḍavati
<Row Tam d5223 vaṭi (-v-, -nt-) to become beautiful; (-pp-, -tt-) to refine, perfect; <i>n.</i> form, shape> vaṭi �-v-� -nt-�
<Row Kodagu d5224 baḍi- (baḍip-, baḍic-) to hammer, pound> baḍi- �baḍip-� baḍic-�
<Row Kodagu d5224 ba·y baḍi- to bawl out> ba�y baḍi
<Row OIA d5230 *baḍabaḍa- DED(S) 4276> �baḍabaḍa
<Row Mal d5231 Koḍ: baṭṭi basket> �oḍ� baṭṭi
<Row Tam d5235 Hydnocarpus alpina </i>; marote> �ydnocarpus alpina
<Row Tam d5236 vaṇaṅku (vaṇaṅki-) to bend, yield, be submissive; worship, salute respectfully> vaṇaŋku �vaṇaŋki-�
<Row Tam d5236 vaṇakku (vaṇakki-) to bend (<i>tr.</i>), make flexible (as the body), make submsisive> vaṇakku �vaṇakki-�
<Row Tam d5236 vaṇar (-v-, -nt-) to bend (<i>intr.</i>), curl (as the hair); <i>n.</i> vault> vaṇar �-v-� -nt-�
<Row Tam d5236 vaṇai (-v-, -nt-; -pp-, -tt-) to bend> vaṇai �-v-� -nt-� -pp-� -tt-�
<Row Pengo d5240 venḍ- (-t-) id> venḍ- �-t-�
<Row Kui d5240 vanḍa (vanḍi-) id.; <i>n.</i> act of tasting> vanḍa �vanḍi-�
<Row Kui d5240 pl. action vaṭka (vaṭki-) > pl� action vaṭka �vaṭki-�
<Row Kuwi d5240 vaṇḍ- (-it-) to taste. DED (S) 4284> vaṇḍ- �-it-�
<Row Tam d5241 fem. vaṇṇātti > fem� vaṇṇātti
<Row Mal d5241 fem. vaṇṇātti > fem� vaṇṇātti
<Row Tam d5242 vatakku (vatakki-) to roast, dry, harass, annoy> vatakku �vatakki-�
<Row Tam d5242 vataṅku (vataṅki-) to wither, fade, grow dry; be discouraged, dispirited, fatigued> vataŋku �vataŋki-�
<Row Toda d5242 poQx fallen leaves> po�x
<Row Kurux d5243 odᵒxnā (odxas) to render less tight, detach, get rid of. DED 4287> odᵒxnā �odxas�
<Row Tam d5244 vataṟu (vataṛi-) to chatter, prate, be talkative, lisp, abuse> vataṟu �vataṛi-�
<Row Kannada d5244 caus. odaṟisu; odaṟuvike sounding, crying aloud> caus� odaṟisu� odaṟuvike
<Row Tam d5246 vati (-v-, -nt-) to dwell, abide, sojourn; sleep; <i>n.</i> lair, nest. <i>> vati �-v-� -nt-�
<Row Parji d5247 vat (pl. okul) finger ring. <i>> vat �pl� okul�
<Row Gadaba d5247 vat (pl. okil) id> vat �pl� okil�
<Row Pengo d5247 vatus (pl. vatuhiŋ) id. DED(S) 4290> vatus �pl� vatuhiŋ�
<Row Pengo d5248 vat- (-t-) (fowl) to scratch the ground> vat- �-t-�
<Row Pk d5251 Language </i> 39.564. DED(S) 4292> �anguage
<Row Tam d5252 fem. vampi > fem� vampi
<Row Tam d5255 vayakku (vayakki-) to tame, break in; improve (as land)> vayakku �vayakki-�
<Row Tam d5255 va·y- Nk> va�y
<Row OIA d5256 Language </i> 39.564. DED(S) 4296> �anguage
<Row Tam d5257 vayāvu (vayāvi-) to desire> vayāvu �vayāvi-�
<Row Kodagu d5257 bay- (bayp-, bayc-) (stomach) hungers> bay- �bayp-� bayc-�
<Row Telugu d5257 vēviḷḷu (pl.) longing of a pregnant woman for particular things, with vomiting and other signs of pregnancy. <i>> vēviḷḷu �pl��
<Row Kodagu d5258 be·lï paddy field> be�lɨ
<Row Kolami d5258 ve·gaḍ (obl. ve·gaṭ-) id> ve�gaḍ �obl� ve�gaṭ-�
<Row adil d5258 vāvuṛ (pl. vāvuk) > vāvuṛ �pl� vāvuk�
<Row Tam d5258 baga·l > baga�l
<Row Mal d5259 fem. vayaṟi > fem� vayaṟi
<Row Kota d5259 vi·r (obl. vi·ṯ-) belly, pregnancy> vi�r �obl� vi�ṯ-�
<Row Kota d5259 vi·ṯa·c pregnant woman> vi�ṯa�c
<Row Kota d5259 kavi·r stomach (internal organ; forka-, see 1274)> kavi�r
<Row Toda d5259 pi·ṟ (obl. pi·ṯ-) belly, pregnancy, womb> pi�ṟ �obl� pi�ṯ-�
<Row Konda d5259 vaski (pl. -ŋ) small intestines> vaski �pl� -ŋ�
<Row Pengo d5259 vahiŋ (pl.) intestines> vahiŋ �pl��
<Row sunkar d5259 vahi (pl. -ŋa) > vahi �pl� -ŋa�
<Row bisam d5259 vahi (pl. -ŋa) > vahi �pl� -ŋa�
<Row Tam d5260 Paspalum scrobiculatum </i>; poor man's millet> �aspalum scrobiculatum
<Row Mal d5260 varaku P. frumentaceum a grass> varaku �� frumentaceum
<Row Kannada d5260 baragu P. frumentaceum Indian millet; a kind of hill grass of which writing pens are made> baragu �� frumentaceum
<Row OTelugu d5260 varuvu Panicum miliaceum > varuvu �anicum miliaceum
<Row M d5260 P. miliaceum </i>> �� miliaceum
<Row OIA d5260 Paspalum scrobiculatum </i> Linn. = <i>> �aspalum scrobiculatum
<Row OIA d5260 P. frumentaceum </i> Rottb. <i>> �� frumentaceum
<Row OIA d5260 P. crusgalli </i> is not identified in Hooker.] DED 4300> �� crusgalli
<Row Or d5262 bare mi·nï black murl> bare mi�nɨ
<Row Tam d5263 vari (-v-, -nt-) to write, paint, draw; (-pp-, -tt-) id., adorn, decorate; <i>n.</i> line, streak, stripe, course (as of bricks), line (as of writing), row> vari �-v-� -nt-�
<Row Tam d5263 varai (-v-, -nt-) to write, inscribe, paint, draw; <i>n.</i> line, wrinkle> varai �-v-� -nt-�
<Row Kota d5263 varv- (vard-) to write> varv- �vard-�
<Row Toda d5263 par- (parQ-) to write> par- �par�-�
<Row salur d5263 rāyap- (rāyat-) to write. <i>> rāyap- �rāyat-�
<Row Konda d5263 rās- (-t-) to write> rās- �-t-�
<Row Kui d5263 vrīsa (vrīsi-) to make an incision, furrow or mark, scratch, write, plough, cut up flesh; <i>n.</i> writing; <i>pl. action</i>> vrīsa �vrīsi-�
<Row Kui d5263 vrīska (vrīski-) > vrīska �vrīski-�
<Row Kuwi d5263 rāc- (-it-) to write; ?> rāc- �-it-�
<Row Tam d5264 vari (-v-, -nt-) to bind, tie, fasten, cover; (-pp-, -tt-) id., fix as the reepers of a tiled roof; <i>n.</i> tie, bondage> vari �-v-� -nt-�
<Row Kota d5264 varj- (varj-) to wrap, wind> varj- �varj-�
<Row Tam d5270 varu (vār- <i>imp.</i>> varu �vār
<Row Tam d5270 vā; vant-) to come, happen, come into being, be known, become clear, be completed, be able> vā� vant-�
<Row Tam d5270 varuttu (varutti-) to cause to come, get> varuttu �varutti-�
<Row Tam d5270 varuvi (-pp-, -tt-) to cause to come, get> varuvi �-pp-� -tt-�
<Row Mal d5270 varika (vār-, vā; vann-) to come, arrive, happen, be obtained> varika �vār-� vā� vann-�
<Row Kota d5270 va·r- (va-, va·; vad-) to come> va�r- �va-� va�� vad-�
<Row Kota d5270 vakc- (vakc-) to make to come> vakc- �vakc-�
<Row Kota d5270 varla·r (<i>obl.</i>varla·ṯ-) account of oneself and one's previous history> varla�r
<Row Toda d5270 po·r- (pa-, paš-, po·; pod-) to come> po�r- �pa-� paš-� po�� pod-�
<Row Kannada d5270 bār (bā; band-) to come, arrive, accrue, be gotten, be a matter of possibility, be becoming, fit, useful, be allowed, suffice for> bār �bā� band-�
<Row Kodagu d5270 bar- (ba·; bapp-, band-) to come> bar- �ba�� bapp-� band-�
<Row Kodagu d5270 barat- (barati-) to cause to come> barat- �barati-�
<Row Telugu d5270 vaccu (rā-) to come, arrive, happen, be possible> vaccu �rā-�
<Row Kolami d5270 var- (va-, va·; vatt-) to come> var- �va-� va�� vatt-�
<Row Naiki d5270 va- (vat-) id> va- �vat-�
<Row Parji d5270 ver- (veñ-) id. <i>> ver- �veñ-�
<Row Gadaba d5270 var- (vad-, van-) to come, appear> var- �vad-� van-�
<Row salur d5270 vār- (vadd- <i>imp.</i>> vār- �vadd
<Row Gadaba d5270 vā, var) to come. <i>> vā� var�
<Row betul d5270 waiānā (wāt- <i>imp.</i>> vaiānā �vāt
<Row Konda d5270 vā- (-t- <i>imp. 2sg.</i>> vā- �-t
<Row Konda d5270 reˀ -) id> reˀ -�
<Row Pengo d5270 vā- (-t-) id> vā- �-t-�
<Row Kui d5270 vāva (vāt- <i>imp.</i>> vāva �vāt
<Row Kui d5270 va) id., approach; <i>n.</i> coming, approaching. <i>> va�
<Row Kuwi d5270 vwaiyali (vwat-) > vvaiyali �vvat-�
<Row Kuwi d5270 wā'nai > vā�nai
<Row sunkar d5270 vā- (-t-) to come> vā- �-t-�
<Row bisam d5270 vā- (-t-) to come> vā- �-t-�
<Row Brah d5270 banning (bar- <i>imp.</i>> banning �bar
<Row Brah d5270 bass-) id. DED(S, N) 4311> bass-�
<Row Tam d5272 varuntu (varunti-) to suffer, be distressed, grieved, become emaciated, take pains, make great efforts, make a supplication> varuntu �varunti-�
<Row Tam d5272 varuttu (varutti-) to cause pain, afflict, vex; <i>n.</i> suffering, pain> varuttu �varutti-�
<Row Toda d5272 po·r- (po·Q-) it pains> po�r- �po��-�
<Row Toda d5272 pi·ṟfor- (pi·ṟfoQ-) to love, kiss (pi·ṟbelly; see 5259)> pi�ṟfor- �pi�ṟfo�-�
<Row Konda d5272 vand- (-it-) to get tired, be exhausted> vand- �-it-�
<Row Kui d5272 vāra (vāri-) to be wearied, tired, cramped after exertion; <i>pl. action</i>> vāra �vāri-�
<Row Kui d5272 vārka (vārki-) DED(S) 4313> vārka �vārki-�
<Row Tam d5273 varai (-v-, -nt-) to restrain, exclude, leave, abandon> varai �-v-� -nt-�
<Row Toda d5274 par o·ṛ Nilgiri ibex; ?> par o�ṛ
<Row gowda d5274 barE precipice> bar�
<Row Tam d5276 vallu (valli-) to be able> vallu �valli-�
<Row Kota d5276 valc; val paṭ excessive> valc� val paṭ
<Row Kota d5276 valc- (valc-) (man) becomes stout, (heart) becomes bold, (grain) becomes solid lump when boiled> valc- �valc-�
<Row Toda d5276 paly- (pals-) (child) becomes strong> paly- �pals-�
<Row Telugu d5276 valana(N) instrumental postposition> valana���
<Row Gondi d5276 : (Tr.) wallē much, very> � ��r�� vallē
<Row Tam d5281 vali (-pp-, -tt-) to be painful; <i>n.</i> pain, ache, trouble, difficulty> vali �-pp-� -tt-�
<Row Kui d5281 valga (valgi-) to become emaciated, thin, withered> valga �valgi-�
<Row Tam d5282 vali (-v-, -nt-; -pp-, -tt-) to draw, pull, row; have contortions or convulsions> vali �-v-� -nt-� -pp-� -tt-�
<Row Kodagu d5282 bali- (balip-, balic-) to snatch, pull> bali- �balip-� balic-�
<Row Kui d5282 velba (ves-) to pull, pull up; <i>n.</i> pulling. DED (N) 4322> velba �ves-�
<Row Tam d5283 vali (-pp-, -tt-) to say, tell, narrate; <i>n.</i> sound. <i>> vali �-pp-� -tt-�
<Row Kolami d5287 val bi·am husked rice> val bi�am
<Row Tam d5288 valaicci; vala (-pp-, -nt-) to encircle, surround, spin as a spider its thread, plait, weave, string in a series, tie, bind> valaicci� vala �-pp-� -nt-�
<Row Tam d5291 vavvu (vavvi-) to snatch, take hold of, carry off, sweep away; <i>n.</i> snatching, taking hold of> vavvu �vavvi-�
<Row Tam d5291 vauvu (vauvi-) to seize, snatch, commit highway robbery, steal, rivet attention, fascinate> vauvu �vauvi-�
<Row Tam d5292 var̤aṅku (var̤aṅki-) to move, proceed, advance be current or in use, be accustomed, practised; use, practise; give, distribute, cause to move, send, discharge, speak, utter> vaṛ̆aŋku �vaṛ̆aŋki-�
<Row Tam d5292 var̤akku (var̤akki-) to cause to go> vaṛ̆akku �vaṛ̆akki-�
<Row Kota d5292 vaḷc- (vaḷc-) to use (pots, vessels, plates, etc.)> vaḷc- �vaḷc-�
<Row Toda d5292 poḷc- (poḷč-) to live, be alive, get on in life (or with 5372 Ta.vār̤); poḷpway of living, means of livelihood (or with 5372)> poḷc- �poḷč-�
<Row Kota d5293 ba·ḷ fatigue (? &lt; Badaga); ?> ba�ḷ
<Row Kota d5293 ba·ḷ- (ba·ḷy-) to become exhausted from hunger> ba�ḷ- �ba�ḷy-�
<Row Kuwi d5293 bṛac- (-it-) to be tired of> bṛac- �-it-�
<Row Tam d5295 var̤i (-pp-, -tt-) to wipe, scrape, gather together as a pulpy mass, rub in with the hand as an ointment, smear as sandalpaste, roll up as one's clothes, shave> vaṛ̆i �-pp-� -tt-�
<Row Toda d5295 poḍy- (poḍc-) to scrape with finger> poḍy- �poḍc-�
<Row Kannada d5295 caus. bar̤acu putting on or applying to> caus� baṛ̆acu
<Row Kannada d5295 bor̤isu; bar̤u putting on or applying to> boṛ̆isu� baṛ̆u
<Row Tam d5296 var̤i (-v-, -nt-) to overflow, flow; (-pp-, -tt-) to shed, let flow> vaṛ̆i �-v-� -nt-�
<Row Konda d5296 vaṛ- (-t-) to drip down (as through filter)> vaṛ- �-t-�
<Row Toda d5297 pyu·k (<i>obl.</i>pyu·k-orpyu·kt-)behind; ?> pyu�k
<Row Kodagu d5297 bay po·- to wander aimlessly> bay po�
<Row Tam d5298 var̤ukku (var̤ukki-) to slip, slide as in slippery places, err, commit a mistake, make an escape, be foregetful; <i>n.</i> slipping, error, mistake, fault, forgetfulness> vaṛ̆ukku �vaṛ̆ukki-�
<Row Tam d5298 var̤uvar̤u (-pp-, -tt-) to slip, be slippery, smooth or polished, be infirm, unsteady> vaṛ̆uvaṛ̆u �-pp-� -tt-�
<Row Tam d5298 var̤uvu (var̤uvi-) to err, swerve from the right, go astray, miss as a step, sway down as a load, be turned out of course, slip, be inaccurate> vaṛ̆uvu �vaṛ̆uvi-�
<Row Tam d5298 vaḷuvaḷu (-pp-, -tt-) to be slimy, slippery, be uncertain or indecisive as in language> vaḷuvaḷu �-pp-� -tt-�
<Row Toda d5298 paḍf- (paḍt-) to slip> paḍf- �paḍt-�
<Row Toda d5301 poQaṇ id> po�aṇ
<Row sunkar d5302 ṛag- (-it-) > ṛag- �-it-�
<Row Kui d5303 vaṛpa (vaṛt-) to shake (<i>tr.</i>), shake out, beat the wings. DEDS 862> vaṛpa �vaṛt-�
<Row Kui d5303 vaṭpa (vaṭt-) to shake (<i>tr.</i>), shake out, beat the wings. DEDS 862> vaṭpa �vaṭt-�
<Row Tam d5304 vaḷar (-v-, -nt-) to grow, lengthen, be elongated, increase, wax as the moon, rejoice, sleep, dwell, rest; (-pp-, -tt-) to cause to increase, cherish, foster, bring up> vaḷar �-v-� -nt-�
<Row Tam d5304 vaḷarttu (vaḷartti-) to cause to grow, put to sleep, lengthen, prolong> vaḷarttu �vaḷartti-�
<Row Tam d5304 vaḷavu (vaḷavi-) to bring up, rear> vaḷavu �vaḷavi-�
<Row Tam d5304 vaṭku (vaṭki-) to flourish, be luxuriant (as a plant)> vaṭku �vaṭki-�
<Row Pengo d5306 ṛah- (ṛast-) id> ṛah- �ṛast-�
<Row Kuwi d5306 vaṛh- (vaṛst-) to sharpen> vaṛh- �vaṛst-�
<Row sunkar d5306 ṛe'- id> ṛe�
<Row Kuwi d5306 lē'nai to sharpen> lē�nai
<Row Kuwi d5306 ṛēˀ - (-t-) to sharpen> ṛēˀ - �-t-�
<Row Kolami d5307 vaḍk- (vaḍakt-) to tremble, shiver> vaḍk- �vaḍakt-�
<Row Konda d5307 vaṇk- (-t-) to shake, tremble. DED(S, N) 4342> vaṇk- �-t-�
<Row Tam d5310 vaḷavaḷa (-pp-, -tt-) to be talkative, wordy, babble> vaḷavaḷa �-pp-� -tt-�
<Row Tam d5313 vaḷai (-v-, -nt-) to surround, hover around, walk around, move about (as foetus in the womb); (-pp-, -tt-) to surround <i>> vaḷai �-v-� -nt-�
<Row Tam d5313 vaḷāvu (vaḷāvi-) to surround> vaḷāvu �vaḷāvi-�
<Row Tam d5313 vaṇaṅku (vaṇaṅki-) to surround, encompass> vaṇaŋku �vaṇaŋki-�
<Row Kota d5313 vaḷc- (vaḷc-) to walk in a circle, make round> vaḷc- �vaḷc-�
<Row Kota d5313 vaḷ ca·rym all around> vaḷ ca�rym
<Row Toda d5313 paḷf- (paḷt-) to drive (buffalo) with accompanying buffaloes (at funeral, or in purchase)> paḷf- �paḷt-�
<Row OIA d5313 nos. 11405 > nos� ����
<Row OIA d5313 11407; Mayrhofer > ��� �ayrhofer
<Row Tam d5314 vaḷai (-v-, -nt-) to become crooked, bend, bend low, yield; (-pp-, -tt-) to bend (<i>tr.</i>)> vaḷai �-v-� -nt-�
<Row Toda d5314 paḷ- (paḷQ-) to bend down> paḷ- �paḷ�-�
<Row Kodagu d5314 bavṇḍ- (bavṇḍi-) to be bent> bavṇḍ- �bavṇḍi-�
<Row Kodagu d5314 bavṭ- (bavṭi-) to bend (<i>tr.</i>)> bavṭ- �bavṭi-�
<Row Tam d5320 vaṟa (-pp-, -nt-) to dry up, grow lean, shrink> vaṟa �-pp-� -nt-�
<Row Tam d5320 vaṟaḷ (vaṟaḷv- vaṟaṇṭ-) to become dry, become lean or emaciated; <i>n.</i> drying up, emptiness, sandy soil> vaṟaḷ �vaṟaḷv- vaṟaṇṭ-�
<Row Tam d5320 varaḷ (varaḷv-, varaṇṭ-) to become dry, become lean or emaciated; <i>n.</i> drying up, emptiness, sandy soil> varaḷ �varaḷv-� varaṇṭ-�
<Row Tam d5320 vaṟaṭṭu (vaṟaṭṭi-) to cause to dry up, parch> vaṟaṭṭu �vaṟaṭṭi-�
<Row Tam d5320 varaṭṭu (varaṭṭi-) to cause to dry up, parch> varaṭṭu �varaṭṭi-�
<Row Tam d5320 vaṟu (-v-, -nt-) to be parched; (-pp-, -tt-) to dry (<i>tr.</i>), parch> vaṟu �-v-� -nt-�
<Row Tam d5320 vaṟṟu (vaṟṟi-) to grow dry, evaporate, ebb (as the tide), become absorbed (as matter in an ulcer), wither, become dry and shrivelled, become emaciated; <i>n.</i> drying up> vaṟṟu �vaṟṟi-�
<Row Tam d5320 vali (-pp-, -tt-) to become dry; dry (<i>tr.</i>), scorch, parch> vali �-pp-� -tt-�
<Row Kota d5320 varv- (vart-) (tissues) become dry with fever> varv- �vart-�
<Row Kota d5320 vat- (vaty-) (liquid) dries up, (milk) dries in breast or udder, become dry and withered> vat- �vaty-�
<Row Toda d5320 paṟł (paṟṯ-) (tree) dries up, dies> paṟ� �paṟṯ-�
<Row Toda d5320 paṟł dry, dead (of a tree); fuel> paṟ�
<Row Toda d5320 pa·ḍy id> pa�ḍy
<Row Toda d5320 pa·ṛ dry buffaloes, buffaloes that have gone wild (&lt;*vaṟaṭu; or with 4110 Ta.pār̤); pel- (peṯ-)(buffalo) goes dry> pa�ṛ
<Row Kannada d5320 baṟe (baṟat-) to grow dry, grow lean, disappear; <i>n.</i> dry soil> baṟe �baṟat-�
<Row Kodagu d5320 batt- (batti-) to go dry (tank, cow)> batt- �batti-�
<Row Kolami d5320 vat- (vatt-) to parch (grain)> vat- �vatt-�
<Row Parji d5320 vetip- (vetit-) to dry> vetip- �vetit-�
<Row salur d5320 vaṭp- (vaṭup-) to dry (<i>tr.</i>) in sun. <i>> vaṭp- �vaṭup-�
<Row Konda d5320 vaR- (-t-) to dry (in the sun), get dried; <i>caus.</i>> va�- �-t-�
<Row Konda d5320 vaRis- > va�is
<Row Pengo d5320 vac- (-c-) to dry up, wither> vac- �-c-�
<Row Kui d5320 vasa (vasi-) to dry, wither, be dried up, withered, thin, emaciated; <i>n.</i> dryness, leanness; <i>pl. action</i>> vasa �vasi-�
<Row Kui d5320 vaska (vaski-) > vaska �vaski-�
<Row Kurux d5320 batta'ānā to empty, dry> batta�ānā
<Row Tam d5322 vaṟaṇṭu (vaṟaṇṭi-) to scratch (as with fingernails or claws)> vaṟaṇṭu �vaṟaṇṭi-�
<Row Tam d5322 vaṟuku (vaṟuki-) to scratch, paw> vaṟuku �vaṟuki-�
<Row Kui d5322 verka (verki-) to scratch a part that irritates or itches; <i>n.</i> scratching. <i>> verka �verki-�
<Row Kuwi d5322 bark- (-it-) to claw (or with 5202 Ta.vaku)> bark- �-it-�
<Row Kuwi d5322 brak- (-h-) to claw (or with 5202 Ta.vaku)> brak- �-h-�
<Row Toda d5324 paṟy- (paṟs-) (child) dies> paṟy- �paṟs-�
<Row Tam d5325 vaṟu (-v-, -nt-) to be fried, grilled> vaṟu �-v-� -nt-�
<Row Tam d5325 vaṟu (-pp-, -tt-) to grill, fry, toast> vaṟu �-pp-� -tt-�
<Row Tam d5325 vaṟaṭṭu (vaṟaṭṭi-) to fry, scorch> vaṟaṭṭu �vaṟaṭṭi-�
<Row Toda d5325 paṟf- (paṛt-) to fry> paṟf- �paṛt-�
<Row Kodagu d5325 bare- (barev-, barand-) to be fried in oil or ghee> bare- �barev-� barand-�
<Row Kodagu d5325 bara- (barap-, barat-) to fry in oil or ghee> bara- �barap-� barat-�
<Row Parji d5325 vedp- (vedt-) to fry. <i>> vedp- �vedt-�
<Row salur d5325 vaṭp- (vaṭup-) to fry. <i>> vaṭp- �vaṭup-�
<Row Konda d5325 vaṟ- (vaRt-) to cook> vaṟ- �va�t-�
<Row Pengo d5325 vah- (vast-) to fry> vah- �vast-�
<Row Kui d5325 vahpa (vaht-) to fry, grill> vahpa �vaht-�
<Row Kuwi d5325 vah- (vast-) (Isr.) to fry, (Su.) id., roast> vah- �vast-�
<Row Kuwi d5325 wah'nai to fry, broil> vah�nai
<Row Parji d5326 vakp- (vakt-) to boil> vakp- �vakt-�
<Row Parji d5326 vakpip- (vakpit-) id> vakpip- �vakpit-�
<Row salur d5326 vatr- (vatir-) to boil over> vatr- �vatir-�
<Row Gadaba d5326 caus. vaturp- > caus� vaturp
<Row Tam d5327 vaṉai (-v-, -nt-) to form, fashion, shape, adorn, draw, paint> vaṉai �-v-� -nt-�
<Row Tam d5327 vāṇi (-pp-, -tt-) to form, make> vāṇi �-pp-� -tt-�
<Row Tam d5328 vaṉmi (-pp-, -tt-) to be hard-hearted, bear malice> vaṉmi �-pp-� -tt-�
<Row Telugu d5329 vaṇṭakatte; vaṇṭaceṟaku fuel for cooking (forceṟaku, see 2794)> vaṇṭakatte� vaṇṭaceṟaku
<Row Naiki d5329 vadd- (vatt-) to cook> vadd- �vatt-�
<Row Pengo d5329 vanj- (vanc-) id> vanj- �vanc-�
<Row Kui d5329 vaja (vaji-) id.; <i>n.</i> cooking> vaja �vaji-�
<Row Kui d5329 pl. action vaska (vaski-) > pl� action vaska �vaski-�
<Row sunkar d5329 vaj- (-it-) > vaj- �-it-�
<Row Mal d5330 P. spicigera </i> Lin.; <i>> �� spicigera
<Row OTelugu d5330 vani-mrānu P. spicigera DED(N) 4365> vani-mrānu �� spicigera
<Row Tam d5332 fem. vāki; vākku perfection, correctness; refined form, shape> fem� vāki� vākku
<Row Tam d5333 Albizzia </i>, fragrant sirissa> �lbizzia
<Row Kannada d5333 bāge A (or <i>Mimosa) seeressa</i> Roxb. = <i>> bāge �
<Row Kannada d5333 Albizzia lebbeck </i> Benth> �lbizzia lebbeck
<Row Tulu d5333 Acacia speciosa. [Albizzia odoratissima </i> Benth. = <i>> �cacia speciosa� ��lbizzia odoratissima
<Row Tulu d5333 Acacia odoratissima </i> Willd. <i>> �cacia odoratissima
<Row Tulu d5333 Albizzia lebbek </i> Benth. = <i>> �lbizzia lebbek
<Row Tulu d5333 Acacia speciosa </i> Wild. = <i>> �cacia speciosa
<Row Tulu d5333 Acacia sirissa </i> Ham. = <i>> �cacia sirissa
<Row Tulu d5333 Mimosa sirissa </i> Roxb.] DED 4369> �imosa sirissa
<Row Tam d5334 vākku (vākki-) to pour> vākku �vākki-�
<Row Kota d5334 va·k- (va·yk-) to pour out slowly> va�k- �va�yk-�
<Row Toda d5334 po·x- (po·xy-) to flow down completely> po�x- �po�xy-�
<Row Toda d5334 po·k- (po·ky-) to empty out completely; ?> po�k- �po�ky-�
<Row Toda d5334 po·x blood> po�x
<Row Kodagu d5334 ba·k- (ba·ki-) to pour off water from cooked rice> ba�k- �ba�ki-�
<Row Kolami d5334 va·ŋg- (va·ŋkt-) to pour or ladle (liquid)> va�ŋg- �va�ŋkt-�
<Row Gadaba d5334 vāŋp- (vāŋup-) to make to flow out. <i>> vāŋp- �vāŋup-�
<Row Konda d5334 vāŋ- (-it-) to be poured, flow, drip> vāŋ- �-it-�
<Row Konda d5334 vāk- (-t-) to pour (as water)> vāk- �-t-�
<Row Pengo d5334 vāk- (-t-) to pour> vāk- �-t-�
<Row Kui d5334 vānga (vāngi-) to leak, percolate; <i>n.</i> leak, percolation> vānga �vāngi-�
<Row Kui d5334 vāpka (&lt; vāk-p-; vākt-) to cause to leak, pour out from a small opening, sow in drills; <i>n.</i> sowing in drills. <i>> vāpka ��lt� vāk-p-� vākt-�
<Row Kuwi d5334 wākh'nai to pour> vākʰ�nai
<Row Kuwi d5334 vāŋg- (-it-) (Su.) to flow, be poured, (Isr.) leak> vāŋg- �-it-�
<Row sunkar d5334 vāk- (-h-) to pour> vāk- �-h-�
<Row Tam d5335 vāṅku (vāṅki-) to bend (<i>intr., tr.</i>), sink, subside, move to one side, withdraw; <i>n.</i> bending> vāŋku �vāŋki-�
<Row Tam d5335 vēṅku (vēṅki-) to bend (<i>intr., tr.</i>), sink, subside, move to one side, withdraw; <i>n.</i> bending> vēŋku �vēŋki-�
<Row Kota d5335 va·g- (va·gy-) to make (pot) bulge (in throwing it on the wheel)> va�g- �va�gy-�
<Row Kota d5335 vag- (vagy-) to be slightly bowed down, crouch, be obedient to orders> vag- �vagy-�
<Row Kota d5335 vak- (vaky-) to bend (<i>intr.</i>), be cowed> vak- �vaky-�
<Row Kota d5335 vakc- (vakc-) to make to be obedient to orders, bend (<i>tr.</i>, iron)> vakc- �vakc-�
<Row Toda d5335 pa·g- (pa·gy-) to fall, (disease) subsides, (buffalo, coagulant) goes to sacred place (dairy, etc.)> pa�g- �pa�gy-�
<Row Kodagu d5335 ba·ŋg- (ba·ŋgi-) to become bent, slope> ba�ŋg- �ba�ŋgi-�
<Row Kodagu d5335 bagg- (baggi-) to stoop, bend down> bagg- �baggi-�
<Row Kolami d5335 vaŋg- (vaŋkt-) to bend> vaŋg- �vaŋkt-�
<Row Kolami d5335 vaŋgip- (vaŋgipt-) id> vaŋgip- �vaŋgipt-�
<Row Kolami d5335 vap- (vapt-) id> vap- �vapt-�
<Row Parji d5335 vaŋgip- (vaŋgit-) id. <i>> vaŋgip- �vaŋgit-�
<Row Konda d5335 vaŋ- (-it-) to bend, become bent> vaŋ- �-it-�
<Row Konda d5335 vak- (-t-) to bend> vak- �-t-�
<Row sunkar d5335 vaŋg- (-it-) to bend (<i>intr.</i>), be bent> vaŋg- �-it-�
<Row Kuwi d5335 vak- (-h-) to bend> vak- �-h-�
<Row Kurux d5335 beŋka'ānā to turn (<i>tr.</i>) from a straight line, bend, curve> beŋka�ānā
<Row Tam d5336 vāṅku (vāṅki-) to receive, take, buy, get, obtain, carry away as a flood, draw, drag, pull, take in (as breath), get back, take back, remove, take away> vāŋku �vāŋki-�
<Row Tam d5337 vāṅku (vāṅki-) to call; abuse, reproach; <i>n.</i> abuse, rebuke> vāŋku �vāŋki-�
<Row Kota d5338 va·cr eaves> va�cr
<Row Toda d5339 po·ḍč adze> po�ḍč
<Row Kui d5340 vānja (vānji-) to chip off, smooth by chipping, shave down> vānja �vānji-�
<Row Kui d5340 pl. action vāska (vāski-) > pl� action vāska �vāski-�
<Row Tam d5341 vaṭi (-pp-, -tt-) to practise> vaṭi �-pp-� -tt-�
<Row Tam d5342 vāṭu (vāṭi-) to wither, fade, dry up, be emaciated, become weak, pine away, turn pale, be defeated, perish, be removed, diminish, decrease, fall short in weight; <i>n.</i> faded flower> vāṭu �vāṭi-�
<Row Tam d5342 vāṭṭu (vāṭṭi-) to cause to wither or fade, dry, scorch, roast, vex, afflict, mortify, injure, destroy, wash as cloth; <i>n.</i> affliction> vāṭṭu �vāṭṭi-�
<Row Kota d5342 va·ṛ- (va·ṛy-) to wither, (face) becomes haggard from hunger or sorrow> va�ṛ- �va�ṛy-�
<Row Kodagu d5342 ba·ḍ- (ba·ḍi-) to fade, wither, (face) is downcast> ba�ḍ- �ba�ḍi-�
<Row Konda d5342 vāṟ- (-it-) to fade or wither (as flowers in the sun)> vāṟ- �-it-�
<Row Kuwi d5342 vāy- (-it-) (Su.) to dry up, (flowers) to fade, (Isr.) to become dry, wither> vāy- �-it-�
<Row Kota d5345 va·ṛ- (obl. va·ṛ-, va·ṭ-) small pieces of meat for broth (of size of a mouthful)> va�ṛ- �obl� va�ṛ-� va�ṭ-�
<Row Tam d5349 vaṭi (-pp-, -tt-) to sharpen; <i>n.</i> sharpness> vaṭi �-pp-� -tt-�
<Row Tam d5350 vāy (-v-, -nt-; -pp-, -tt-) to flourish, be luxuriant, be over-luxuriant in growth> vāy �-v-� -nt-� -pp-� -tt-�
<Row Kota d5350 va·v- (va·t-) (part of body) swells> va�v- �va�t-�
<Row Kota d5350 va·p a boil> va�p
<Row Kota d5350 va·vl swelling on body, swelling of corpse> va�vl
<Row Toda d5350 po·f- (po·t-) (leg) swells> po�f- �po�t-�
<Row Toda d5350 po·f swelling on body> po�f
<Row Parji d5350 vāp- (vāt-) id. <i>> vāp- �vāt-�
<Row pottangi d5350 vāp- (vāt-) id> vāp- �vāt-�
<Row Konda d5350 vās- (-t-) to be inflamed, swollen (as a body part). DED(S) 4383, DEDS 647> vās- �-t-�
<Row Tam d5351 vāy (-v-, -nt-) to succeed, be gained, happen with certainty, come true, be fit or suitable, excel, surpass, obtain, possess, consent to, agree> vāy �-v-� -nt-�
<Row Tam d5351 vāy (-pp-, -tt-) to succeed, be gained, happen with certainty, come true, be fit or suitable, excel, surpass, be appropriately situated or formed; <i>n.</i> truth, excellence> vāy �-pp-� -tt-�
<Row Kota d5352 va·y mouth (of living thing, cup, bag, pot), mouthful, rim, brink, edge (as of knife)> va�y
<Row Kota d5352 a· ke·r va·y other bank, other side (of road)> a� ke�r va�y
<Row Toda d5352 po·y mouth> po�y
<Row Toda d5352 po· neṟf- to fill to brim> po� neṟf
<Row Kodagu d5352 ba·y mouth> ba�y
<Row Kolami d5352 i· bay this side or bank> i� bay
<Row Kolami d5352 a· bay that side or bank. <i>> a� bay
<Row Konda d5352 veyu (pl. veyku) mouth> veyu �pl� veyku�
<Row Telugu d5353 vāviṇṭa Gynandropsis pentaphylla > vāviṇṭa �ynandropsis pentapʰylla
<Row Kota d5354 va·l entrance door> va�l
<Row Kota d5354 va·gl entrance> va�gl
<Row Kota d5354 kava·l ground in front of house (forka-, ? see 1376)> kava�l
<Row Toda d5354 po·s̱ entrance> po�s̱
<Row Toda d5354 po·s̱-a·ṟ (obl. po·s̱-a·ṯ-) id., doorway (see 405 Ta.āṟu); poxolentrance, in song unit:> po�s̱-a�ṟ �obl� po�s̱-a�ṯ-�
<Row Toda d5354 o kwa·ṭ foxol entrance of one bungalow> o kva�ṭ foxol
<Row Kolami d5354 va·kal outside> va�kal
<Row Tam d5356 vār (-v-, -nt-) to flow, trickle, overflow> vār �-v-� -nt-�
<Row Tam d5356 vār (-pp-, -tt-) to pour, cast (as metal in a mould)> vār �-pp-� -tt-�
<Row Kota d5356 va·ry ditch around fields, acting as moat outside embankment and fence; ?> va�ry
<Row Toda d5356 po·ry ditch> po�ry
<Row Parji d5356 vārp- (vārt-) to strain. <i>> vārp- �vārt-�
<Row pottangi d5356 vārp- (vārt-) to strain (water from boiled rice)> vārp- �vārt-�
<Row salur d5356 vārk- (vārt-) to strain water from food, etc> vārk- �vārt-�
<Row Gadaba d5356 vārp- (vārup-) to filter (like boiled rice, etc.). <i>> vārp- �vārup-�
<Row Pengo d5356 vār- (-t-) to pour> vār- �-t-�
<Row Kui d5356 vāru (pl. vārka) water-channel, stream, torrent. <i>> vāru �pl� vārka�
<Row Tam d5357 vār (-v-, -nt-) to comb as hair> vār �-v-� -nt-�
<Row Tam d5357 vāru (vāri-) id., play upon the strings of a lute> vāru �vāri-�
<Row Mal d5357 vāruka (vārnt-) to comb> vāruka �vārnt-�
<Row Mal d5357 vāṟuka (vāṟi-) to comb> vāṟuka �vāṟi-�
<Row Kodagu d5359 va·ra rent> va�ra
<Row salur d5359 vāri (pl. vārgil) debt. DED 4389> vāri �pl� vārgil�
<Row Tam d5362 vāru (vāri-) to take by handfuls, take in a sweep, scoop, take in or grasp with avidity, gather, remove, carry off in great numbers as plague, flood, etc., snatch away, rob, steal, dig and take up, sift, winnow> vāru �vāri-�
<Row Tam d5362 varaṉṟu (varaṉṟi-) to scrape, gather up> varaṉṟu �varaṉṟi-�
<Row Kota d5362 va·t- (va·ty-) to scoop (earth from hollow), mix (buttermilk) into food and eat it> va�t- �va�ty-�
<Row Kota d5362 varb- (varby-) to scoop up and snatch to oneself (small objects)> varb- �varby-�
<Row Toda d5362 po·ṣt- (po·ṣty-) to scoop with both hands into receptacle> po�ṣt- �po�ṣty-�
<Row Kodagu d5362 ba·t- (ba·ti-) to take up in handful, make food into round morsel for eating> ba�t- �ba�ti-�
<Row Tam d5363 vāru (vāri-) to trim, as a palmyra leaf to write on> vāru �vāri-�
<Row Mal d5363 vāruka (vārnt-) to cut lengthwise, trim a palmleaf, cut meat into strips> vāruka �vārnt-�
<Row Mal d5363 vāṟuka (vāṟi-) to cut lengthwise, trim a palmleaf, cut meat into strips> vāṟuka �vāṟi-�
<Row Kota d5363 vav- (vavd-) to cut into strips (meat to roast or to dry for pemmican)> vav- �vavd-�
<Row Tulu d5363 caus. bārāvuni; bāraṇè stripping the bark of a tree or cutting it lengthwise> caus� bārāvuni� bāraṇɛ
<Row Kolami d5363 vark- (varakt-) to saw (Kamaleswaran)> vark- �varakt-�
<Row Kui d5363 vrapka (&lt; vrak-p-; vrakt-) to cut open and disclose contents. <i>> vrapka ��lt� vrak-p-� vrakt-�
<Row Tam d5363 vāru (vāri-) to trim, as a palmyra leaf to write on> vāru �vāri-�
<Row Mal d5363 vāruka (vārnt-) to cut lengthwise, trim a palmleaf, cut meat into strips> vāruka �vārnt-�
<Row Mal d5363 vāṟuka (vāṟi-) to cut lengthwise, trim a palmleaf, cut meat into strips> vāṟuka �vāṟi-�
<Row Kota d5363 vav- (vavd-) to cut into strips (meat to roast or to dry for pemmican)> vav- �vavd-�
<Row Tulu d5363 caus. bārāvuni; bāraṇè stripping the bark of a tree or cutting it lengthwise> caus� bārāvuni� bāraṇɛ
<Row Kolami d5363 vark- (varakt-) to saw (Kamaleswaran)> vark- �varakt-�
<Row Kui d5363 vrapka (&lt; vrak-p-; vrakt-) to cut open and disclose contents. <i>> vrapka ��lt� vrak-p-� vrakt-�
<Row Toda d5363 po·r whip> po�r
<Row Kota d5365 va·l long and narrow (of leaves, shape of face, head, etc.)> va�l
<Row Kota d5365 va·l man with long, narrow head> va�l
<Row Kota d5365 va·ln man with long, narrow head> va�ln
<Row Kota d5365 va·lmaṇ man with long, narrow head> va�lmaṇ
<Row Kota d5365 fem. va·lmanj (for-maṇ, -manj, see<xref="maṇḍ">maṇḍ</xref="maṇḍ">head, s.v. 4682)> fem� va�lmanj
<Row Parji d5368 vēlpip- (vēlpit-) to make to fly, teach to fly. <i>> vēlpip- �vēlpit-�
<Row Kodagu d5370 pa· pakki id. (pakkibird)> pa� pakki
<Row Kodagu d5370 ba·vali bat> ba�vali
<Row Tam d5372 vār̤ (-v-, -nt-) to exist, live, flourish, be happy, live life of a married woman, live according to a definite set of rules; <i>n.</i> regularity, order> vāṛ̆ �-v-� -nt-�
<Row Tam d5372 vār̤ttu (vār̤tti-) to felicitate, congratulate, bless, praise; <i>n.</i> benediction, praise> vāṛ̆ttu �vāṛ̆tti-�
<Row Tam d5372 vār̤vi (-pp-, -tt-) to cause or help one to live> vāṛ̆vi �-pp-� -tt-�
<Row Tam d5372 vār̤i (-pp-, -tt-) to be over-luxuriant in growth and unproductive> vāṛ̆i �-pp-� -tt-�
<Row Tam d5372 var̤uttu (var̤utti-) to bless, praise, extol> vaṛ̆uttu �vaṛ̆utti-�
<Row Kota d5372 va·ḷ- (va·ḷy-) (woman) lives prosperously with husband> va�ḷ- �va�ḷy-�
<Row Kota d5372 va·ḷṇ extremely fatty meat> va�ḷṇ
<Row Kota d5372 vag- (vaṛt-) (woman) is married> vag- �vaṛt-�
<Row Kota d5372 vakc- (vakc-) to make woman marry> vakc- �vakc-�
<Row Kota d5372 vadk- (vadky-) to prosper, live> vadk- �vadky-�
<Row Kota d5372 va·c- (va·c-) pair-word with> va�c- �va�c-�
<Row Toda d5372 poQk- (poQky-) to prosper> po�k- �po�ky-�
<Row Toda d5372 poQk wealth> po�k
<Row Toda d5372 poḍ- (poḍQ-) to be priest of> poḍ- �poḍ�-�
<Row Toda d5372 ti· dairy> ti�
<Row Toda d5372 poḍQ- (poḍQy-) to enjoy (in songs)> poḍ�- �poḍ�y-�
<Row Toda d5372 poḷc- (poḷč-) to live, be alive, get on in life (or with 5292 Ta.var̤aṅku); poḷpway of living, means of livelihood (or with 5292)> poḷc- �poḷč-�
<Row Kodagu d5372 ba·ḷ- (ba·v-, badd-) (child) lives, rule> ba�ḷ- �ba�v-� badd-�
<Row Kodagu d5372 ba·ḷï way of life> ba�ḷɨ
<Row Kodagu d5372 ba· mane house into which bride marries> ba� mane
<Row Kodagu d5372 ba·ce act of living> ba�ce
<Row Kodagu d5372 ba·ke ku·ḍ- (woman) marries> ba�ke ku�ḍ
<Row Kodagu d5372 badïk- (badïki-) to live, live happily> badɨk- �badɨki-�
<Row Telugu d5372 b&lt;-&gt; atuku to live, subsist, survive> b�lt�-�gt� atuku
<Row Telugu d5372 br&lt;-&gt; atuku to live, subsist, survive> br�lt�-�gt� atuku
<Row Kolami d5372 bat- (batt-) to live in a place> bat- �batt-�
<Row Kolami d5372 batkip- (batkipt-) to rear> batkip- �batkipt-�
<Row Gondi d5372 (Mariā of Bastar; LSI </i> 4. 535> ��ariā of �astar� ���
<Row Konda d5372 batki- (-t-) to live, flourish> batki- �-t-�
<Row Kuwi d5372 batk- (-it-) to get on well> batk- �-it-�
<Row Kota d5373 va·g > va�g
<Row Kota d5373 va·y vaṇ > va�y vaṇ
<Row Toda d5373 pa·w > pa�v
<Row Kodagu d5373 ba·ḷe > ba�ḷe
<Row OIA d5373 vārabuṣā- Musa sapientum Mayrhofer s.v. DED(N) 4403> vārabuṣā- �usa sapientum
<Row Kannada d5374 muḍi-vāḷa A. schoenanthus Linn> muḍi-vāḷa �� scʰoenantʰus
<Row Tulu d5374 muḍi-vāḷa A. muricatus > muḍi-vāḷa �� muricatus
<Row OIA d5374 Andropogon </i>; Turner, <i>> �ndropogon
<Row betul d5375 wārō (gen. wārōtā) > vārō �gen� vārōtā�
<Row chanda d5375 warote (t = ṭ) year after next> varote �t � ṭ�
<Row Kota d5376 va·ḷ sword, saw> va�ḷ
<Row Toda d5376 po·ł̣ sword> po�ł̣
<Row Kodagu d5376 ba·ḷï katti the long sword of the Coorg warrior> ba�ḷɨ katti
<Row Toda d5377 pa·ł̣ spark. <i>> pa�ł̣
<Row Pengo d5378 vāṇ- (vāṭ-) to pare, slice> vāṇ- �vāṭ-�
<Row Kui d5378 vālba (vāṭ-) to peel, pare; <i>n.</i> act of paring. <i>> vālba �vāṭ-�
<Row Kuwi d5378 vāḍ- (-it-) to peel> vāḍ- �-it-�
<Row Tam d5379 Trichiurus haumela </i>; a freshwater shark, <i>> �ricʰiurus haumela
<Row Tam d5379 Wallago attu </i>; a sea-fish> �allago attu
<Row Kodagu d5379 ba·ḷe mi·nï lady-fish (identification uncertain)> ba�ḷe mi�nɨ
<Row Telugu d5379 T. lepturus </i>, and certain other fishes. <i>> �� lepturus
<Row Kota d5380 va·rc- (va·rc-) to whip; ?> va�rc- �va�rc-�
<Row Kota d5380 varv- (vard-) to hit with a stick> varv- �vard-�
<Row Kota d5381 va·nm sky> va�nm
<Row Kota d5381 va·nt u·r id. (village in the sky)> va�nt u�r
<Row Toda d5381 po·n sky> po�n
<Row Toda d5381 kax fo·n id. (black sky; in songs)> kax fo�n
<Row Kodagu d5381 ba·ṇa id> ba�ṇa
<Row Kolami d5381 va·na id> va�na
<Row Tam d5282 viku (-pp-, -tt-) to be tight, stiff, or hardened> viku �-pp-� -tt-�
<Row Tam d5282 piki (-v-, -nt-) to be hard-knit> piki �-v-� -nt-�
<Row Tam d5282 vici (-v-, -nt-; -pp-, -tt-) to bind, tie tightly, become swollen, overstretched as the abdomen from over-eating; <i>n.</i> fastening, tie, leather strap of drums> vici �-v-� -nt-� -pp-� -tt-�
<Row Kota d5282 vigv- (vigt-) (handle of axe) is tightly fixed (because swollen by water, etc.)> vigv- �vigt-�
<Row Kota d5282 vigm (obl. vigt-) tightness of axe-handle, strength of rope or spring> vigm �obl� vigt-�
<Row Toda d5282 pïxy- (pïxs-) (plug) becomes tight> pɨxy- �pɨxs-�
<Row Toda d5282 pïxc- (pïxč-) to tighten> pɨxc- �pɨxč-�
<Row Tulu d5282 bigụtè fastening, tightening> big�tɛ
<Row Tam d5383 vikku (vikki-) to hiccup, be superabundant, chokeful; <i>n.</i> hiccup> vikku �vikki-�
<Row Toda d5383 pïk- (pïky-) to cough> pɨk- �pɨky-�
<Row Kui d5383 veka (veki-) to cough; <i>n.</i> coughing, cough. <i>> veka �veki-�
<Row Kuwi d5383 vek- (-it-) to choke when drinking or eating> vek- �-it-�
<Row Kuwi d5383 ve'uri hiccough (forkuta, see 1718)> ve�uri
<Row Kuwi d5383 kuta ve'uri hiccough (forkuta, see 1718)> kuta ve�uri
<Row Kuwi d5383 kūta vē'ūri aiyali to hiccough> kūta vē�ūri aiyali
<Row Kurux d5383 bekkhnā (bikkhyas) to have the windpipe stopped, be choked, (animals) to cough> bekkʰnā �bikkʰyas�
<Row Tam d5386 vicai (-pp-, -tt-) to become angry> vicai �-pp-� -tt-�
<Row Tam d5386 viyar (-pp-, -tt-) to be angry> viyar �-pp-� -tt-�
<Row Tam d5386 veyar (-pp-, -tt-) to be angry> veyar �-pp-� -tt-�
<Row Tam d5386 vēr (-pp-, -tt-) to be angry> vēr �-pp-� -tt-�
<Row Kannada d5389 Paradoxurus pallassii </i> DED 4415> �aradoxurus pallassii
<Row Tam d5393 viṭu (viṭuv-, viṭṭ-) to leave, quit, part with, get rid of, abandon, forsake, let go, dispatch, send away liberate, release, leave off, discontinue, omit, leave out, send forth, discharge, throw, pour, give, bestow, permit, allow> viṭu �viṭuv-� viṭṭ-�
<Row Tam d5393 viṭu (-pp-, -tt-) to send away dispatch, let go, free, liberate, loosen, disentangle, send forth, discharge, emit, let out, give out, publish, expose> viṭu �-pp-� -tt-�
<Row Tam d5393 viṭai (-v-, -nt-) to become disjointed> viṭai �-v-� -nt-�
<Row Tam d5393 viṭai (-pp-, -tt-) to separate (or with 5473 Ta.veṭi); <i>n.</i>liberty, leave, licence, permission> viṭai �-pp-� -tt-�
<Row Mal d5393 viṭuka (viṭṭ-) to part, become loose, shoot as a root, cease, let go, untie, undo, quit hold, discharge abandon, forget, remit; auxiliary verb denoting the close of an action> viṭuka �viṭṭ-�
<Row Kota d5393 viṛ- (viṭ-) to leave, abandon, release, untie, open (mouth)> viṛ- �viṭ-�
<Row Kota d5393 viṛc- (viṛc-) to make to let go or leave, divorce (woman), skin (plantain), shell (beans)> viṛc- �viṛc-�
<Row Kota d5393 vi·ṛ act of releasing, letting fly (a blow)> vi�ṛ
<Row Toda d5393 pïṛ- (pïṭ-) to release, let go, divorce; leave, forsake (in songs); bring down (water from higher up)> pɨṛ- �pɨṭ-�
<Row Toda d5393 pïṛc- (pïṛč-) to drive away> pɨṛc- �pɨṛč-�
<Row Toda d5393 pïḍζ- (pïḍj-) to get released, work to get someone released> pɨḍ�- �pɨḍj-�
<Row Kannada d5393 biḍu (biṭṭ-) to let loose, discharge, throw, shoot, emit, void (as excrement), let drop, let out or down, set to (as men to work), set on (as dogs), quit (as work), allow, permit, drive (as horse or cart), dispatch, send, put forth, produce (as fruits or flowers), stop a cart and loosen the bullocks; be loosened, separated, part, cease, stop, halt, settle, go away; <i>n.</i> (alsobiḍa, biḍi) loosening, state of being loose> biḍu �biṭṭ-�
<Row Kodagu d5393 buḍ- (buḍuv-, buṭṭ-) to release, let go, let out> buḍ- �buḍuv-� buṭṭ-�
<Row Kodagu d5393 buḍït- (buḍïti-) to make to let go, release oneself, cause (cattle) to be released> buḍɨt- �buḍɨti-�
<Row Kodagu d5393 bu·ḍï hut of a toddy-tapper> bu�ḍɨ
<Row Konda d5393 ṛis- (-t-) to leave, abandon, release, liberate> ṛis- �-t-�
<Row Tam d5393 The Poems of Ancient Tamil </i>, p. 279, n. 9); cf> �he �oems of �ncient �amil
<Row Tam d5394 viṭai (-v-, -nt-) to be angry; (-pp-, -tt-) to be very angry, burst into rage> viṭai �-v-� -nt-�
<Row Tam d5397 vimmu (vimmi-) to swell, become enlarged, extend, expand, increase, be full, open as a flower; <i>n.</i> weight, burden> vimmu �vimmi-�
<Row Tam d5398 vitumpu (vitumpi-) to desire, long for, hanker after> vitumpu �vitumpi-�
<Row Tam d5399 vitaṟu (vitaṟi-) to tremble, be agitated, be shaky; <i>n.</i> trembling, shaking, agitation> vitaṟu �vitaṟi-�
<Row Tam d5399 vitir (-v-, -nt-) to shake, shiver; (-pp-, -tt-) to tremble, quiver, be afraid, shake, brandish as a sword, shake out, throw off> vitir �-v-� -nt-�
<Row Tam d5399 vitumpu (vitumpi-) to tremble, hasten; <i>n.</i> trembling> vitumpu �vitumpi-�
<Row Tam d5399 vetir (-pp-, -tt-) to tremble; <i>n.</i> trembling> vetir �-pp-� -tt-�
<Row Tam d5400 vitir (-pp-, -tt-) to scatter, throw about, sprinkle> vitir �-pp-� -tt-�
<Row Kota d5400 vid- (vidy-) to throw (water in a handful)> vid- �vidy-�
<Row Telugu d5400 n. vidalimpu > n� vidalimpu
<Row Konda d5400 vidli- (-t-) to spill> vidli- �-t-�
<Row Kurux d5400 bidṛa'ānā to scatter about in disorder, spread all over> bidṛa�ānā
<Row Kurux d5400 refl. or pass. bidṛārnā > refl� or pass� bidṛārnā
<Row Gondi d5400A caus. vigahānā (Voc 3237)> caus� vigahānā ��oc
<Row Tam d5401 vittu (vitti-) to sow, spread, broadcast> vittu �vitti-�
<Row Tam d5401 viccu (vicci-) to sow, spread, broadcast> viccu �vicci-�
<Row Tam d5401 vitai (-pp-, -tt-) to sow seed, publish, deliver, throw; <i>n.</i> seed, testicle> vitai �-pp-� -tt-�
<Row Kota d5401 vit- (vity-) to sow> vit- �vity-�
<Row Toda d5401 pït- (pïty-) to sow> pɨt- �pɨty-�
<Row Kodagu d5401 bitt- (bitti-) to sow, scatter> bitt- �bitti-�
<Row Parji d5401 vittid (pl. vittil) seed, semen. <i>> vittid �pl� vittil�
<Row Pengo d5401 vīt- (-t-) to sow> vīt- �-t-�
<Row Tam d5402 vimmu (vimmi-) to heave a sob, be in distress> vimmu �vimmi-�
<Row Tam d5403 viya (-pp-, -nt-) to wonder, be proud, wonder at, esteem, admire, praise, extol, compliment> viya �-pp-� -nt-�
<Row Telugu d5404 veyyi (pl vēlu) a thousand (M. K. Ch. alsovēyu, veyu); vēna-vēlu(M. K. Ch. alsovēnaku vēlu) thousands by thousands> veyyi �pl vēlu�
<Row Tam d5407 viracu (viraci-) to crowd together, join, unite> viracu �viraci-�
<Row Tam d5407 virāvu (virāvi-) to mix, mingle, join, unite, approach, draw near, be united, joined, be mingled, mixed; cultivate friendship, keep company; <i>n.</i> mixture> virāvu �virāvi-�
<Row Tam d5407 virāvu (viravi-) to mix, mingle, join, unite, approach, draw near, be united, joined, be mingled, mixed; cultivate friendship, keep company; <i>n.</i> mixture> virāvu �viravi-�
<Row Tam d5407 viravu (virāvi-) to mix, mingle, join, unite, approach, draw near, be united, joined, be mingled, mixed; cultivate friendship, keep company; <i>n.</i> mixture> viravu �virāvi-�
<Row Tam d5407 viravu (viravi-) to mix, mingle, join, unite, approach, draw near, be united, joined, be mingled, mixed; cultivate friendship, keep company; <i>n.</i> mixture> viravu �viravi-�
<Row Kurux d5407 refl. and pass. birxrnā; birxī mixture of rice and mã̄rwā used in rice-beer brewing> refl� and pass� birxrnā� birxī
<Row Telugu d5408 virigi Cordia sebestena > virigi �ordia sebestena
<Row Toda d5409 pe·ḷ id> pe�ḷ
<Row Parji d5409 vanda (pl. vandel) id. <i>> vanda �pl� vandel�
<Row maria d5409 viṛaskū (pl) > viṛaskū �pl�
<Row maria d5409 vaṛnj (pl. vaṛsku) > vaṛnj �pl� vaṛsku�
<Row maria d5409 vaṛnji (pl. vaṛsku) > vaṛnji �pl� vaṛsku�
<Row Kui d5409 vanju (pl. vaska) finger, toe, thumb. <i>> vanju �pl� vaska�
<Row Kuwi d5409 vwānjū (pl. vwāska) > vvānjū �pl� vvāska�
<Row Kuwi d5409 wansu (pl. waska) > vansu �pl� vaska�
<Row sunkar d5409 vanju (pl. vaska) > vanju �pl� vaska�
<Row Kui d5410 vira'a earth, soil. <i>> vira�a
<Row bisam d5410 vir'a > vir�a
<Row sunkar d5410 i'ira > i�ira
<Row Kuwi d5410 i'ṛa > i�ṛa
<Row Kuwi d5410 ī'ira > ī�ira
<Row Kota d5410A vala·ry id> vala�ry
<Row Toda d5410A pas̱o·r id. DED 4437> pas̱o�r
<Row Tam d5411 viri (-v-, -nt-) to expand, spread out, open, unfold, be loosened, split, crack, burst asunder; (-pp-, -tt-) to cause to expand, unfold, untie, loosen; <i>n.</i> expanse, fullness> viri �-v-� -nt-�
<Row Toda d5411 pïry- (pïrs-) (hair) is parted, (bag, umbrella) is opened; (pïrc-) to part (hair), open (bag, umbrella, etc.)> pɨry- �pɨrs-�
<Row Kodagu d5411 biri- (biriv-, biriñj-) to open (jackfruit), dismantle (house); (birip-, biric-) to spread (leaves, blanket)> biri- �biriv-� biriñj-�
<Row Parji d5411 virkip- (virkit-) to loosen. <i>> virkip- �virkit-�
<Row Gondi d5411 tr. viriˀ - > tr� viriˀ
<Row Konda d5411 viraŋ māl- (-it-) braid to become loose> viraŋ māl- �-it-�
<Row Konda d5411 virs- (-t-) to open (as a book), lay open> virs- �-t-�
<Row Konda d5411 viris- (-t-) to open (as a book), lay open> viris- �-t-�
<Row Pengo d5411 vir- (-t-) to collapse, fall in ruin> vir- �-t-�
<Row Pengo d5411 virpa- (-t-) to demolish> virpa- �-t-�
<Row Kui d5411 vringa (vringi-) to fall to pieces, be loosened, dispersed; <i>n.</i> disintegration> vringa �vringi-�
<Row Kui d5411 vrīva (vrīt-) to be dismantled, broken up, worn out; <i>n.</i> disintegration> vrīva �vrīt-�
<Row Kui d5411 vripka (&lt; vrik-p-; vrikt-) to pull to pieces, untie, loosen, disperse; <i>n.</i> dismantling, unfastening, dismissing> vripka ��lt� vrik-p-� vrikt-�
<Row Kuwi d5411 vij- (-it-) to break into small pieces> vij- �-it-�
<Row Kurux d5411 berrnā (birryā) to get out of shape by expanding sidewise or falling under one's own weight (as an earthen vessel when unbaked, a mud wall, a ball of wax, a heap of manure when very wet)> berrnā �birryā�
<Row Kannada d5411 ); Mayrhofer > �� �ayrhofer
<Row Tam d5415 pl. viruntiṉar > pl� viruntiṉar
<Row Kota d5415 vid a·ḷ man visiting from another village, esp. for festival> vid a�ḷ
<Row Kota d5415 fem. vida·c > fem� vida�c
<Row Tam d5416 virumpu (virumpi-) to wish, desire, long for, covet, love, like, think intensely of> virumpu �virumpi-�
<Row Tam d5417 virai (-pp-, -nt-) to be speedy, swift, rapid, hurry, hasten, be intent, eager, be perturbed, disturbed in mind> virai �-pp-� -nt-�
<Row Telugu d5417 perQfern quickly> per�fern
<Row Tam d5418 virai (-pp-, -tt-) to sow, spread abroad, disseminate; <i>n.</i> seed of plants, testicle> virai �-pp-� -tt-�
<Row Toda d5419 Olea bournei </i> DED 4446> �lea bournei
<Row Pengo d5420 vih- (vist-) to trample, thresh with feet (men)> vih- �vist-�
<Row Kui d5420 vihpa (viht-) to separate corn from the ear by treading or threshing; <i>n.</i> threshing. <i>> vihpa �viht-�
<Row sunkar d5420 vih- (vist-) to stamp, tread> vih- �vist-�
<Row Kuwi d5420 vissali (vist-) to mix by trampling> vissali �vist-�
<Row Kuwi d5420 wih'- to trample> vih�
<Row Kuwi d5420 vih- (vist-) to step on, tread, trample> vih- �vist-�
<Row Tam d5421 vil (viṟp-, viṟṟ-) to sell, put on sale, be sold> vil �viṟp-� viṟṟ-�
<Row Telugu d5422 villu (pl. viṇḍlu) id> villu �pl� viṇḍlu�
<Row Pengo d5422 vil (pl. -ku) id., bowlike instrument for carding cotton> vil �pl� -ku�
<Row Manda d5422 vil (pl. -ke) bow> vil �pl� -ke�
<Row Kuwi d5422 velu (pl in all> velu �pl
<Row Tam d5423 vilaku (vilaki-) to withdraw, recede, step aside, deviate from, go astray, be dislocated, separated, move, go, be far off, be in periods; throw, cast, separate from> vilaku �vilaki-�
<Row Tam d5423 vilaṅku (vilaṅki-) to lie athwart, be transverse, change, become different, withdraw, recede, step aside, deviate from, go astray, be dislocated, be separated, move, hinder, obstruct, pull up and remove, slay, destroy, throw, let pass; <i>n.</i> that which is transverse, across, or crosswise, beast or bird as having bodies not erect but horizontal, deer, fetters, shackles, manacles, difference, obstruction, hindrance, hill> vilaŋku �vilaŋki-�
<Row Tam d5423 vilakku (vilakki-) to turn aside, divert, avert, prevent, cause to leave, put out of the way, forbid, prohibit, check, retard, obstruct, inset, fix, change, dismiss as from a post, eschew, discard, remove, repudiate, controvert, separate; <i>n.</i> prohibition, seclusion, rule of exception, hindrance, obstruction, menses, error, fault> vilakku �vilakki-�
<Row Tam d5423 vilaḵku (vilaḵki-) to turn aside, divert, avert, prevent, cause to leave, put out of the way, forbid, prohibit, check, retard, obstruct, inset, fix, change, dismiss as from a post, eschew, discard, remove, repudiate, controvert, separate; <i>n.</i> prohibition, seclusion, rule of exception, hindrance, obstruction, menses, error, fault> vilaḵku �vilaḵki-�
<Row Tam d5423 vilattu (vilatti-) to turn aside, divert, avert, prevent, cause to leave, put out of the way, forbid, prohibit, check, retard, obstruct, inset, fix, change, dismiss as from a post, eschew, discard, remove, repudiate, controvert, separate; <i>n.</i> prohibition, seclusion, rule of exception, hindrance, obstruction, menses, error, fault> vilattu �vilatti-�
<Row Tam d5424 vilavila (-pp-, -tt-) to tremble exceedingly> vilavila �-pp-� -tt-�
<Row Tam d5424 velavela (-pp-, -tt-) to quake, tremble (as one's limbs)> velavela �-pp-� -tt-�
<Row Kota d5424 viḷ viḷk in- (iḏ-) there is fear or apprehension (for person [<i>dat.</i>], e.g. when alone in jungle)> viḷ viḷk in- �iḏ-�
<Row Kui d5424 vīḍa (vīḍi-) to throw the limbs about, jerk to and fro, sway violently, plunge> vīḍa �vīḍi-�
<Row Kui d5424 pl. action vīṭka (vīṭki-) > pl� action vīṭka �vīṭki-�
<Row Kuwi d5424 vīḍ- (-it-) (Ṭ.) to stir, (Isr.) move> vīḍ- �-it-�
<Row Kuwi d5424 vīṭ- (-h-) to shift, shake (<i>tr.</i>)> vīṭ- �-h-�
<Row Kuwi d5424 wīdh'nai to stir, shake> vīdʰ�nai
<Row Kuwi d5424 wīth'nai to hurtle> vītʰ�nai
<Row Kuwi d5424 mōpa wīth'nai to shrug (cf. 5122). DED(S, N) 4451> mōpa vītʰ�nai
<Row Toda d5426 pilogm (obl. pilogt-) worry> pilogm �obl� pilogt-�
<Row Irula d5427 vïḷa· id. DED 4454> vɨḷa�
<Row Mal d5428 Erycibe paniculata </i> or> �rycibe paniculata
<Row Telugu d5428 A. muricatus </i>> �� muricatus
<Row OIA d5428 viḍaṅgā&lt;-&gt; Embelia ribes (ibid., no. 11715). DED 4455> viḍaŋgā�lt�-�gt� �mbelia ribes
<Row OIA d5428 viḍaṅga&lt;-&gt; Embelia ribes (ibid., no. 11715). DED 4455> viḍaŋga�lt�-�gt� �mbelia ribes
<Row Tam d5429 vir̤i (-pp-, -tt-) to open the eyes, wake from sleep, gaze, shine, be clear; <i>n.</i> (alsomir̤i) eye, eyeball, knowledge, wisdom> viṛ̆i �-pp-� -tt-�
<Row Tam d5430 vir̤u (-v-, -nt-) to fall, fall down, descend, fall sick, be destroyed, die> viṛ̆u �-v-� -nt-�
<Row Tam d5430 vīr̤ (-v-, -nt-) to fall, fall down, descend, fall sick, be destroyed, die> vīṛ̆ �-v-� -nt-�
<Row Tam d5430 vir̤u (-pp-, -tt-) to cause to fall down, throw down, cause to die> viṛ̆u �-pp-� -tt-�
<Row Tam d5430 vīr̤ (-pp-, -tt-) to cause to fall down, throw down, cause to die> vīṛ̆ �-pp-� -tt-�
<Row Tam d5430 vir̤uttu (vir̤utti-) to cause to fall> viṛ̆uttu �viṛ̆utti-�
<Row Tam d5430 vīr̤ttu (vīr̤tti-) to cause to fall> vīṛ̆ttu �vīṛ̆tti-�
<Row Kota d5430 vig- (viṛt-) to fall> vig- �viṛt-�
<Row Kota d5430 vi·k- (vi·ky-) to let fall, fell> vi�k- �vi�ky-�
<Row Kota d5430 vi·ḷ serious illness> vi�ḷ
<Row Toda d5430 pïḍ- (pïḍQ-) to fall, (animal) dies> pɨḍ- �pɨḍ�-�
<Row Toda d5430 pi·šk- (pi·šky-) to kill (animal)> pi�šk- �pi�šky-�
<Row Toda d5430 pi·ṣk sickness> pi�ṣk
<Row Kannada d5430 bīr̤ (bir̤d-, bird-, bidd-) to fall, die> bīṛ̆ �biṛ̆d-� bird-� bidd-�
<Row Kannada d5430 bir̤ (bir̤d-, bird-, bidd-) to fall, die> biṛ̆ �biṛ̆d-� bird-� bidd-�
<Row Kodagu d5430 bu·ḷ- (bu·v-, budd-) to fall> bu�ḷ- �bu�v-� budd-�
<Row Kodagu d5430 buddu- (buddaṇḍ-) to lie down> buddu- �buddaṇḍ-�
<Row Kodagu d5430 bu·k- (bu·ki-) to fell (tree), pour> bu�k- �bu�ki-�
<Row Kui d5430 vṛīva (vṛīt-) to descend hill or mountain> vṛīva �vṛīt-�
<Row Kui d5430 vṛippa (vṛipt-) to cause to descend, bring down. <i>> vṛippa �vṛipt-�
<Row Tam d5432 viḷ (viḷv- viṇṭ-) to open out, expand, unfold as a blossom, crack, split; burst, be at variance, become clear, be separated from> viḷ �viḷv- viṇṭ-�
<Row Tam d5432 viḷavu (viḷavi-) to split, burst asunder; <i>n.</i> cleft, crack> viḷavu �viḷavi-�
<Row Parji d5432 velkip- (velkit-) to spread (<i>tr.</i>), expand. <i>> velkip- �velkit-�
<Row Gondi d5432 (Voc </i> 3255)> ��oc
<Row Konda d5432 vīṛ- (-it-) to become separated> vīṛ- �-it-�
<Row Kui d5432 vlēnda (vlēndi-) to rise, expand, swell, distend> vlēnda �vlēndi-�
<Row Kui d5432 vlēnḍa (vlēnḍi-) to rise, expand, swell, distend> vlēnḍa �vlēnḍi-�
<Row Kui d5432 pl. action vlētka (vlētki-); vlēpa (vlēt-) to swell, distend> pl� action vlētka �vlētki-�� vlēpa �vlēt-�
<Row Kui d5432 vlēpka (&lt; vlēk-p-; vlēkt-) to cause to expand, stretch, widen out. <i>> vlēpka ��lt� vlēk-p-� vlēkt-�
<Row sunkar d5432 ṛay- (-it-) to be cracked (stone)> ṛay- �-it-�
<Row Kuwi d5432 ṛāy- (-it-) to crack, (boil) to burst> ṛāy- �-it-�
<Row Tam d5433 viḷ (viḷv-, viṇṭ-) to say, tell, reveal, make known> viḷ �viḷv-� viṇṭ-�
<Row Tam d5433 viḷampu (viḷampi-) to speak, say, proclaim openly, make public, reveal; <i>n.</i> word, speech> viḷampu �viḷampi-�
<Row Tam d5433 viḷi (-v-, -nt-) to say, speak; (-pp-, -tt-) id., summon, sing, roar, shout; <i>n.</i> sound, song, word, speech, shout of excitement, frenzy, or joy, call> viḷi �-v-� -nt-�
<Row Tam d5433 viḷar (viḷari-) to call> viḷar �viḷari-�
<Row BettaKurumba d5433 1.12) belki speech> � belki
<Row Toda d5433 piḷy- (piḷc-) to utter long, high shout of joy or triumph; <i>n.</i> expression of joy> piḷy- �piḷc-�
<Row Tam d5434 viḷampu (viḷampi-) to serve food; ?> viḷampu �viḷampi-�
<Row Tam d5437 viḷai (-v-, -nt-) to be produced, be productive, result, mature, ripen (as grain), occur; (-pp-, -tt-) to raise, cause to grow, produce, bring into being; <i>n.</i> growth, ripening, produce, crop, yield> viḷai �-v-� -nt-�
<Row Tam d5437 viḷaivi (-pp-, -tt-) to cause to grow, cultivate> viḷaivi �-pp-� -tt-�
<Row Kota d5437 veḷv- (veḷd-) to grow, become fat, (grain) ripens; (veḷt-) to cause to grow> veḷv- �veḷd-�
<Row Toda d5437 peł̣- (peł̣Q-) (food plants) grow, (persons) grow fat; (peł̣t-) to grow> peł̣- �peł̣�-�
<Row Kodagu d5437 boḷe- (boḷev-, boḷand-) to become full-grown (people, animals, fruit)> boḷe- �boḷev-� boḷand-�
<Row Kodagu d5437 boḷat- (boḷati-) to grow (<i>tr.</i>; plants)> boḷat- �boḷati-�
<Row Tam d5439 viṟa (-pp-, -nt-) to be dense, close, be intense, abound, increase, conquer> viṟa �-pp-� -nt-�
<Row Tam d5439 viṟai (-v-, -nt-) to shiver (as from cold); (-pp-, -tt-) to grow stiff as from cold, become numb, shiver as from cold> viṟai �-v-� -nt-�
<Row Tam d5439 veṟi (-pp-, -tt-) to stand stiff, stand on end as hair> veṟi �-pp-� -tt-�
<Row Tam d5439 miṟai (-pp-, -tt-) to become stiff, as a limb> miṟai �-pp-� -tt-�
<Row Kota d5439 verv- (vert-) to become numb from exposure, insensate> verv- �vert-�
<Row Toda d5439 peṟ- (peṟt-) to feel cold> peṟ- �peṟt-�
<Row Toda d5440 (Metz </i>, 17. 141> ��etz
<Row Toda d5440 Madras Journal of Literature and Science </i>, 17. 141> �adras �ournal of �iterature and �cience
<Row Konda d5440 veṟgu (pl. veRku) firewood, fuel> veṟgu �pl� ve�ku�
<Row Pengo d5440 vezgu (pl. vesku) id> vezgu �pl� vesku�
<Row Manda d5440 viyke (pl.) id> viyke �pl��
<Row Kui d5440 vejgu (pl. veska) id. <i>> vejgu �pl� veska�
<Row Kuwi d5440 vegū (pl. veska) > vegū �pl� veska�
<Row sunkar d5440 vegu (pl. veska) > vegu �pl� veska�
<Row bisam d5440 vergu (pl. verka) id> vergu �pl� verka�
<Row Tam d5443 viṟai (-pp-, -tt-) to become bewildered> viṟai �-pp-� -tt-�
<Row Tam d5443 viṟumi (-pp-, -tt-) to be dazed or bewildered> viṟumi �-pp-� -tt-�
<Row Kota d5444 verg- (vergy-) to be finished (work, desire)> verg- �vergy-�
<Row Kota d5444 verk- (verky-) to finish (<i>tr.</i>; work, ceremony, desire, etc.); finish off (man by killing)> verk- �verky-�
<Row Toda d5444 piṟx- (piṟxy-) to be finished> piṟx- �piṟxy-�
<Row Toda d5444 piṟk- (piṟky-) to finish (work)> piṟk- �piṟky-�
<Row Toda d5444 pïṟy- (pïṟs-) to be used up, decrease (in number or quantity), (buffaloes or men of a clan) become extinct; (pïṟc-)to use up> pɨṟy- �pɨṟs-�
<Row Konda d5444 vīz- (-it-) to be finished> vīz- �-it-�
<Row Konda d5444 vīs- (-t-) to finish> vīs- �-t-�
<Row Pengo d5444 vīz- (vīst-) to be finished> vīz- �vīst-�
<Row Pengo d5444 vīh- (vīst-) to finish> vīh- �vīst-�
<Row Kui d5444 viha (vihi-) to be ended, finished, terminated, used up; <i>n.</i> termination. DED(S) 4471> viha �vihi-�
<Row Tam d5446 vī (-v-, -nt-) to perish, cease, disappear, die, leave, deviate as from one's course; (-pp-, -tt-) to destroy; <i>n.</i> ruin, destruction, death, drooping, languishing, separation, removal> vī �-v-� -nt-�
<Row Tam d5446 vīkku (vīkki-) to kill, destroy, ruin> vīkku �vīkki-�
<Row Tam d5447 vīkku (vīkki-) to strike> vīkku �vīkki-�
<Row Tam d5448 vīṅku (vīṅki-) to increase in size, become enlarged, swell, be inflamed and swollen, grow, increase, be copious, excessive, be close, crowded, become tight, be tight> vīŋku �vīŋki-�
<Row Tam d5448 vīkku (vīkki-) to fill, urge, force out; tie up, bind, control, restrain, hinder; <i>n.</i> greatness, abundance; tying, tightness> vīkku �vīkki-�
<Row Tam d5448 viṅku (viṅki-) to be abundant> viŋku �viŋki-�
<Row Mal d5448 caus. vīrpikka. ? > caus� vīrpikka� �
<Row Kota d5448 vic- (vic-) to talk impudently to a superior> vic- �vic-�
<Row Tam d5448 vīṅku (vīṅki-) to increase in size, become enlarged, swell, be inflamed and swollen, grow, increase, be copious, excessive, be close, crowded, become tight, be tight> vīŋku �vīŋki-�
<Row Tam d5448 vīkku (vīkki-) to fill, urge, force out; tie up, bind, control, restrain, hinder; <i>n.</i> greatness, abundance; tying, tightness> vīkku �vīkki-�
<Row Tam d5448 viṅku (viṅki-) to be abundant> viŋku �viŋki-�
<Row Mal d5448 caus. vīrpikka. ? > caus� vīrpikka� �
<Row Kota d5448 vic- (vic-) to talk impudently to a superior> vic- �vic-�
<Row Tam d5450 vīcu (vīci-) to throw, fling (as a weapon), cast (as a net), flap (as wings), swing (as the arm), fan, wave, flourish (as a sword), strike, beat, flog, open out, spread, lengthen, stretch, spill, strew, scatter, lay aside, throw off, abandon, drop, blow (as the wind), be spread, diffused (as fragrance, rays, etc.)> vīcu �vīci-�
<Row Tam d5450 viciṟu (viciṟi-) to fan, wave to and fro, brandish, fling, hurl, cast (as a net), whirl round, pour forth, sprinkle, eject, discharge, remove, swing (as the arms in walking)> viciṟu �viciṟi-�
<Row Tam d5450 vicai (-pp-, -tt-) to hasten, cause to move swiftly, swing, leap, hop, burst, split, be forceful; <i>n.</i> haste, speed, impetus, elasticity, spring, force, contrivance as a trap, lever> vicai �-pp-� -tt-�
<Row Mal d5450 vb.n. vīyal; vīyikka to cause to fan, etc> vb�n� vīyal� vīyikka
<Row Kota d5450 vi·c- (vi·c-) to exercise violence, throw violently, make a sweeping blow, grind with grinding stones, (wind) blows> vi�c- �vi�c-�
<Row Kota d5450 vi·c violent blow> vi�c
<Row Kota d5450 vicm (obl. vict-) thunderbolt; ?> vicm �obl� vict-�
<Row Kota d5450 ve·k- (ve·yk-) to winnow with a side-to-side motion to remove stones> ve�k- �ve�yk-�
<Row Toda d5450 pi·s- (pi·sy-) to swing (arm), grind (grain), cast responsibility of (person) on, forsake> pi�s- �pi�sy-�
<Row Toda d5450 pi·s a swing of the grinding stone> pi�s
<Row Kodagu d5450 bi·j- (bi·ji-) > bi�j- �bi�ji-�
<Row Kodagu d5450 bi·d- (bi·di-) to wave (<i>tr.</i>); (wind) blows, (tree, cloth) waves; grind with grinding stones> bi�d- �bi�di-�
<Row Konda d5450 visir (-t-) to throw off or away, fling> visir �-t-�
<Row Kui d5450 vīnja (vīnji-) to blow, fan; <i>pl. action</i>> vīnja �vīnji-�
<Row Kui d5450 vīska (vīski-); vīka (vīki-) to blow a wind instrument> vīska �vīski-�� vīka �vīki-�
<Row Kui d5450 vīva (vīt-) to shoot, throw, cast, fling, pelt; <i>n.</i> act of shooting, throwing> vīva �vīt-�
<Row Kui d5450 pl. action vīpka (vīpki-); viska swift, quick. ?> pl� action vīpka �vīpki-�� viska
<Row OIA d5450 s.v. vyajanam DED(S, N) 4479> s�v� vyajanam
<Row Tam d5452 vīṭu (vīṭi-) to perish, be destroyed, die> vīṭu �vīṭi-�
<Row Tam d5452 vīṭṭu (vīṭṭi-) to destroy> vīṭṭu �vīṭṭi-�
<Row Tam d5453 vīṭu-koḷ (koḷv-, koṇṭ-) to recover, get back> vīṭu-koḷ �koḷv-� koṇṭ-�
<Row Kota d5455 vi·v hollow on each side of backbone (of man or animal)> vi�v
<Row Kolami d5455 vi·p backbone, (Pat., p. 27) lower back> vi�p
<Row Kota d5457 vi·ra·ṇy vaṇm small gold coin put in mouth of dead man and burned with body (paṇmcoin)> vi�ra�ṇy vaṇm
<Row Toda d5457 pi·r boṇm small, old coins in bag, used at funeral> pi�r boṇm
<Row Kodagu d5457 bira·nï pagoda (= 4 rupees). DED 4487> bira�nɨ
<Row Kolami d5459 vi·r- (vi·ṭ-) to sell> vi�r- �vi�ṭ-�
<Row Kui d5459 vīṛa (vīṛi-) to be obtainable, be available> vīṛa �vīṛi-�
<Row Kodagu d5460 ï·ḷe any creeping plant (&lt;*īr̤ay). DEN 77> ɨ�ḷe
<Row Kota d5461 viḷv- (viḷt-) to whistle> viḷv- �viḷt-�
<Row Tam d5462 vīṟu (vīṟi-) to be distinguished, be eminent, increase; <i>n.</i> distinctive excellence, victory, unique beauty, splendour, greatness, abundance, good fortune, merit, arrogance> vīṟu �vīṟi-�
<Row Tam d5462 viṟai (-pp-, -tt-) to assume airs> viṟai �-pp-� -tt-�
<Row Kota d5463 vi·r- (vi·ry-) to throw (light things, e.g. dust, grain, grass)> vi�r- �vi�ry-�
<Row Kota d5463 u·r- (u·ry-) to throw, act violently or thoroughly> u�r- �u�ry-�
<Row Toda d5463 pi·ṟ- (pi·ṟy-) to scatter, shed (tears) in profusion> pi�ṟ- �pi�ṟy-�
<Row Tam d5464 vekuḷ (vekuḷv-, vekuṇṭ-) to be angry, be enraged at, hate, dislike> vekuḷ �vekuḷv-� vekuṇṭ-�
<Row Tam d5464 vekuṭṭu (vekuṭṭi-) to make angry> vekuṭṭu �vekuṭṭi-�
<Row Kota d5465 vekar- (vekaṭ-) to be puzzled, astounded, thunderstruck> vekar- �vekaṭ-�
<Row Kota d5465 caus. vekarkc- (vekarkc-) > caus� vekarkc- �vekarkc-�
<Row Toda d5465 pek ïn- (ïḏ-) to be afraid (song phrase)> pek ɨn- �ɨḏ-�
<Row Kannada d5468 bisu (becc-) to unite firmly, solder; join, be united> bisu �becc-�
<Row mandla d5470 vanjer (pl. vanjehk) > vanjer �pl� vanjehk�
<Row mandla d5470 vanjer (pl. vanjehk) > vanjer �pl� vanjehk�
<Row muria d5470 vanjer (pl. vanjehk) > vanjer �pl� vanjehk�
<Row Tam d5473 veṭi (-pp-, -tt-) to crack, break, split, break open, burst, explode, blossom, shoot forth; <i>n.</i> fissure, crevice, split, explosion, gun, retort> veṭi �-pp-� -tt-�
<Row Tam d5473 viṭu (viṭuv-, viṭṭ-) to be split, broken, cracked; (-pp-, -tt-) to split> viṭu �viṭuv-� viṭṭ-�
<Row Tam d5473 viṭai (-pp-, -tt-) to separate (or with 5393 Ta.viṭu); vēṭṭuthe report of a gun> viṭai �-pp-� -tt-�
<Row Mal d5473 vb.n. viṭarcca crevice> vb�n� viṭarcca
<Row Mal d5473 viṭarppu; viṭavu crevice> viṭarppu� viṭavu
<Row Kota d5474 veṭm (obl. veṭt-) id> veṭm �obl� veṭt-�
<Row Tam d5475 veṭi (-v-, -nt-) to dawn, break as day> veṭi �-v-� -nt-�
<Row Tam d5475 viṭi (-v-, -nt-) to dawn, break as day> viṭi �-v-� -nt-�
<Row Kota d5475 vart viṛ- (viṭ-) day breaks. ?> vart viṛ- �viṭ-�
<Row Toda d5475 koš fïṛ- (fïṭ-) to dawn> koš fɨṛ- �fɨṭ-�
<Row Toda d5475 ko·s föṭy lamp lit in funeral hut (forko·s, see 1458)> ko�s føṭy
<Row Toda d5475 ko·s föṭyk lamp lit in funeral hut (forko·s, see 1458)> ko�s føṭyk
<Row Toda d5477 piṭyk (? piṭky) in vain> piṭyk �� piṭky�
<Row Tam d5478 veṭṭu (veṭṭi-) to cut as with sword or axe, cut off, engrave, dig as a well, injure, destroy; <i>n.</i> cutting, wound, cut, engraving> veṭṭu �veṭṭi-�
<Row Tulu d5478 caus. boṭṭāvuni; boṭṭele drummer. DED 4507> caus� boṭṭāvuni� boṭṭele
<Row Kurux d5479 biṛnā (biḍḍ-) (sun) to be hot> biṛnā �biḍḍ-�
<Row Tam d5480 veṇṭu (veṇṭi-) to dry as in the sun, become withered, be exhausted, be in great want, hanker; <i>n.</i> hollowness as of a pipe, a disease which causes hollowness in trees, sugar-cane, sola-pith> veṇṭu �veṇṭi-�
<Row Tulu d5480 Aeschynomene aspera </i>; thinness, leanness, lightness; thin, light, emaciated> �escʰynomene aspera
<Row Telugu d5480 beṇḍu A. indica (inscr., p. 51) soft, powerless> beṇḍu �� indica
<Row Kui d5481 vṛēpa (vṛēt-) to return, come back again, retreat; <i>n.</i> return, retreat> vṛēpa �vṛēt-�
<Row Kui d5481 vṛēppa (vṛēpt-) to cause to return, turn back (<i>tr.</i>), pay back, return something borrowed or pledged; <i>n.</i> turning something back, repayment, return. <i>> vṛēppa �vṛēpt-�
<Row Kuwi d5481 wet'nai to reverse> vet�nai
<Row Kuwi d5481 veṇḍ- (-it-) to return> veṇḍ- �-it-�
<Row Kuwi d5481 veṭ- (-h-) to return something> veṭ- �-h-�
<Row Parji d5482 venḍra (usually pl. venḍrel) hair (on head or body). DED 4510> venḍra �usually pl� venḍrel�
<Row Kurux d5483 beddnā (biddyas) to seek, search, get (second wife, concubine), find, discover, want, wish, be about to, be liable to> beddnā �biddyas�
<Row Kodagu d5484 bi·r- (bi·ruv-, bi·nd-) > bi�r- �bi�ruv-� bi�nd-�
<Row Kodagu d5484 bu·r- (bu·ruv-, bu·nd-) (flowers) open> bu�r- �bu�ruv-� bu�nd-�
<Row Kodagu d5484 bi·t- (bi·ti-) > bi�t- �bi�ti-�
<Row Kodagu d5484 bu·t- (bu·ti-) to open out (<i>tr.</i>; mouth of bag, knife)> bu�t- �bu�ti-�
<Row Parji d5484 vidrup- (vidrut-) cock to flap wings when crowing. <i>> vidrup- �vidrut-�
<Row Kolami d5485 vedur (pl. veduḍl) id> vedur �pl� veduḍl�
<Row Parji d5485 vedri (pl. vedrul) id. <i>> vedri �pl� vedrul�
<Row Gadaba d5485 vedre (pl. -gil) > vedre �pl� -gil�
<Row salur d5485 vedir (pl. -gil) > vedir �pl� -gil�
<Row Pengo d5485 dēr (pl. -ku) bamboo; bamboo shoot> dēr �pl� -ku�
<Row Kui d5485 tēru (pl. trēka) bamboo> tēru �pl� trēka�
<Row Kui d5485 tēru (pl. tērka) a shoot, bud (? bamboo shoot)> tēru �pl� tērka�
<Row Kuwi d5485 dēru (pl. dērka) (F. S. Su. P.) bamboo, (Isr.) bamboo shoot. DED(S) 4514> dēru �pl� dērka�
<Row Tam d5486 veyar (-pp-, -tt-) to sweat, perspire; <i>n.</i> perspiration> veyar �-pp-� -tt-�
<Row Tam d5486 vēr (-pp-, -tt-) to sweat, perspire; <i>n.</i> perspiration> vēr �-pp-� -tt-�
<Row Tam d5486 viyar (-pp-, -tt-) to sweat, perspire; <i>n.</i> perspiration, weariness, exhaustion> viyar �-pp-� -tt-�
<Row Tam d5486 veyarppu = viyar n.; vērppu sweat, perspiration> veyarppu � viyar n�� vērppu
<Row Kodagu d5486 bevar- (bevari-) to sweat> bevar- �bevari-�
<Row Kolami d5488 ven (pl. venḍl) back> ven �pl� venḍl�
<Row Tam d5489 veruvu (veruvi-) to be afraid of, be alarmed, frightened or startled; <i>n.</i> fear, fright> veruvu �veruvi-�
<Row Tam d5489 veruḷ (veruḷv-, veruṇṭ-; veruḷi-) to be startled, perplexed, bewildered, be frightened, shy, be skittish; <i>n.</i> fear, perplexity, that which is fearful> veruḷ �veruḷv-� veruṇṭ-� veruḷi-�
<Row Tam d5489 viraḷ (viraḷv-, viraṇṭ-) to be startled, perplexed, bewildered, be frightened, shy, be skittish; <i>n.</i> fear, perplexity, that which is fearful> viraḷ �viraḷv-� viraṇṭ-�
<Row Tam d5489 viraṭṭu (viraṭṭi-) to frighten, intimidate> viraṭṭu �viraṭṭi-�
<Row Tam d5489 veruṭṭu (veruṭṭi-) to terrify, frighten, confuse, stupefy, drive away (as animals)> veruṭṭu �veruṭṭi-�
<Row Tam d5489 viṟa (-pp-, -nt-) to fear> viṟa �-pp-� -nt-�
<Row Tam d5489 veṟi (-pp-, -tt-) to be frightened; <i>n.</i> fear> veṟi �-pp-� -tt-�
<Row Kota d5489 verṇ- (verḍ-) to become extremely afraid> verṇ- �verḍ-�
<Row Kota d5489 verṭ- (verṭy-) to cause (cattle) to have extreme fear> verṭ- �verṭy-�
<Row Toda d5489 pe·ḷ- (pe·ḍ-) (buffaloes) are frightened and run away> pe�ḷ- �pe�ḍ-�
<Row Toda d5489 pe·ṭ- (pe·ṭy-) to frighten (buffaloes) and cause them to run away> pe�ṭ- �pe�ṭy-�
<Row Kodagu d5489 boraḍ- (boraḍuv-, boraṇḍ-) to be thrown into confusion by fear> boraḍ- �boraḍuv-� boraṇḍ-�
<Row Kodagu d5489 boraṭ- (boraṭi-) to frighten and make run in all directions (usually of cattle); ?> boraṭ- �boraṭi-�
<Row Kodagu d5489 bott- (botti-) to fear, be frightened> bott- �botti-�
<Row salur d5490 verrig (pl. vergil) > verrig �pl� vergil�
<Row salur d5490 verig (pl. vergil) cat. <i>> verig �pl� vergil�
<Row Parji d5492 veroṭ (pl. verocil) a kind of flute. <i>> veroṭ �pl� verocil�
<Row salur d5492 vērōṭ (pl. vērōsul) id. DED 4521> vērōṭ �pl� vērōsul�
<Row Tam d5493 vel (velv-, veṉṟ-) to conquer, overcome, subdue, destroy, remove, excel> vel �velv-� veṉṟ-�
<Row muria d5494 bellī̃ (pl.) > bellī̃ �pl��
<Row Gondi d5495 caus. veṛh- > caus� veṛh
<Row Kui d5495 ṛepa (ṛet-) to hang up, suspend> ṛepa �ṛet-�
<Row Kui d5495 ḍēnga (ḍēngi-) to be suspended. <i>> ḍēnga �ḍēngi-�
<Row Kuwi d5495 lecali (let-) to hang up, deck oneself with flowers> lecali �let-�
<Row Kuwi d5495 leh'nai to hang> leh�nai
<Row Kuwi d5495 lej- (-it-) to hang> lej- �-it-�
<Row Kuwi d5495 leˀ &lt;-&gt; (-t-) id. (<i>tr.</i>). DEDS 877 (in part from DED 4336)> leˀ �lt�-�gt� �-t-�
<Row Tam d5496 veḷi (-pp-, -tt-) to break (as the day), clear, whiten, become bright; <i>n.</i> purity> veḷi �-pp-� -tt-�
<Row Tam d5496 veḷiṟu (veḷiṟi-) to grow white, become pale; <i>n.</i> whiteness, paleness, light, becoming clear> veḷiṟu �veḷiṟi-�
<Row Tam d5496 veḷu (-pp-, -tt-) to become white or pale, dawn, become clear or manifest; whiten (<i>tr.</i>, as clothes)> veḷu �-pp-� -tt-�
<Row Tam d5496 veḷuveḷu (-pp-, -tt-) to become white, become pale> veḷuveḷu �-pp-� -tt-�
<Row Tam d5496 viḷaṅku (viḷaṅki-) to shine, become renowned, be polished, be clear or plain, know> viḷaŋku �viḷaŋki-�
<Row Tam d5496 viḷakku (viḷakki-) to make clear, explain, make illustrious, clean, polish, purify; <i>n.</i> lamp, light, lustre, brightening> viḷakku �viḷakki-�
<Row Tam d5496 viḷattu (viḷatti-) to explain> viḷattu �viḷatti-�
<Row Tam d5496 viḷar (-v-, -nt-; -pp-, -tt-) to become pale, whiten; <i>n.</i> whiteness> viḷar �-v-� -nt-� -pp-� -tt-�
<Row Kota d5496 fem. veyḷ; veḷv- (veḷt-) to become pale> fem� veyḷ� veḷv- �veḷt-�
<Row Kota d5496 veḷg- (veḷgy-) (country) becomes light before dawn> veḷg- �veḷgy-�
<Row Kota d5496 veḷk- (veḷky-) to clean with water> veḷk- �veḷky-�
<Row Toda d5496 pöł̣f- (pöł̣t-) to be white> pøł̣f- �pøł̣t-�
<Row Toda d5496 pöł̣x- (pöł̣xy-) to dawn> pøł̣x- �pøł̣xy-�
<Row Toda d5496 pöł̣k- (pöł̣ky-) to make to dawn> pøł̣k- �pøł̣ky-�
<Row Toda d5496 pöḷko·ṟn European (i.e. Englishman, etc.)> pøḷko�ṟn
<Row Kodagu d5496 boḷï- (boḷïp-, boḷït-) to become white> boḷɨ- �boḷɨp-� boḷɨt-�
<Row Kodagu d5496 n.pr </i> of a cow, cow (in songs)> n�pr
<Row Kodagu d5496 boḷḷi mi·nï morning star> boḷḷi mi�nɨ
<Row Kolami d5496 veleŋ (? velleŋ) > veleŋ �� velleŋ�
<Row Gondi d5496 caus. vēḍih-; vēḍ- (Ma.) to be white, (Ko.) be or become clean or bright> caus� vēḍih-� vēḍ
<Row Kuwi d5496 ṛinj- (-it-) to be white> ṛinj- �-it-�
<Row Kuwi d5496 ṛīnj- (-it-) id., burn, flash, blaze> ṛīnj- �-it-�
<Row Kuwi d5496 ṛīh- (ṛīst-) to make fire burn> ṛīh- �ṛīst-�
<Row Kurux d5496 bilcta'ānā to polish, cause to shine or glitter; be lightning> bilcta�ānā
<Row Tam d5496 ) > �
<Row Tam d5496 veḷi (-pp-, -tt-) to break (as the day), clear, whiten, become bright; <i>n.</i> purity> veḷi �-pp-� -tt-�
<Row Tam d5496 veḷiṟu (veḷiṟi-) to grow white, become pale; <i>n.</i> whiteness, paleness, light, becoming clear> veḷiṟu �veḷiṟi-�
<Row Tam d5496 veḷu (-pp-, -tt-) to become white or pale, dawn, become clear or manifest; whiten (<i>tr.</i>, as clothes)> veḷu �-pp-� -tt-�
<Row Tam d5496 veḷuveḷu (-pp-, -tt-) to become white, become pale> veḷuveḷu �-pp-� -tt-�
<Row Tam d5496 viḷaṅku (viḷaṅki-) to shine, become renowned, be polished, be clear or plain, know> viḷaŋku �viḷaŋki-�
<Row Tam d5496 viḷakku (viḷakki-) to make clear, explain, make illustrious, clean, polish, purify; <i>n.</i> lamp, light, lustre, brightening> viḷakku �viḷakki-�
<Row Tam d5496 viḷattu (viḷatti-) to explain> viḷattu �viḷatti-�
<Row Tam d5496 viḷar (-v-, -nt-; -pp-, -tt-) to become pale, whiten; <i>n.</i> whiteness> viḷar �-v-� -nt-� -pp-� -tt-�
<Row Kota d5496 fem. veyḷ; veḷv- (veḷt-) to become pale> fem� veyḷ� veḷv- �veḷt-�
<Row Kota d5496 veḷg- (veḷgy-) (country) becomes light before dawn> veḷg- �veḷgy-�
<Row Kota d5496 veḷk- (veḷky-) to clean with water> veḷk- �veḷky-�
<Row Toda d5496 pöł̣f- (pöł̣t-) to be white> pøł̣f- �pøł̣t-�
<Row Toda d5496 pöł̣x- (pöł̣xy-) to dawn> pøł̣x- �pøł̣xy-�
<Row Toda d5496 pöł̣k- (pöł̣ky-) to make to dawn> pøł̣k- �pøł̣ky-�
<Row Toda d5496 pöḷko·ṟn European (i.e. Englishman, etc.)> pøḷko�ṟn
<Row Kodagu d5496 boḷï- (boḷïp-, boḷït-) to become white> boḷɨ- �boḷɨp-� boḷɨt-�
<Row Kodagu d5496 n.pr </i> of a cow, cow (in songs)> n�pr
<Row Kodagu d5496 boḷḷi mi·nï morning star> boḷḷi mi�nɨ
<Row Kolami d5496 veleŋ (? velleŋ) > veleŋ �� velleŋ�
<Row Gondi d5496 caus. vēḍih-; vēḍ- (Ma.) to be white, (Ko.) be or become clean or bright> caus� vēḍih-� vēḍ
<Row Kuwi d5496 ṛinj- (-it-) to be white> ṛinj- �-it-�
<Row Kuwi d5496 ṛīnj- (-it-) id., burn, flash, blaze> ṛīnj- �-it-�
<Row Kuwi d5496 ṛīh- (ṛīst-) to make fire burn> ṛīh- �ṛīst-�
<Row Kurux d5496 bilcta'ānā to polish, cause to shine or glitter; be lightning> bilcta�ānā
<Row Tam d5496 ) > �
<Row Tam d5497 viḷakku (viḷakki-) to solder> viḷakku �viḷakki-�
<Row Tam d5498 veḷi (-pp-, -tt-) to be open or public, be vacant, empty; <i>n.</i> outside, open space, plain, space, intervening space, gap, room, openness, plainness, publicity> veḷi �-pp-� -tt-�
<Row Parji d5498 valip- (valit-) to expel, drive away> valip- �valit-�
<Row Parji d5498 valkip- (valkit-) to chase. ? <i>> valkip- �valkit-�
<Row Kui d5498 venḍa (venḍi-) to go forward, start forth, go forth> venḍa �venḍi-�
<Row Kui d5498 pl. action veṭka (veṭki-) > pl� action veṭka �veṭki-�
<Row Pengo d5499 ṛēŋ- (ṛēŋt-) to lie on the back> ṛēŋ- �ṛēŋt-�
<Row Pengo d5499 ṛēŋg- (ṛēŋt-) to lie on the back> ṛēŋg- �ṛēŋt-�
<Row Pengo d5499 ṛēk- (-t-) to lay on the back> ṛēk- �-t-�
<Row Tam d5500 veḷku (veḷki-) to be ashamed, be coy, bashful, fear, shudder, be perplexed> veḷku �veḷki-�
<Row Tam d5500 veṭku (veṭki-) to be ashamed, be bashful, be afraid> veṭku �veṭki-�
<Row Tam d5500 vaṭku (vaṭki-) to be ashamed, be shy, bashful; <i>n.</i> shame, shyness, modesty> vaṭku �vaṭki-�
<Row Tam d5500 viḷi- (-v-, -nt-) to be overcome with shame> viḷi- �-v-� -nt-�
<Row Kota d5500 vekm (obl. vekt-) feeling of modesty, shame> vekm �obl� vekt-�
<Row Kota d5501 veky Pouzolzia Bennettiana (the skin yields a gummy foam used in washing head and body)> veky �ouzolzia �ennettiana
<Row Gondi d5502 C. p. (Voc </i> 3180)> �� p� ��oc
<Row Tam d5504 Cucumis sativus </i>; mottled-melon, <i>> �ucumis sativus
<Row Tam d5504 C. memordica </i>; kakri melon> �� memordica
<Row Mal d5504 C. sativus </i>> �� sativus
<Row Tam d5507 fem. veḷḷāḷacci cultivation> fem� veḷḷāḷacci
<Row Tam d5507 veḷḷār̤acci; veḷḷāṇmai cultivation> veḷḷāṛ̆acci� veḷḷāṇmai
<Row Mal d5507 Veḷḷāḷas > �eḷḷāḷas
<Row OIA d5509 bilva- Aegle marmelos. [Feronia and <i>> bilva- �egle marmelos� ��eronia
<Row OIA d5509 Aegle </i> are closely related genera of one species each.] DED 4535> �egle
<Row Tam d5511 veṟi (-pp-, -tt-) to be drunk, intoxicated, become mad, be frenzied, be furious; <i>n.</i> toddy, drunkenness, intoxication, bewilderment, confusion, perturbation, madness, frenzy, anger, savagery, wildness, devil> veṟi �-pp-� -tt-�
<Row Telugu d5511 fem. veṟṟidi; veṟṟi-nīḷḷu toddy, spirituous liquor> fem� veṟṟidi� veṟṟi-nīḷḷu
<Row Tam d5512 veṟu (-pp-, -tt-) to detest, loathe, hate, be angry at, dislike, renounce, be afflicted> veṟu �-pp-� -tt-�
<Row Kota d5512 verv- (vert-) to dislike> verv- �vert-�
<Row Kurux d5512 birkha'ānā to disgust with, make sick of, disaffect from> birkʰa�ānā
<Row Tam d5513 veṟu (veṟṟ- before vowels in cpds.) empty, etc> veṟu �veṟṟ
<Row Tam d5513 veṟi (-pp-, -tt-) to become empty as a place devoid of inhabitants, clear away as clouds; <i>n.</i> (alsoveṟiccu) emptiness as of a place devoid of inhabitants> veṟi �-pp-� -tt-�
<Row Kota d5513 veṯa· ver mere, unmixed, vain> veṯa� ver
<Row Kota d5513 vera·c woman temporarily without a child> vera�c
<Row Kota d5513 ver a·ḷ man without wife or children> ver a�ḷ
<Row Kota d5513 ver gi·m naked (<i>lit.</i> mere hands)> ver gi�m
<Row Kota d5513 verma(.)ṇtamn naked> verma���ṇtamn
<Row Toda d5513 peṟ o·ł̣ ordinary man (as priest becomes when polluted)> peṟ o�ł̣
<Row Toda d5513 peṟ fo·s̱ pure milk> peṟ fo�s̱
<Row Toda d5513 peṟ me·ṇ tree without blossoms> peṟ me�ṇ
<Row Konda d5513 vaRi mere, simple, nothing but> va�i
<Row sunkar d5513 var'i empty> var�i
<Row Konda d5514 veR- (-t-) to speak, tell> ve�- �-t-�
<Row Konda d5514 caus. veRis- to cause somebody to tell> caus� ve�is
<Row Pengo d5514 vec- (vecc-) to speak> vec- �vecc-�
<Row Manda d5514 veh- (-t-) to tell, say> veh- �-t-�
<Row Kui d5514 vespa (vest-) to say, speak, tell; <i>n.</i> saying, speech, word. <i>> vespa �vest-�
<Row Kuwi d5514 vessali (vest-) to tell> vessali �vest-�
<Row Kuwi d5514 weh'nai to speak, say, tell> veh�nai
<Row Kuwi d5514 veh- (vest-) (Su.) to say, (Isr.) tell> veh- �vest-�
<Row Kurux d5514 ba'anā (bācas) to say, command, invite, allow, name, call, salute as, by the name or title of, pretend, express as one's own view or idea, say to oneself, imagine, reflect, intend, cry (of animals), sound so-and-so> ba�anā �bācas�
<Row Tam d5515 Piper betle </i>; betel leaf> �iper betle
<Row Tam d5516 viṉā (viṉāy-) to ask, investigate, give ear to, listen, hear> viṉā �viṉāy-�
<Row Tam d5516 viṉāvu (viṉāvi-) to ask, investigate, give ear to, listen, hear> viṉāvu �viṉāvi-�
<Row Tam d5516 viṉāvu (viṉavi-) to ask, investigate, give ear to, listen, hear> viṉāvu �viṉavi-�
<Row Tam d5516 viṉavu (viṉāvi-) to ask, investigate, give ear to, listen, hear> viṉavu �viṉāvi-�
<Row Tam d5516 viṉavu (viṉavi-) to ask, investigate, give ear to, listen, hear> viṉavu �viṉavi-�
<Row Kota d5516 vent- (veynt-) id> vent- �veynt-�
<Row Toda d5516 pint- (pinty-) id> pint- �pinty-�
<Row Telugu d5516 vinu (viṇṭ-) to hear, listen, obey> vinu �viṇṭ-�
<Row Kolami d5516 vin- (vint-) to hear> vin- �vint-�
<Row Naiki d5516 ven- (venḍ-) id> ven- �venḍ-�
<Row Parji d5516 ven- (vett-, vend-) id. <i>> ven- �vett-� vend-�
<Row Gadaba d5516 ven- (veṭ-, vey-) > ven- �veṭ-� vey-�
<Row salur d5516 ven- (veyy-) id> ven- �veyy-�
<Row salur d5516 ven- (veṇṭ-) id> ven- �veṇṭ-�
<Row Konda d5516 ven- (veR-) id> ven- �ve�-�
<Row Konda d5516 venba- (-t-) to ask> venba- �-t-�
<Row Pengo d5516 ven- (vec-) to hear> ven- �vec-�
<Row Pengo d5516 venba- (-t-) to ask, inquire> venba- �-t-�
<Row Manda d5516 ven- (vec-) to hear> ven- �vec-�
<Row Kui d5516 venba (ves-) to hear, listen, ask, question; <i>n.</i> hearing, listening, inquiry. <i>> venba �ves-�
<Row sunkar d5516 ven- (vecc-) to hear> ven- �vecc-�
<Row Kuwi d5516 venjali (vec-) > venjali �vec-�
<Row Kuwi d5516 ven- (vec-) to hear, ask> ven- �vec-�
<Row Kurux d5516 mennā (meńj-) to hear, listen, obey, question, ask> mennā �meńj-�
<Row Malto d5516 mene (menj-) to hear, ask> mene �menj-�
<Row Brah d5516 bining (bing-) to hear> bining �bing-�
<Row Tam d5517 vē (vēv- to burn, be hot (as the weather), be scorched, be boiled, cooked (as rice), be refined (as gold), be distressed by grief or passion, be angry> vē �vēv
<Row Tam d5517 vēkuv-, vent-) to burn, be hot (as the weather), be scorched, be boiled, cooked (as rice), be refined (as gold), be distressed by grief or passion, be angry> vēkuv-� vent-�
<Row Tam d5517 venti (-pp-, -tt-) to be hot, get angry> venti �-pp-� -tt-�
<Row Tam d5517 vetumpu (vetumpi-) to become warm, be partially withered (as flowers), be hot, boil, be enraged> vetumpu �vetumpi-�
<Row Tam d5517 vetuppu (vetuppi-) to warm, heat gently, make red-hot; <i>n.</i> warmth, fever> vetuppu �vetuppi-�
<Row Tam d5517 vetuvetu (-pp-, -tt-) to be parboiled or half-cooked, become lukewarm, be partially withered> vetuvetu �-pp-� -tt-�
<Row Tam d5517 veppi (-pp-, -tt-) to heat, infuriate> veppi �-pp-� -tt-�
<Row Tam d5517 vempu (vempi-) to be very hot, be dried with heat, fade, rage, be distressed in mind, desire> vempu �vempi-�
<Row Mal d5517 vēka (vent-) to be hot, burn, seethe, boil, (heart) burns> vēka �vent-�
<Row Kota d5517 vey- (vedy-) to be burned, be burned up, (broth) boils> vey- �vedy-�
<Row Kota d5517 veyc- (veyc-) to burn up, cook> veyc- �veyc-�
<Row Kota d5517 vet- (vety-) to weld (i.e. make red-hot)> vet- �vety-�
<Row Kota d5517 ve ni·r hot water> ve ni�r
<Row Kota d5517 ven ni·r hot water> ven ni�r
<Row Kota d5517 vi·l sunshine, heat of sun> vi�l
<Row Kota d5517 ve·ci·g hot, rainless season (February to middle of June)> ve�ci�g
<Row Toda d5517 pöy- (pöd-) to burn (<i>intr.</i>), be hot> pøy- �pød-�
<Row Toda d5517 pöt ïn- (ïḏ-) (house) is warm> pøt ɨn- �ɨḏ-�
<Row Toda d5517 pi·s̱ sun, sunlight> pi�s̱
<Row Toda d5517 pe·soxy hot season (&lt; Badaga)> pe�soxy
<Row Toda d5517 pi·so·y hot season (&lt; Badaga)> pi�so�y
<Row Toda d5517 ? pü·ł̣ hot weather, summer (December-February) (? &lt;*vey(y)&lt;-&gt; uḷ)> � py�ł̣
<Row Kannada d5517 beyyu (bend-) to be burnt up, be scorched by the sun's heat, etc., be prepared by boiling, be cooked, burn with a fever, grief, etc> beyyu �bend-�
<Row Kodagu d5517 be·y- (be·v- to be warmed, burned, warm oneself, (rice) cooks> be�y- �be�v
<Row Kodagu d5517 be·yuv-, beñj-) to be warmed, burned, warm oneself, (rice) cooks> be�yuv-� beñj-�
<Row Kodagu d5517 bey- (bepp-, becc-) to cook (rice)> bey- �bepp-� becc-�
<Row Kodagu d5517 be·nï ka·la hot season> be�nɨ ka�la
<Row Kolami d5517 ve·ndi > ve�ndi
<Row Kolami d5517 ve·nd i·r hot water> ve�nd i�r
<Row Naikri d5517 vecca (c = ts) fever> vecca �c � ts�
<Row Parji d5517 vēp- (vēt-) to be warm> vēp- �vēt-�
<Row Parji d5517 veypip- (veypit-) to boil (rice). <i>> veypip- �veypit-�
<Row Konda d5517 vey- (vet-) to be burned (forest, fuel)> vey- �vet-�
<Row Konda d5517 ves- (-t-) to be hot> ves- �-t-�
<Row Konda d5517 vēk- (-t-) to fry> vēk- �-t-�
<Row Pengo d5517 ve- (-t-) to be cooked> ve- �-t-�
<Row Kui d5517 vēva (vēt-) to be cooked, well cooked or boiled, (forest) to be fired, burned> vēva �vēt-�
<Row Kui d5517 vehpa (veht-) to be hot (liquids, cooked food)> vehpa �veht-�
<Row Kui d5517 ve- (-t-) to be burnt. <i>> ve- �-t-�
<Row Kuwi d5517 veyali (vet-) to catch fire> veyali �vet-�
<Row Kuwi d5517 weh'nai to oppress> veh�nai
<Row sunkar d5517 veh- (-it-) to be hot> veh- �-it-�
<Row Kuwi d5517 ve- (-t-) to be burnt> ve- �-t-�
<Row Kuwi d5517 ve- (-t-) to be burnt, cooked> ve- �-t-�
<Row Kuwi d5517 vēh- (vēst-) to become hot> vēh- �vēst-�
<Row Kurux d5517 bi'inā (bicc-) to be cooked, baked, boiled, parched in heat> bi�inā �bicc-�
<Row Kurux d5517 bīta'ānā to cook, broil, bake, dry in heat> bīta�ānā
<Row Brah d5517 bising (bisis-) to be baked, cooked, ripen> bising �bisis-�
<Row Brah d5517 bising (bisē-) to bake, cook> bising �bisē-�
<Row Kui d5519 vēnga (vēngi-) to be spread out, stretched out or up, opened out, open out> vēnga �vēngi-�
<Row Kuwi d5519 wēkh'nai to unravel> vēkʰ�nai
<Row Kuwi d5519 vēṅg- (-it-) to become spread> vēŋg- �-it-�
<Row Kuwi d5519 vēk- (-h-) to announce, publish> vēk- �-h-�
<Row Tam d5519 vēy (-v-, -nt-) to blossom, open> vēy �-v-� -nt-�
<Row Kodagu d5522 be·ŋg- (be·ŋgi-) (rain) stops, clears> be�ŋg- �be�ŋgi-�
<Row Kui d5522 vēpka (&lt; vēk-p-; vēkt-) to cease (rain); <i>n.</i> cessation of rain. DED 4543> vēpka ��lt� vēk-p-� vēkt-�
<Row Manda d5523 vēnj- (vēnc-) to take out> vēnj- �vēnc-�
<Row Kui d5523 vēsa (vēsi-) id., bring out into the open, extract, expose, redeem; <i>pl. action</i>> vēsa �vēsi-�
<Row Kui d5523 vēska (vēski-) > vēska �vēski-�
<Row bisam d5523 vecc- (-it-) to take out, take off> vecc- �-it-�
<Row Kuwi d5523 vēc- (-it-) to pull up, pull out, take out. DEDS 881> vēc- �-it-�
<Row Tam d5524 vēcaṟu (vēcaṟuv-, vēcaṟṛ-) to be weary, fatigued, be vexed, distressed> vēcaṟu �vēcaṟuv-� vēcaṟṛ-�
<Row Tam d5524 vēcāṟu (vēcāṟi-) to be weary, fatigued, be vexed, distressed; be consoled, rest; <i>n.</i> weariness, etc> vēcāṟu �vēcāṟi-�
<Row Kannada d5524 bēsaṟ (bēsatt-) to grow weary or fatigued, get tired of, be disgusted, be vexed; <i>n.</i> weariness, fatigue, disgust, vexation, dispiritedness> bēsaṟ �bēsatt-�
<Row Kannada d5524 bēsaṟu (bēsatt-) to grow weary or fatigued, get tired of, be disgusted, be vexed; <i>n.</i> weariness, fatigue, disgust, vexation, dispiritedness> bēsaṟu �bēsatt-�
<Row Kodagu d5524 be·ja·ra sorrow> be�ja�ra
<Row Kota d5526 ve·ṭḷ stake in centre of threshing floor round which the cattle are driven> ve�ṭḷ
<Row Kodagu d5526 bo·ṭi id. DED 4546> bo�ṭi
<Row Kota d5527 ve·ṭ hunting> ve�ṭ
<Row Kota d5527 ve·ṭ a·ṛ- to hunt> ve�ṭ a�ṛ
<Row Kota d5527 ve·ṛṇ hunter> ve�ṛṇ
<Row Toda d5527 pe·ṭ hunting> pe�ṭ
<Row Toda d5527 pe·ṭ o·ḍ- to hunt; ?> pe�ṭ o�ḍ
<Row Toda d5527 pö·ṛ Tamilian (i.e. hunter)> pø�ṛ
<Row Kodagu d5527 bo·ṭe hunting, hunt> bo�ṭe
<Row Kolami d5527 ve·ṭ a·ḍ- id> ve�ṭ a�ḍ
<Row Tam d5528 vēṇṭu (vēṇṭi-) to want, desire, beg, entreat, request; be indispensable, necessary> vēṇṭu �vēṇṭi-�
<Row Tam d5528 vēḷ (vēṭp-, vēṭṭ-) to desire, love; <i>n.</i> desire, Kāma> vēḷ �vēṭp-� vēṭṭ-�
<Row Tam d5528 veḵku (veḵki-) to desire ardently, covet (Kuiper, <i>Indian Linguistics</i> 35.215)> veḵku �veḵki-�
<Row Tam d5528 vir̤ai (-v-, -nt-) to wish, desire, love, be anxious for, covet> viṛ̆ai �-v-� -nt-�
<Row Kota d5528 ve·ko· it is wanted> ve�ko�
<Row Kota d5528 ve·ṭa· it is not wanted> ve�ṭa�
<Row Kota d5528 ve·ṛo· must> ve�ṛo�
<Row Kota d5528 ve·ḍy beggar> ve�ḍy
<Row Kota d5528 ve·ḍyga·rn beggar> ve�ḍyga�rn
<Row Kota d5528 ve·ṛ- (ve·c-) to collect, accept, get> ve�ṛ- �ve�c-�
<Row Toda d5528 pö·ḍ- (pö·ḍy-) to beg> pø�ḍ- �pø�ḍy-�
<Row Toda d5528 pö·ḍyxo·ṟn beggar> pø�ḍyxo�ṟn
<Row Toda d5528 pe·k- (that which is) wanted, desired> pe�k
<Row Kodagu d5528 bo·ḍ- (bo·ḍi-) to beg> bo�ḍ- �bo�ḍi-�
<Row Kodagu d5528 bo·ṇḍu it is wanted> bo�ṇḍu
<Row Kodagu d5528 bo·ṇḍa it is not wanted> bo�ṇḍa
<Row Kolami d5528 ve·l- (ve·lt-) to ask> ve�l- �ve�lt-�
<Row Kolami d5528 ve·lt o·l- to ask a question> ve�lt o�l
<Row Tam d5531 Azadirachta indica; vēpp-ilai margosa leaf> �zadiracʰta indica� vēpp-ilai
<Row Mal d5531 vēmpu (vēppu-) > vēmpu �vēppu-�
<Row Kota d5531 ve·p marm margosa tree> ve�p marm
<Row Kota d5531 ve·p el margosa leaf> ve�p el
<Row Kota d5531 ve· paṇ margosa fruit> ve� paṇ
<Row Kota d5531 ve·p paṇ margosa fruit> ve�p paṇ
<Row Kannada d5531 bēvu M. azadirachta Linn> bēvu �� azadiracʰta
<Row Tam d5532 vēy (-v-, -nt-) to cover (as a building), roof, thatch, put on (as a garland)> vēy �-v-� -nt-�
<Row Tam d5532 mēy (-v-, -nt-) to cover fully, thatch, roof (as with tiles)> mēy �-v-� -nt-�
<Row Tam d5532 mēvu (mēvi-) to thatch, cover over> mēvu �mēvi-�
<Row Kota d5532 ve·j- (ve·j-) to thatch> ve�j- �ve�j-�
<Row Toda d5532 pe·y- (pe·s-) id> pe�y- �pe�s-�
<Row Kolami d5532 ve·nz- (ve·nst-) to thatch> ve�nz- �ve�nst-�
<Row Naikri d5532 vēnj- (j = dz) id> vēnj- �j � dz�
<Row Pengo d5532 vig- (vikt-) id> vig- �vikt-�
<Row Kui d5532 vega (vegi-) to roof, thatch; <i>n.</i> act of thatching, putting on a roof> vega �vegi-�
<Row Kui d5532 vīori (pl. vīoraka) thatch. <i>> vīori �pl� vīoraka�
<Row sunkar d5532 vig- (-it-) to thatch> vig- �-it-�
<Row Kuwi d5532 vig- (-it-) to thatch> vig- �-it-�
<Row Kuwi d5532 viˀ uri (pl. vika) grass for thatching house> viˀ uri �pl� vika�
<Row Kurux d5532 baĩnā (bańń-) to cover with tiles, thatch, etc> baĩnā �bańń-�
<Row Kurux d5532 bēnā (bēńń-) to cover with tiles, thatch, etc> bēnā �bēńń-�
<Row Tam d5533 vēy- (-pp-, -tt-) to spy out; <i>n.</i> report of a spy, a spy> vēy- �-pp-� -tt-�
<Row Kota d5533 ve·j- (ve·j-) to peep, eavesdrop> ve�j- �ve�j-�
<Row Toda d5533 pe·f ambush> pe�f
<Row Toda d5533 pe·f o·k- (o·ky-) (feline) crouches for a spring (lit. place an ambush)> pe�f o�k- �o�ky-�
<Row Toda d5533 pe·fïζ- (pe·fij-) (feline) crouches for a spring> pe�fɨ�- �pe�fij-�
<Row Toda d5533 pe·ḷζ- (pe·ḻj-) (feline) crouches for a spring> pe�ḷ�- �pe�ṛ̆j-�
<Row Konda d5533 bēs- (-t-) to look back as one moves forward. <i>> bēs- �-t-�
<Row Kuwi d5533 bēc- (-it-) to have a glance at. ?> bēc- �-it-�
<Row Kota d5535 ve·r root> ve�r
<Row Toda d5535 pö·r id> pø�r
<Row Kodagu d5535 be·rï root> be�rɨ
<Row Kolami d5535 ve·r (pl. ve·ḍl) id> ve�r �pl� ve�ḍl�
<Row Naikri d5535 vēr (pl. vēḍḷ) id> vēr �pl� vēḍḷ�
<Row Parji d5535 vār (pl. -kul) id. <i>> vār �pl� -kul�
<Row Kuwi d5535 vē'la root (of large tree)> vē�la
<Row Mal d5537 Acacia arabica </i> Willd. = <i>> �cacia arabica
<Row Mal d5537 Mimosa arabica </i> Lam.] DEDS 883> �imosa arabica
<Row Kota d5538 ve·j fence> ve�j
<Row Toda d5538 pe·s̱y stone wall of pen> pe�s̱y
<Row Toda d5538 pe·ly fence; ?> pe�ly
<Row Toda d5538 pe·s̱y ïr dry buffaloes, buffaloes that have gone wild> pe�s̱y ɨr
<Row Kodagu d5538 be·li fence> be�li
<Row Kolami d5538 veleg (obl. velg-) fence. <i>> veleg �obl� velg-�
<Row Tam d5544 vēḷ (vētp-, vēṭṭ-) to offer sacrifices, marry; <i>n.</i> marriage> vēḷ �vētp-� vēṭṭ-�
<Row Tam d5544 viḷai (-pp-, -tt-) to perform as worship> viḷai �-pp-� -tt-�
<Row Tam d5545 Vēḷāḷa caste> �ēḷāḷa
<Row Kodagu d5547 bo·ḷe neck. <i>> bo�ḷe
<Row seoni d5547 veḍeṛu (pl. veḍahku) > veḍeṛu �pl� veḍahku�
<Row Kota d5548 ve·r state of being other, another's, different, separate, outcasted> ve�r
<Row Kodagu d5548 bo·re different> bo�re
<Row Konda d5548 vēRe vēRe differently, separately> vē�e vē�e
<Row Tam d5549 vai (-pp-, -tt-) to put, place, seat, lay by, store up, possess, keep, create set up> vai �-pp-� -tt-�
<Row Kota d5549 vay- (vac-) to keep, place; beget, bear (child)> vay- �vac-�
<Row Toda d5549 poy- (poc-) to keep, place; beget, bear (child)> poy- �poc-�
<Row Kodagu d5549 bey- (bepp-, becc-) to keep> bey- �bepp-� becc-�
<Row Kolami d5549 va·y- (va·yt-) > va�y- �va�yt-�
<Row Kurux d5549 uinā (uyyas) to put down; retain, keep back> uinā �uyyas�
<Row Tam d5550 vai (-v-, -t-) to abuse, revile, curse> vai �-v-� -t-�
<Row Tam d5550 vacai (-v-, -nt-) to censure, blame, calumniate; <i>n.</i> reproach, censure, blame> vacai �-v-� -nt-�
<Row Kota d5550 ve·k me·k in- (iḏ-) to make sport of someone> ve�k me�k in- �iḏ-�
<Row Kodagu d5550 bayy- (bayyuv-, bajj-) to abuse> bayy- �bayyuv-� bajj-�
<Row Kolami d5551 vet- (vett-) to seize and take away> vet- �vett-�
<Row Kui d5552 vaspa (vast-) to sharpen; <i>n.</i> act of sharpening> vaspa �vast-�
<Row Kui d5552 vau (pl. vanga) edge, cutting edge or end. <i>> vau �pl� vanga�
<Row sunkar d5552 vah- (vast-) to sharpen> vah- �vast-�
<Row Kuwi d5552 wah'nai to nib> vah�nai
<Row Kuwi d5552 vah- (vast-) to be sharp> vah- �vast-�
<Row Gadaba d5553 vēvel (pl.) id> vēvel �pl��
<Row Tam d5554 vaiku (vaiki-) to stay, pass the night, dawn> vaiku �vaiki-�
<Row Naikri d5554 vēg- (vēgt-) to dawn> vēg- �vēgt-�
<Row Parji d5554 vēpip- (vēpit-) to make to dawn. <i>> vēpip- �vēpit-�
<Row Pengo d5554 vig- (vikt-) to dawn> vig- �vikt-�
<Row Manda d5554 viŋg- (viŋkt-) to dawn> viŋg- �viŋkt-�
<Row Kui d5554 vēga (vēgi-) to last, outlast the night, dawn> vēga �vēgi-�
<Row sunkar d5554 vēy- (-it-) > vēy- �-it-�
<Row Kuwi d5554 vī'e > vī�e
<Row sunkar d5554 ve'e tomorrow> ve�e
<Row Kurux d5554 bijjta'ānā to protract till dawn> bijjta�ānā
<Row Kodagu d5555 be·ŋg- (be·ŋgi-) to cut (plantain trunks at wedding, as test of skill with weapon)> be�ŋg- �be�ŋgi-�
<Row Konda d5555 vey- (-t-) to flog, beat> vey- �-t-�
<Row Kui d5555 vēpa (vēt-) to strike, beat, thrash, assault, kill; <i>n.</i> act of striking, beating. <i>> vēpa �vēt-�
<Row Kuwi d5555 vecali (vē-) > vecali �vē-�
<Row sunkar d5555 ve'- (vet-) to beat> ve�- �vet-�
<Row bisam d5555 ve'- (vet-) to beat> ve�- �vet-�
<Row Kuwi d5555 vēˀ - (-t-) id., hit> vēˀ - �-t-�
<Row Kuwi d5555 vēp- (-it-) id., hit> vēp- �-it-�
<Row Kui d5556 vrih- (-t-) to ask, beg. <i>> vrih- �-t-�
<Row sunkar d5556 rīh- (rīst-) > rīh- �rīst-�
<Row Kuwi d5556 rih'nai > rih�nai
<Row Kuwi d5556 vih- (vist-) to beg> vih- �vist-�
<Row Pengo d5557 Iēkiŋ (pl.) strips of bamboo> �ēkiŋ �pl��
<Row Pengo d5557 Iēkiŋ (pl.) strips of bamboo> �ēkiŋ �pl��
<Row OIA da3 *agnirujā- disease with burning sensation> �agnirujā
<Row OIA da4 has no entry corresponding to that of the Nepali Dictionary s.v. agāṛi ). DED(S) 28> has no entry corresponding to tʰat of tʰe �epali �ictionary s�v� agāṛi
<Row OIA da5 *satyākāra- id &gt> �satyākāra- id
<Row Kota da10 a · ṇy metal nail, joint of body> a � ṇy
<Row Toda da10 o · ṇy nail> o � ṇy
<Row Kodagu da10 a · ṇi nail of metal or wood> a � ṇi
<Row OIA da10 āṇí- (RV.) linch-pin> āṇí- �����
<Row Kota da11 ca · vrm (<i>obl.</i>ca · vrt-)> ca � vrm
<Row Toda da11 so · fer > so � fer
<Row Toda da11 se · fer > se � fer
<Row Kodagu da11 a · irë > a � irə
<Row Kodagu da11 a · ira > a � ira
<Row OIA da13 BHS ukkarikā- a kind of sweetmeat. DED (S) 483> ��� ukkarikā
<Row OIA da17 vyāˊghārayati Katre, pp. 73 -- 4. DED 789> vyā�gʰārayati
<Row Mal da18 Mārān Sūdras, who beat the drum in temples> �ārān
<Row OIA da19 *ōpp- (e.g> �ōpp
<Row OIA da20 kakṣyāˊ- cf. esp> kakṣyā�
<Row Tam da22 kaṭāram. kiṭāram brass or copper boiler, cauldron> kaṭāram� kiṭāram
<Row OIA da24 blade of grass. Turner > blade of grass� �urner
<Row Toda da28 kubïḷ ko · y pumpkin> kubɨḷ ko � y
<Row OIA da30 *kulla- DED (S, N) 1585> �kulla
<Row OIA da31 NIA words in Turner refer to anklets of bells); Turner> ���
<Row Pk da31 gevejja- (*geejja-) is possible for the Dr. forms. DED (S) 1610> gevejja- ��geejja-�
<Row sunkar da32 kṛā'li > kṛā�li
<Row Kuwi da32 kṛa'li large axe> kṛa�li
<Row Kuwi da32 gla'li large axe> gla�li
<Row OIA da33 IE origin of this> ��
<Row Kota da35 jeṛv- (jeṛd-) (hair) is bushy and uncombed> jeṛv- �jeṛd-�
<Row sunkar da36 (Su. P > ��u� �
<Row Gadaba da40 (P > ��
<Row OIA da40 esp. (23) > esp� ����
<Row OIA da42 *ṭhagg- e.g> �ṭʰagg
<Row OIA da42 *ṭhakk- e.g> �ṭʰakk
<Row OIA da44 sthūˊṇā- > stʰū�ṇā
<Row Kota da46 pa · caṇ beauty> pa � caṇ
<Row Kota da46 pa · cand beauty> pa � cand
<Row Kota da46 pa · caṇa · c good-tempered woman> pa � caṇa � c
<Row Kota da46 pa · caṇ gey- to have pleasurable sexual intercourse> pa � caṇ gey
<Row Toda da46 po · ca · ṇ beauty; beautiful> po � ca � ṇ
<Row Kolami da52 me · nam id> me � nam
<Row Tam da53 màccampi elder sister's husband, maternal uncle's son, paternal aunt's son, husband's elder brother> m�ccampi
<Row Kannada da53 may (i)duna a connexion, friend or husband; sister's husband, husband's brother, wife's brother, brother's son in relation to sister's son> may �i�duna
<Row Kannada da53 may (i)da a connexion, friend or husband; sister's husband, husband's brother, wife's brother, brother's son in relation to sister's son> may �i�da
<Row Tam da53 màccampi elder sister's husband, maternal uncle's son, paternal aunt's son, husband's elder brother> m�ccampi
<Row Kannada da53 may (i)duna a connexion, friend or husband; sister's husband, husband's brother, wife's brother, brother's son in relation to sister's son> may �i�duna
<Row Kannada da53 may (i)da a connexion, friend or husband; sister's husband, husband's brother, wife's brother, brother's son in relation to sister's son> may �i�da
<Row Konda da53 mēṇa'en father's sister's son> mēṇa�en
<Row Kuwi da53 meh?ṇa tayi male cross-cousin> meh�ṇa tayi
<Row Kuwi da53 m. taṅgi female cross-cousin> m� taŋgi
<Row OIA da54 nos. 10722 rāṣṭrakūṭa- 10724> nos� ����� rāṣṭrakūṭa
<Row OIA da55 *rampa- > �rampa
<Row Kota da57 va · lm (<i>obl</i>va · lm- va · lt-) tail> va � lm
<Row Toda da57 po · s̱m (<i>obl.</i>po · s̱t-) id> po � s̱m
<Row Kodagu da57 ba · lï tail, spout of cup> ba � lɨ
<Row Toda da59 pe · j dispute taken to tribal council or to lawcourt> pe � j
<Row Badaga da59 be · je id> be � je
<Row Kolami da60 bi · am (<i>pl.</i>bi · al) rice> bi � am
<Row PDr d7 *akam inside> �akam
<Row PDr d7 *aka-ppaṭu to be included> �aka-ppaṭu
<Row PDr d11 *akaẓ-tt-ay moat> �akaẓ-tt-ay
<Row PDr d23 *akka- elder sister> �akka
<Row PDr d55 *añc- to fear> �añc
<Row PDr d55 *añc-al fear> �añc-al
<Row PDr d55 *añc-c(-am) fear> �añc-c�-am�
<Row PDr d63 *aṭ-a-nk- to be compressed, hidden> �aṭ-a-nk
<Row PDr d63 *aṭ-a-nkk- to control, hide> �aṭ-a-nkk
<Row PDr d64 *aṭ-a-ppay betel pouch> �aṭ-a-ppay
<Row PDr d88 *aṭ-ay-kkāy areca nut> �aṭ-ay-kkāy
<Row PDr d72 *aṭ-V foot, bottom, base> �aṭ-�
<Row PDr d72 *aṭ-Vk foot, bottom, base> �aṭ-�k
<Row PDr d72 *aṭ-Vk foot, bottom, base> �aṭ-�k
<Row PDr d76 *aṭṭu pancake> �aṭṭu
<Row PDr d96 *aṇ-ṭṭ- to adhere, stick> �aṇ-ṭṭ
<Row PDr d131 *aṇṇa- elder brother> �aṇṇa
<Row PDr d314 *aṯ-V- to know> �aṯ-�
<Row PDr d1 *aṯṯ- that place, manner> �aṯṯ
<Row PDr d1 *āṯṯ- that place, manner> �āṯṯ
<Row PDr d1 *a-tu 3neu sg> �a-tu
<Row PDr d142 *atta- maternal/paternal aunt> �atta
<Row PDr d1 *a-n(V)k- that place/time/much/many/manner> �a-n���k
<Row PDr d1 *ā-n(V)k that place/time/much/many/manner> �ā-n���k
<Row PDr d1 *ā-t- that place/time/much/many/manner> �ā-t
<Row PDr d1 *ā-tt- that place/time/much/many/manner> �ā-tt
<Row PDr d1 *a-nV there, then> �a-n�
<Row PDr d1 *a-nṯu that day, then> �a-nṯu
<Row PDr d156 *appa- father> �appa
<Row PDr d155 *app-am rice cake> �app-am
<Row PDr d1 *ap-pōẓ that time, then> �ap-pōẓ
<Row PDr d4559 *ap-pōẓ that time, then> �ap-pōẓ
<Row PDr d174 *amp-ali porridge> �amp-ali
<Row PDr d17 *ampu arrow> �ampu
<Row PDr d177 *amp-i boat> �amp-i
<Row PDr d1 *a-mpV there> �a-mp�
<Row PDr d183 *amm-a mother> �amm-a
<Row PDr d156 *appa- father> �appa
<Row PDr d202 *ar-ac pipal tree> �ar-ac
<Row PDr d202 *ar-aḷ pipal tree> �ar-aḷ
<Row PDr d216 *ar-i a kind of tax> �ar-i
<Row PDr d205 *ar-Vṇṭṭi banana, plantain> �ar-�ṇṭṭi
<Row PDr d236 *al- to be not> �al
<Row PDr d236 *al-a-nk to shake> �al-a-nk
<Row PDr d1 *a-lV that place> �a-l�
<Row PDr d1 *a-llV that place> �a-ll�
<Row PDr d1 *av-anṯu he, that man> �av-anṯu
<Row PDr d1 *avan- he, that man> �avan
<Row PDr d1 *av-aḷ 3f sg> �av-aḷ
<Row PDr d73 *avv-a mother, grandmother> �avv-a
<Row PDr d300 *aḷ-amp- mushroom> �aḷ-amp
<Row PDr d297 *aḷ-V-kk- to sacrifice> �aḷ-�-kk
<Row PDr d277 *aẓ-i- to perish> �aẓ-i
<Row PDr d277 *aẓ-i-ntt- to perish> �aẓ-i-ntt
<Row PDr d277 *aẓ-i-mpp- to perish> �aẓ-i-mpp
<Row PDr d1 *aH- that> �a�
<Row PDr d1 *ā- that> �ā
<Row PDr d1 *a-tu she/it> �a-tu
<Row PDr d1 *av-ay they> �av-ay
<Row PDr d1 *av-ar men/persons> �av-ar
<Row PDr d1 *av-aḷ she> �av-aḷ
<Row PDr d868 *aHn- to say; quotative marker> �a�n
<Row PDr d333 *ā- to be, become> �ā
<Row PDr d333 *ā-k- to be> �ā-k
<Row PDr d333 *ā-kk- to make> �ā-kk
<Row PDr d333 *ān- to be> �ān
<Row PDr d333 *an- to be> �an
<Row PDr d333 *ā-p- to become> �ā-p
<Row PDr d333 *ā-pp- to make> �ā-pp
<Row PDr d347 *āṭ-u to play, dance> �āṭ-u
<Row PDr d347 *āṭṭ-u > �āṭṭ-u
<Row PDr d404 *āṯ- to become cool, to dry up> �āṯ
<Row PDr d359 *ānt-ay owl> �ānt-ay
<Row PDr d334 *ām- cow> �ām
<Row PDr d334 *ān- cow> �ān
<Row PDr d364 *āy mother> �āy
<Row PDr d368 *ār-āy to investigate> �ār-āy
<Row PDr d368 *ār-āy-cci research> �ār-āy-cci
<Row PDr d5265 *ār-ak- millet> �ār-ak
<Row PDr d5265 *ar-ak- millet> �ar-ak
<Row PDr d382 *āl banyan tree> �āl
<Row PDr d399 *āḷ man/woman> �āḷ
<Row PDr d442 *iṭ-u- to put, place> �iṭ-u
<Row PDr d529 *iṯ-ay-cci meat> �iṯ-ay-cci
<Row PDr d530 *in- sweet> �in
<Row PDr d480 *ir- to be> �ir
<Row PDr d480 *ir-u-vu a place to be> �ir-u-vu
<Row PDr d485 *ir-u-ppay mahua tree> �ir-u-ppay
<Row PDr d546 *ir-Vl liver> �ir-�l
<Row PDr d546 *ir-Vv liver> �ir-�v
<Row PDr d494 *il house> �il
<Row PDr d494 *iẓi- to descend> �iẓi
<Row PDr d494 *iẓi-nt- > �iẓi-nt
<Row PDr d494 *iẓi-ntt- > �iẓi-ntt
<Row PDr d494 *iẓi-p- > �iẓi-p
<Row PDr d494 *iẓi-mp- > �iẓi-mp
<Row PDr d494 *iẓi-pp- > �iẓi-pp
<Row PDr d494 *iẓi-mpp- > �iẓi-mpp
<Row PDr d410 *iH- this> �i�
<Row PDr d410 *ī this> �ī
<Row PDr d410 *i-tu this thing/woman> �i-tu
<Row PDr d410 *iv-anṯu this man> �iv-anṯu
<Row PDr d410 *iv-ay these things/women> �iv-ay
<Row PDr d410 *iv-ar these men/persons> �iv-ar
<Row PDr d410 *iv-aḷ this woman> �iv-aḷ
<Row PDr d533 *ī fly> �ī
<Row PDr d474 *īr two> �īr
<Row PDr d474 *ir-V two> �ir-�
<Row PDr d474 *ir-aṇ-ṭu two> �ir-aṇ-ṭu
<Row PDr d474 *iru-var two persons> �iru-var
<Row PDr d549 *īẓam toddy> �īẓam
<Row PDr d549 *īẓa-vanṯ- toddy-tapper> �īẓa-vanṯ
<Row PDr d561 *ukir finger nail, toe-nail> �ukir
<Row PDr d561 *gōr finger nail, toe-nail> �gōr
<Row PDr d561 *kōr finger nail, toe-nail> �kōr
<Row PDr d561 *or-kk- finger nail, toe-nail> �or-kk
<Row PDr d645 *uc-V- to breathe> �uc-�
<Row PDr d645 *uc-Vr > �uc-�r
<Row PDr d592 *uṭ-ump- iguana> �uṭ-ump
<Row PDr d600 *uṇ- to drink> �uṇ
<Row PDr d651 *uram-kkal grinding stone, pestle> �uram-kkal
<Row PDr d665 *ur-ay to rub> �ur-ay
<Row PDr d572 *ula-kk-V pestle> �ula-kk-�
<Row PDr d697 *uḷ- to be, to have> �uḷ
<Row PDr d697 *uṇṭ-u is, are> �uṇṭ-u
<Row PDr d698 *uḷḷ-am mind, inside one> �uḷḷ-am
<Row PDr d705 *uḷḷi onion> �uḷḷi
<Row PDr d690 *uẓ-untu black gram> �uẓ-untu
<Row PDr d694 *uẓ-u-pp- stag> �uẓ-u-pp
<Row PDr d692 *uẓ-uv- tiger> �uẓ-uv
<Row PDr d688 *uẓ-V- to plough> �uẓ-�
<Row PDr d688 *uẓ-a-tti farming> �uẓ-a-tti
<Row PDr d600 *uHṇ- to eat, drink> �u�ṇ
<Row PDr d600 *ūṇ- to eat, drink> �ūṇ
<Row PDr d600 *ūṭṭ- to give to eat or drink> �ūṭṭ
<Row PDr d557 *uH yonder> �u�
<Row PDr d557 *ū yonder> �ū
<Row PDr d728 *ū meat> �ū
<Row PDr d728 *uy meat> �uy
<Row PDr d752 *ūr habitation, village, town> �ūr
<Row PDr d793 *eṇ to count> �eṇ
<Row PDr d783 *eṇ eight> �eṇ
<Row PDr d783 *eṇ-ṭṭu eight> �eṇ-ṭṭu
<Row PDr d527 *eṯ-ay-anṯu chief, king> �eṯ-ay-anṯu
<Row PDr d865 *eṯ-V- red> �eṯ-�
<Row PDr d533 *et-V-y prawn> �et-�-y
<Row PDr d780 *enk- to remain, be left over> �enk
<Row PDr d780 *enk-al left over food> �enk-al
<Row PDr d869 *en-ṯ- sun> �en-ṯ
<Row PDr d815 *er-utu ox> �er-utu
<Row PDr d816 *er-umV- buffalo> �er-um�
<Row PDr d497 *el-ay leaf> �el-ay
<Row PDr d833 *el-i rat> �el-i
<Row PDr d829 *el sun, sunshine> �el
<Row PDr d829 *en-ṯu sun, sunshine> �en-ṯu
<Row PDr d839 *el-V-mp bone> �el-�-mp
<Row PDr d839 *el-V-nk bone> �el-�-nk
<Row PDr d845 *elli tomorrow> �elli
<Row PDr d844 *ell-V all> �ell-�
<Row PDr d513 *eḷ-V- young, tender> �eḷ-�
<Row PDr d857 *eḷ-V-ñc- black bear> �eḷ-�-ñc
<Row PDr d910 *eẓ-V seven> �eẓ-�
<Row PDr d910 *ēẓ seven> �ēẓ
<Row PDr d765 *ēk- to gin cotton> �ēk
<Row PDr d765 *eHk- to gin cotton> �e�k
<Row PDr d917 *ēṯu ox, bull> �ēṯu
<Row PDr d912 *ēl mind, reason, knowledge> �ēl
<Row PDr d907 *ēl-V- cardamom> �ēl-�
<Row PDr d506 *ēẓ- to spin> �ēẓ
<Row PDr d506 *eẓ-V- to spin> �eẓ-�
<Row PDr d924 *o- to be suitable> �o
<Row PDr d924 *o-kk- > �o-kk
<Row PDr d924 *o-pp- > �o-pp
<Row PDr d924 *o-mp- > �o-mp
<Row PDr d924 *o-vv- > �o-vv
<Row PDr d924 *okku to be together> �okku
<Row PDr d924 *okk-al relatives> �okk-al
<Row PDr d561 *ok-Vr finger/toe nail> �ok-�r
<Row PDr d561 *kō-r finger/toe nail> �kō-r
<Row PDr d990 *okk- one> �okk
<Row PDr d946 *oṭ-ay to break> �oṭ-ay
<Row PDr d585 *oṭ-al body> �oṭ-al
<Row PDr d954 *oṭ-unku to be restrained> �oṭ-unku
<Row PDr d2977 *oṭ-Vkk- chameleon> �oṭ-�kk
<Row PDr d707 *oṯ-a-nku to sleep> �oṯ-a-nku
<Row PDr d990 *on-ṯu one> �on-ṯu
<Row PDr d1025 *on-patV ten minus one> �on-pat�
<Row PDr d984 *oy- to carry> �oy
<Row PDr d697 *oḷ-an house> �oḷ-an
<Row PDr d1012 *oẓ-ukk- to spin> �oẓ-ukk
<Row PDr d1041 *ōṭu to flee> �ōṭu
<Row PDr d1041 *ōṭṭam defeat> �ōṭṭam
<Row PDr d1052 *ōtu to recite, read> �ōtu
<Row PDr d1053 *ōntti bloodsucker lizard> �ōntti
<Row PDr d990 *ōr- one> �ōr
<Row PDr d990 *or-V- one> �or-�
<Row PDr d1249 *kac to be bitter> �kac
<Row PDr d1104 *kañci gruel> �kañci
<Row PDr d1147 *kaṭ- to tie, bind> �kaṭ
<Row PDr d1147 *kaṭṭ- to tie, bind> �kaṭṭ
<Row PDr d1147 *kaṭṭ-ay a dam> �kaṭṭ-ay
<Row PDr d1123 *kaṭ-ac- male of cattle, heifer> �kaṭ-ac
<Row PDr d1116 *kaṭ-ampu <i>Anthocephalus cadamba</i>> �kaṭ-ampu
<Row PDr d1109 *kaṭ-ay end, place> �kaṭ-ay
<Row PDr d1118 *kaṭ-al sea, ocean> �kaṭ-al
<Row PDr d1135 *kaṭ-V- be bitter, pungent> �kaṭ-�
<Row PDr d1123 *kaṭ-V- wild buffalo> �kaṭ-�
<Row PDr d1114 *kaṭ-V-ñcc stag> �kaṭ-�-ñcc
<Row PDr d1114 *kaṭ-V-ntt stag> �kaṭ-�-ntt
<Row PDr d1159 *kaṇ eye> �kaṇ
<Row PDr d1159 *kaṇ-ṇīr tear> �kaṇ-ṇīr
<Row PDr d3690 *kaṇ-ṇīr tear> �kaṇ-ṇīr
<Row PDr d1173 *kaṇṭ-anṯu husband, warrior> �kaṇṭ-anṯu
<Row PDr d1204 *katti knife> �katti
<Row PDr d1407 *kan-acV dream, to dream> �kan-ac�
<Row PDr d1221 *kap- to cover> �kap
<Row PDr d1221 *kapp- to cover> �kapp
<Row PDr d1221 *kav-V to cover> �kav-�
<Row PDr d1224 *kapp-a frog> �kapp-a
<Row PDr d1218 *kapp-am a kind of tax, tribute> �kapp-am
<Row PDr d119 *kapp-al ship> �kapp-al
<Row PDr d1357 *kap-Vḷ cheek> �kap-�ḷ
<Row PDr d1134 *kam-kuẓi armpit> �kam-kuẓi
<Row PDr d2023 *kay hand, arm> �kay
<Row PDr d2026 *kay-tay fragrant screw-pine> �kay-tay
<Row PDr d1958 *kay-m- field> �kay-m
<Row PDr d1252 *kay-V-l fish of different kinds> �kay-�-l
<Row PDr d1252 *kay-V-kk- fish of different kinds> �kay-�-kk
<Row PDr d1252 *kay-V-mpp- fish of different kinds> �kay-�-mpp
<Row PDr d1288 *kar-umpu sugar-cane> �kar-umpu
<Row PDr d1274 *kar-Vḷ bowels> �kar-�ḷ
<Row PDr d1507 *kar-Vnk <i>Pongamia glabra</i>> �kar-�nk
<Row PDr d1283 *kar-V-nt- to consider> �kar-�-nt
<Row PDr d1283 *kar-V-ntt will, mind> �kar-�-ntt
<Row PDr d1213 *kar-Vnti red gram> �kar-�nti
<Row PDr d1298 *kal stone> �kal
<Row PDr d1297 *kal- to learn> �kal
<Row PDr d1297 *kaṯ- to learn> �kaṯ
<Row PDr d1302 *kala-kala onom. of 'rustle, tinkle, rattle'> �kala-kala
<Row PDr d1303 *kal-a-nku to be stirred> �kal-a-nku
<Row PDr d1303 *kal-a-nkku to stir> �kal-a-nkku
<Row PDr d1309 *kal-Vnk- covered drain, sluice> �kal-�nk
<Row PDr d1303 *kal-ac- to quarrel> �kal-ac
<Row PDr d1305 *kal-am boat, ship> �kal-am
<Row PDr d1338 *kav-Vḷi a house lizard> �kav-�ḷi
<Row PDr d1376 *kaḷ-am an open place (threshing floor, battle ground)> �kaḷ-am
<Row PDr d1376 *kaḷ-an an open place (threshing floor, battle ground)> �kaḷ-an
<Row PDr d1364 *kaẓ-ut-ay donkey> �kaẓ-ut-ay
<Row PDr d1366 *kaẓ-u-tt- neck/throat> �kaẓ-u-tt
<Row PDr d1366 *kaẓ-nt- neck/throat> �kaẓ-nt
<Row PDr d1366 *kaẓ-ntt- neck/throat> �kaẓ-ntt
<Row PDr d1374 *kaḷ toddy> �kaḷ
<Row PDr d1372 *kaḷ- to steal> �kaḷ
<Row PDr d1372 *kaṇ- to steal> �kaṇ
<Row PDr d1356 *kaẓi (-nt-) time to pass, be spent> �kaẓi �-nt-�
<Row PDr d1356 *kaẓi (-nt-t-) to spend, waste, reject> �kaẓi �-nt-t-�
<Row PDr d1362 *kaẓ-V-ku eagle> �kaẓ-�-ku
<Row PDr d1362 *kaẓ-V-tu eagle> �kaẓ-�-tu
<Row PDr d1355 *kaẓ-Vt paddy field> �kaẓ-�t
<Row PDr d1425 *kā-kk-ay crow> �kā-kk-ay
<Row PDr d1443 *kaHṇ- to see> �ka�ṇ
<Row PDr d1443 *kāṇ-ikk-ay gift> �kāṇ-ikk-ay
<Row PDr d1505 *kāṯ- plough-share> �kāṯ
<Row PDr d1416 *kā(-tt-) to protect, guard> �kā�-tt-�
<Row PDr d1418 *kā(-n) forest> �kā�-n�
<Row PDr d1438 *kā-ṭu forest> �kā-ṭu
<Row PDr d1418 *kā forest> �kā
<Row PDr d1418 *kā-n- forest> �kā-n
<Row PDr d1438 *kā-ṭV forest> �kā-ṭ�
<Row PDr d458 *kā-nk- big clay pot> �kā-nk
<Row PDr d1459 *kāy fruit, pod> �kāy
<Row PDr d1458 *kāy to be hot, dry up, burn> �kāy
<Row PDr d1458 *kā-nku to be hot, dry up, burn> �kā-nku
<Row PDr d1458 *kā-nkku to be hot, dry up, burn> �kā-nkku
<Row PDr d1458 *kā-ntu to be hot, dry up, burn> �kā-ntu
<Row PDr d1458 *kā-nttu to be hot, dry up, burn> �kā-nttu
<Row PDr d1458 *kā-mpu to be hot, dry up, burn> �kā-mpu
<Row PDr d1458 *kā-mppu to be hot, dry up, burn> �kā-mppu
<Row PDr d1500 *kā-ḷ- to burn, flame> �kā-ḷ
<Row PDr d1278 *kā-r to be scorched> �kā-r
<Row PDr d1278 *kar-V- to be scorched> �kar-�
<Row PDr d1278 *kār dark, black, dark clouds> �kār
<Row PDr d1278 *kar-V dark, black, dark clouds> �kar-�
<Row PDr d1480 *kāl canal> �kāl
<Row PDr d1479 *kāl leg> �kāl
<Row PDr d1417 *kā-vaṭi shoulder pole> �kā-vaṭi
<Row PDr d2004 *kic-ampu yam, <i>Arum colacasia</i>> �kic-ampu
<Row PDr d1515 *kic-Vkic-V onom 'chirping, squeaking'> �kic-�kic-�
<Row PDr d1540 *kiṇṭ-V- metal pot> �kiṇṭ-�
<Row PDr d1599 *kit-u-tt- cheetah, panther> �kit-u-tt
<Row PDr d1599 *kit-u-mp- cheetah, panther> �kit-u-mp
<Row PDr d1594 *kiṯṯ-eli mouse> �kiṯṯ-eli
<Row PDr d1600 *kin- to be angry> �kin
<Row PDr d1977 *kir-V- ear> �kir-�
<Row PDr d1574 *kil- sound, noise> �kil
<Row PDr d1570 *kil- to be able> �kil
<Row PDr d1571 *kil- small> �kil
<Row PDr d1571 *kiṯ- small> �kiṯ
<Row PDr d1577 *kil- small> �kil
<Row PDr d1577 *kiṯ- small> �kiṯ
<Row PDr d1571 *kil- small> �kil
<Row PDr d1571 *kiṯ- small> �kiṯ
<Row PDr d1571 *kil-a some> �kil-a
<Row PDr d1584 *kiḷi parrot> �kiḷi
<Row PDr d1347 *kiẓ-ank- tuber> �kiẓ-ank
<Row PDr d1623 *kī-ṯ scratch> �kī-ṯ
<Row PDr d1594 *kīṯ- small> �kīṯ
<Row PDr d1594 *kiṯ-V small> �kiṯ-�
<Row PDr d1618 *kīv snow, ice> �kīv
<Row PDr d1618 *kiv-V- snow, ice> �kiv-�
<Row PDr d1619 *kīẓ below; (SD I) low area, east> �kīẓ
<Row PDr d1619 *kiẓ-V-kk below; (SD I) low area, east> �kiẓ-�-kk
<Row PDr d1760 *kucc- greens> �kucc
<Row PDr d1760 *kuc-V- greens> �kuc-�
<Row PDr d1652 *kuṭ-al intestines> �kuṭ-al
<Row PDr d1680 *kuṭ-V eyeball> �kuṭ-�
<Row PDr d1680 *kuṇṭ-V eyeball> �kuṇṭ-�
<Row PDr d1693 *kuṇṭV heart, kidney> �kuṇṭ�
<Row PDr d1851 *kuṯ-ay- to be reduced in size> �kuṯ-ay
<Row PDr d1851 *kuṯ-V short> �kuṯ-�
<Row PDr d1840 *kuṯ-V-nk- thigh> �kuṯ-�-nk
<Row PDr d1840 *kuṯ-V-v thigh> �kuṯ-�-v
<Row PDr d1711 *kut-i to jump> �kut-i
<Row PDr d1711 *kut-ir-ay horse> �kut-ir-ay
<Row PDr d1850 *kut-V- club> �kut-�
<Row PDr d864 *kunṯ-am hill> �kunṯ-am
<Row PDr d864 *kunṯ-u hill> �kunṯ-u
<Row PDr d1865 *kunṯ-i crab's eye, a plant> �kunṯ-i
<Row PDr d1722 *kun-tāl pick-axe> �kun-tāl
<Row PDr d1722 *kun-tāḷ pick-axe> �kun-tāḷ
<Row PDr d1718 *ku-nt- throat, voice, toan> �ku-nt
<Row PDr d1718 *ku-ntt- throat, voice, toan> �ku-ntt
<Row PDr d1718 *ko-nt- throat, voice, toan> �ko-nt
<Row PDr d1718 *ko-ntt- throat, voice, toan> �ko-ntt
<Row PDr d1731 *kupp-V heap> �kupp-�
<Row PDr d1787 *kur-uṭu blindness> �kur-uṭu
<Row PDr d1785 *kur-V-c- deer> �kur-�-c
<Row PDr d1797 *kur-Vvi small pot> �kur-�vi
<Row PDr d1793 *kur-V-vi sparrow> �kur-�-vi
<Row PDr d1828 *kuḷ-am lake> �kuḷ-am
<Row PDr d1828 *kuḷ-Vnc- lake> �kuḷ-�nc
<Row PDr d1818 *kuẓ-V pit, hollow> �kuẓ-�
<Row PDr d1882 *kūṭ-u to be joined, meet> �kūṭ-u
<Row PDr d1882 *kūṭṭ- to unite, put together> �kūṭṭ
<Row PDr d1882 *kūṭṭ-am union> �kūṭṭ-am
<Row PDr d1882 *kūṭ-al joining> �kūṭ-al
<Row PDr d1882 *kūṭṭ-al uniting> �kūṭṭ-al
<Row PDr d1883 *kūṭ-u nest> �kūṭ-u
<Row PDr d1893 *kūnt- mushroom> �kūnt
<Row PDr d1893 *kūntt- mushroom> �kūntt
<Row PDr d1873 *kūn-ttu daughter> �kūn-ttu
<Row PDr d1873 *kūn-ccu daughter> �kūn-ccu
<Row PDr d1873 *kūn-kku daughter> �kūn-kku
<Row PDr d1930 *kūm- pigeon, dove> �kūm
<Row PDr d1930 *kum-V- pigeon, dove> �kum-�
<Row PDr d1902 *kū-r- to sleep> �kū-r
<Row PDr d1906 *kūl-i paddy> �kūl-i
<Row PDr d1911 *kūẓ porridge> �kūẓ
<Row PDr d2020 *kec-aṯ- mud, slush> �kec-aṯ
<Row PDr d1942 *keṭ-u to perish, decay> �keṭ-u
<Row PDr d1942 *kēṭu damage> �kēṭu
<Row PDr d1942 *keṭ-al evil> �keṭ-al
<Row PDr d1942 *kēṭu-ti ruin> �kēṭu-ti
<Row PDr d1942 *keṭ-ṭa evil> �keṭ-ṭa
<Row PDr d1980 *keṯ-ay tank> �keṯ-ay
<Row PDr d1980 *keṯ-uvu tank> �keṯ-uvu
<Row PDr d2591 *keṯ-V- wing, feather> �keṯ-�
<Row PDr d1955 *kep- to tell> �kep
<Row PDr d1977 *kev-i ear> �kev-i
<Row PDr d1977 *kev-iṭu deafness> �kev-iṭu
<Row PDr d931 *kem red> �kem
<Row PDr d2775 *kem-pu copper vessel> �kem-pu
<Row PDr d1957 *key- to do> �key
<Row PDr d1958 *key-m wet field> �key-m
<Row PDr d1958 *key-am wet field> �key-am
<Row PDr d1957 *key-pi- to cause one to do> �key-pi
<Row PDr d1963 *ker-uppu sandal> �ker-uppu
<Row PDr d1588 *keḷ-ay to dig up> �keḷ-ay
<Row PDr d2019 *kēṯ- to winnow> �kēṯ
<Row PDr d2019 *kēṯ-ṯV winnowing basket> �kēṯ-ṯ�
<Row PDr d2004 *kē-mpu yam> �kē-mpu
<Row PDr d2017 *kēḷ- to hear, ask> �kēḷ
<Row PDr d2017 *kēṇ- to hear, ask> �kēṇ
<Row PDr d1762 *koc-V- pot-making> �koc-�
<Row PDr d1663 *koṭ-ay umbrella> �koṭ-ay
<Row PDr d1649 *koṭ-Vkku west> �koṭ-�kku
<Row PDr d2063 *koṭṭ- to beat> �koṭṭ
<Row PDr d2063 *koṭ- to beat> �koṭ
<Row PDr d2069 *koṭṭay stone of fruit> �koṭṭay
<Row PDr d1851 *koṯ-a to become short> �koṯ-a
<Row PDr d1849 *koṯ-aṇṭ-/-añc- henna, <i>Barleria</i> sp.> �koṯ-aṇṭ-�-añc
<Row PDr d2168 *koṯ-ay to pierce> �koṯ-ay
<Row PDr d2165 *koṯ-i sheep> �koṯ-i
<Row PDr d2160 *koṯ-u chicken> �koṯ-u
<Row PDr d2165 *koṯ-V a kind of millet> �koṯ-�
<Row PDr d2119 *koy- to cut, harvest crop> �koy
<Row PDr d2125 *kor-Vnk- a stork, crane> �kor-�nk
<Row PDr d2125 *kor-nkk- a stork, crane> �kor-nkk
<Row PDr d1769 *kor-V-nkk- monkey> �kor-�-nkk
<Row PDr d1769 *kor-V-ntt- monkey> �kor-�-ntt
<Row PDr d2133 *kol smithy> �kol
<Row PDr d2132 *kol- to kill> �kol
<Row PDr d2151 *koḷ- to receive, buy; reflexive marker> �koḷ
<Row PDr d2151 *koṇ- to receive, buy; reflexive marker> �koṇ
<Row PDr d2149 *koẓ-utt-V new> �koẓ-utt-�
<Row PDr d2177 *kō king> �kō
<Row PDr d2177 *kō-n-ṯu king> �kō-n-ṯu
<Row PDr d2200 *kōṭ-u horn> �kōṭ-u
<Row PDr d2200 *kōṯ- > �kōṯ
<Row PDr d2207 *kōṭṭ-ay fort> �kōṭṭ-ay
<Row PDr d2203 *kōṭ-ay west wind, monsoon> �kōṭ-ay
<Row PDr d2177 *kōn-yātu temple tank, open well> �kōn-yātu
<Row PDr d2177 *kōy-il palace, temple> �kōy-il
<Row PDr d2237 *kōl stick, plough shaft> �kōl
<Row PDr d2149 *kōẓ- new, young, tender> �kōẓ
<Row PDr d2149 *koẓ-V new, young, tender> �koẓ-�
<Row PDr d2149 *kōẓ- son, young one> �kōẓ
<Row PDr d2149 *koẓ-V son, young one> �koẓ-�
<Row PDr d2248 *kōẓi chicken> �kōẓi
<Row PDr d2402 *caṭa-ppī cowdung (lit. bullock's excrement)> �caṭa-ppī
<Row PDr d4210 *caṭa-ppī cowdung (lit. bullock's excrement)> �caṭa-ppī
<Row PDr d1659 *caṭVcaṭV cracking sound> �caṭ�caṭ�
<Row PDr d2306 *caṭṭi small pot> �caṭṭi
<Row PDr d2485 *caṯ-V six> �caṯ-�
<Row PDr d2485 *cāṯ-u six> �cāṯ-u
<Row PDr d2327 *cat-V- to read> �cat-�
<Row PDr d2342 *cam-V- to be made, to form> �cam-�
<Row PDr d2826 *cay-m- five> �cay-m
<Row PDr d2826 *cay-m-tu five> �cay-m-tu
<Row PDr d2359 *car-ac- snake> �car-ac
<Row PDr d2781 *cal- to go, pass, occur> �cal
<Row PDr d2781 *can- to go, pass, occur> �can
<Row PDr d2781 *can-ṯ- to go, pass, occur> �can-ṯ
<Row PDr d2781 *can-ṯṯ- to go, pass, occur> �can-ṯṯ
<Row PDr d3045 *caḷ- cool, cold> �caḷ
<Row PDr d3045 *caṇ- cool, cold> �caṇ
<Row PDr d2411 *caḷ-V- buttermilk> �caḷ-�
<Row PDr d2426 *caH- to die> �ca�
<Row PDr d2426 *ceH- to die> �ce�
<Row PDr d2426 *caH- to die> �ca�
<Row PDr d2426 *cā- to die> �cā
<Row PDr d2426 *cay- to die> �cay
<Row PDr d2426 *cāy- to die> �cāy
<Row PDr d2426 *keH- to die> �ke�
<Row PDr d2426 *key- to die> �key
<Row PDr d2484 *cār- to go reach> �cār
<Row PDr d2484 *cēr- to go reach> �cēr
<Row PDr d2471 *cāl ploughed furrow> �cāl
<Row PDr d2410 *cāl-iy-anṯu nephew/son-in-law> �cāl-iy-anṯu
<Row PDr d2410 *cāl-Vy-anṯu weaver> �cāl-�y-anṯu
<Row PDr d429 *cinki ginger> �cinki
<Row PDr d429 *cinki-vēr ginger> �cinki-vēr
<Row PDr d2529 *cin-tta tamarind> �cin-tta
<Row PDr d2598 *ciy- to give> �ciy
<Row PDr d2598 *cī- to give> �cī
<Row PDr d2552 *cir- black> �cir
<Row PDr d2552 *cir-a- darkness> �cir-a
<Row PDr d2552 *cir-V-ḷ darkness> �cir-�-ḷ
<Row PDr d2552 *cir-V-nk- darkness> �cir-�-nk
<Row PDr d486 *cir-umpu black metal, iron> �cir-umpu
<Row PDr d2553 *cir day> �cir
<Row PDr d2584 *cir-V-tt- the low area> �cir-�-tt
<Row PDr d2559 *cil- to be not> �cil
<Row PDr d2607 *cīk-kāy soapnut> �cīk-kāy
<Row PDr d2604 *cīn-kk- darkness> �cīn-kk
<Row PDr d2617 *cīn-t-V- date palm> �cīn-t-�
<Row PDr d2617 *cīn-tt-V- date palm> �cīn-tt-�
<Row PDr d2599 *cī-p sweeping broom> �cī-p
<Row PDr d2599 *cay-pp- sweeping broom> �cay-pp
<Row PDr d2625 *cīr-ppī nits, (lit. lice eggs)> �cīr-ppī
<Row PDr d2646 *cukk-V star> �cukk-�
<Row PDr d2674 *cup salt> �cup
<Row PDr d2674 *cov-ar salt> �cov-ar
<Row PDr d2674 *up salt> �up
<Row PDr d2674 *ov-ar salt> �ov-ar
<Row PDr d2677 *cum-V- to carry on head, (n.) head-pad> �cum-�
<Row PDr d2697 *cuv- pipal tree> �cuv
<Row PDr d2654 *cūṭ- be hot> �cūṭ
<Row PDr d2654 *cuṭ-V- be hot> �cuṭ-�
<Row PDr d2654 *cuṯ- be hot> �cuṯ
<Row PDr d2684 *cūr- to curl up> �cūr
<Row PDr d2684 *cur-V- to curl up> �cur-�
<Row PDr d2735 *cū-ẓ to see, deliberate> �cū-ẓ
<Row PDr d2591 *ceṯ-ank- wing> �ceṯ-ank
<Row PDr d2591 *ceṯ-ankk- wing> �ceṯ-ankk
<Row PDr d2795 *ceṯ-Vkk- sugar-cane> �ceṯ-�kk
<Row PDr d2776 *cey-t- porcupine> �cey-t
<Row PDr d2776 *coy-t- porcupine> �coy-t
<Row PDr d2599 *cer- to insert> �cer
<Row PDr d2815 *cēr plough yoked to oxen> �cēr
<Row PDr d2783 *cēl-āḷ younger sister> �cēl-āḷ
<Row PDr d2835 *coṭ- to drip> �coṭ
<Row PDr d2838 *coṭṭ-V lame> �coṭṭ-�
<Row PDr d2710 *coṯ-ac- shark> �coṯ-ac
<Row PDr d2855 *col- to speak, relate> �col
<Row PDr d2857 *col- fireplace> �col
<Row PDr d2857 *col-ay fireplace> �col-ay
<Row PDr d2861 *cōṭ- to run> �cōṭ
<Row PDr d2861 *cōṭ-am boat> �cōṭ-am
<Row PDr d2901 *ñaṇṭ- crab> �ñaṇṭ
<Row PDr d2902 *ñam-V-l peacock/peahen> �ñam-�-l
<Row PDr d2907 *ñam-kōl plough, our stick> �ñam-kōl
<Row PDr d2903 *ñar-ampu tendon> �ñar-ampu
<Row PDr d2910 *ñāc-Vṯu son> �ñāc-�ṯu
<Row PDr d2908 *ñāṇ string, cord> �ñāṇ
<Row PDr d2908 *ñēṇ string, cord> �ñēṇ
<Row PDr d2919 *ñāṯu seedlings for transplantation> �ñāṯu
<Row PDr d2918 *ñāṯu to emit smell> �ñāṯu
<Row PDr d2917 *ñānṯ-V- <i>Eugenia jambolana</i>> �ñānṯ-�
<Row PDr d2920 *ñān-ṯu day> �ñān-ṯu
<Row PDr d2920 *ñēn-ṯu day> �ñēn-ṯu
<Row PDr d3000 *takar ram> �takar
<Row PDr d3028 *taṭṭ- measles> �taṭṭ
<Row PDr d3028 *taṭ-V- measles> �taṭ-�
<Row PDr d3045 *taṇ cool, cold> �taṇ
<Row PDr d3049 *taṇṭ-al boatman> �taṇṭ-al
<Row PDr d3067 *tan-tay father> �tan-tay
<Row PDr d3067 *tan-ṯi father> �tan-ṯi
<Row PDr d3069 *tapa-tapa onom. walking fast> �tapa-tapa
<Row PDr d3069 *daba-daba onom. walking fast> �daba-daba
<Row PDr d3015 *tam-kay younger sister> �tam-kay
<Row PDr d3485 *tamp-V- younger brother> �tamp-�
<Row PDr d3098 *taH-r- to give to 1st or 2nd person> �ta�-r
<Row PDr d3098 *taH- to give to 1st or 2nd person> �ta�
<Row PDr d3095 *tar-V- to churn buttermilk> �tar-�
<Row PDr d3103 *tal-ay head, hair, top> �tal-ay
<Row PDr d3136 *taḷḷ-ay mother> �taḷḷ-ay
<Row PDr d3136 *taḷḷ-i mother> �taḷḷ-i
<Row PDr d3120 *taẓ-Vnk- liver> �taẓ-�nk
<Row PDr d3120 *taẓ-nkk liver> �taẓ-nkk
<Row PDr d3158 *tā-ṇṭu to dance, jump> �tā-ṇṭu
<Row PDr d3160 *tātt-a grand father> �tātt-a
<Row PDr d3196 *tān self; (SD I) emphatic particle> �tān
<Row PDr d3196 *tan- self; (SD I) emphatic particle> �tan
<Row PDr d3162 *tām selves> �tām
<Row PDr d3162 *tam- selves> �tam
<Row PDr d3198 *tānṯi <i>Belleric myrobalan</i>> �tānṯi
<Row PDr d3175 *tāli wedding string with a gold piece> �tāli
<Row PDr d380 *tāẓ palmyra tree> �tāẓ
<Row PDr d3178 *tāẓ-vaṭam a string of beads/pearls> �tāẓ-vaṭam
<Row PDr d3259 *tiṯ-V- to open> �tiṯ-�
<Row PDr d3213 *tink-aḷ moon> �tink-aḷ
<Row PDr d3268 *tiy-am honey> �tiy-am
<Row PDr d3251 *tirV- be changed> �tir�
<Row PDr d3244 *tir-ay to roll> �tir-ay
<Row PDr d3246 *tir-a-nku be curled up> �tir-a-nku
<Row PDr d3246 *tir-a-nkku to shrivel up> �tir-a-nkku
<Row PDr d3246 *tir-i (-v-, -nt-) to turn> �tir-i �-v-� -nt-�
<Row PDr d3246 *tir-i (-pp-, -ntt-) to turn> �tir-i �-pp-� -ntt-�
<Row PDr d3246 *tir-u-ku to twist> �tir-u-ku
<Row PDr d3246 *tir-u-mpu to twist> �tir-u-mpu
<Row PDr d3246 *tir-u-kku to twist> �tir-u-kku
<Row PDr d3246 *tir-u-mppu to twist> �tir-u-mppu
<Row PDr d3251 *tir-u-ntu to be corrected> �tir-u-ntu
<Row PDr d3251 *tir-u-nttu to correct> �tir-u-nttu
<Row PDr d2882 *tirV-kal a hand-mill> �tir�-kal
<Row PDr d3263 *tiHn- to eat> �ti�n
<Row PDr d3263 *tī-nṯṯ- to feed> �tī-nṯṯ
<Row PDr d3291 *tuñc- to sleep> �tuñc
<Row PDr d3357 *tul-acV sacred basil> �tul-ac�
<Row PDr d3398 *tuv-Vṯ- to drizzle> �tuv-�ṯ
<Row PDr d3284 *tuv-Vr coral> �tuv-�r
<Row PDr d3376 *tū-nk- to swing> �tū-nk
<Row PDr d3376 *tū-nkk- to swing> �tū-nkk
<Row PDr d3459 *tēr chariot> �tēr
<Row PDr d3419 *tēr to become clear, to know> �tēr
<Row PDr d3419 *ter-V- to become clear, to know> �ter-�
<Row PDr d3449 *ten south> �ten
<Row PDr d3449 *teṯ-kku south> �teṯ-kku
<Row PDr d3449 *ten-kāy coconut (southern fruit)> �ten-kāy
<Row PDr d1459 *ten-kāy coconut (southern fruit)> �ten-kāy
<Row PDr d3414 *tepp-V- float> �tepp-�
<Row PDr d3433 *teḷ-V- white, clear> �teḷ-�
<Row PDr d3471 *tēṯṯ- to recover> �tēṯṯ
<Row PDr d3451 *tē- be full, satiated> �tē
<Row PDr d3268 *tē- sweet> �tē
<Row PDr d3268 *tēn-ī honey-bee (lit. honey-fly)> �tēn-ī
<Row PDr d3452 *tēn-kk- teak> �tēn-kk
<Row PDr d3470 *tēḷ scorpion> �tēḷ
<Row PDr d3559 *tokk- skin> �tokk
<Row PDr d3559 *tok-al skin> �tok-al
<Row PDr d3559 *tō-l skin> �tō-l
<Row PDr d3480 *toṭ-V- to hold> �toṭ-�
<Row PDr d3501 *toṇṭ-V- chameleon> �toṇṭ-�
<Row PDr d3534 *toṯ-V cattle, cow> �toṯ-�
<Row PDr d3515 *tor-Vmp- lungs> �tor-�mp
<Row PDr d3532 *toḷ- nine, 9/10> �toḷ
<Row PDr d3532 *toṇ- nine, 9/10> �toṇ
<Row PDr d3523 *toẓ-V- slavery> �toẓ-�
<Row PDr d3526 *toẓ-V cattle stall> �toẓ-�
<Row PDr d3542 *tōc-ay a cereal pancake> �tōc-ay
<Row PDr d3549 *tōṇ-ṭṭ-am garden> �tōṇ-ṭṭ-am
<Row PDr d3566 *tōn-ṯu to appear, strike to mind> �tōn-ṯu
<Row PDr d3548 *tōẓ- wolf> �tōẓ
<Row PDr d3548 *tōẓ-nt- wolf> �tōẓ-nt
<Row PDr d4353 *nakk- to lick> �nakk
<Row PDr d3582 *naṭ-a to walk> �naṭ-a
<Row PDr d3610 *nan-key good (wet) land> �nan-key
<Row PDr d3602 *na-mpu to long for> �na-mpu
<Row PDr d3606 *nari-(kkV) jackal> �nari-�kk��
<Row PDr d3610 *nal good> �nal
<Row PDr d3650 *naH-ay dog> �na�-ay
<Row PDr d3650 *naH-att dog> �na�-att
<Row PDr d3650 *naH-kuẓi dog> �na�-kuẓi
<Row PDr d3638 *nāṭu country, place> �nāṭu
<Row PDr d3638 *nāṯu country, place> �nāṯu
<Row PDr d3648 *nām- be emaciated> �nām
<Row PDr d3648 *nam-V- be emaciated> �nam-�
<Row PDr d3633 *nā-l > �nā-l
<Row PDr d3633 *nā-l-nk > �nā-l-nk
<Row PDr d3633 *nā-l-nkk > �nā-l-nkk
<Row PDr d3655 *nāl four> �nāl
<Row PDr d3655 *nal-V- four> �nal-�
<Row PDr d3655 *nāl-nkV- four> �nāl-nk�
<Row PDr d3655 *nāl-nkkV- four> �nāl-nkk�
<Row PDr d3656 *nāḷ day> �nāḷ
<Row PDr d3656 *nāṇ-ṭ- day> �nāṇ-ṭ
<Row PDr d3621 *nāḷ night> �nāḷ
<Row PDr d3621 *naḷ-V- night> �naḷ-�
<Row PDr d3758 *niṯ(V)-nay yesterday, completed day> �niṯ���-nay
<Row PDr d3758 *niṯ(V)-nal yesterday, completed day> �niṯ���-nal
<Row PDr d3758 *niṯ(V)-nāḷ yesterday, completed day> �niṯ���-nāḷ
<Row PDr d3682 *niṯ- to be full> �niṯ
<Row PDr d3682 *nin-ṯ- to be full> �nin-ṯ
<Row PDr d3675 *nil- to stand> �nil
<Row PDr d3675 *niṯ- to stand> �niṯ
<Row PDr d3675 *niṯṯ- to stand> �niṯṯ
<Row PDr d3692 *nī- be elongated> �nī
<Row PDr d3685 *nī- to abandon> �nī
<Row PDr d3688 *nī-n thou> �nī-n
<Row PDr d3688 *nin- thou> �nin
<Row PDr d3688 *nīm you> �nīm
<Row PDr d3688 *nim- you> �nim
<Row PDr d3690 *nīr water> �nīr
<Row PDr d3715 *nuẓ-Vḷ mosquito> �nuẓ-�ḷ
<Row PDr d3715 *nuẓ-nk- mosquito> �nuẓ-nk
<Row PDr d3729 *nūṯ- hundred> �nūṯ
<Row PDr d3706 *nūy well> �nūy
<Row PDr d3728 *nūl thread> �nūl
<Row PDr d3720 *nū sesame> �nū
<Row PDr d3720 *nūv sesame> �nūv
<Row PDr d3714 *nūẓ to squeeze through> �nūẓ
<Row PDr d3714 *nuẓ-V- to squeeze through> �nuẓ-�
<Row PDr d3732 *nek-Vḷ alligator> �nek-�ḷ
<Row PDr d3745 *nec- to weave> �nec
<Row PDr d3745 *ney- to weave> �ney
<Row PDr d3736 *neñ-cV mind, heart, pith> �neñ-c�
<Row PDr d3683 *nen-ay to think> �nen-ay
<Row PDr d3746 *ney oil> �ney
<Row PDr d3743 *nel a paddy variety> �nel
<Row PDr d3754 *nel-a-nc moon> �nel-a-nc
<Row PDr d3754 *nel-a-ncc moon> �nel-a-ncc
<Row PDr d3754 *nel-V- month> �nel-�
<Row PDr d3755 *nell- myrobalan tree, <i>Phyllanthus emblica</i>> �nell
<Row PDr d3755 *nel-V- myrobalan tree, <i>Phyllanthus emblica</i>> �nel-�
<Row PDr d3774 *nēram time, sun> �nēram
<Row PDr d3783 *noṭ- to wash> �noṭ
<Row PDr d3783 *noṯ- to wash> �noṯ
<Row PDr d3784 *noṭ-V- to say> �noṭ-�
<Row PDr d3800 *nōn-pu a religious vow> �nōn-pu
<Row PDr d3793 *nōy- to pain> �nōy
<Row PDr d3805 *pak-al daylight> �pak-al
<Row PDr d3939 *pac-V- calf> �pac-�
<Row PDr d3812 *pacc- yellow/green> �pacc
<Row PDr d3812 *pac- yellow/green> �pac
<Row PDr d3812 *pac-Vṇṭ- yellow metal/gold> �pac-�ṇṭ
<Row PDr d3821 *pac-Vṯ- green gram> �pac-�ṯ
<Row PDr d3821 *pac-Vl green gram> �pac-�l
<Row PDr d3838 *paṭ-Vku small boat> �paṭ-�ku
<Row PDr d3881 *paḍḍ-V a female buffalo> �paḍḍ-�
<Row PDr d3884 *paṇ-V- work> �paṇ-�
<Row PDr d3891 *pan agriculture land> �pan
<Row PDr d4035 *pan-i- dew> �pan-i
<Row PDr d4035 *pan-i-kil dew> �pan-i-kil
<Row PDr d4039 *pan-ṯi pig> �pan-ṯi
<Row PDr d4035 *pan-nīr cool water> �pan-nīr
<Row PDr d4037 *pan-V- palm tree> �pan-�
<Row PDr d3808 *pay- to break> �pay
<Row PDr d3949 *par-a to spread> �par-a
<Row PDr d3976 *par-utti cotton> �par-utti
<Row PDr d3955 *par-Vṇṭu bullfrog> �par-�ṇṭu
<Row PDr d3977 *par-Vntu vulture> �par-�ntu
<Row PDr d3986 *pal tooth> �pal
<Row PDr d3988 *pal-acV jack fruit tree> �pal-ac�
<Row PDr d3988 *pan-acV jack fruit tree> �pan-ac�
<Row PDr d3994 *pall-i a lizard> �pall-i
<Row PDr d3987 *pal-V many> �pal-�
<Row PDr d3998 *pav-aẓ coral> �pav-aẓ
<Row PDr d4018 *paḷḷi hamlet> �paḷḷi
<Row PDr d3999 *paẓ-a old, used (referring mainly to objects)> �paẓ-a
<Row PDr d4004 *paẓ-V- to ripen> �paẓ-�
<Row PDr d3918 *paH- ten> �pa�
<Row PDr d3918 *paH-tu ten> �pa�-tu
<Row PDr d4066 *pāṭṭ-ān grand father> �pāṭṭ-ān
<Row PDr d4065 *pāṭ-V to sing> �pāṭ-�
<Row PDr d4065 *pāṯ- to sing> �pāṯ
<Row PDr d3887 *pāṇ- ask, commission> �pāṇ
<Row PDr d3887 *paṇ-V- ask, commission> �paṇ-�
<Row PDr d4020 *pāṯ- to run> �pāṯ
<Row PDr d4020 *paṯ-V- to run> �paṯ-�
<Row PDr d4048 *pānkk- betel nut> �pānkk
<Row PDr d4085 *pāmpu snake> �pāmpu
<Row PDr d4087 *pāy to leap> �pāy
<Row PDr d4091 *pār to see, perceive, know> �pār
<Row PDr d4093 *pār-ay crowbar> �pār-ay
<Row PDr d4096 *pāl milk, breast> �pāl
<Row PDr d4135 *pic-V- to squeeze> �pic-�
<Row PDr d4135 *piẓ-V- to squeeze> �piẓ-�
<Row PDr d4142 *picc- insanity> �picc
<Row PDr d4142 *pic-V- insanity> �pic-�
<Row PDr d4148 *piṭ-i (v.t.) to grasp; (n.) handle> �piṭ-i
<Row PDr d4183 *piṇṭ- to squeeze> �piṇṭ
<Row PDr d4199 *piṯ-u rain> �piṯ-u
<Row PDr d4205 *pin- back, end in place or time, afterwards> �pin
<Row PDr d4205 *piṯ- back, end in place or time, afterwards> �piṯ
<Row PDr d4410 *pin-cc-Vr name> �pin-cc-�r
<Row PDr d4410 *pec-ar name> �pec-ar
<Row PDr d4210 *piy excrement> �piy
<Row PDr d4210 *pī excrement> �pī
<Row PDr d4180 *pill-V cat> �pill-�
<Row PDr d4183 *piẓi- to squeeze> �piẓi
<Row PDr d4193 *piẓ-ul intestines> �piẓ-ul
<Row PDr d4190 *piẓ-Vcc- sparrow> �piẓ-�cc
<Row PDr d4167 *pī-t- to fart> �pī-t
<Row PDr d4167 *pi-tt- to fart> �pi-tt
<Row PDr d4225 *pīr thatched grass> �pīr
<Row PDr d4348 *puc <i>Schleichera trijuga</i>> �puc
<Row PDr d4348 *puy <i>Schleichera trijuga</i>> �puy
<Row PDr d4275 *puc-V new> �puc-�
<Row PDr d4275 *put-V- new> �put-�
<Row PDr d4262 *puṭṭi a measure of c. 500 lbs.> �puṭṭi
<Row PDr d4334 *puṯ-ac- dove, pigeon> �puṯ-ac
<Row PDr d4332 *puṯ-V gourd shell, skull> �puṯ-�
<Row PDr d4337 *pun-key bad (dry) land> �pun-key
<Row PDr d4335 *pun-ṯṯ white-anthill> �pun-ṯṯ
<Row PDr d4335 *punttV white-anthill> �puntt�
<Row PDr d4243 *pun-nay mastwood> �pun-nay
<Row PDr d4345 *puy (n.) flower; (v.i.) to blossom> �puy
<Row PDr d4345 *pū (n.) flower; (v.i.) to blossom> �pū
<Row PDr d4348 *pū (n.) flower; (v.i.) to blossom> �pū
<Row PDr d4290 *pur-uṭu birth pollution> �pur-uṭu
<Row PDr d4300 *pul grass> �pul
<Row PDr d4307 *pul-i tiger> �pul-i
<Row PDr d4547 *pul-V- pollution> �pul-�
<Row PDr d4322 *puḷ- sour> �puḷ
<Row PDr d4312 *puẓ-u insect> �puẓ-u
<Row PDr d4361 *pūṇ to put on, wear, be yoked> �pūṇ
<Row PDr d4361 *pūṇ-ṭṭ to cause to put on, yoke> �pūṇ-ṭṭ
<Row PDr d4146 *peṭ-a nape of neck> �peṭ-a
<Row PDr d4388 *peṭṭi box> �peṭṭi
<Row PDr d4395 *peṇ woman> �peṇ
<Row PDr d4395 *peṇ-ṭṭ-i female of an animal/bird> �peṇ-ṭṭ-i
<Row PDr d4395 *peṇ-li marriage> �peṇ-li
<Row PDr d4395 *peṇ-ḍli marriage> �peṇ-ḍli
<Row PDr d4385 *peṇ-kk- tile> �peṇ-kk
<Row PDr d4411 *per-V- to grow big> �per-�
<Row PDr d4418 *peẓ-an bone, stone of fruit> �peẓ-an
<Row PDr d4430 *pēc- to talk, prattle> �pēc
<Row PDr d4430 *pēẓ- to talk, prattle> �pēẓ
<Row PDr d4438 *pēṇ devil, god> �pēṇ
<Row PDr d4438 *pēy devil, god> �pēy
<Row PDr d4441 *pēṇṭ-V cattle dung> �pēṇṭ-�
<Row PDr d4421 *pēṯ- to curdle> �pēṯ
<Row PDr d4421 *peṯ-V to curdle> �peṯ-�
<Row PDr d4421 *peṯ-uku curd> �peṯ-uku
<Row PDr d4449 *pēn louse> �pēn
<Row PDr d4411 *pēr big> �pēr
<Row PDr d4411 *per-V big> �per-�
<Row PDr d4452 *po- to perforate> �po
<Row PDr d4348 *po-k- to make a hole> �po-k
<Row PDr d4348 *po-t- to make a hole> �po-t
<Row PDr d4240 *pok-ay smoke> �pok-ay
<Row PDr d4460 *pok-kuẓ-V- navel> �pok-kuẓ-�
<Row PDr d4454 *pok-Vḷ- imperial pigeon> �pok-�ḷ
<Row PDr d4235 *pok-Vẓ to praise> �pok-�ẓ
<Row PDr d4531 *poc- to lie> �poc
<Row PDr d4531 *poy- to lie> �poy
<Row PDr d4531 *poy-nkk- to lie> �poy-nkk
<Row PDr d4531 *poy-nkk-am falsehood> �poy-nkk-am
<Row PDr d4494 *poṭṭ- belly, stomach, pregnancy, intestines> �poṭṭ
<Row PDr d4494 *poṭ-V- belly, stomach, pregnancy, intestines> �poṭ-�
<Row PDr d4569 *poṯ-Vl lungs> �poṯ-�l
<Row PDr d4469 *po-nku to boil> �po-nku
<Row PDr d4536 *por-a- to sell> �por-a
<Row PDr d4536 *prō- to sell> �prō
<Row PDr d4295 *por-ay cataract of eye> �por-ay
<Row PDr d4303 *pol-am field> �pol-am
<Row PDr d4570 *pon gold> �pon
<Row PDr d4572 *pō- to go> �pō
<Row PDr d4572 *pō-k- to go> �pō-k
<Row PDr d4572 *pō-kk- to send> �pō-kk
<Row PDr d4586 *pō-ntt- male of an animal/bird> �pō-ntt
<Row PDr d4540 *pōr fight> �pōr
<Row PDr d4540 *pōr- to fight> �pōr
<Row PDr d4540 *por-V- to fight> �por-�
<Row PDr d4559 *pōẓ sun> �pōẓ
<Row PDr d4559 *poẓ-u-tu sun> �poẓ-u-tu
<Row PDr d4616 *mak-anṯu son, male> �mak-anṯu
<Row PDr d4616 *mak-aḷ daughter> �mak-aḷ
<Row PDr d4627 *mac-V- to delay, be dull> �mac-�
<Row PDr d4627 *maẓ-V- to delay, be dull> �maẓ-�
<Row PDr d4764 *maṯ-i male child, the young of an animal> �maṯ-i
<Row PDr d4764 *maṯ-inṯu male child, the young of an animal> �maṯ-inṯu
<Row PDr d4654 *maṭi-vēl- washerman> �maṭi-vēl
<Row PDr d4760 *maṯ-V- be hidden, to forget> �maṯ-�
<Row PDr d4688 *maṯ-Vku covered drain> �maṯ-�ku
<Row PDr d4772 *mat-kāy mango> �mat-kāy
<Row PDr d4694 *mat-al marriage> �mat-al
<Row PDr d4694 *mat-uv-ay marriage> �mat-uv-ay
<Row PDr d4778 *man- to be, to live, stay; also copular verb> �man
<Row PDr d4776 *man-ay house> �man-ay
<Row PDr d4706 *maya-nk- to be confused> �maya-nk
<Row PDr d4706 *maya-nkk- to confuse> �maya-nkk
<Row PDr d4706 *maya-nkk-am confusion> �maya-nkk-am
<Row PDr d4641 *may-nt- fog, dew, mist> �may-nt
<Row PDr d4641 *may-ntt- fog, dew, mist> �may-ntt
<Row PDr d5099 *may-- body> �may
<Row PDr d5099 *may-mt- body> �may-mt
<Row PDr d5099 *mē-nd- body> �mē-nd
<Row PDr d4642 *may-Vr peacock> �may-�r
<Row PDr d4711 *mar-am tree> �mar-am
<Row PDr d4711 *mar-an tree> �mar-an
<Row PDr d4719 *mar-untu medicine> �mar-untu
<Row PDr d4718 *mar-Vt- <i>Terminalia tomentosa</i>> �mar-�t
<Row PDr d4753 *maẓ-ay rain> �maẓ-ay
<Row PDr d4749 *maẓ-V- axe> �maẓ-�
<Row PDr d4749 *mat-V axe> �mat-�
<Row PDr d4756 *maẓc-a- husband> �maẓc-a
<Row PDr d4780 *mā animal, beast, deer> �mā
<Row PDr d4796 *māṭ-V terraced house> �māṭ-�
<Row PDr d4796 *mēṭ-ay terraced house> �mēṭ-ay
<Row PDr d4834 *māṯ- to be changed, altered> �māṯ
<Row PDr d4834 *māṯṯ- to change, alter> �māṯṯ
<Row PDr d4782 *mā-m mango tree> �mā-m
<Row PDr d4813 *māma paternal (father's sister's husband)/maternal uncle> �māma
<Row PDr d4791 *māy-tt- man, husband> �māy-tt
<Row PDr d4791 *mā-cc- man, husband> �mā-cc
<Row PDr d4841 *mic-al above, high> �mic-al
<Row PDr d4841 *miy-al above, high> �miy-al
<Row PDr d5032 *mit-Vẓ brain, the physical part> �mit-�ẓ
<Row PDr d4867 *miḷ-Vku black pepper> �miḷ-�ku
<Row PDr d4876 *miHn star> �mi�n
<Row PDr d4876 *min- to shine, twinkle> �min
<Row PDr d4885 *mīn fish> �mīn
<Row PDr d4968 *muc-Vl hare> �muc-�l
<Row PDr d4915 *mucc- to cover> �mucc
<Row PDr d4915 *muc-V- to cover> �muc-�
<Row PDr d4959 *muttV pearl> �mutt�
<Row PDr d4954 *mutt- old, ancient> �mutt
<Row PDr d4954 *mut-V old, ancient> �mut-�
<Row PDr d4954 *mut-tāta great grand father> �mut-tāta
<Row PDr d5020 *mun prior, before, front> �mun
<Row PDr d5021 *mun-ay war-front> �mun-ay
<Row PDr d5020 *mun-nay day before yesterday> �mun-nay
<Row PDr d5020 *mun-nāḷ day before yesterday> �mun-nāḷ
<Row PDr d4892 *muy-il cloud> �muy-il
<Row PDr d4910 *muy-cc- baboon> �muy-cc
<Row PDr d4985 *mul-ay breast, teat> �mul-ay
<Row PDr d4993 *muẓ-u-nk to sink> �muẓ-u-nk
<Row PDr d4993 *muẓ-u-nkk to drown> �muẓ-u-nkk
<Row PDr d5052 *muH- three> �mu�
<Row PDr d5052 *mū- three> �mū
<Row PDr d5052 *mū-nṯu three> �mū-nṯu
<Row PDr d5037 *mūṭṭ-ay bundle> �mūṭṭ-ay
<Row PDr d5024 *mū-nku nose> �mū-nku
<Row PDr d5024 *mū-nkku nose> �mū-nkku
<Row PDr d5024 *mū-nc- nose> �mū-nc
<Row PDr d4900 *mūnk-ūc mongoose> �mūnk-ūc
<Row PDr d5051 *mūḷ-V- bone marrow> �mūḷ-�
<Row PDr d5072 *mentt-i fenugreek> �mentt-i
<Row PDr d5078 *mel-k- to become soft> �mel-k
<Row PDr d5082 *meẓ-V- to plaster> �meẓ-�
<Row PDr d5086 *mē- above, high> �mē
<Row PDr d5086 *mē-l above, high> �mē-l
<Row PDr d5087 *mē-nkkV goat> �mē-nkk�
<Row PDr d5093 *mēy to graze> �mēy
<Row PDr d5086 *mēl the high place, west> �mēl
<Row PDr d5086 *mēṯ-kk- the high place, west> �mēṯ-kk
<Row PDr d5097 *mēẓi plough handle> �mēẓi
<Row PDr d4902 *moc-Vr buttermilk> �moc-�r
<Row PDr d4968 *moy-al hare> �moy-al
<Row PDr d4990 *moẓ-V- joint> �moẓ-�
<Row PDr d4990 *moẓ-am kāl knee/elbow joint> �moẓ-am kāl
<Row PDr d1479 *moẓ-am kāl knee/elbow joint> �moẓ-am kāl
<Row PDr d4990 *moẓ-am-kay knee/elbow joint> �moẓ-am-kay
<Row PDr d2023 *moẓ-am-kay knee/elbow joint> �moẓ-am-kay
<Row PDr d4989 *moẓ-V- to speak> �moẓ-�
<Row PDr d4952 *mōc-/moc-V-ḷ crocodile> �mōc-�moc-�-ḷ
<Row PDr d5151 *yAH which (interrogative root)> �y��
<Row PDr d5151 *yĀH which (interrogative root)> �y��
<Row PDr d5151 *yĀ which (interrogative root)> �y�
<Row PDr d5152 *yĀṭu goat, sheep> �y�ṭu
<Row PDr d5153 *yĀṇṭ-u year> �y�ṇṭ-u
<Row PDr d5159 *yĀṯu river, stream> �y�ṯu
<Row PDr d5160 *yĀn I (1sg)> �y�n
<Row PDr d5160 *yAn- I (1sg)> �y�n
<Row PDr d5154 *yĀm we (1pl.excl)> �y�m
<Row PDr d5154 *yAm- we (1pl.excl)> �y�m
<Row PDr d5161 *yĀn-ay elephant> �y�n-ay
<Row PDr d5155 *yĀm-ay tortoise> �y�m-ay
<Row PDr d5155 *cām-p- tortoise> �cām-p
<Row PDr d5155 *yĀmp tortoise> �y�mp
<Row PDr d5151 *yĀ-v-anṯ- who, what> �y�-v-anṯ
<Row PDr d5151 *yĀ-v-aṯ who, what> �y�-v-aṯ
<Row PDr d5157 *yĀḷ to rule> �y�ḷ
<Row PDr d5205 *vak-ay to deliberate> �vak-ay
<Row PDr d5259 *vac-Vṯ stomach, foetus> �vac-�ṯ
<Row PDr d5259 *vac-V- stomach, foetus> �vac-�
<Row PDr d5259 *vac-V-kk stomach, foetus> �vac-�-kk
<Row PDr d5259 *vas-Vr- stomach, foetus> �vas-�r
<Row PDr d5259 *vas-nc- stomach, foetus> �vas-nc
<Row PDr d5218 *vaṭ-a-kku north> �vaṭ-a-kku
<Row PDr d5320 *vaṯ- to dry up> �vaṯ
<Row PDr d5320 *vaṯṯ- to dry up> �vaṯṯ
<Row PDr d5320 *vaṯ-V- to dry up> �vaṯ-�
<Row PDr d5325 *vaṯ-V- cook, fry> �vaṯ-�
<Row PDr d5265 *var-iñci rice> �var-iñci
<Row PDr d5263 *var-V- scratch, draw lines> �var-�
<Row PDr d5276 *val strong> �val
<Row PDr d5276 *val-a kay right hand> �val-a kay
<Row PDr d5312 *vaḷi wind> �vaḷi
<Row PDr d5301 *vaẓ-V-t brinjal> �vaẓ-�-t
<Row PDr d5270 *vaH- to come> �va�
<Row PDr d5270 *vaH-r to come> �va�-r
<Row PDr d5381 *vān-am sky> �vān-am
<Row PDr d4124 *vān-ay a large earthen pot to store grain> �vān-ay
<Row PDr d5327 *vān to fashion, form as a pot> �vān
<Row PDr d5327 *van-V- to fashion, form as a pot> �van-�
<Row PDr d5352 *vāy mouth (edge, beak, mouth of vessel, aperture, blade of sword)> �vāy
<Row PDr d5258 *vāy- open space, paddy field> �vāy
<Row PDr d5258 *vay-V- open space, paddy field> �vay-�
<Row PDr d5399 *vāy-cc-i sword> �vāy-cc-i
<Row PDr d5376 *vāḷ sword> �vāḷ
<Row PDr d5372 *vāẓ to flourish> �vāẓ
<Row PDr d5373 *vāẓ-ay banana> �vāẓ-ay
<Row PDr d5340 *viṭ-u to leave> �viṭ-u
<Row PDr d5401 *vitt-V seed; to sow> �vitt-�
<Row PDr d5409 *vir-al finger> �vir-al
<Row PDr d5409 *vir-and finger> �vir-and
<Row PDr d5409 *vir-anj finger> �vir-anj
<Row PDr d5411 *viri-nk- to open, crack> �viri-nk
<Row PDr d5411 *viri-nkk- to open, split> �viri-nkk
<Row PDr d5409 *viriñc- finger> �viriñc
<Row PDr d5422 *vil bow> �vil
<Row PDr d5421 *vil- to sell> �vil
<Row PDr d5421 *vil-ay price> �vil-ay
<Row PDr d5393 *vīṭu abode> �vīṭu
<Row PDr d5430 *vīẓ- to fall> �vīẓ
<Row PDr d5430 *viẓ-V- to fall> �viẓ-�
<Row PDr d5383 *vekk- to hiccup; a hiccup> �vekk
<Row PDr d5383 *vek-V- to hiccup; a hiccup> �vek-�
<Row PDr d5517 *vec- roast, fry, heat> �vec
<Row PDr d5517 *vey- roast, fry, heat> �vey
<Row PDr d5496 *veṇ-ṇey butter (lit. white oil)> �veṇ-ṇey
<Row PDr d5483 *vet-V- to search; to marry (ND)> �vet-�
<Row PDr d5490 *veruku cat> �veruku
<Row PDr d5496 *veḷ white> �veḷ
<Row PDr d5496 *veṇ white> �veṇ
<Row PDr d5496 *veḷḷ-ay whiteness> �veḷḷ-ay
<Row PDr d5496 *veḷḷ-uppu whiteness> �veḷḷ-uppu
<Row PDr d5509 *veḷ-V- wood-apple> �veḷ-�
<Row PDr d5528 *vēṇṭ-V to want> �vēṇṭ-�
<Row PDr d5529 *vēnt-anṯu king> �vēnt-anṯu
<Row PDr d5531 *vē-mpu neem tree> �vē-mpu
<Row PDr d5527 *vēṇ-ṭta hunting> �vēṇ-ṭta
<Row PDr d5532 *vēy to thatch> �vēy
<Row PDr d5404 *vēy-i 1000> �vēy-i
<Row PDr d5404 *vey-am extensiveness> �vey-am
<Row PDr d5535 *vēr root> �vēr
<Row PDr d5528 *vēḷ to desire> �vēḷ
<Row PDr d320 *aṯ- / *aṯ-t- > �aṯ- � �aṯ-t
<Row PDr d688 *uẓ- / *uẓV-t- > �uẓ- � �uẓ�-t
<Row PDr d600 *uṇ / *uṇ-t- > �uṇ � �uṇ-t
<Row PDr d1372 *qaḷ- / *qaḷ-t- > �qaḷ- � �qaḷ-t
<Row PDr d2119 *qoy- / *qoy-t- > �qoy- � �qoy-t
<Row PDr d2091 *qott- / *qott-t > �qott- � �qott-t
<Row PDr d2654 *k̂uṭ- / *k̂uṭ-t- > �k̂uṭ- � �k̂uṭ-t
<Row PDr d3446 *teṯ- / *teṯ-t- > �teṯ- � �teṯ-t
<Row PDr d4423 *peṯ- / *peṯ-t- > �peṯ- � �peṯ-t
<Row PDr d4407 *poy- / *poy-t- > �poy- � �poy-t
<Row PDr d4361 *pūṇ- / *pūṇ-t- > �pūṇ- � �pūṇ-t
<Row PDr d3612 *naḷ- / *naḷ-t- > �naḷ- � �naḷ-t
<Row PDr d145 *att-/ *att-i- > �att-� �att-i
<Row PDr d329 *anVp- / *anVp-i- > �an�p- � �an�p-i
<Row PDr d871 *ēkk- / *ēkk-i- > �ēkk- � �ēkk-i
<Row PDr d954 *oṭVkk- / *oṭVkk-i- > �oṭ�kk- � �oṭ�kk-i
<Row PDr d1109 *kaṭṭ-/ *kaṭṭ-i- > �kaṭṭ-� �kaṭṭ-i
<Row PDr d1606 *kitt- / *kitt-i- > �kitt- � �kitt-i
<Row PDr d1850 *kuṯ- / *kuṯ-i- > �kuṯ- � �kuṯ-i
<Row PDr d1222 *qapp- / *qapp-i- > �qapp- � �qapp-i
<Row PDr d1303 *qalVq- / *qalVq-i- > �qal�q- � �qal�q-i
<Row PDr d1458 *qāy- / *qay-i- > �qāy- � �qay-i
<Row PDr d1954 *qett- / *qett-i- > �qett- � �qett-i
<Row PDr d2063 *qoṭṭ- / *qoṭṭ-i- > �qoṭṭ- � �qoṭṭ-i
<Row PDr d3278 *tīr- / *tīr-i- > �tīr- � �tīr-i
<Row PDr d3323 *tupp- / *tupp-i- > �tupp- � �tupp-i
<Row PDr d3336 *tum- / *tum-i- > �tum- � �tum-i
<Row PDr d3246 *terVm- / *terVm-i- > �ter�m- � �ter�m-i
<Row PDr d3589 *naṇ- / *naṇ-i- > �naṇ- � �naṇ-i
<Row PDr d3697 *nunVq- / *nunVq-i- > �nun�q- � �nun�q-i
<Row PDr d4065 *pāṭ- / *pāṭ-i- > �pāṭ- � �pāṭ-i
<Row PDr d5320 *vaṯṯ- / *vaṯṯ-i- > �vaṯṯ- � �vaṯṯ-i
<Row PDr d5383 *veqq- / *veqq-i- > �veqq- � �veqq-i
<Row PDr d4915 *mucc-/ *mucc-i- > �mucc-� �mucc-i
<Row PDr d851 *eẓ-c- > �eẓ-c
<Row PDr d2718 *cū call to dog> �cū
<Row PDr d916 *ñāl- dog> �ñāl
<Row PDr d500 *ivuḷi horse> �ivuḷi
<Row PDr d2661 *coṇṭṭ- mouse> �coṇṭṭ
<Row PDr d1664 *koṭ- bison, nilgai> �koṭ
<Row PDr d2518 *ciṭ/cir- squirrel> �ciṭ�cir
<Row PDr d2518 *ciṭ/cirk- squirrel> �ciṭ�cirk
<Row PDr d2518 *ciṭr/cir- squirrel> �ciṭr�cir
<Row PDr d2518 *ciṭr/cirk- squirrel> �ciṭr�cirk
<Row PDr d4106 *pāk- (wild) cat> �pāk
<Row PDr d4106 *pākk- (wild) cat> �pākk
<Row PDr d4106 *pāvuk- (wild) cat> �pāvuk
<Row PDr d4106 *pāvukk- (wild) cat> �pāvukk
<Row PDr d4226 *pī-lV/cV/kV peacock tail> �pī-l��c��k�
<Row PDr d4367 *pur-/pūr-i-l peacock tail> �pur-�pūr-i-l
<Row PDr d4642 *mañ-il peacock> �mañ-il
<Row PDr d4642 *maññ-il peacock> �maññ-il
<Row PDr d2816 *cer- snake> �cer
<Row PDr d4793 *māc-un- python> �māc-un
<Row PDr d4639 *maṅci-k a grain of rice; seed in gen.> �maŋci-k
<Row PDr d4679 *maṇṭ- (cooked) ?rice> �maṇṭ
<Row PDr d4683 *maṇṭ- (cooked) ?rice> �maṇṭ
<Row PDr d1936 *kec- ?paddy> �kec
<Row PDr d255 *al-ak- ?rice/paddy> �al-ak
<Row PDr d2153 *koḷ horsegram> �koḷ
<Row PDr d4862 *min- black gram> �min
<Row PDr d4862 *mint- black gram> �mint
<Row PDr d2628 *cir/cīr- chironji (nut/tree)> �cir�cīr
<Row PDr d475 *irak- jujube> �irak
<Row PDr d2697 *cuv- fig; pipal> �cuv
<Row PDr d2917 *ñēṟ-al *Eugenia jambolana*; *Syzygium jambolanum*> �ñēṟ-al
<Row PDr d4535 *boy-Vl hemp/flax> �boy-�l
<Row PDr d4224 *pīr- sponge gourd> �pīr
<Row PDr d3769 *nēp- to winnow> �nēp
<Row PDr d3769 *nēmp- to winnow> �nēmp
<Row PDr d3435 *teḷ- to sift, to winnow> �teḷ
<Row PDr d1373 *kaḷ- to pluck, uproot, gather> �kaḷ
<Row PDr d2119 *koy- to reap, to cut> �koy
<Row PDr d212 *ar- to cut, reap, harvest> �ar
<Row PDr d315 *aru- to sever> �aru
<Row PDr d5352 *īk- to husk> �īk
<Row PDr d637 *uṅk husk, chaff> �uŋk
<Row PDr d4491 *poṇṭṭ- husk, chaff, skin> �poṇṭṭ
<Row PDr d2907 *ñān-kil plough> �ñān-kil
<Row PDr d198 *ar-V- plough> �ar-�
<Row PDr d1722 *kunt-āḷ- spade> �kunt-āḷ
<Row PDr d4282 *puy-il ploughshare> �puy-il
<Row PDr d2117 *komm- receptacle for storing grain> �komm
<Row PDr d3256 *toẓ-V cattle-stall> �toẓ-�
<Row PDr d4700 *mant-ay flock, heard> �mant-ay
<Row PDr d389 *tūmpu sluice, drain> �tūmpu
<Row PDr d1495 *kāl fish-hook> �kāl
<Row PDr d2515 *cir-ṅk cattle-bell> �cir-ŋk
<Row PDr d1700 *kut-Vr- low ground> �kut-�r
<Row PDr d1228 *kama- uncultivated ground> �kama
<Row PDr d1228 *kampa- uncultivated ground> �kampa
<Row PDr d1285 *kar-V- waste land, forest/jungle; barren soil, etc.> �kar-�
<Row PDr d824 *eru-kk- to cut jungle/bushes to clean land> �eru-kk
<Row PDr d2913 *ñāl- field> �ñāl
<Row PDr d1135 **kaṭVkV > ��kaṭ�k�
<Row PDr d1125 **kaṭṭV > ��kaṭṭ�
<Row PDr d1159 **kaṇ > ��kaṇ
<Row PDr d1159 **kaṇ > ��kaṇ
<Row PDr d1443 **kaṇ- > ��kaṇ
<Row PDr d1503 **kaṯV- > ��kaṯ�
<Row PDr d1390 **kaṯV- > ��kaṯ�
<Row PDr d1097 **kaṯV- > ��kaṯ�
<Row PDr d1407 **kanVr- > ��kan�r
<Row PDr d1411 **kaṯVtV > ��kaṯ�t�
<Row PDr d1222 **kappV- > ��kapp�
<Row PDr d1333 **kamVkkV- > ��kam�kk�
<Row PDr d1369 **kaẓVcV- > ��kaẓ�c�
<Row PDr d1353 **karV > ��kar�
<Row PDr d1259 **karakara > ��karakara
<Row PDr d1291 **karVkV- > ��kar�k�
<Row PDr d1376 **kaḷV > ��kaḷ�
<Row PDr d1372 **kaḷ- > ��kaḷ
<Row PDr d1372 **kaḷVvV > ��kaḷ�v�
<Row PDr d1303 **kalVkV- > ��kal�k�
<Row PDr d1958 **kayVcV- > ��kay�c�
<Row PDr d1459 **kayVncV- > ��kay�nc�
<Row PDr d1088 **kacV > ��kac�
<Row PDr d1114 **kaṭVcV > ��kaṭ�c�
<Row PDr d1109 **kaṭṭV- > ��kaṭṭ�
<Row PDr d1124 **kaṭṭ- > ��kaṭṭ
<Row PDr d1165 **kaṇVkkV > ��kaṇ�kk�
<Row PDr d1265 **karVccV- > ��kar�cc�
<Row PDr d1087 **kaccV- > ��kacc�
<Row PDr d1320 **kappV > ��kapp�
<Row PDr d1373 **kaḷVy- > ��kaḷ�y
<Row PDr d1299 **kal- > ��kal
<Row PDr d1247 **kamakama > ��kamakama
<Row PDr d1425 **kākkV > ��kākk�
<Row PDr d1416 **kāppV > ��kāpp�
<Row PDr d1474 **kār- > ��kār
<Row PDr d1458 **kāy- > ��kāy
<Row PDr d1513 **kiccV- > ��kicc�
<Row PDr d1546 **kitVkV- > ��kit�k�
<Row PDr d1619 **kiẓV > ��kiẓ�
<Row PDr d1606 **kivVttV- > ��kiv�tt�
<Row PDr d1990 **kī- > ��kī
<Row PDr d1612 **kīc-uḷi > ��kīc-uḷi
<Row PDr d2005 **kīr > ��kīr
<Row PDr d1568 **kīr- > ��kīr
<Row PDr d1646 **kuncV > ��kunc�
<Row PDr d1678 **kuṭV > ��kuṭ�
<Row PDr d1653 **kuṭV- > ��kuṭ�
<Row PDr d1649 **kuṭVkV > ��kuṭ�k�
<Row PDr d2054 **kuṭVppV > ��kuṭ�pp�
<Row PDr d1850 **kuṯV- > ��kuṯ�
<Row PDr d1729 **kuntV- > ��kunt�
<Row PDr d2677 **kumV- > ��kum�
<Row PDr d1791 **kurV > ��kur�
<Row PDr d2684 **kūr- > ��kūr
<Row PDr d1794 **kūr- > ��kūr
<Row PDr d1902 **kūrVkV- > ��kūr�k�
<Row PDr d1944 **keṇa- > ��keṇa
<Row PDr d1954 **kettV- > ��kett�
<Row PDr d1564 **kerVccV- > ��ker�cc�
<Row PDr d2023 **keyVkkV > ��key�kk�
<Row PDr d1936 **keyVcY > ��key�c�
<Row PDr d1977 **kevVtV > ��kev�t�
<Row PDr d1459 **keyVnV > ��key�n�
<Row PDr d1947 **kenṭV- > ��kenṭ�
<Row PDr d1955 **kevV- > ��kev�
<Row PDr d1931 **kēcV > ��kēc�
<Row PDr d2013 **kērV- > ��kēr�
<Row PDr d2009 **kērV- > ��kēr�
<Row PDr d2006 **kērV > ��kēr�
<Row PDr d2019 **kēṯV- > ��kēṯ�
<Row PDr d2019 **kēṯṯV- > ��kēṯṯ�
<Row PDr d2932 **konkV- > ��konk�
<Row PDr d2063 **koṭṭV- > ��koṭṭ�
<Row PDr d1840 **koṯVkV > ��koṯ�k�
<Row PDr d2084 **kotVkV- > ��kot�k�
<Row PDr d1733 **koppV > ��kopp�
<Row PDr d1731 **koppV- > ��kopp�
<Row PDr d1822 **koẓVcV- > ��koẓ�c�
<Row PDr d2130 **korVppV > ��kor�pp�
<Row PDr d1780 **korVppV > ��kor�pp�
<Row PDr d2119 **koy- > ��koy
<Row PDr d2030 **kokkV > ��kokk�
<Row PDr d2091 **kotVkkV- > ��kot�kk�
<Row PDr d1882 **kōnṭV- > ��kōnṭ�
<Row PDr d1899 **kōr- > ��kōr
<Row PDr d2149 **kōr- > ��kōr
<Row PDr d2301 **caṭVmV- > ��caṭ�m�
<Row PDr d3045 **caṇi- > ��caṇi
<Row PDr d2798 **canV > ��can�
<Row PDr d2336 **cappV- > ��capp�
<Row PDr d2341 **camV- > ��cam�
<Row PDr d2416 **car- > ��car
<Row PDr d2440 **cāṭṭVkV- > ��cāṭṭ�k�
<Row PDr d2486 **cāl > ��cāl
<Row PDr d2426 **cā- > ��cā
<Row PDr d2489 **cikV > ��cik�
<Row PDr d1514 **ciccV > ��cicc�
<Row PDr d2544 **cimV > ��cim�
<Row PDr d2598 **cī > ��cī
<Row PDr d2599 **cīccV- > ��cīcc�
<Row PDr d2621 **cīppV- > ��cīpp�
<Row PDr d2625 **cīr > ��cīr
<Row PDr d493 **cīr > ��cīr
<Row PDr d2601 **cīr- > ��cīr
<Row PDr d541 **cīma > ��cīma
<Row PDr d2623 **cīma > ��cīma
<Row PDr d2697 **cuẓV- > ��cuẓ�
<Row PDr d2654 **cuṭV- > ��cuṭ�
<Row PDr d3390 **cūr- > ��cūr
<Row PDr d2751 **cekVḷ > ��cek�ḷ
<Row PDr d2789 **ceẓVkV-ḷ/l > ��ceẓ�k�-ḷ�l
<Row PDr d2377 **celVkV- > ��cel�k�
<Row PDr d2778 **cerV- > ��cer�
<Row PDr d2435 **cēccV > ��cēcc�
<Row PDr d2644 **coki- > ��coki
<Row PDr d2843 **cottV > ��cott�
<Row PDr d2883 **corVkV- > ��cor�k�
<Row PDr d2867 **cō- > ��cō
<Row PDr d2891 **cōlV > ��cōl�
<Row PDr d3004 **takkV- > ��takk�
<Row PDr d3039 **taṭV- > ��taṭ�
<Row PDr d3178 **taẓVmV- > ��taẓ�m�
<Row PDr d3124 **taḷVkkV- > ��taḷ�kk�
<Row PDr d3031 **tanṭV- > ��tanṭ�
<Row PDr d3154 **tānṭV- > ��tānṭ�
<Row PDr d3140 **tāṯV- > ��tāṯ�
<Row PDr d3196 **tān > ��tān
<Row PDr d3162 **tām > ��tām
<Row PDr d3263 **tin- > ��tin
<Row PDr d3263 **tinV > ��tin�
<Row PDr d3243 **tirVkV- > ��tir�k�
<Row PDr d3246 **tirVmV- > ��tir�m�
<Row PDr d3268 **tiyVnV- > ��tiy�n�
<Row PDr d3278 **tīr- > ��tīr
<Row PDr d3288 **tucVkV- > ��tuc�k�
<Row PDr d3399 **tuṯVtV- > ��tuṯ�t�
<Row PDr d3367 **tuṯVvV- > ��tuṯ�v�
<Row PDr d3229 **tuṯVvV- > ��tuṯ�v�
<Row PDr d3323 **tuppV- > ��tupp�
<Row PDr d3336 **tummV- > ��tumm�
<Row PDr d3339 **tūr- > ��tūr
<Row PDr d3376 **tūnkV-ḷ/l > ��tūnk�-ḷ�l
<Row PDr d3446 **teṯV- > ��teṯ�
<Row PDr d3259 **teṯVkV- > ��teṯ�k�
<Row PDr d3433 **teḷVkV- > ��teḷ�k�
<Row PDr d3268 **tēn-ī > ��tēn-ī
<Row PDr d3435 **tēḷ- > ��tēḷ
<Row PDr d3480 **toṭVcV- > ��toṭ�c�
<Row PDr d3539 **tōkkV- > ��tōkk�
<Row PDr d3547 **tōnṭV- > ��tōnṭ�
<Row PDr d3589 **naṇ- > ��naṇ
<Row PDr d3521 **naẓVkV > ��naẓ�k�
<Row PDr d2904 **nara- > ��nara
<Row PDr d3611 **nalVvV- > ��nal�v�
<Row PDr d3612 **na-ḷ/l-i- > ��na-ḷ�l-i
<Row PDr d3580 **nancV > ��nanc�
<Row PDr d3596 **navVṭṭV > ��nav�ṭṭ�
<Row PDr d3647 **nām > ��nām
<Row PDr d3656 **nāḷV > ��nāḷ�
<Row PDr d2913 **nāl > ��nāl
<Row PDr d3655 **nālVkV > ��nāl�k�
<Row PDr d3769 **nāvV- > ��nāv�
<Row PDr d3682 **ninṯV- > ��ninṯ�
<Row PDr d2929 **nirVvV > ��nir�v�
<Row PDr d3675 **nil- > ��nil
<Row PDr d3684 **nī > ��nī
<Row PDr d3688 **nīm > ��nīm
<Row PDr d3714 **nuṭV- > ��nuṭ�
<Row PDr d3697 **nuṇVkV- > ��nuṇ�k�
<Row PDr d3791 **nuṇVkV- > ��nuṇ�k�
<Row PDr d3746 **ney > ��ney
<Row PDr d4348 **pūcVrV > ��pūc�r�
<Row PDr d4361 **pūṇ > ��pūṇ
<Row PDr d4345 **pūppV > ��pūpp�
<Row PDr d4423 **peṯV- > ��peṯ�
<Row PDr d4417 **perV > ��per�
<Row PDr d4410 **peyVncV- > ��pey�nc�
<Row PDr d4433 **pēcV- > ��pēc�
<Row PDr d4449 **pēn > ��pēn
<Row PDr d4430 **pēẓVcV- > ��pēẓ�c�
<Row PDr d4463 **pokV > ��pok�
<Row PDr d4454 **pokV > ��pok�
<Row PDr d4452 **pottV- > ��pott�
<Row PDr d4570 **pon > ��pon
<Row PDr d4537 **porVccV > ��por�cc�
<Row PDr d4571 **polV- > ��pol�
<Row PDr d4407 **poy- > ��poy
<Row PDr d4479 **poyVcV- > ��poy�c�
<Row PDr d4469 **pōkV- > ��pōk�
<Row PDr d4722 **maṭV- > ��maṭ�
<Row PDr d4747 **maṇVkV > ��maṇ�k�
<Row PDr d4687 **matV- > ��mat�
<Row PDr d4778 **man- > ��man
<Row PDr d4837 **manVkV- > ��man�k�
<Row PDr d4750 **maẓVkV > ��maẓ�k�
<Row PDr d4749 **maẓVcV > ��maẓ�c�
<Row PDr d4720 **marVkV > ��mar�k�
<Row PDr d4719 **marVntV > ��mar�nt�
<Row PDr d4711 **marVnV > ��mar�n�
<Row PDr d4781 **mākV > ��māk�
<Row PDr d4780 **mākkV > ��mākk�
<Row PDr d4801 **mānṭV- > ��mānṭ�
<Row PDr d4877 **minVkkV- > ��min�kk�
<Row PDr d4870 **miḷVkkV- > ��miḷ�kk�
<Row PDr d4876 **minṭVkkV > ��minṭ�kk�
<Row PDr d4878 **mīncV- > ��mīnc�
<Row PDr d5270 **varV- > ��var�
<Row PDr d5277 **valV > ��val�
<Row PDr d4102 **valVkkV > ��val�kk�
<Row PDr d5551 **vayVccV- > ��vay�cc�
<Row PDr d5343 **vāṭV- > ��vāṭ�
<Row PDr d5362 **vārV- > ��vār�
<Row PDr d5363 **vārVkV- > ��vār�k�
<Row PDr d5357 **vārVkV- > ��vār�k�
<Row PDr d5352 **vāy > ��vāy
<Row PDr d5393 **viṭVccV- > ��viṭ�cc�
<Row PDr d5484 **vitVkV- > ��vit�k�
<Row PDr d5400 **vitVr- > ��vit�r
<Row PDr d4183 **viẓVnV- > ��viẓ�n�
<Row PDr d5411 **viri- > ��viri
<Row PDr d5407 **virVkV- > ��vir�k�
<Row PDr d5554 **viyVcV- > ��viy�c�
<Row PDr d5459 **vīẓVcV- > ��vīẓ�c�
<Row PDr d5383 **vekkV- > ��vekk�
<Row PDr d5512 **veṭVkkV- > ��veṭ�kk�
<Row PDr d5483 **vetV- > ��vet�
<Row PDr d5490 **verVkV > ��ver�k�
<Row PDr d5496 **veḷ- > ��veḷ
<Row PDr d5432 **veḷ- > ��veḷ
<Row PDr d5517 **vey- > ��vey
<Row PDr d5516 **venV- > ��ven�
<Row PDr d5545 **vēḷ > ��vēḷ
<Row PDr d5532 **vēy- > ��vēy
<Row PDr d5516 **venV- > ��ven�
<Row PDr d5545 **vēḷ > ��vēḷ
<Row PDr d5532 **vēy- > ��vēy
<Row PDr d31 **ankVl- > ��ank�l
<Row PDr d43 **acVkV- > ��ac�k�
<Row PDr d37 **acVr- > ��ac�r
<Row PDr d83 **aṭV- > ��aṭ�
<Row PDr d75 **aṭV > ��aṭ�
<Row PDr d63 **aṭVkkV- > ��aṭ�kk�
<Row PDr d288 **anṭV- > ��anṭ�
<Row PDr d320 **aṯV- > ��aṯ�
<Row PDr d1459 **attV- > ��att�
<Row PDr d329 **anVvV- > ��an�v�
<Row PDr d174 **ampVṭi > ��amp�ṭi
<Row PDr d187 **am > ��am
<Row PDr d276 **aẓVnkV- > ��aẓ�nk�
<Row PDr d11 **arVkV- > ��ar�k�
<Row PDr d222 **arVvV > ��ar�v�
<Row PDr d308 **aḷVppV > ��aḷ�pp�
<Row PDr d255 **alVkkV > ��al�kk�
<Row PDr d240 **alVr- > ��al�r
<Row PDr d120 **anṭVcV- > ��anṭ�c�
<Row PDr d180 **ampVkār- > ��amp�kār
<Row PDr d341 **āccV- > ��ācc�
<Row PDr d3714 **ārVccV > ��ār�cc�
<Row PDr d399 **āḷ > ��āḷ
<Row PDr d392 **āvVḷ- > ��āv�ḷ
<Row PDr d404 **āṯV- > ��āṯ�
<Row PDr d364 **āy > ��āy
<Row PDr d334 **ā > ��ā
<Row PDr d4183 **ikVlVcV- > ��ik�l�c�
<Row PDr d443 **iṭi- > ��iṭi
<Row PDr d474 **irVvV > ��ir�v�
<Row PDr d805 **iyVncV- > ��iy�nc�
<Row PDr d786 **iṭV- > ��iṭ�
<Row PDr d520 **iṯV- > ��iṯ�
<Row PDr d521 **iṯVkV- > ��iṯ�k�
<Row PDr d530 **inpV > ��inp�
<Row PDr d535 **īkVr- > ��īk�r
<Row PDr d504 **īẓVccV- > ��īẓ�cc�
<Row PDr d537 **incV- > ��inc�
<Row PDr d588 **uṭV- > ��uṭ�
<Row PDr d570 **uṯVkV > ��uṯ�k�
<Row PDr d990 **orVttV > ��or�tt�
<Row PDr d990 **orVttVkV > ��or�tt�k�
<Row PDr d990 **orVmV > ��or�m�
<Row PDr d996 **olVkV- > ��ol�k�
<Row PDr d984 **oy- > ��oy
<Row PDr d976 **oyVttVr- > ��oy�tt�r
<Row PDr d976 **oyVntVr- > ��oy�nt�r
<Row PDr d990 **onṯV > ��onṯ�
<Row PDr d1012 **oẓVcV- > ��oẓ�c�
<Row PDr d1015 **oḷi > ��oḷi
<Row PDr d1001 **ol- > ��ol
<Row PDr d1063 **ōr- > ��ōr
<Row PDr d4494 *poṭṭ- > �poṭṭ
<Row PDr d4004 *paẓ-V- > �paẓ-�
<Row PDr d4529 *puṭṭ- > �puṭṭ
<Row PDr d2594 *ciṉṉ- > �ciṉṉ
<Row PDr d4677 *maṇṭ- > �maṇṭ
<Row PDr d3311 *toṇṭ- > �toṇṭ
<Row PDr d1494 *kāẓ- > �kāẓ
<Row PDr d1029 *ōṅkk- > �ōŋkk
<Row PDr d1109 *kaṭ-ai > �kaṭ-ai
<Row PDr d4632 *maccu > �maccu
<Row PDr d5347 *val-ant- > �val-ant
<Row PDr d3020 *taṭṭ- > �taṭṭ
<Row PDr d4493 *poṭṭ- > �poṭṭ
<Row PDr d4673 *maṇi-kaṭṭu > �maṇi-kaṭṭu
<Row PDr d4673 *maṇi-kaṇṭṭu > �maṇi-kaṇṭṭu
<Row PDr d4677 *maṇṭi > �maṇṭi
<Row PDr d2540 *cim-iṭ/uṭ- > �cim-iṭ�uṭ
<Row PDr d2540 *cim-iṭ/uṇṭ- > �cim-iṭ�uṇṭ
<Row PDr d2540 *cim-iṇṭ/uṭ- > �cim-iṇṭ�uṭ
<Row PDr d2540 *cim-iṇṭ/uṇṭ- > �cim-iṇṭ�uṇṭ
<Row PDr d3739 *niṭṭa > �niṭṭa
<Row PDr d364 *āy > �āy
<Row PDr d4722 *meccu- > �meccu
<Row PDr d2548 *cim- > �cim
<Row PDr d2548 *cimp- > �cimp
<Row PDr d1670 *kiṭṭ- > �kiṭṭ
<Row PDr d1651 *kuṭaka- > �kuṭaka
<Row PDr d1651 *kuṭakka- > �kuṭakka
<Row PDr d449 *iṭai > �iṭai
<Row PDr d513 *lenk- > �lenk
<Row PDr d513 *iḷa- > �iḷa
<Row PDr d513 *iḷak- > �iḷak
<Row PDr d513 *iḷaṅ- > �iḷaŋ
<Row PDr d513 *iḷaṅk- > �iḷaŋk
<Row PDr d1278 *karu- > �karu
<Row dog 3029 kæ̃t > k�̃t
<Row kgr 5673 taũdī̆ > taũdī�
<Row mand 7799t p(a)rārkā > p�a�rārkā
<Row mand 7799t p(a)rārkṇā > p�a�rārkṇā
<Row dog 7799t p(a)rār > p�a�rār
<Row kgr 7799t p(a)rār > p�a�rār
<Row kgr 9660 prā̀ujī̆ > prā̀ujī�
<Row dog 13873 salǽr wife's brother's wife> sal�́r
<Row mand 13740 ṭhā̃vī̆ a person belonging to a particular caste who is a carpenter as well as a mason> ṭʰā̃vī�
<Row mand 3128 kaṭhyāī̆ small (wooden or bamboo) bowl> kaṭʰyāī�
<Row mand 112 kū̆r sprout, blossom> kū�r
<Row mand 5106 jaṇdī̆ mother (used mostly contemptuously)> jaṇdī�
<Row mand e11 deǒṭṭhaḷ god's place (i.e. temple)> deo�ṭṭʰaḷ
<Row dog 7233 nemæ̃ntar > nem�̃ntar
<Row dog 7233 nemæ̃nttar > nem�̃nttar
<Row mand 1038 heṛī̆ hunter> heṛī�
<Row kgr 1038 heṛī̆ > heṛī�
<Row bil 1038 heṛī̆ > heṛī�
<Row cam 1038 heṛī̆ > heṛī�
<Row kul 1038 heṛī̆ > heṛī�
<Row Kam 12695 'ua_ṣa- be boiling> �uaṣa
<Row Kam 12076 'ur bu- accrue interest> �ur bu
<Row Kho 10823 r´Ešṭ avalanche> r�śṭ
<Row Kho 3873 k`En cave> k�́n
<Row thar 2471 ekānO 91> ekān�
<Row VB 1767 uttarbāJɨ north> uttarbā�ɨ
<Row sanu n6 paṭ′iː wooden part of bow> paṭi�
<Row usut n15 paṣk′i: shaman> paṣki�
<Row sec n15 paṣk′i: shaman> paṣki�
<Row sanu n34 pâṭ′âːl vulture; lammergeier> pāṭā�l
<Row sanu n42 pâp′oː sole (of foot)> pāpo�
<Row sanu n47 pstik′âːk goat or sheep dung> pstikā�k
<Row sec n57 âb′iŋgʸâ next day; tomorrow> ābiŋg�ā
<Row usut 8222 pir′e: stone wall; livestock enclosure> pire�
<Row sanu n62 p′iːn bear fat> pi�n
<Row sanu n74 p′iːć pine (Pinus excelsa)> pi�ʦ
<Row sanu n90 p′oːc̣-ie ripen; be cooked> po�ʦ̣-ie
<Row sanu n121 p′âːr leaf; sheet, page; razor blade> pā�r
<Row sanu n132 pâṣuâṭ′iː floating rib> pāṣuāṭi�
<Row sanu n173 p′oː step> po�
<Row sanu n250 piṇ′oː calf (muscle)> piṇo�
<Row usut n263 s′u:tu wife's mother> su�tu
<Row sanu n278 p′iː- drink> pi�
<Row supu 8932 piy′a~ son> piya�
<Row sanu 8932 př′âː˜ child> pr̆ā�̃
<Row sanu n287 přostp′âː bed-leg> pr̆ostpā�
<Row sec n293 pü:šug′u flea> pɨ�śugu
<Row usut n299 iy′â: Father!> iyā�
<Row sanu n304 barist′iː female member of the artisan caste> baristi�
<Row usut n317 b′â: Older Brother! [in e bâ:]> bā�
<Row sanu n319 b′iː spade; snow-shovel> bi�
<Row sanu n332 b′âːi out> bā�i
<Row sanu n400 b′uːt giant> bu�t
<Row sanu n422 bâm′âː hornet> bāmā�
<Row sanu n484 v′âː man in charge; owner; man from ___> vā�
<Row sanu n487 vâḍlâː˜dr′oː˜ stone-bow> vāḍlāā̃dro�̃
<Row sec n502 vo:mig′i ant> vo�migi
<Row sanu n510 v′oː mortar> vo�
<Row sanu n513 vâː˜d′âːm-ie- seize, grasp; take; grab; hold> vāā̃dā�m-ie
<Row sanu n517 var′iːč terraced field> vari�c
<Row sanu n518 vidiš′âː guest> vidiśā�
<Row sanu n527 imř′oː walnut> imr̆o�
<Row sec n567 t-o:′â müsü fish> t-o�ā mɨsɨ
<Row usut n572 -m′â/-m′i > mā�-mi
<Row usut n595 umm′â: Older Sister!> ummā�
<Row sanu n596 m′âː rice (husked but uncooked)> mā�
<Row sanu n604 m′âːl livestock> mā�l
<Row sanu n608 mâňal′âː churn> mār̆̃alā�
<Row sanu n715 bř′oː˜ć mountain meadow> br̆o�̃ʦ
<Row sanu n726 mâź′umi âv′âːk mother's middle sister> māʣumi āvā�k
<Row sanu n761 mř′âːk boy> mr̆ā�k
<Row sanu n798 moṭanâv′âːn young bull (4 years till full-grown)> moṭanāvā�n
<Row sanu n800 m′uːst fist> mu�st
<Row sec n807 mü:s′u mouse> mɨ�su
<Row sanu n839 mârâň′iːk back of neck> mārār̆̃i�k
<Row usut n863 vem′e: men (in ritual speech)> veme�
<Row sanu n903 v′âːṭ rock> vā�ṭ
<Row sanu n923 v′iːṭ loose cotton trousers> vi�ṭ
<Row usut n932 ver′i: word; language; affair; issue> veri�
<Row sanu n966 v′âːs day (24-hour period starting at sundown)> vā�s
<Row sanu n982 vor′oːk wool> voro�k
<Row sanu n986 v′âːr time; turn> vā�r
<Row sanu n1058 ′oːsṭ eight> o�sṭ
<Row sanu n1063 âsṭ′âːs eighteen> āsṭā�s
<Row usut n1067 iž′i: eye> iźi�
<Row usut n1070 vuṣ′u: medicine> vuṣu�
<Row usut n1111 üm′u: ear> ɨmu�
<Row usut n1124 zü:m′i Sâma, a Saňu village in the Pech Valley; Wâmâ> zɨ�mi
<Row sanu n1126 ćipř′âː˜ lamb (to 3 months)> ʦipr̆ā�̃
<Row usut n1135 -Ų he; she; it [Immediate-Mode Verbal Subject suffix]> �
<Row sanu n1177 tâiẓ′uː˜ sorghum> tāiẓu�̃
<Row sanu n1181 t′âːn woolen cloth> tā�n
<Row sanu n1193 t′oː˜ć-ie- hew; plane> to�̃ʦ-ie
<Row sanu n1212 tâlim′âː forehead> tālimā�
<Row sanu n1228 bet′âːt endeavor> betā�t
<Row sanu n1269 istr′oːs avalanche; pile of snow left by an avalanche> istro�s
<Row usut n1273 kuṇḍ′u: wooden beam> kuṇḍu�
<Row sanu n1281 dâːr′uː gunpowder; dynamite> dāāru�
<Row sanu n1292 d′âː˜ debt> dā�̃
<Row sanu n1362 d′oːr large wooden ladle; body of a sitar> do�r
<Row sanu n1371 dr′oː˜ bow> dro�̃
<Row sanu n1406 b′âːs twelve> bā�s
<Row sanu n1459 ž′uː tongue> źu�
<Row sanu n1468 dom′oː front of neck> domo�
<Row sanu n1478 d′uːm smoke> du�m
<Row sanu n1481 drumaňaâr′âːŋ brown-eyed; brownish red (livestock)> drumar̆̃aārā�ŋ
<Row sanu n1503 d′âːr guard, keeper, watcher> dā�r
<Row sanu n1509 dr′âːṣ grape> drā�ṣ
<Row sanu n1522 dom′oː wind> domo�
<Row sanu n1558 z′uː daughter; daughter of a bř'â> zu�
<Row sanu n1565 s′âːc̣ the other one> sā�ʦ̣
<Row usut n1578 -ast/-âst they [Verbal Subject suffix]> ast�-āst
<Row sanu n1601 ṣ′âːṣ witness> ṣā�ṣ
<Row sanu n1619 s′âːr portion of meat given out at a feast> sā�r
<Row sanu n1623 ṣ′âː˜t-ie- bury> ṣā�̃t-ie
<Row sanu n1626 šik′âː fat> śikā�
<Row sanu n1627 šip′oː˜ quilt> śipo�̃
<Row sanu n1645 suv′âː clay water pot> suvā�
<Row sanu n1660 ṣ′âː- send [human]> ṣā�
<Row sanu n1660 ṣ′âː- send [human]> ṣā�
<Row sanu n1678 s′oːt seven> so�t
<Row sanu n1684 sât′âːs seventeen> sātā�s
<Row gamb n1707 s′o:n gold> so�n
<Row sanu n1786 sav′âːk all> savā�k
<Row sec n1790 šo:z′u juniper> śo�zu
<Row sanu n1844 pṣip′âː˜ behind> pṣipā�̃
<Row sanu n1866 c̣oc̣′oːŋ buttermilk solids> ʦ̣oʦ̣o�ŋ
<Row sanu n1890 âvâňâst′oː˜ bedding> āvār̆̃āsto�̃
<Row sanu n1907 t′âːl metal cooking pot> tā�l
<Row usut n1927 vast′i: woman; wife> vasti�
<Row sanu n1927 istr′iː wife> istri�
<Row sanu n1963 z′oːr difficulty; trouble> zo�r
<Row sanu n1986 âlâs′âːk burr> ālāsā�k
<Row sanu n2001 l′âːt peace; settlement> lā�t
<Row sanu n2010 l′iːr drool> li�r
<Row sanu n2044 ẓoćk′âː in the morning> ẓoʦkā�
<Row sanu n2089 lauk′âːṇ blood-vessel> laukā�ṇ
<Row sanu n2091 l′uːṭ young man> lu�ṭ
<Row sanu n2095 v′uː louse> vu�
<Row usut n2128 -on/-an you [plural] [Imperative Verbal Subject suffix]> on�-an
<Row usut n2173 ânn′â: Mother!> ānnā�
<Row sanu n2184 n′âːṛ stream> nā�ṛ
<Row sanu n2185 n′âːṣ beak> nā�ṣ
<Row sanu n2192 n′oː aqueduct> no�
<Row sanu n2199 n′iːl lake (formed from a river)> ni�l
<Row sanu n2251 n′oː˜t granddaughter (any female relative 2 generations below Ego)> no�̃t
<Row sanu n2270 ṭ′uːm pear> ṭu�m
<Row sanu n2322 ẓ′uːm pea> ẓu�m
<Row sanu n2326 ẓât′âːr night; nighttime> ẓātā�r
<Row sanu n2341 ẓot′âː˜ dancing platform (pre-Islamic)> ẓotā�̃
<Row sanu n2368 ẓ′oːk salt> ẓo�k
<Row sanu n2369 ẓ′uː hair> ẓu�
<Row sanu n2390 č′âː wall> cā�
<Row sanu n2407 ćit′âːn longing> ʦitā�n
<Row sanu n2422 ć′oːp-ie suck> ʦo�p-ie
<Row sanu n2435 ê′âːi place> ēā�i
<Row sanu n2454 sâv′âːs side (of body); -way> sāvā�s
<Row sanu n2460 s′iːṛ stairway> si�ṛ
<Row sanu n2469 ṣ′oːr saltpeter> ṣo�r
<Row sanu 12723 ṣ′âː˜ṣ large bat> ṣā�̃ṣ
<Row sanu n2473 i′oː irrigation ditch> io�
<Row Kam n2500 ˀi·′a that; he; she; it; the [unstressed]; [distal]> �ia
<Row usut n2520 -e-/-i- > e-�-i
<Row sanu n2521 ioṣk′oːṣ predator; wild animal> ioṣko�ṣ
<Row sanu n2522 v′iːs-â- extinguish; erase, rub out> vi�s-ā
<Row usut n2584 -′i: > i�
<Row usut n2600 unź′u: I> unʣu�
<Row sanu n2607 âṭ′âː˜ hearth (middle of room)> āṭā�̃
<Row sec n2630 ˀatam tooth> �atam
<Row sanu n2636 ân′âː a bite (of food); meat; flesh> ānā�
<Row sanu n2655 nâl′iː rain> nāli�
<Row usut n2710 suč-e: li- purify> suc-e� li
<Row sanu n2731 gâs′âː˜ dung of large quadruped (cow, horse, etc.)> gāsā�̃
<Row sanu n2736 š′iːṭ fertilizer> śi�ṭ
<Row sanu n2743 ṣ′âː head> ṣā�
<Row sanu n2764 šiŋdr′oː˜ rainbow> śiŋdro�̃
<Row sanu n2834 s′âː˜ breath; soul> sā�̃
<Row sanu n2856 uṣ-′âː carry [on ones back]> uṣ-ā�
<Row sanu n2867 ṣ′oː news; awareness> ṣo�
<Row sanu n2875 z′oː milk> zo�
<Row sanu n2875 z′oː milk> zo�
<Row sanu n2883 âź′âː upper-caste male> āʣā�
<Row sanu n2886 z′âːtr kinsman> zā�tr
<Row sanu n2895 z′âː- give birth (animals); bear fruit> zā�
<Row sanu n2912 zâm′âː daughter's husband> zāmā�
<Row sanu n2929 źiav′âːr winter> ʣiavā�r
<Row sanu n2944 âź′âːr four hundred; twenty score> āʣā�r
<Row sanu n2952 âidraâr′âːŋ yellow; green; pale (complexion)> āidraārā�ŋ
<Row sanu n2977 kř′oːm roof> kr̆o�m
<Row sanu n2982 k′oːṣ indigo bush> ko�ṣ
<Row gamb n2986 ko:ṣk′o pine [spruce?]> ko�ṣko
<Row sanu n2996 kor′oːṭ club> koro�ṭ
<Row sanu n3025 kaukoňaâr′âːŋ greenish blue; blue> kaukor̆̃aārā�ŋ
<Row sanu n3028 kav′iːć fig> kavi�ʦ
<Row sanu n3032 kav′âː conical basket (to be carried on the back)> kavā�
<Row sanu n3038 ćitr-′âː- write> ʦitr-ā�
<Row sanu n3049 k′âːć fox-tail millet (Setaria italica)> kā�ʦ
<Row sanu n3051 k′âːṭ strength> kā�ṭ
<Row sanu n3056 k′âː base; bottom; base and roots of a plant; measure for trees> kā�
<Row sanu n3058 kâs′âːk small ladle> kāsā�k
<Row sanu n3062 kâlâpuːs pre-Islamic woman's hat (horned or Kalash-style)> kālāpu�s
<Row sanu n3078 čiṭ′âːl stomach; rumen> ciṭā�l
<Row sanu n3103 k′oː base of back of neck; bull's hump> ko�
<Row sanu n3171 kaṇ′isti âv′âːk mother's younger sister> kaṇisti āvā�k
<Row sanu n3188 kuːst′u hammer> ku�stu
<Row sanu n3193 č′uː˜ kind of tick> cu�̃
<Row sanu n3204 k′oːṭ tower> ko�ṭ
<Row sanu n3212 kř′âːm-ie- thresh> kr̆ā�m-ie
<Row sanu n3261 goːraňaâr′âːŋ dark reddish brown (livestock, wheat)> gōrar̆̃aārā�ŋ
<Row sanu n3272 g′oːk bug; worm> go�k
<Row sanu n3283 g′oː˜t-ie- tie> go�̃t-ie
<Row sanu n3286 g′âː˜ṭ haystack [measurement noun]> gā�̃ṭ
<Row sanu n3293 g′oː˜ woven goat-hair mattress> go�̃
<Row usut n3294 umm′u: wheat (grain)> ummu�
<Row sanu n3294 g′oːm wheat> go�m
<Row sanu n3297 gř′oːṛ coiled neck ornament> gr̆o�ṛ
<Row supu n3301 gamt′âvaya~ man from Grâmsaňâ Grâm> gamtāvaya�
<Row sanu n3361 âi′âː cumin> āiā�
<Row sanu n3366 gav′iːṣ name of a pre-Islamic god> gavi�ṣ
<Row usut n3410 avv′â: Grandfather!> avvā�
<Row supu n3410 v′â: grandfather> vā�
<Row sanu n3421 istr′uː tear> istru�
<Row usut n3477 it′i: now> iti�
<Row sec 348 tü:ču: traveller> tɨ�cū
<Row sanu n3522 âi′oː starter for milk fermentation> āio�
<Row sanu n3533 ârb′âːp pre-Islamic stringed musical instrument> ārbā�p
<Row sanu n3536 âlikar′iːk jaw> ālikari�k
<Row sanu n3537 ić′oː pus (watery)> iʦo�
<Row sanu n3544 âsṭ′âːr ashes boiled in water> āsṭā�r
<Row sanu n3554 ân′âː ghee> ānā�
<Row sanu n3556 ândark′iːl long, thin wedge used to fasten together broken boards> āndarki�l
<Row sec n3566 t-o:′â müsü: fish in the water> t-o�ā mɨsɨ�
<Row sanu n3614 ćât′âː four> ʦātā�
<Row sanu n3635 ć′âːr custom; law; way> ʦā�r
<Row sanu n3670 ć′iːt how much> ʦi�t
<Row sanu n3673 k′uː˜ whither> ku�̃
<Row sanu n3675 k′âː what> kā�
<Row sanu n3717 diṣṭ′o âv′âːk mother's older sister> diṣṭo āvā�k
<Row usut n3721 ′i:r stone> i�r
<Row sanu n3731 g′oːn smell> go�n
<Row usut n3750 pâmź′e: kid> pāmʣe�
<Row sanu n3772 garas′âːr daytime> garasā�r
<Row Kam n3800 ˀi·s′op reckoning> �isop
<Row Kam n3808 ˁis′ât ku- honor, respect> �isāt ku
<Row Kam n3809 ˀixti′or authority; choice> �ixtior
<Row Kam n3810 ˀi·s′alom Islam> �isalom
<Row ShigarBalti  ᶷrgo body> �rgo
<Row KhapaluBalti  ᶷrgo body> �rgo
<Row KharmangBalti  ᶷrgo body> �rgo
<Row SkarduPurki  ᶷrgo body> �rgo
<Row RonduBalti  ᶷɣdoŋ face> �ɣdoŋ
<Row ShigarBalti  ᵒɣdoŋ face> �ɣdoŋ
<Row SkarduBalti  ᵒɣdoŋ face> �ɣdoŋ
<Row KhapaluBalti  ᶷɣdoŋ face> �ɣdoŋ
<Row KharmangBalti  ᵒɣdoŋ face> �ɣdoŋ
<Row SkarduPurki  ᶷrdoŋ face> �rdoŋ
<Row RonduBalti  ɬče tongue> �ce
<Row ShigarBalti  ɬče tongue> �ce
<Row SkarduBalti  ɬče tongue> �ce
<Row KhapaluBalti  ɬče tongue> �ce
<Row KharmangBalti  ɬče tongue> �ce
<Row ChorbatBalti  ɬče tongue> �ce
<Row SkarduPurki  ɬče tongue> �ce
<Row RonduBalti  ɬtwɑ belly> �tvā
<Row ShigarBalti  ɬtwɑ belly> �tvā
<Row SkarduBalti  ɬtwɑ belly> �tvā
<Row KhapaluBalti  ɬtwɑ belly> �tvā
<Row KharmangBalti  ɬtwɑ belly> �tvā
<Row ChorbatBalti  ɬtwɑ belly> �tvā
<Row SkarduPurki  ɬtwɑ belly> �tvā
<Row RonduBalti  pl̥ʌqpʌ arm> pla�pa
<Row ShigarBalti  prʌqpʌ arm> pra�pa
<Row SkarduBalti  pl̥ʌqpʌ arm> pla�pa
<Row KharmangBalti  prʌqpʌ arm> pra�pa
<Row ChorbatBalti  plʌqpʌ arm> pla�pa
<Row SkarduPurki  lʌqpʌ arm> la�pa
<Row RonduBalti  lʌqtʰɪl palm> la�tʰil
<Row ShigarBalti  lɑqtʰɪl palm> lā�tʰil
<Row SkarduBalti  lʌqtʰɪl palm> la�tʰil
<Row KharmangBalti  lʌqtʰɪl palm> la�tʰil
<Row ChorbatBalti  lʌqtʰɪl palm> la�tʰil
<Row SkarduPurki  lʌqtʰɪl palm> la�tʰil
<Row RonduBalti  č̣ʌq blood> ʦ̣a�
<Row ShigarBalti  č̣ʌq blood> ʦ̣a�
<Row SkarduBalti  č̣ʌq blood> ʦ̣a�
<Row SkarduBalti  ṣ̌ʌq blood> ṣa�
<Row KhapaluBalti  č̣ʌq blood> ʦ̣a�
<Row KharmangBalti  kʰrʌq blood> kʰra�
<Row ChorbatBalti  kʰrʌq blood> kʰra�
<Row SkarduPurki  kʰrʌq blood> kʰra�
<Row ChorbatBalti  ɬčin urine> �cīn
<Row ChorbatBalti  ɬkʸʌkpʌ feces> �kʸakpa
<Row KharmangBalti  gᶷroŋ village> g�roŋ
<Row ChorbatBalti  gᶷroŋ village> g�roŋ
<Row RonduBalti  hʌndoq roof> hando�
<Row ShigarBalti  hʌndoq roof> hando�
<Row SkarduBalti  hʌndoq roof> hando�
<Row KhapaluBalti  hʌndoq roof> hando�
<Row KharmangBalti  hʌndoq roof> hando�
<Row ChorbatBalti  tʰoqsɑ roof> tʰo�sā
<Row SkarduPurki  hɑndoq roof> hāndo�
<Row SkarduPurki  pɬʸʌxmʌ broom> p�ʸaxma
<Row RonduBalti  ɬtʌnus mortar> �tanūs
<Row ShigarBalti  ɬtʌnʊs mortar> �tanus
<Row SkarduBalti  ɬtʌnus mortar> �tanūs
<Row KhapaluBalti  ɬtʌnus mortar> �tanūs
<Row KharmangBalti  ɬṭʌnʊs mortar> �ṭanus
<Row ChorbatBalti  ɬṭʌnʊs mortar> �ṭanus
<Row RonduBalti  ɬtʌnuse bu pestle> �tanūse bū
<Row ShigarBalti  ɬtʌnusi bu pestle> �tanūsī bū
<Row SkarduBalti  ɬtʌnus bu pestle> �tanūs bū
<Row KhapaluBalti  ɬtʌnus bu pestle> �tanūs bū
<Row ChorbatBalti  ɬṭʌnʊsi bu pestle> �ṭanusī bū
<Row SkarduPurki  ɬtʌnus bu pestle> �tanūs bū
<Row RonduBalti  tʰʌqpʌ rope> tʰa�pa
<Row ShigarBalti  tʰɑqpʌ rope> tʰā�pa
<Row SkarduBalti  tʰɑqpʌ rope> tʰā�pa
<Row KhapaluBalti  tʰʌqpɑ rope> tʰa�pā
<Row KharmangBalti  tʰʌqpʌ rope> tʰa�pa
<Row ChorbatBalti  tʰɑqbɑ rope> tʰā�bā
<Row SkarduPurki  tʰʌqpʌ rope> tʰa�pa
<Row RonduBalti  ñimɑ sun> n�īmā
<Row ShigarBalti  ñũŋɑ sun> n�ū̃ŋā
<Row SkarduBalti  ñimɑ sun> n�īmā
<Row KhapaluBalti  ñimɑ sun> n�īmā
<Row KharmangBalti  ñimɑ sun> n�īmā
<Row ChorbatBalti  ñimɑ sun> n�īmā
<Row SkarduPurki  ñimɑ sun> n�īmā
<Row RonduBalti  ɬok lightning> �ok
<Row ShigarBalti  ɬok lightning> �ok
<Row SkarduBalti  ɬok lightning> �ok
<Row KhapaluBalti  ɬok lightning> �ok
<Row KharmangBalti  ɬok lightning> �ok
<Row ChorbatBalti  ɬok lightning> �ok
<Row SkarduPurki  ɬok lightning> �ok
<Row RonduBalti  ɬuŋ wind> �ūŋ
<Row KhapaluBalti  xɬuŋ wind> x�ūŋ
<Row KharmangBalti  xɬuŋ wind> x�ūŋ
<Row ChorbatBalti  ɬuŋ wind> �ūŋ
<Row SkarduPurki  ɬuŋ wind> �ūŋ
<Row RonduBalti  ᶷrdwɑ stone> �rdvā
<Row ShigarBalti  ᶷrdwɑ stone> �rdvā
<Row SkarduBalti  ᶷrdwɑ stone> �rdvā
<Row KhapaluBalti  ᶷrdwɑ stone> �rdvā
<Row SkarduPurki  ᶷrdwɑ stone> �rdvā
<Row SkarduBalti  stʌqǰi tree> sta�jī
<Row KhapaluBalti  stɑqži tree> stā�źī
<Row ChorbatBalti  stɑqži tree> stā�źī
<Row RonduBalti  t͡sʰoq thorn> ʦʰo�
<Row ShigarBalti  t͡sʰoq thorn> ʦʰo�
<Row SkarduBalti  t͡sʰoq thorn> ʦʰo�
<Row KhapaluBalti  t͡sʰoq thorn> ʦʰo�
<Row KharmangBalti  t͡sʰoq thorn> ʦʰo�
<Row RonduBalti  mɪndoq flower> mindo�
<Row ShigarBalti  mɛndoq flower> mendo�
<Row SkarduBalti  mɛndoq flower> mendo�
<Row KhapaluBalti  mɪndoq flower> mindo�
<Row KharmangBalti  mɪndoq flower> mindo�
<Row ChorbatBalti  mɪndoqʰ flower> mindo�ʰ
<Row SkarduPurki  mɛndoq flower> mendo�
<Row RonduBalti  sñirmʌ chili> sn�īrma
<Row ShigarBalti  ñ̥ɛrmʌ chili> �erma
<Row ShigarBalti  sñɛrmʌ chili> sn�erma
<Row SkarduBalti  sñɛrmʌ chili> sn�erma
<Row KhapaluBalti  sñɛrmʌ chili> sn�erma
<Row KharmangBalti  sñɛrmʌ chili> sn�erma
<Row ChorbatBalti  sñɛrmʌ chili> sn�erma
<Row SkarduPurki  ñɛrmʌ chili> n�erma
<Row RonduBalti  ñʸɑ fish> n�ʸā
<Row ShigarBalti  ñʸɑ fish> n�ʸā
<Row SkarduBalti  ñʸɑ fish> n�ʸā
<Row KhapaluBalti  ñʸɑ fish> n�ʸā
<Row KharmangBalti  ñʸɑ fish> n�ʸā
<Row ChorbatBalti  ñʸɑ fish> n�ʸā
<Row SkarduPurki  ñʸɑ fish> n�ʸā
<Row ChorbatBalti  sñʌmʌ tail> sn�ama
<Row SkarduPurki  šñɑŋmɑ tail> śn�āŋmā
<Row RonduBalti  rʌbʌq female goat> raba�
<Row ShigarBalti  rʌbʌq female goat> raba�
<Row SkarduBalti  rʌbʌq female goat> raba�
<Row KhapaluBalti  rowɑq female goat> rovā�
<Row KharmangBalti  rʌbʌq female goat> raba�
<Row SkarduPurki  x̯i dog> x�ī
<Row RonduBalti  ᵒrbʊl snake> �rbul
<Row ShigarBalti  ᵒɣbʊl snake> �ɣbul
<Row SkarduBalti  ᵒɣbʊl snake> �ɣbul
<Row KhapaluBalti  ᵒɣbʊl snake> �ɣbul
<Row RonduBalti  č̣ɪmoq ant> ʦ̣imo�
<Row ShigarBalti  č̣ɪmoq ant> ʦ̣imo�
<Row SkarduBalti  č̣ɪmoq ant> ʦ̣imo�
<Row KhapaluBalti  kiŋboq ant> kīŋbo�
<Row ChorbatBalti  kɪmboq ant> kimbo�
<Row RonduBalti  žʌq day> źa�
<Row ShigarBalti  žʌq day> źa�
<Row SkarduBalti  žʌq day> źa�
<Row KhapaluBalti  ǰʌq day> ja�
<Row KhapaluBalti  žʌq day> źa�
<Row KharmangBalti  žʌq day> źa�
<Row ChorbatBalti  žʌq day> źa�
<Row SkarduPurki  žʌq day> źa�
<Row SkarduPurki  pʰitʰoq afternoon (late)> pʰītʰo�
<Row ChorbatBalti  žʌkᶷrdun week> źak�rdūn
<Row SkarduPurki  ᶷrdun week> �rdūn
<Row RonduBalti  sñiŋmʌ old> sn�īŋma
<Row ShigarBalti  ñ̥iñmʌ old> �īn�ma
<Row ShigarBalti  sñiñmʌ old> sn�īn�ma
<Row SkarduBalti  sñiŋmʌ old> sn�īŋma
<Row KhapaluBalti  sñĩŋmʌ old> sn�ī̃ŋma
<Row KharmangBalti  šñĩmʌ old> śn�ī̃ma
<Row ChorbatBalti  ñ̥iñpɑ old> �īn�pā
<Row ChorbatBalti  hĩñpɑ old> hī̃n�pā
<Row ChorbatBalti  sñiñpɑ old> sn�īn�pā
<Row ChorbatBalti  sñeñ left> sn�en�
<Row RonduBalti  ñimor near> n�īmor
<Row ShigarBalti  ñiŋor near> n�īŋor
<Row SkarduBalti  ñimor near> n�īmor
<Row KhapaluBalti  ñimor near> n�īmor
<Row KharmangBalti  ñimor near> n�īmor
<Row ChorbatBalti  ñimor near> n�īmor
<Row SkarduPurki  ñimor̥ near> n�īmor
<Row RonduBalti  tʰʌqriŋ far> tʰa�rīŋ
<Row SkarduBalti  tʰʌqriŋ far> tʰa�rīŋ
<Row KharmangBalti  tʰʌqriŋ far> tʰa�rīŋ
<Row ChorbatBalti  tʰʌqriŋ far> tʰa�rīŋ
<Row SkarduPurki  tʰɑqriŋs far> tʰā�rīŋs
<Row RonduBalti  ɬčʰo heavy> �cʰo
<Row ShigarBalti  ɬčʰo heavy> �cʰo
<Row SkarduBalti  ɬčʰo heavy> �cʰo
<Row KhapaluBalti  ɬčʰo heavy> �cʰo
<Row KharmangBalti  ɬčʰo heavy> �cʰo
<Row ChorbatBalti  ɬčʰo heavy> �cʰo
<Row SkarduPurki  ɬčinṭe heavy> �cīnṭe
<Row RonduBalti  nɑqpo black> nā�po
<Row ShigarBalti  nɑqpo black> nā�po
<Row SkarduBalti  nʌqpo black> na�po
<Row KhapaluBalti  nɑqpo black> nā�po
<Row KharmangBalti  nʌqpo black> na�po
<Row ChorbatBalti  nɑqpo black> nā�po
<Row SkarduPurki  nɑqpo black> nā�po
<Row RonduBalti  ñis two> n�īs
<Row ShigarBalti  ñis two> n�īs
<Row SkarduBalti  ñɪs two> n�is
<Row KhapaluBalti  ñis two> n�īs
<Row KharmangBalti  ñɪs two> n�is
<Row ChorbatBalti  ñis two> n�īs
<Row SkarduPurki  ñis two> n�īs
<Row RonduBalti  βži four> �źī
<Row SkarduPurki  βži four> �źī
<Row RonduBalti  βdun seven> �dūn
<Row ShigarBalti  βdun seven> �dūn
<Row KharmangBalti  ᶷbdun seven> �bdūn
<Row SkarduPurki  ᶷrdun seven> �rdūn
<Row ShigarBalti  βgʸɛt eight> �gʸet
<Row KharmangBalti  βgʸʌt eight> �gʸat
<Row RonduBalti  ᶷrgu nine> �rgū
<Row ShigarBalti  ᶷrgo nine> �rgo
<Row KhapaluBalti  ᶷrgo nine> �rgo
<Row RonduBalti  ñišu twenty> n�īśū
<Row ShigarBalti  ñišu twenty> n�īśū
<Row SkarduBalti  ñišu twenty> n�īśū
<Row KhapaluBalti  ñišu twenty> n�īśū
<Row KharmangBalti  ñišu twenty> n�īśū
<Row ChorbatBalti  ñišu twenty> n�īśū
<Row RonduBalti  βgʸʌ one-hundred> �gʸa
<Row ShigarBalti  βgʸʌ one-hundred> �gʸa
<Row KharmangBalti  βgʸʌ one-hundred> �gʸa
<Row ShigarBalti  t͡soqsɑt͡soqs same> ʦo�sāʦo�s
<Row SkarduBalti  t͡soqsɑt͡soqs same> ʦo�sāʦo�s
<Row KharmangBalti  t͡soqsɑt͡soqs same> ʦo�sāʦo�s
<Row SkarduPurki  t͡soqsɑt͡soqs same> ʦo�sāʦo�s
<Row RonduBalti  čʰʌqpo broken> cʰa�po
<Row ShigarBalti  čʰʌqpo broken> cʰa�po
<Row SkarduBalti  čʰʌqpo broken> cʰa�po
<Row KhapaluBalti  čʰʌqpo broken> cʰa�po
<Row KharmangBalti  čʰʌq broken> cʰa�
<Row ChorbatBalti  čʰʌqs broken> cʰa�s
<Row SkarduPurki  čʰʌqpo broken> cʰa�po
<Row KhapaluBalti  ɬṭim many> �ṭīm
<Row ChorbatBalti  ɬtim many> �tīm
<Row RonduBalti  ɬtoks (he was) hungry> �toks
<Row ShigarBalti  ɬtoks (he was) hungry> �toks
<Row SkarduBalti  ɬtoks (he was) hungry> �toks
<Row KhapaluBalti  ɬtoks (he was) hungry> �toks
<Row KharmangBalti  ɬtoks (he was) hungry> �toks
<Row ChorbatBalti  ɬtoks (he was) hungry> �toks
<Row SkarduPurki  ɬtoks (he was) hungry> �toks
<Row ShigarBalti  ñĩtʔõs (he) slept> n�ī̃tʔõs
<Row ShigarBalti  ñĩtɑ̃s (he) slept> n�ī̃tā̃s
<Row SkarduBalti  ñĩtʌ̃s (he) slept> n�ī̃tãs
<Row SkarduPurki  ɬuŋsoyʌt (he) lay down> �ūŋsoyat
<Row ShigarBalti  βgʸuks (he) ran> �gʸūks
<Row KharmangBalti  βgʸʊks (he) ran> �gʸuks
<Row Hussainabad  g̣uyʌŋ hair> g�ūyaŋ
<Row Haiderabad  g̣uyʌŋ hair> g�ūyaŋ
<Row Ganish  g̣uyʌŋ hair> g�ūyaŋ
<Row NazimabadUpperSust  g̣uyʌŋ hair> g�ūyaŋ
<Row UyumNagar  g̣uyʌŋ hair> g�ūyaŋ
<Row Hoper  g̣uyʌŋ hair> g�ūyaŋ
<Row YasinCenter  ˈɪɬčɪn eye> i�cin
<Row ThuiYasin  ˈɪɬčɪn eye> i�cin
<Row ThuiYasin  guɬˈtumʌl ear> gū�tūmal
<Row Haiderabad  iˈqʰʌt mouth> ī�ʰat
<Row Ganish  iˈqʰɑt mouth> ī�ʰāt
<Row NazimabadUpperSust  ʌˈqʰʌt mouth> a�ʰat
<Row UyumNagar  iˈqʰʌt mouth> ī�ʰat
<Row Hoper  ɪˈqʰʌt mouth> i�ʰat
<Row YasinCenter  muɬˈtʌn blood> mū�tan
<Row ThuiYasin  muɬˈtʌn blood> mū�tan
<Row Hussainabad  g̣uˈrʌṣ̌ feces> g�ūraṣ
<Row Haiderabad  g̣uˈrʌṣ̌ feces> g�ūraṣ
<Row Ganish  g̣uˈrʌṣ̌ feces> g�ūraṣ
<Row NazimabadUpperSust  g̣uˈrɑṣ̌ feces> g�ūrāṣ
<Row UyumNagar  g̣uˈrʌṣ̌ feces> g�ūraṣ
<Row Hoper  g̣uˈrʌṣ̌ feces> g�ūraṣ
<Row YasinCenter  šoɬt roof> śo�t
<Row ThuiYasin  šoɬt roof> śo�t
<Row Hussainabad  g̣ʌˈšɪl firewood> g�aśil
<Row Murtazabad  g̣ʌˈšɪl firewood> g�aśil
<Row Haiderabad  g̣ʌˈšɪl firewood> g�aśil
<Row Ganish  g̣ʌˈšɪl firewood> g�aśil
<Row NazimabadUpperSust  g̣ʌˈšɪl firewood> g�aśil
<Row UyumNagar  ɛsqulʌs čuuni firewood> es�ūlas cūnī
<Row Hoper  ɛsqulʌs čuuni firewood> es�ūlas cūnī
<Row Hussainabad  ˈḍwɑqo hammer> ḍvā�o
<Row Ganish  ˈḍwɑqo hammer> ḍvā�o
<Row NazimabadUpperSust  ˈḍwɑqo hammer> ḍvā�o
<Row Hussainabad  čɑˈqu knife / pocketknife> cā�ū
<Row Murtazabad  čɑˈqu knife / pocketknife> cā�ū
<Row Haiderabad  čɑˈqu knife / pocketknife> cā�ū
<Row Ganish  čɑˈqu knife / pocketknife> cā�ū
<Row NazimabadUpperSust  čɑˈqu knife / pocketknife> cā�ū
<Row UyumNagar  čɑˈqu knife / pocketknife> cā�ū
<Row Hoper  čɑˈqu knife / pocketknife> cā�ū
<Row YasinCenter  čɑˈqu knife / pocketknife> cā�ū
<Row Hussainabad  quronč̣ cloud> �ūronʦ̣
<Row Murtazabad  quˈronč̣ cloud> �ūronʦ̣
<Row Haiderabad  quˈronč̣ cloud> �ūronʦ̣
<Row Ganish  quˈronč̣ cloud> �ūronʦ̣
<Row NazimabadUpperSust  quˈronč̣ cloud> �ūronʦ̣
<Row UyumNagar  qʰʌˈronč̣ cloud> �ʰaronʦ̣
<Row Hoper  qʰoˈroŋ cloud> �ʰoroŋ
<Row YasinCenter  hɑˈrʌɬt cloud> hāra�t
<Row ThuiYasin  toq mud> to�
<Row Hussainabad  ˈg̣ʌniṣ̌ gold> g�anīṣ
<Row Murtazabad  ˈg̣ɛniṣ̌ gold> g�enīṣ
<Row Haiderabad  ˈg̣ɛniṣ̌ gold> g�enīṣ
<Row Ganish  ˈg̣ɛnɪṣ̌ gold> g�eniṣ
<Row UyumNagar  ˈg̣ɛnɪṣ̌ gold> g�eniṣ
<Row Hoper  ˈg̣ɛniṣ̌ gold> g�enīṣ
<Row Hussainabad  ɑsˈqur flower> ās�ūr
<Row Murtazabad  ɑsˈqur flower> ās�ūr
<Row Haiderabad  ɑsˈqur flower> ās�ūr
<Row Ganish  ɑsˈqur flower> ās�ūr
<Row NazimabadUpperSust  ɑsˈqur flower> ās�ūr
<Row UyumNagar  ɑsˈqur flower> ās�ūr
<Row Hoper  ɑsˈqur flower> ās�ūr
<Row Hussainabad  bʊqˈpʌ garlic> bu�pa
<Row Murtazabad  bʊqˈpʌ garlic> bu�pa
<Row Haiderabad  bʊqˈpʌ garlic> bu�pa
<Row Ganish  boqˈpʌ garlic> bo�pa
<Row NazimabadUpperSust  boqˈpʌ garlic> bo�pa
<Row UyumNagar  bʊqˈpʌ garlic> bu�pa
<Row Hoper  bʊqˈpʌ garlic> bu�pa
<Row Hussainabad  g̣ʌˈšu onion> g�aśū
<Row Murtazabad  g̣ɑˈšu onion> g�āśū
<Row Haiderabad  g̣ɑˈšu onion> g�āśū
<Row Ganish  g̣ɑˈšu onion> g�āśū
<Row UyumNagar  g̣ɑˈšu onion> g�āśū
<Row Hussainabad  qɑrqɑˈɑmut͡s chicken (hen)> �ār�āāmūʦ
<Row Murtazabad  qɑrqɑˈɑmut͡s chicken (hen)> �ār�āāmūʦ
<Row Haiderabad  qɑrqɑˈɑmut͡s chicken (hen)> �ār�āāmūʦ
<Row Ganish  qɑrqɑˈɑmut͡s chicken (hen)> �ār�āāmūʦ
<Row NazimabadUpperSust  qɑrqɑˈɑmut͡s chicken (hen)> �ār�āāmūʦ
<Row UyumNagar  qɑrqɑˈɑmut͡s chicken (hen)> �ār�āāmūʦ
<Row Hoper  qɑrqɑˈɑmut͡s chicken (hen)> �ār�āāmūʦ
<Row YasinCenter  qɑrˈqɑɑmuš chicken (hen)> �ār�āmūś
<Row ThuiYasin  qɑrˈqɑɑmuš chicken (hen)> �ār�āmūś
<Row Hoper  ṣ̌ɪˈqʌl mosquito> ṣi�al
<Row Hussainabad  g̣uniqɪṣ̌ bad> g�ūnī�iṣ
<Row Murtazabad  g̣uˈnɛqɪṣ̌ bad> g�ūne�iṣ
<Row Haiderabad  g̣uˈnɛqɪṣ̌ bad> g�ūne�iṣ
<Row Ganish  g̣uˈniqɪṣ̌ bad> g�ūnī�iṣ
<Row NazimabadUpperSust  ɣuˈniqiṣ̌ bad> ɣūnī�īṣ
<Row UyumNagar  g̣ʌˈnɛqɪṣ̌ bad> g�ane�iṣ
<Row Hoper  ɣoˈnɛqɪṣ̌ bad> ɣone�iṣ
<Row Hussainabad  g̣oˈsɑnum long (horizontal)> g�osānūm
<Row Murtazabad  g̣oˈsɑnum long (horizontal)> g�osānūm
<Row Haiderabad  g̣oˈsɑnum long (horizontal)> g�osānūm
<Row Ganish  g̣oˈsɑnum long (horizontal)> g�osānūm
<Row UyumNagar  g̣oˈsɑnum long (horizontal)> g�osānūm
<Row Hussainabad  ˈg̣ɑỵpɑ left> g�āṛ̌pā
<Row Murtazabad  ˈg̣ɑỵpɑ left> g�āṛ̌pā
<Row Haiderabad  ˈg̣ɑỵpɑ left> g�āṛ̌pā
<Row Ganish  ˈg̣ɑỵpɑ left> g�āṛ̌pā
<Row UyumNagar  ˈg̣ɑỵpɑ left> g�āṛ̌pā
<Row Hoper  ˈg̣ɑỵpɑ left> g�āṛ̌pā
<Row YasinCenter  ɑɬˈto two> ā�to
<Row ThuiYasin  ɑɬˈto two> ā�to
<Row YasinCenter  ˈwɑɑɬte four> vā�te
<Row ThuiYasin  ˈwɑɑɬte four> vā�te
<Row YasinCenter  ɑɬˈtʌmbe eight> ā�tambe
<Row ThuiYasin  ɑɬˈtʌmbe eight> ā�tambe
<Row YasinCenter  ˈturmɑ ɑɬto twelve> tūrmā ā�to
<Row ThuiYasin  ˈturmɑ ɑɬto twelve> tūrmā ā�to
<Row YasinCenter  ˈɑɬtʌr twenty> ā�tar
<Row ThuiYasin  ˈɑɬtɑr twenty> ā�tār
<Row Hussainabad  ˈɛsqul burn! (trans.)> es�ūl
<Row Murtazabad  ˈɛsqul burn! (trans.)> es�ūl
<Row Haiderabad  ˈɛsqul burn! (trans.)> es�ūl
<Row Ganish  ˈɛsqul burn! (trans.)> es�ūl
<Row NazimabadUpperSust  ˈɛsqul burn! (trans.)> es�ūl
<Row UyumNagar  ˈɛsqul burn! (trans.)> es�ūl
<Row Hoper  ˈɛsqul burn! (trans.)> es�ūl
<Row YasinCenter  ˈɛsqul burn! (trans.)> es�ūl
<Row ThuiYasin  ˈɛsqul burn! (trans.)> es�ūl
<Row YasinCenter  guɬˈtumʌl ɛt listen! / hear!> gū�tūmal et
<Row ThuiYasin  guɬˈtumʌl ɛt listen! / hear!> gū�tūmal et
<Row Passu  ɣ̯iṣ̌ one ear> ɣ�īṣ
<Row Shimshal  ɣ̯iṣ̌ one ear> ɣ�īṣ
<Row Chapursan  ɣ̯iṣ̌ one ear> ɣ�īṣ
<Row Yasin  ɣ̯iṣ̌ one ear> ɣ�īṣ
<Row Ishkoman  ɣ̯ɪṣ̌ one ear> ɣ�iṣ
<Row Passu  dɨndɨk one tooth> d�nd�k
<Row Shimshal  dɨndɨk one tooth> d�nd�k
<Row Chapursan  dʉndʉk one tooth> d�nd�k
<Row Yasin  dɨndɨk one tooth> d�nd�k
<Row Ishkoman  dɨndɨk one tooth> d�nd�k
<Row Passu  dʊˑr belly> du�r
<Row Shimshal  dʊˑr belly> du�r
<Row Chapursan  dʊˑr belly> du�r
<Row Ishkoman  dʊˑr belly> du�r
<Row Passu  regæθ fingernail> regæ�
<Row Chapursan  riɣæθ fingernail> rīɣæ�
<Row Passu  pɪˈzɨv heart> piz�v
<Row Shimshal  pɨˈzɨv heart> p�z�v
<Row Chapursan  pʉˈzʉv heart> p�z�v
<Row Yasin  pɪˈzɨv heart> piz�v
<Row Passu  wʊx̯ɛn blood> vux�en
<Row Shimshal  wʊx̯en blood> vux�en
<Row Chapursan  wʊx̯en blood> vux�en
<Row Yasin  wʊx̯ɛn blood> vux�en
<Row Ishkoman  wʊx̯ɛn blood> vux�en
<Row Shimshal  mʉɬk village> m��k
<Row Passu  wʉsɛi thread> v�seī
<Row Shimshal  wʉsɛi thread> v�seī
<Row Chapursan  wʉsɛi thread> v�seī
<Row Chapursan  ẓ̌ʉtʌr thread> ẓ�tar
<Row Ishkoman  wʉsɛi thread> v�seī
<Row Yasin  zʉmʌk moon> z�mak
<Row Ishkoman  zɨmʌk moon> z�mak
<Row Chapursan  sˑtɑr one star> s�tār
<Row Yasin  sɨˈtor one star> s�tor
<Row Chapursan  mʊˑr rain> mu�r
<Row Ishkoman  wɨr rain> v�r
<Row Chapursan  nʉˈreo rainbow> n�reo
<Row Ishkoman  wʉˈdʌk path> v�dak
<Row Passu  ðit smoke> �īt
<Row Shimshal  ðit smoke> �īt
<Row Chapursan  ðit smoke> �īt
<Row Ishkoman  ðɪt smoke> �it
<Row Passu  wiʊx̯ root> vīux�
<Row Shimshal  wiʊx̯ root> vīux�
<Row Chapursan  wiʊx̯ root> vīux�
<Row Shimshal  sˑpreɣ flower> s�preɣ
<Row Chapursan  sˑpreɣ flower> s�preɣ
<Row Passu  zɨrčuvɑ turmeric> z�rcūvā
<Row Chapursan  zɨrčuvɑ turmeric> z�rcūvā
<Row Ishkoman  zɨrčuvɑ turmeric> z�rcūvā
<Row Passu  tʌxmʉrɣ one egg> taxm�rɣ
<Row Shimshal  tʌxmʉrɣ one egg> taxm�rɣ
<Row Chapursan  tʌxmʉrɣ one egg> taxm�rɣ
<Row Yasin  tʌxmʉrɣ one egg> taxm�rɣ
<Row Ishkoman  tʌxmʉrɣ one egg> taxm�rɣ
<Row Passu  ɣ̯iu cow> ɣ�īū
<Row Passu  čʌṭ ɣ̯iu cow> caṭ ɣ�īū
<Row Shimshal  čʌṭ ɣ̯ɪu cow> caṭ ɣ�iū
<Row Chapursan  čʌṭ ɣ̯ɪu cow> caṭ ɣ�iū
<Row Passu  pɪˈθiu mosquito> pi�īū
<Row Shimshal  pɪˈθiu mosquito> pi�īū
<Row Chapursan  pɪˈθɪu mosquito> pi�iū
<Row Ishkoman  pɪˈθiu mosquito> pi�īū
<Row Passu  ðɑi man> �āī
<Row Yasin  ðɑi man> �āī
<Row Ishkoman  ðɑi man> �āī
<Row Passu  x̯uinɑn woman> x�ūīnān
<Row Shimshal  x̯uinɑn woman> x�ūīnān
<Row Chapursan  x̯uinɑn woman> x�ūīnān
<Row Yasin  x̯inɑn woman> x�īnān
<Row Ishkoman  x̯inɑn woman> x�īnān
<Row Passu  lʊp vʉrɪt older brother> lup v�rit
<Row Shimshal  lup vʉrɪt older brother> lūp v�rit
<Row Chapursan  lup vʉrɨt older brother> lūp v�r�t
<Row Yasin  lup vʉrɪt older brother> lūp v�rit
<Row Passu  zʌqlɑi vʉrɪt younger brother> za�lāī v�rit
<Row Shimshal  lʌqlɑi vʉrɪt younger brother> la�lāī v�rit
<Row Chapursan  zʌqlɑi vʉrɨt younger brother> za�lāī v�r�t
<Row Yasin  t͡sɨklɑi vʉrɪt younger brother> ʦ�klāī v�rit
<Row Ishkoman  t͡sɨqlɑi vʌrɪt younger brother> ʦ��lāī varit
<Row Passu  lʊp x̯wi older sister> lup x�vī
<Row Shimshal  lup x̯wi older sister> lūp x�vī
<Row Chapursan  lup x̯wi older sister> lūp x�vī
<Row Yasin  lup x̯ʉi older sister> lūp x��ī
<Row Ishkoman  lup x̯ʉi older sister> lūp x��ī
<Row Passu  zʌqlɑi x̯wi younger sister> za�lāī x�vī
<Row Shimshal  lʌqlɑi x̯wi younger sister> la�lāī x�vī
<Row Chapursan  zʌq x̯wi younger sister> za� x�vī
<Row Yasin  t͡sɨklɑi x̯ʉi younger sister> ʦ�klāī x��ī
<Row Ishkoman  t͡sɨqlɑi x̯ʉi younger sister> ʦ��lāī x��ī
<Row Ishkoman  ˈpɨtr son> p�tr
<Row Passu  ðeɣt daughter> �eɣt
<Row Shimshal  ðeɣt daughter> �eɣt
<Row Chapursan  ðeɣt daughter> �eɣt
<Row Yasin  ðɛɣt daughter> �eɣt
<Row Ishkoman  ðeɣt daughter> �eɣt
<Row Ishkoman  ðɑi husband> �āī
<Row Ishkoman  kɨnd wife> k�nd
<Row Passu  pʰɨrčoð girl> pʰ�rco�
<Row Shimshal  pʊrčoθ girl> purco�
<Row Chapursan  pɨr̥čoθ girl> p�rco�
<Row Passu  mɛˈðer noon> me�er
<Row Shimshal  mɛˈðeri noon> me�erī
<Row Chapursan  mʉˈðʉr noon> m���r
<Row Yasin  mɨˈdɨr noon> m�d�r
<Row Ishkoman  mɨˈðɨr noon> m���r
<Row Passu  pʉrz evening> p�rz
<Row Shimshal  pʉrz evening> p�rz
<Row Chapursan  pʉrz evening> p�rz
<Row Yasin  pʉrz evening> p�rz
<Row Ishkoman  pʉrz evening> p�rz
<Row Passu  wʊðkʰ today> vu�kʰ
<Row Shimshal  wʊðkʰ today> vu�kʰ
<Row Chapursan  wʊðkʰ today> vu�kʰ
<Row Passu  mʉi month> m�ī
<Row Shimshal  mʉi month> m�ī
<Row Chapursan  mʉi month> m�ī
<Row Yasin  mʉi month> m�ī
<Row Ishkoman  mʉi month> m�ī
<Row Passu  qɛdimʉŋg old (thing)> �edīm�ŋg
<Row Shimshal  qɛdimɑ old (thing)> �edīmā
<Row Yasin 3895 kɨṭʰ short> k�ṭʰ
<Row Ishkoman 3895 kɨṭʰ short> k�ṭʰ
<Row Passu  θin hot> �īn
<Row Shimshal  θin hot> �īn
<Row Chapursan  θin hot> �īn
<Row Ishkoman  θin hot> �īn
<Row Passu  sʉr cold> s�r
<Row Shimshal  sʉr cold> s�r
<Row Chapursan  sʉr cold> s�r
<Row Yasin  sɨr cold> s�r
<Row Ishkoman  sɨr cold> s�r
<Row Passu  qʰʌˈrib near> �ʰarīb
<Row Shimshal  qʌˈrib near> �arīb
<Row Chapursan  qʌˈrib near> �arīb
<Row Yasin  qʌˈrib near> �arīb
<Row Ishkoman  qʌˈrib near> �arīb
<Row Passu  ðer far> �er
<Row Shimshal  ðer far> �er
<Row Chapursan  ðer far> �er
<Row Ishkoman  ðir far> �īr
<Row Passu  zʌqlɑi small> za�lāī
<Row Shimshal  lʌqlɑi small> la�lāī
<Row Chapursan  zʌqlɑi small> za�lāī
<Row Yasin  t͡sɨklɑi small> ʦ�klāī
<Row Ishkoman  zʌqlɑi small> za�lāī
<Row Yasin  sɨbɨkʰ light> s�b�kʰ
<Row Ishkoman  sɨbɨk light> s�b�k
<Row Ishkoman  bɨn below> b�n
<Row Ishkoman  sɨkʰr red> s�kʰr
<Row Passu  t͡sɨˈbʉr four> ʦ�b�r
<Row Shimshal  sɨˈbʉr four> s�b�r
<Row Chapursan  sɨˈbʉr four> s�b�r
<Row Yasin  sɨˈbʉr four> s�b�r
<Row Ishkoman  sɨˈbʉr four> s�b�r
<Row Passu  šɑð six> śā�
<Row Shimshal  šɑð six> śā�
<Row Chapursan  šɑð six> śā�
<Row Passu  hʉb seven> h�b
<Row Shimshal  hʉb seven> h�b
<Row Chapursan  hʉb seven> h�b
<Row Yasin  hʉb seven> h�b
<Row Ishkoman  hɨb seven> h�b
<Row Passu  ðʌs ten> �as
<Row Shimshal  ðʌs ten> �as
<Row Chapursan  ðʌs ten> �as
<Row Ishkoman  ðʌs ten> �as
<Row Passu  ðʌsyiu eleven> �asyīū
<Row Shimshal  ðʌsyiu eleven> �asyīū
<Row Chapursan  ðʌsyiu eleven> �asyīū
<Row Ishkoman  ðʌsyiu eleven> �asyīū
<Row Passu  ðʌsbui twelve> �asbūī
<Row Shimshal  ðʌsboi twelve> �asboī
<Row Chapursan  ðʌsboi twelve> �asboī
<Row Ishkoman  ðʌsbui twelve> �asbūī
<Row Chapursan  pʉtʉn whole (not broken)> p�t�n
<Row Passu  kux̯t all> kūx�t
<Row Shimshal  kux̯t all> kūx�t
<Row Chapursan  kux̯t all> kūx�t
<Row Yasin  kux̯t all> kūx�t
<Row Ishkoman  kʉ all> k�
<Row Passu  rʊxʉp (you) sleep!> rux�p
<Row Shimshal  rɨxp (you) sleep!> r�xp
<Row Chapursan  rʉxʉp (you) sleep!> r�x�p
<Row Yasin  rɪx̯p (you) sleep!> rix�p
<Row Ishkoman  ˈrɪx̯ʊp (you) sleep!> rix�up
<Row Shimshal  mɛx̯tɛ (he) died> mex�te
<Row Yasin  gɨfs (you) run!> g�fs
<Row Ishkoman  pʉrqši (you) listen!/hear!> p�r�śī
<Row Domaaki  qʰɑˈronč̣ cloud> �ʰāronʦ̣
<Row NagarThol  ˈòõši wind> ō̌�śī
<Row HunzaNasirabad  čʰɪŋᵏ mud> cʰiŋ�
<Row Dras  bʸæ̃ĩ tree> bʸæ�ī̃
<Row Satpara 10323 mì fat (meat)> mī�
<Row Haramosh 12528 šũ̱ dog> śū�
<Row Tangir  kʌˈdɑᵒ which> kadā�
<Row HunzaNasirabad  ṭʌq broken> ṭa�
<Row NagarThol  ṭʌq broken> ṭa�
<Row Kharmang  ˈšuŋi ẓ̌ʌŋ ˈtʰɑ̃ᵒ the dog bites> śūŋī ẓaŋ tʰā̃�
<Row Jalkot  tu̱ uˈnilno̱ˈyæ̃ you are hungry> tū ūnīlnoyæ�
<Row Palas  tu̱ unilonoˈyæ̃ you are hungry> tū ūnīlonoyæ�
<Row Palas  niroˈnoæ̃ you are hungry> nīronoæ�
<Row Jalkot  tu̱ uˈlilo̱no̱ˈyæ̃ you are thirsty> tū ūlīlonoyæ�
<Row Palas  tu̱ uˈlilonoˈyæ̃ you are thirsty> tū ūlīlonoyæ�
<Row Kolai  tu uˈliloˈnoyo̱æ̃ you are thirsty> tū ūlīlonoyoæ�
<Row NDu  bʰuʒɐ arm> bʰū�ā
<Row DRp  bʰuʒɐ arm> bʰū�ā
<Row KBp  bʰuʒɐ arm> bʰū�ā
<Row PRj  bʰuʒɐ arm> bʰū�ā
<Row BRg  kəĩntʃɐIRp cold> kaī̃ncā��p
<Row JBp  ɐnɐ̆another̃ different> ānā�ānother̃
<Row marwari_degana  ʂɐgɭaji all> �agḷāyī
<Row mewati_akera  tʃãʈja (small) axe> cā̃ṭyā �smāll�
<Row bagri_mannaksar  no entry chicken> no entr�
<Row hadothi_shyampura  (by name) daughter> �b� nāme�
<Row bagri_mannaksar  no entry egg> no entr�
<Row dhundari_badagaon  t͡sɔktə face> t�sɔkta
<Row dhundari_chalkoi  no entry faeces> no entr�
<Row dhundari_bhagatpur  no entry faeces> no entr�
<Row dhundari_bamore  no entry faeces> no entr�
<Row dhundari_pathalvas  no entry faeces> no entr�
<Row bagri_jamal  no entry fat> no entr�
<Row bagri_mannaksar  no entry fat> no entr�
<Row bagri_mannaksar  no entry fish> no entr�
<Row bagri_sardarsahar  dʒavc go!, he went> jāv�
<Row bagri_lakjikirani  dʒavc go!, he went> jāv�
<Row mewati_akera  dʒɦumɾa (big) hammer> jʰūmrā �bīg�
<Row hadothi_pakkarana  soɾjɔtʃhɛ` he is sleeping> soryɔcʰɛ�
<Row mewari_bhunyakhedi  vɐdʒɐnd̻ɑɾ heavy> vajand�ār
<Row bagri_mannaksar  no entry meat> no entr�
<Row dhundari_deladi e73 mɛh̥ɛnɔ month> mɛh�ɛnɔ
<Row bagri_sardarsahar  wəɾʂɑ rain> var�ā
<Row mewati_chirkana  ɪnd̪ɾad̪ɦənuʂ rainbow> indrādʰanū�
<Row mewati_jhambaus  ɪnd̪ɾad̪ɦənuʂ rainbow> indrādʰanū�
<Row bagri_karnigedda  ɪnd̪ɾɑd̪ɦənuʂ rainbow> indrādʰanū�
<Row dhundari_jorpura  ɪn̪d̪ɾəd̪ɦʌnʊʂ rainbow> indradʰanu�
<Row hadothi_shyampura  (by name) son> �b� nāme�
<Row dhundari_bhagatpur  n̪aɲt͡ʃɔ son> nāñt�śɔ
<Row mewati_akera  ʈoɭa (small) stone> ṭoḷā �smāll�
<Row bagri_karnigedda  jɜ this> y�
<Row dhundari_pathalvas  no entry urine> no entr�
<Row dhundari_bamore  no entry urine> no entr�
<Row dhundari_chalkoi  no entry urine> no entr�
<Row dhundari_bhagatpur  no entry urine> no entr�
<Row dhundari_chalkoi  meʔ we (1st plural, exclusive)> me�
<Row bagri_mirzawala  mːeh (d̪ɔnɔ) we (1st plural, exclusive)> meh �dɔnɔ�
<Row mewari_dholpura  sɐh̩i whole> sah�ī
<Row hadothi_silori  (by name) younger brother> �b� nāme�
<Row mewari_ajmer  (by name) younger brother> �b� nāme�
<Row mewari_bannoda  (by name) younger brother> �b� nāme�
<Row bagri_karnigedda  (by name) younger brother> �b� nāme�
<Row dhundari_deladi  (by name) younger brother> �b� nāme�
<Row hadothi_piplia  (by name) younger brother> �b� nāme�
<Row hadothi_patera  (by name) younger brother> �b� nāme�
<Row mewari_dholpura  (by name) younger brother> �b� nāme�
<Row hadothi_shyampura  (by name) younger brother> �b� nāme�
<Row hadothi_kawai  (by name) younger brother> �b� nāme�
<Row mewari_khor  (by name) younger brother> �b� nāme�
<Row mewari_jesingpura  (by name) younger brother> �b� nāme�
<Row hadothi_gothda  (by name) younger brother> �b� nāme�
<Row mewari_gorana  (by name) younger brother> �b� nāme�
<Row mewari_hurda  (by name) younger brother> �b� nāme�
<Row mewari_kalnsas  (by name) younger brother> �b� nāme�
<Row hadothi_kelwada  (by name) younger sister> �b� nāme�
<Row hadothi_silori  (by name) younger sister> �b� nāme�
<Row hadothi_patera  (by name) younger sister> �b� nāme�
<Row hadothi_devpura  (by name) younger sister> �b� nāme�
<Row hadothi_piplia  (by name) younger sister> �b� nāme�
<Row hadothi_shyampura  (by name) younger sister> �b� nāme�
<Row hadothi_kawai  (by name) younger sister> �b� nāme�
<Row hadothi_gothda  (by name) younger sister> �b� nāme�
<Row dhundari_jorpura  (by name) younger sister> �b� nāme�
<Row marwari_degana  (by name) younger sister> �b� nāme�
<Row dhundari_bhagatpur  n̪aɲːt͡ʃɔ younger sister> nāñt�śɔ
<Row bundeli_kurra  - / kʰɐʈkʰɐʊ bite/he bit> � kʰāṭkʰāu
<Row braj_bundi  kɐtle / kɐtlijɐ bite/he bit> kātle � kātlīyā
<Row dehati_asoh  kɐʈdəʋe / kɐʈd̪ɐjin bite/he bit> kāṭdave � kāṭdāyīn
<Row mugalai_panjarakala  kɐʈd̪ɛ / kɐʈkɐɪ bite/he bit> kāṭdɛ � kāṭkāi
<Row bundeli_sakera  kɐʈkʰɐ / kɐʈləʋ bite/he bit> kāṭkʰā � kāṭlav
<Row bundeli_jamunia  kɐʈkʰɐo / kɐʈkʰɐʋ bite/he bit> kāṭkʰāo � kāṭkʰāv
<Row bundeli_karera  kɐʈkʰɐo / kɐʈkʰɐʋ bite/he bit> kāṭkʰāo � kāṭkʰāv
<Row bundeli_gudah  kɐʈlɛ / kɐʈləu̯ bite/he bit> kāṭlɛ � kāṭlaū
<Row bundeli_hardwar  kɐʈo / kɐʈlɐu bite/he bit> kāṭo � kāṭlāū
<Row braj_gokul  kʰɐjɡo / kʰɐjɡo bite/he bit> kʰāygo � kʰāygo
<Row jatbara_katva  kʰɐɪlɛ / kʰɐtlɛɪ bite/he bit> kʰāilɛ � kʰātlɛi
<Row chaurasi_lautna  kʰɐʈkʰɐ / kʰɐʈkəo bite/he bit> kʰāṭkʰā � kʰāṭkao
<Row bundeli_bagaran  kʰət ̪əɾd̪e / kət ̪əɾd̪ɐu̯ bite/he bit> kʰat arde � kat ardāū
<Row bundeli_kaliputra  kʰət ̪əɾlo / kʰət ̪ɾləu bite/he bit> kʰat arlo � kʰat rlaū
<Row bundeli_malupur  kʰəʈəlo / kʰətəɾlɐʊ̯ bite/he bit> kʰaṭalo � kʰatarlāu
<Row nagpuri_beradi  t ̪oɖunʈɐkə / t ̪oɖləʋu bite/he bit> t oḍūnṭāka � t oḍlavū
<Row lodhi_gara  tʃɐbdɛ / tʃɐbd̪ɪ bite/he bit> cābdɛ � cābdi
<Row pawar_kashpur  tʃɐbd̪o / tʃɐbd̪ɪjɐ bite/he bit> cābdo � cābdiyā
<Row dehati_chand  tʃɐbd̪ɛ / tʃɐbd̪əʋ bite/he bit> cābdɛ � cābdav
<Row dehati_bijana  tʃɐbd̪ɛ / tʃɐbd̪əʋ bite/he bit> cābdɛ � cābdav
<Row bagheli_lakshman  tʃɐble / tʃɐblihɛ bite/he bit> cāble � cāblīhɛ
<Row bundeli_hadrokh  tʃɐbɐjlɛ / tʃɐbɐlɐu bite/he bit> cābāylɛ � cābālāū
<Row bundeli_atarra  tʃəbɐilɛ / tʃəbɐlɪhɪs bite/he bit> cabāīlɛ � cabālihis
<Row bundeli_kuthupur  tʃəbɐljɐ / tʃəbɐlɪn bite/he bit> cabālyā � cabālin
<Row bundeli_kaptia  tʃəbɐlɛ / tʃəbɐlɪhɪs bite/he bit> cabālɛ � cabālihis
<Row nagpuri_beradi  je / ɐlə come/he came> ye � āla
<Row bagheli_lakshman  ɐbə / ɐiɡə come/he came> āba � āīga
<Row lodhi_gara  ɐdʒɐ / ɐjɪɡəjo come/he came> ājā � āyigayo
<Row braj_bundi  ɐdʒɐ / ɐɡjo come/he came> ājā � āgyo
<Row bundeli_gudah  ɐdʒɐ / ɐɡəu come/he came> ājā � āgaū
<Row dehati_chand  ɐdʒɐ / ɐɡəʋ come/he came> ājā � āgav
<Row bundeli_jamunia  ɐdʒɐ / ɐɡəʋ come/he came> ājā � āgav
<Row mugalai_panjarakala  ɐdʒɐ / ɐɡəʋ come/he came> ājā � āgav
<Row dehati_bijana  ɐdʒɐ / ɐɡəʋ come/he came> ājā � āgav
<Row chaurasi_lautna  ɐdʒɐ / ɐɡəʋ come/he came> ājā � āgav
<Row bundeli_sakera  ɐdʒɐ / ɐɡəʋ come/he came> ājā � āgav
<Row bundeli_kaliputra  ɐdʒɐo / ɐɡəu come/he came> ājāo � āgaū
<Row braj_gokul  ɐiʒɐ / ɐiɡo come/he came> āī�ā � āīgo
<Row bundeli_bagaran  ɐo / ɐɡɐu come/he came> āo � āgāū
<Row bundeli_hardwar  ɐo / ɐɡəu come/he came> āo � āgaū
<Row bundeli_karera  ɐo / ɐɡəʋ come/he came> āo � āgav
<Row jatbara_katva  ɐu / ɐɪɡəɪ come/he came> āū � āigai
<Row bundeli_malupur  ɐʊ / ɐɡɐʊ come/he came> āu � āgāu
<Row bundeli_kurra  ɐʊ̯ / ɐɡɐʊ come/he came> āu � āgāu
<Row bundeli_hadrokh  ɐʋ / ɐjɡəjɛ come/he came> āv � āygayɛ
<Row bundeli_kaptia  ɐʋ / ɐɡɐ come/he came> āv � āgā
<Row pawar_kashpur  ɐʋ / ɐɪɡəjo come/he came> āv � āigayo
<Row dehati_asoh  ɐʋe / ɐɡɐ come/he came> āve � āgā
<Row bundeli_kuthupur  ɐʋə / ɐɡɐ come/he came> āva � āgā
<Row bundeli_atarra  ɐʋɯ / ɐʋɐ come/he came> āva � āvā
<Row bundeli_sakera  dʒɪnməɾ / məɾɡəʋ don’t die/he died> jinmar � margav
<Row chaurasi_lautna  dʒɪnməɾɛ / məɾɡəo don’t die/he died> jinmarɛ � margao
<Row braj_gokul  mɐt ̪məɾɛ / məɾɡo don’t die/he died> māt marɛ � margo
<Row mugalai_panjarakala  mət ̪məɾ / məɾɡəʋ don’t die/he died> mat mar � margav
<Row lodhi_gara  mət ̪məɾɛɪ / məɾɡəjo don’t die/he died> mat marɛi � margayo
<Row braj_bundi  mət ̪t ̪ɪmɐɾe / mɐɾɡo don’t die/he died> mat t imāre � mārgo
<Row dehati_chand  mət ̪ʰməɾo / məɾɡəʋ don’t die/he died> mat ʰmaro � margav
<Row bundeli_kaptia  məɾnə / məɾɡɐ don’t die/he died> marna � margā
<Row bundeli_kaliputra  məɾonəɪ / məɾɡəu don’t die/he died> maronai � margaū
<Row dehati_asoh  məɾunɐ / mɐɾiɡɐ don’t die/he died> marūnā � mārīgā
<Row nagpuri_beradi  məɾunəkə / melə don’t die/he died> marūnaka � mela
<Row bundeli_kurra  nɐmɐɾʊ / məɾɡɐʊ don’t die/he died> nāmāru � margāu
<Row jatbara_katva  nəhɪməɾo / məɾɡəʋ don’t die/he died> nahimaro � margav
<Row bundeli_atarra  nəməɾ / məɾɡɐ don’t die/he died> namar � margā
<Row bundeli_bagaran  nəməɾ / məɾɡə don’t die/he died> namar � marga
<Row bundeli_gudah  nəməɾ / məɾɡəu don’t die/he died> namar � margaū
<Row bundeli_malupur  nəməɾo / məɾɡɐʊ don’t die/he died> namaro � margāu
<Row bundeli_jamunia  nəməɾo / məɾɡəʋ don’t die/he died> namaro � margav
<Row bagheli_lakshman  nəməɾə / məɾiɡə don’t die/he died> namara � marīga
<Row pawar_kashpur  nəməɾəs / məɾɡəjo don’t die/he died> namaras � margayo
<Row bundeli_hadrokh  nəməɾɪjo / məɾɡəjɛ don’t die/he died> namariyo � margayɛ
<Row bundeli_hardwar  nəɪməɾo / məɾɡəu don’t die/he died> naimaro � margaū
<Row bundeli_kuthupur  nəɪməɾo / məɾɡəʋ don’t die/he died> naimaro � margav
<Row dehati_bijana  nəɪməɾo / məɾɡəʋ don’t die/he died> naimaro � margav
<Row bundeli_sakera  dʒɪnmɐɾ / mɐɾdəʋ don’t kill/he killed> jinmār � mārdav
<Row chaurasi_lautna  dʒɪnmɐɾɛ / mɐɾd̪əo don’t kill/he killed> jinmārɛ � mārdao
<Row braj_gokul  mɐt ̪mɐɾo / mɐɾd̪ijo don’t kill/he killed> māt māro � mārdīyo
<Row bundeli_kaptia  mɐɾnə / mɐɾɪs don’t kill/he killed> mārna � māris
<Row bundeli_kaliputra  mɐɾonəɪ / mɐɾɐu̯ don’t kill/he killed> māronai � mārāū
<Row nagpuri_beradi  mɐɾunəkə / mɐɾlə don’t kill/he killed> mārūnaka � mārla
<Row dehati_chand  mət ̪mɐɾ / mɐɾd̪əʋ don’t kill/he killed> mat mār � mārdav
<Row mugalai_panjarakala  mət ̪mɐɾ / mɐɾd̪əʋ don’t kill/he killed> mat mār � mārdav
<Row jatbara_katva  mət ̪mɐɾo / mɐɾo don’t kill/he killed> mat māro � māro
<Row lodhi_gara  mət ̪mɐɾo / mɐɾɖɐlɛ don’t kill/he killed> mat māro � mārḍālɛ
<Row braj_bundi  mət ̪t ̪ɪmɐɾe / mɐɾɡo don’t kill/he killed> mat t imāre � mārgo
<Row bundeli_kurra  nɐmɐɾʊ / mɐɾloɾu don’t kill/he killed> nāmāru � mārlorū
<Row pawar_kashpur  nəkomɐɾs / mɐɾɡəjo don’t kill/he killed> nakomārs � mārgayo
<Row dehati_asoh  nəmɐru / mɐɾɐi ̯n don’t kill/he killed> namārū � mārāī n
<Row bundeli_bagaran  nəmɐɾ / mɐɾdɐu don’t kill/he killed> namār � mārdāū
<Row bundeli_kuthupur  nəmɐɾ / mɐɾd̪in don’t kill/he killed> namār � mārdīn
<Row bundeli_atarra  nəmɐɾ / mɐɾd̪ɪhɪs don’t kill/he killed> namār � mārdihis
<Row bundeli_gudah  nəmɐɾ / mɐɾɖɐlou don’t kill/he killed> namār � mārḍāloū
<Row bundeli_hadrokh  nəmɐɾijo / mɐɾdəu don’t kill/he killed> namārīyo � mārdaū
<Row bundeli_malupur  nəmɐɾo / mɐɾdɐʊ don’t kill/he killed> namāro � mārdāu
<Row bundeli_hardwar  nəmɐɾo / mɐɾɖɐɾo don’t kill/he killed> namāro � mārḍāro
<Row bagheli_lakshman  nəmɐɾə / mɐɾd̪ɪhis don’t kill/he killed> namāra � mārdihīs
<Row dehati_bijana  nəɪmɐɾ / mɐɾd̪əʋ don’t kill/he killed> naimār � mārdav
<Row bundeli_karera  nɛmɐɾo / mɐd̪əʋ don’t kill/he killed> nɛmāro � mādav
<Row bundeli_jamunia  nɛmɐɾo / mɐɾd̪əʋ don’t kill/he killed> nɛmāro � mārdav
<Row bundeli_kurra  pile / pilɐʊ drink/he drank> pīle � pīlāu
<Row bundeli_karera  pile / piləʋ drink/he drank> pīle � pīlav
<Row dehati_asoh  pile / pitʃũkjɐu drink/he drank> pīle � pīcū̃kyāū
<Row bagheli_lakshman  pilijə / pilehen drink/he drank> pīlīya � pīlehen
<Row bundeli_kuthupur  piljɐ / pilɪn drink/he drank> pīlyā � pīlin
<Row bundeli_malupur  pilo / pilɐʊ drink/he drank> pīlo � pīlāu
<Row bundeli_bagaran  pilo / piləʊ drink/he drank> pīlo � pīlau
<Row bundeli_kaptia  pilɛ / pibʰɛj drink/he drank> pīlɛ � pībʰɛy
<Row braj_bundi  pilɛ / pilijo drink/he drank> pīlɛ � pīlīyo
<Row braj_gokul  pilɛ / pilijo drink/he drank> pīlɛ � pīlīyo
<Row bundeli_hadrokh  pilɛ / pilɐu drink/he drank> pīlɛ � pīlāū
<Row dehati_chand  pilɛ / piləʋ drink/he drank> pīlɛ � pīlav
<Row bundeli_jamunia  pilɛ / piləʋ drink/he drank> pīlɛ � pīlav
<Row mugalai_panjarakala  pilɛ / piləʋ drink/he drank> pīlɛ � pīlav
<Row dehati_bijana  pilɛ / piləʋ drink/he drank> pīlɛ � pīlav
<Row chaurasi_lautna  pilɛ / piləʋ drink/he drank> pīlɛ � pīlav
<Row bundeli_sakera  pilɛ / piləʋ drink/he drank> pīlɛ � pīlav
<Row jatbara_katva  pilɛ / pilɛʋ drink/he drank> pīlɛ � pīlɛv
<Row bundeli_atarra  pilɛ / pilɪhɪs drink/he drank> pīlɛ � pīlihis
<Row pawar_kashpur  pilɛ / pilɪjo drink/he drank> pīlɛ � pīliyo
<Row bundeli_gudah  pilʲu / piləu drink/he drank> pīlʸū � pīlaū
<Row bundeli_kaliputra  pio / piləu drink/he drank> pīo � pīlaū
<Row bundeli_hardwar  piːlo / piːləu drink/he drank> pīlo � pīlaū
<Row nagpuri_beradi  pjɐ / pele drink/he drank> pyā � pele
<Row lodhi_gara  pɪlɛ / pɪlɪ drink/he drank> pilɛ � pili
<Row pawar_kashpur  dʒelo / dʒelijo eat/he ate> jelo � jelīyo
<Row mugalai_panjarakala  dʒelɛ / dʒeləʋ eat/he ate> jelɛ � jelav
<Row nagpuri_beradi  dʒəʋundʒʰələ / dʒəʋunɡjɐ eat/he ate> javūnjʰala � javūngyā
<Row bundeli_atarra  kʰɐ / kʰɐɪs eat/he ate> kʰā � kʰāis
<Row braj_bundi  kʰɐjlɛ / kʰɐjlijo eat/he ate> kʰāylɛ � kʰāylīyo
<Row braj_gokul  kʰɐjlɛ / kʰɐjlijo eat/he ate> kʰāylɛ � kʰāylīyo
<Row bundeli_hadrokh  kʰɐjlɛ / kʰɐjlɛi ̯ eat/he ate> kʰāylɛ � kʰāylɛī 
<Row bundeli_kurra  kʰɐle / kʰɐlɐʊ̯ eat/he ate> kʰāle � kʰālāu
<Row dehati_asoh  kʰɐle / kʰɐtʃukẽɐu̯ eat/he ate> kʰāle � kʰācūkẽāū
<Row bundeli_kuthupur  kʰɐljɐ / kʰɐlin eat/he ate> kʰālyā � kʰālīn
<Row bundeli_hardwar  kʰɐlo / kʰɐlɐu eat/he ate> kʰālo � kʰālāū
<Row bundeli_malupur  kʰɐlo / kʰɐlɐʊ̯ eat/he ate> kʰālo � kʰālāu
<Row bundeli_kaliputra  kʰɐlo / kʰɐləʊ eat/he ate> kʰālo � kʰālau
<Row bundeli_bagaran  kʰɐlo / kʰɐləʊ eat/he ate> kʰālo � kʰālau
<Row mugalai_panjarakala  kʰɐlo / kʰɐləʋ eat/he ate> kʰālo � kʰālav
<Row bundeli_kaptia  kʰɐlɛ / kʰɐbʰɛj eat/he ate> kʰālɛ � kʰābʰɛy
<Row bundeli_sakera  kʰɐlɛ / kʰɐləu̯ eat/he ate> kʰālɛ � kʰālaū
<Row dehati_chand  kʰɐlɛ / kʰɐləʋ eat/he ate> kʰālɛ � kʰālav
<Row bundeli_jamunia  kʰɐlɛ / kʰɐləʋ eat/he ate> kʰālɛ � kʰālav
<Row bundeli_karera  kʰɐlɛ / kʰɐləʋ eat/he ate> kʰālɛ � kʰālav
<Row chaurasi_lautna  kʰɐlɛ / kʰɐləʋ eat/he ate> kʰālɛ � kʰālav
<Row bundeli_gudah  kʰɐlɛ / kʰɐɡəu̯ eat/he ate> kʰālɛ � kʰāgaū
<Row dehati_bijana  kʰɐlɛo / kʰɐlɛ eat/he ate> kʰālɛo � kʰālɛ
<Row bundeli_kaliputra  kʰɐo / kʰɐləu̯ eat/he ate> kʰāo � kʰālaū
<Row jatbara_katva  kʰɐo / kʰɐɪləu̯ eat/he ate> kʰāo � kʰāilaū
<Row lodhi_gara  kʰɐɪ ̯lɛ / kʰɐɪ ̯lɪ eat/he ate> kʰāi lɛ � kʰāi li
<Row bagheli_lakshman  kʰəi ̯lɛ / kʰəi ̯tʃukɐ eat/he ate> kʰaī lɛ � kʰaī cūkā
<Row bundeli_karera  ʔdʒeləʋ eat/he ate> �jelav
<Row bundeli_malupur 6914 nȍ fingernail> n�
<Row bundeli_karera 6914 nȍ fingernail> n�
<Row nagpuri_beradi  puʂpə flower> pū�pa
<Row bundeli_kurra  oɾət ̪ / oɾɐɡɐʊ fly/it flies> orat  � orāgāu
<Row bundeli_bagaran  udət ̪ / uɖɡɐi fly/it flies> ūdat  � ūḍgāī
<Row bundeli_hardwar  uɖ / uɖɡɐu fly/it flies> ūḍ � ūḍgāū
<Row jatbara_katva  uɖ / uɖɡəʋ fly/it flies> ūḍ � ūḍgav
<Row bundeli_kaliputra  uɖ / uɖɡəʋ fly/it flies> ūḍ � ūḍgav
<Row bundeli_kuthupur  uɖ / uɖɡəʋ fly/it flies> ūḍ � ūḍgav
<Row pawar_kashpur  uɖdʒɐ / uɖɐɪ ̯ɡəjo fly/it flies> ūḍjā � ūḍāi gayo
<Row lodhi_gara  uɖdʒɐ / uɖɡəjo fly/it flies> ūḍjā � ūḍgayo
<Row dehati_chand  uɖdʒɐ / uɖɡəʋ fly/it flies> ūḍjā � ūḍgav
<Row bundeli_jamunia  uɖdʒɐ / uɖɡəʋ fly/it flies> ūḍjā � ūḍgav
<Row bundeli_sakera  uɖdʒɐ / uɖɡəʋ fly/it flies> ūḍjā � ūḍgav
<Row bundeli_kaptia  uɖdʒɐ / uɖɡɛ fly/it flies> ūḍjā � ūḍgɛ
<Row mugalai_panjarakala  uɖdʒə / uɖɡəʋ fly/it flies> ūḍja � ūḍgav
<Row bundeli_karera  uɖdʒə / uɖɡəʋ fly/it flies> ūḍja � ūḍgav
<Row dehati_bijana  uɖdʒə / uɖɡəʋ fly/it flies> ūḍja � ūḍgav
<Row chaurasi_lautna  uɖdʒə / uɖɡəʋ fly/it flies> ūḍja � ūḍgav
<Row dehati_asoh  uɖidʒɐ / uɖiɡəi fly/it flies> ūḍījā � ūḍīgaī
<Row bundeli_gudah  uɖo / uɖi fly/it flies> ūḍo � ūḍī
<Row bundeli_hadrokh  uɖo / uɖɡɛɪ fly/it flies> ūḍo � ūḍgɛi
<Row braj_bundi  uɖɐ / uɖɡɐʋ fly/it flies> ūḍā � ūḍgāv
<Row bundeli_malupur  uɖət ̪ / uɖɡɐʊ fly/it flies> ūḍat  � ūḍgāu
<Row nagpuri_beradi  uɖɭə / uɖunɡelə fly/it flies> ūḍḷa � ūḍūngela
<Row braj_gokul  uɖɾo / uɖɡo fly/it flies> ūḍro � ūḍgo
<Row bundeli_atarra  ʊɖ / ʊɖɡɛ fly/it flies> uḍ � uḍgɛ
<Row bagheli_lakshman  ʊɖi / ʊɖiɡəi fly/it flies> uḍī � uḍīgaī
<Row braj_bundi  d̪ed̪e / d̪ed̪ijo give/he gave> dede � dedīyo
<Row braj_gokul  d̪ed̪e / d̪ed̪ijo give/he gave> dede � dedīyo
<Row bundeli_kurra  d̪ed̪e / d̪ed̪ɐʊ give/he gave> dede � dedāu
<Row dehati_chand  d̪ed̪e / d̪ed̪əʋ give/he gave> dede � dedav
<Row bundeli_karera  d̪ed̪e / d̪ed̪əʋ give/he gave> dede � dedav
<Row bundeli_malupur  d̪ed̪o / d̪ed̪ɐʊ give/he gave> dedo � dedāu
<Row bundeli_kaliputra  d̪ed̪o / d̪ed̪əu give/he gave> dedo � dedaū
<Row bundeli_jamunia  d̪ed̪o / d̪ed̪əʋ give/he gave> dedo � dedav
<Row bundeli_sakera  d̪ed̪o / d̪ed̪əʋ give/he gave> dedo � dedav
<Row jatbara_katva  d̪ed̪ɛ / d̪ed̪əʋ give/he gave> dedɛ � dedav
<Row mugalai_panjarakala  d̪ed̪ɛ / d̪ed̪əʋ give/he gave> dedɛ � dedav
<Row dehati_bijana  d̪ed̪ɛ / d̪ed̪əʋ give/he gave> dedɛ � dedav
<Row chaurasi_lautna  d̪ed̪ɛ / d̪ed̪əʋ give/he gave> dedɛ � dedav
<Row lodhi_gara  d̪ed̪ɛ / d̪ed̪ɪ give/he gave> dedɛ � dedi
<Row bundeli_hadrokh  d̪ed̪ɛ / d̪eɡəi give/he gave> dedɛ � degaī
<Row bagheli_lakshman  d̪i ̯d̪ə / d̪i ̯d̪ihɪn give/he gave> dī da � dī dīhin
<Row nagpuri_beradi  d̪iund̪jɐ / d̪ilə give/he gave> dīūndyā � dīla
<Row dehati_asoh  d̪əid̪e / d̪əid̪ɪhis give/he gave> daīde � daīdihīs
<Row bundeli_atarra  d̪əɪd̪ɛ / d̪əɪd̪ɪhɪs give/he gave> daidɛ � daidihis
<Row pawar_kashpur  d̪ɛd̪ɛ / d̪ɛd̪ɪs give/he gave> dɛdɛ � dɛdis
<Row bundeli_kaptia  d̪ɛi ̯d̪ɛ / d̪ɛd̪inhis give/he gave> dɛī dɛ � dɛdīnhīs
<Row bundeli_hardwar  d̪ɛijo / d̪ɛd̪əu give/he gave> dɛīyo � dɛdaū
<Row bundeli_bagaran  d̪ɛo / d̪edəʊ give/he gave> dɛo � dedau
<Row bundeli_gudah  d̪ɛɖɛ / dɛɡəu give/he gave> dɛḍɛ � dɛgaū
<Row bundeli_kuthupur  d̪ɛɪd̪ɛ / d̪ɛɪd̪ɪn give/he gave> dɛidɛ � dɛidin
<Row bundeli_malupur  bʰɐɡʊ̯ / bʰɐɡɡɐʊ go/he went> bʰāgu � bʰāggāu
<Row bundeli_kaptia  dʒɐ / tʃəloɡɐ go/he went> jā � calogā
<Row bundeli_kuthupur  dʒɐ / tʃəloɡɐ go/he went> jā � calogā
<Row chaurasi_lautna  dʒɐ / tʃəloɡɐ go/he went> jā � calogā
<Row bundeli_sakera  dʒɐ / tʃəloɡəʋ go/he went> jā � calogav
<Row dehati_asoh  dʒɐ / tʃəlɐɡɐ go/he went> jā � calāgā
<Row bundeli_atarra  dʒɐ / tʃəlɐɡɐ go/he went> jā � calāgā
<Row nagpuri_beradi  dʒɐ / ɡelɐ go/he went> jā � gelā
<Row bagheli_lakshman  dʒɐ / ɡə go/he went> jā � ga
<Row jatbara_katva  dʒɐ / ɡəʋ go/he went> jā � gav
<Row bundeli_bagaran  dʒɐo / tʃəloɡɐu go/he went> jāo � calogāū
<Row bundeli_gudah  dʒɐo / tʃəloɡəu go/he went> jāo � calogaū
<Row bundeli_malupur  dʒɐo / tʃəloɡəʊ go/he went> jāo � calogau
<Row bundeli_hadrokh  dʒɐo / tʃəlɛɡəjɛ go/he went> jāo � calɛgayɛ
<Row bundeli_hardwar  dʒɐo / ɡəu go/he went> jāo � gaū
<Row bundeli_kaliputra  dʒɐo / ɡəu go/he went> jāo � gaū
<Row dehati_bijana  tʃəld̪o / tʃəld̪əʋ go/he went> caldo � caldav
<Row bundeli_karera  tʃəledʒə / tʃəloɡəʋ go/he went> caleja � calogav
<Row braj_bundi  tʃəlodʒɐ / tʃəloɡo go/he went> calojā � calogo
<Row braj_gokul  tʃəlodʒɐ / tʃəloɡo go/he went> calojā � calogo
<Row dehati_chand  tʃəlodʒɐ / tʃəloɡəʋ go/he went> calojā � calogav
<Row mugalai_panjarakala  tʃəlodʒɐ / ɡəʋ go/he went> calojā � gav
<Row bundeli_jamunia  tʃəlɛdʒɐ / tʃəloɡəʋ go/he went> calɛjā � calogav
<Row lodhi_gara  tʃəlɪdʒɐ / tʃəliɡəjo go/he went> calijā � calīgayo
<Row pawar_kashpur  tʃəlɪdʒɐɪ / tʃəlɪdʒɐɪ go/he went> calijāi � calijāi
<Row bundeli_kurra  tʃəɭo / tʃəɭɡɐʊ go/he went> caḷo � caḷgāu
<Row bundeli_hardwar  bɐsunət ̪ / bɐsunləu he hears/he heard> bāsūnat  � bāsūnlaū
<Row bundeli_kurra  sonət ̪ / sonlɐʊ he hears/he heard> sonat  � sonlāu
<Row bundeli_gudah  suno / sunət ̪ʰ he hears/he heard> sūno � sūnat ʰ
<Row dehati_asoh  sunɐʈʈʰɛi ̯ / suntʃukɐ he hears/he heard> sūnāṭṭʰɛī  � sūncūkā
<Row bundeli_atarra  sunət ̪ / sunes he hears/he heard> sūnat  � sūnes
<Row bundeli_kaptia  sunət ̪ / sunlihis he hears/he heard> sūnat  � sūnlīhīs
<Row bagheli_lakshman  sunət ̪ / sunlihɪn he hears/he heard> sūnat  � sūnlīhin
<Row bundeli_kuthupur  sunət ̪ / sunlin he hears/he heard> sūnat  � sūnlīn
<Row jatbara_katva  sunəʋ / sunləʋ he hears/he heard> sūnav � sūnlav
<Row lodhi_gara  sunɯhɛ / sunlɪjo he hears/he heard> sūnahɛ � sūnliyo
<Row bundeli_bagaran  sunɾəhɛ / sunlɐu he hears/he heard> sūnrahɛ � sūnlāū
<Row bundeli_hadrokh  sunɾəhɛ / sunləu he hears/he heard> sūnrahɛ � sūnlaū
<Row braj_bundi  sunɾəi / sunɛi he hears/he heard> sūnraī � sūnɛī
<Row braj_gokul  sunɾəo / sunlijo he hears/he heard> sūnrao � sūnlīyo
<Row bundeli_kaliputra  sunɾəo / sunləʋ he hears/he heard> sūnrao � sūnlav
<Row bundeli_jamunia  sunɾəo / sunləʋ he hears/he heard> sūnrao � sūnlav
<Row bundeli_karera  sunɾəo / sunləʋ he hears/he heard> sūnrao � sūnlav
<Row dehati_bijana  sunɾəo / sunləʋ he hears/he heard> sūnrao � sūnlav
<Row chaurasi_lautna  sunɾəo / sunlɛɪ he hears/he heard> sūnrao � sūnlɛi
<Row mugalai_panjarakala  sunɾəo / sunɡəʋ he hears/he heard> sūnrao � sūngav
<Row bundeli_sakera  sunɾəɛ / sunləʋ he hears/he heard> sūnraɛ � sūnlav
<Row dehati_chand  sunɾəʋhɛ / sunləʋ he hears/he heard> sūnravhɛ � sūnlav
<Row bundeli_malupur  sun̪t ̪o / sunlɐʊ he hears/he heard> sūnt o � sūnlāu
<Row pawar_kashpur  ɐɪkʰɾisɛ / ɐɪkʰlis he hears/he heard> āikʰrīsɛ � āikʰlīs
<Row nagpuri_beradi  əi ̯kʊnɾəhɐilə / əɪkʰlɐ he hears/he heard> aī kunrahāīla � aikʰlā
<Row bagheli_lakshman  bʰukehẽ / bʰukɐnɾəhe he is/was hungry> bʰūkehẽ � bʰūkānrahe
<Row bundeli_gudah  bʰukləɡi / bʰukɛhɐt ̪ɛ he is/was hungry> bʰūklagī � bʰūkɛhāt ɛ
<Row bundeli_kurra  bʰukõhɛ̃ / bʰukõhɐt ̪u he is/was hungry> bʰūkõhɛ̃ � bʰūkõhāt ū
<Row braj_bundi  bʰukʰohe / bʰukʰoɾɐhe he is/was hungry> bʰūkʰohe � bʰūkʰorāhe
<Row lodhi_gara  bʰukʰohɛ / bʰukʰohot ̪o he is/was hungry> bʰūkʰohɛ � bʰūkʰohot o
<Row dehati_chand  bʰukʰohɛ / bʰukʰohɐt ̪o he is/was hungry> bʰūkʰohɛ � bʰūkʰohāt o
<Row bundeli_jamunia  bʰukʰohɛ / bʰukʰohɐt ̪o he is/was hungry> bʰūkʰohɛ � bʰūkʰohāt o
<Row mugalai_panjarakala  bʰukʰohɛ / bʰukʰot ̪ʰo he is/was hungry> bʰūkʰohɛ � bʰūkʰot ʰo
<Row braj_gokul  bʰukʰohɛ / bʰukʰoɾəhɛɡo he is/was hungry> bʰūkʰohɛ � bʰūkʰorahɛgo
<Row pawar_kashpur  bʰukʰosɛ / bʰukʰosɛ he is/was hungry> bʰūkʰosɛ � bʰūkʰosɛ
<Row dehati_asoh  bʰukʰɐhɛ / bʰukʰɐɾəhɐhɛ he is/was hungry> bʰūkʰāhɛ � bʰūkʰārahāhɛ
<Row bundeli_atarra  bʰukʰɐnhɛ / bʰukʰɐnɾəhɐhɛ he is/was hungry> bʰūkʰānhɛ � bʰūkʰānrahāhɛ
<Row bundeli_hadrokh  bʰukʰɛhɛ / bʰukʰɛɾəhɛ he is/was hungry> bʰūkʰɛhɛ � bʰūkʰɛrahɛ
<Row bundeli_hardwar  bʰuːkʰohɐt ̪o / bʰuːkʰohɛ he is/was hungry> bʰūkʰohāt o � bʰūkʰohɛ
<Row dehati_bijana  bʰuːkʰohɛ / bʰuːkʰohət ̪o he is/was hungry> bʰūkʰohɛ � bʰūkʰohat o
<Row bundeli_kuthupur  bʰuːkʰohɛ / bʰuːkʰoɾəhɐɪ he is/was hungry> bʰūkʰohɛ � bʰūkʰorahāi
<Row bundeli_malupur  bʰũkohɛ / bʰʊ̃kohɐt ̪o he is/was hungry> bʰū̃kohɛ � bʰũkohāt o
<Row bundeli_karera  bʰũkʰohɛ / bʰũkohəto he is/was hungry> bʰū̃kʰohɛ � bʰū̃kohato
<Row jatbara_katva  bʰũkʰohɛ / bʰũkʰohɛ he is/was hungry> bʰū̃kʰohɛ � bʰū̃kʰohɛ
<Row bundeli_kaptia  bʰũkʰohɛ / bʰũkʰoɾəhɛ he is/was hungry> bʰū̃kʰohɛ � bʰū̃kʰorahɛ
<Row bundeli_bagaran  bʰũːkohɛ / bʰũkohɐt ̪o he is/was hungry> bʰū̃kohɛ � bʰū̃kohāt o
<Row chaurasi_lautna  bʰũːkʰohɛ / bʰũkʰohət ̪ʰo he is/was hungry> bʰū̃kʰohɛ � bʰū̃kʰohat ʰo
<Row bundeli_kaliputra  bʰũːkʰohɛ / bʰũːkʰohət ̪ʰo he is/was hungry> bʰū̃kʰohɛ � bʰū̃kʰohat ʰo
<Row bundeli_sakera  bʰũːkʰohɛ / bʰũːkʰohət ̪ʰo he is/was hungry> bʰū̃kʰohɛ � bʰū̃kʰohat ʰo
<Row nagpuri_beradi  upɐsɪɐhe / upɐsɪtʃohot ̪ə he is/was hungry> ūpāsiāhe � ūpāsicohot a
<Row bundeli_hardwar  pijɐsohɐt ̪o / pijɐsohɛ he is/was thirsty> pīyāsohāt o � pīyāsohɛ
<Row bundeli_karera  pijɐsohɛ / pijɐsohət ̪ɛ he is/was thirsty> pīyāsohɛ � pīyāsohat ɛ
<Row dehati_bijana  pijɐsohɛ / pijɐsohət ̪ɛ he is/was thirsty> pīyāsohɛ � pīyāsohat ɛ
<Row chaurasi_lautna  pijɐsohɛ / pijɐsohət ̪ɛ he is/was thirsty> pīyāsohɛ � pīyāsohat ɛ
<Row lodhi_gara  pijɐsohɛ / pɪjɐsohot ̪o he is/was thirsty> pīyāsohɛ � piyāsohot o
<Row dehati_asoh  pijɐsɐhɛ / pijɐsɐɾəhɛ he is/was thirsty> pīyāsāhɛ � pīyāsārahɛ
<Row bundeli_jamunia  pjɐsohɛ / pjɐsohɐt ̪o he is/was thirsty> pyāsohɛ � pyāsohāt o
<Row bundeli_bagaran  pjɐsohɛ / pjɐsohɐt ̪ɛ he is/was thirsty> pyāsohɛ � pyāsohāt ɛ
<Row dehati_bijana  pjɐsohɛ / pjɐsohɐt ̪ɛ he is/was thirsty> pyāsohɛ � pyāsohāt ɛ
<Row mugalai_panjarakala  pjɐsohɛ / pjɐsot ̪ʰo he is/was thirsty> pyāsohɛ � pyāsot ʰo
<Row braj_gokul  pjɐsohɛ / pjɐsoɾəhɛɡo he is/was thirsty> pyāsohɛ � pyāsorahɛgo
<Row bundeli_gudah  pjɐsɛləɡi / pjɐsehɐt ̪ɛ he is/was thirsty> pyāsɛlagī � pyāsehāt ɛ
<Row braj_bundi  pjɐ̃sohe / pjɐ̃soɡəjo he is/was thirsty> pyā̃sohe � pyā̃sogayo
<Row bagheli_lakshman  pjəsehe / pjəseɾəhẽ he is/was thirsty> pyasehe � pyaserahẽ
<Row bundeli_malupur  pɪjɐsləɡi / pɪjɐsohɐto he is/was thirsty> piyāslagī � piyāsohāto
<Row jatbara_katva  pɪjɐsohɛ / pijɐsohɛ he is/was thirsty> piyāsohɛ � pīyāsohɛ
<Row dehati_chand  pɪjɐsohɛ / pɪjɐsohɐt ̪o he is/was thirsty> piyāsohɛ � piyāsohāt o
<Row bundeli_kaliputra  pɪjɐsohɛ / pɪjɐsohɐt ̪o he is/was thirsty> piyāsohɛ � piyāsohāt o
<Row bundeli_hadrokh  pɪjɐsohɛ / pɪjɐsohət ̪ʰo he is/was thirsty> piyāsohɛ � piyāsohat ʰo
<Row bundeli_sakera  pɪjɐsohɛ / pɪjɐsohət ̪ʰo he is/was thirsty> piyāsohɛ � piyāsohat ʰo
<Row bundeli_kuthupur  pɪjɐsohɛ / pɪjɐsoɾəhɐ he is/was thirsty> piyāsohɛ � piyāsorahā
<Row bundeli_kaptia  pɪjɐsohɛ / pɪjɐsoɾəhəs he is/was thirsty> piyāsohɛ � piyāsorahas
<Row bundeli_atarra  pɪjɐsɐhɛ / pɪjɐsɐɾəhɛ he is/was thirsty> piyāsāhɛ � piyāsārahɛ
<Row nagpuri_beradi  t ̪əhɐnlɐɡli / t ̪əhɐnlɛləhot ̪i he is/was thirsty> t ahānlāglī � t ahānlɛlahot ī
<Row pawar_kashpur  t ̪əhənosɛ / t ̪əhənosɛ he is/was thirsty> t ahanosɛ � t ahanosɛ
<Row bagheli_lakshman  dekʰət ̪ / dekʰləhin he sees/he saw> dekʰat  � dekʰlahīn
<Row bundeli_hardwar  dɛkʰət ̪ / d̪ɛkʰləu he sees/he saw> dɛkʰat  � dɛkʰlaū
<Row dehati_bijana  d̪ekɾəo / d̪ekʰləʋ he sees/he saw> dekrao � dekʰlav
<Row lodhi_gara  d̪ekʰɐhɛ / d̪ekʰlɪjo he sees/he saw> dekʰāhɛ � dekʰliyo
<Row bundeli_malupur  d̪ekʰət ̪ / dekʰlɐʊ he sees/he saw> dekʰat  � dekʰlāu
<Row bundeli_kurra  d̪ekʰət ̪ / dekʰlɐʊ he sees/he saw> dekʰat  � dekʰlāu
<Row bundeli_bagaran  d̪ekʰət ̪ / dekʰlɐʊ he sees/he saw> dekʰat  � dekʰlāu
<Row bundeli_kaptia  d̪ekʰət ̪ / d̪ekʰlihis he sees/he saw> dekʰat  � dekʰlīhīs
<Row bundeli_kuthupur  d̪ekʰət ̪ / d̪ekʰlin he sees/he saw> dekʰat  � dekʰlīn
<Row braj_gokul  d̪ekʰɪo / d̪ekʰlijo he sees/he saw> dekʰio � dekʰlīyo
<Row braj_bundi  d̪ekʰɾo / d̪ekʰɪo he sees/he saw> dekʰro � dekʰio
<Row bundeli_hadrokh  d̪ekʰɾəhɛ / d̪ekʰləu he sees/he saw> dekʰrahɛ � dekʰlaū
<Row bundeli_kaliputra  d̪ekʰɾəo / d̪ekʰləʋ he sees/he saw> dekʰrao � dekʰlav
<Row bundeli_karera  d̪ekʰɾəo / d̪ekʰləʋ he sees/he saw> dekʰrao � dekʰlav
<Row chaurasi_lautna  d̪ekʰɾəo / d̪ekʰləʋ he sees/he saw> dekʰrao � dekʰlav
<Row mugalai_panjarakala  d̪ekʰɾəo / d̪ekʰɡəʋ he sees/he saw> dekʰrao � dekʰgav
<Row bundeli_jamunia  d̪ekʰɾəʋ / d̪ekʰləʋ he sees/he saw> dekʰrav � dekʰlav
<Row dehati_chand  d̪ekʰɾəʋhɛ / d̪ekʰləʋ he sees/he saw> dekʰravhɛ � dekʰlav
<Row bundeli_sakera  d̪ekʰɾɛ / d̪ekʰləʋ he sees/he saw> dekʰrɛ � dekʰlav
<Row bundeli_atarra  d̪ɛjɐkət ̪ / d̪ekʰɪs he sees/he saw> dɛyākat  � dekʰis
<Row jatbara_katva  d̪ɛkɾəɛ / d̪ɛləʋ he sees/he saw> dɛkraɛ � dɛlav
<Row pawar_kashpur  d̪ɛkʰəsɛ / d̪ɛkʰlis he sees/he saw> dɛkʰasɛ � dɛkʰlīs
<Row bundeli_gudah  d̪ɛkʰət / dɛkʰɡəu he sees/he saw> dɛkʰat � dɛkʰgaū
<Row dehati_asoh  d̪ɛkʰət ̪ / d̪ɛkʰtʃukɐ he sees/he saw> dɛkʰat  � dɛkʰcūkā
<Row nagpuri_beradi  pɐhʊnɾəhɐilə / pəhlɐ he sees/he saw> pāhunrahāīla � pahlā
<Row nagpuri_beradi  dʒopt ̪o / dʒoplɐ he sleeps/he slept> jopt o � joplā
<Row nagpuri_beradi  nidʒt ̪o / nidʒlɐ he sleeps/he slept> nījt o � nījlā
<Row bundeli_hardwar  so / soɡəu he sleeps/he slept> so � sogaū
<Row bagheli_lakshman  sodʒɐ / soiɡə he sleeps/he slept> sojā � soīga
<Row braj_bundi  sodʒɐ / sojɡo he sleeps/he slept> sojā � soygo
<Row braj_gokul  sodʒɐ / sojɡo he sleeps/he slept> sojā � soygo
<Row bundeli_gudah  sodʒɐ / soɡɐu he sleeps/he slept> sojā � sogāū
<Row bundeli_malupur  sodʒɐ / soɡɐʊ he sleeps/he slept> sojā � sogāu
<Row bundeli_bagaran  sodʒɐo / soɡəi he sleeps/he slept> sojāo � sogaī
<Row bundeli_kurra  sodʒɐɾe / soɡɐʊ he sleeps/he slept> sojāre � sogāu
<Row dehati_bijana  souhɛ / sout ̪ʰo he sleeps/he slept> soūhɛ � soūt ʰo
<Row pawar_kashpur  soɪɡisɛ / soɪsɛ he sleeps/he slept> soigīsɛ � soisɛ
<Row bundeli_hadrokh  soɪɾəhɛ / soɛɡəjɛhe he sleeps/he slept> soirahɛ � soɛgayɛhe
<Row bundeli_jamunia  soɾəo / soləʋ he sleeps/he slept> sorao � solav
<Row bundeli_kaliputra  soɾəo / soɡəʋ he sleeps/he slept> sorao � sogav
<Row mugalai_panjarakala  soɾəo / soɡəʋ he sleeps/he slept> sorao � sogav
<Row chaurasi_lautna  soɾəohɛ / soɾəot ̪o he sleeps/he slept> soraohɛ � soraot o
<Row bundeli_sakera  soɾəohɛ / soɾəot ̪o he sleeps/he slept> soraohɛ � soraot o
<Row jatbara_katva  soɾəɛ / soɪɡəʋ he sleeps/he slept> soraɛ � soigav
<Row bundeli_karera  soɾəʋ / soɡəʋ he sleeps/he slept> sorav � sogav
<Row dehati_chand  soɾəʋhɛ / soɡəʋ he sleeps/he slept> soravhɛ � sogav
<Row bundeli_kuthupur  soʋət ̪ / soɡɐ he sleeps/he slept> sovat  � sogā
<Row bundeli_kaptia  soʋət ̪hɛ / soɡɐ he sleeps/he slept> sovat hɛ � sogā
<Row lodhi_gara  soʋəɪhɛ / sojohɛ he sleeps/he slept> sovaihɛ � soyohɛ
<Row bundeli_atarra  suɐʋət ̪ / sojɛɡɐ he sleeps/he slept> sūāvat  � soyɛgā
<Row dehati_asoh  suɐʋət ̪hɛ / soɡɐ he sleeps/he slept> sūāvat hɛ � sogā
<Row pawar_kashpur  no entry hot> no entr�
<Row bundeli_hardwar  bɐrɐu / bɐɾd̪ɐu it burns/it burned> bārāū � bārdāū
<Row bundeli_kurra  bɐɾət ̪ / bɐɾəɡɐʊ it burns/it burned> bārat  � bāragāu
<Row bundeli_bagaran  bərəhi / bəɾɡəi it burns/it burned> barahī � bargaī
<Row bundeli_kaliputra  bərəo / bəɾɡəu it burns/it burned> barao � bargaū
<Row chaurasi_lautna  bərəo / bəɾɡəu it burns/it burned> barao � bargaū
<Row jatbara_katva  bərəohɛ / bəɾɡəʋ it burns/it burned> baraohɛ � bargav
<Row bundeli_jamunia  bərəʋ / bəɾɡəʋ it burns/it burned> barav � bargav
<Row dehati_chand  bəɾt ̪ɐhɛ / bəɾɡəʋ it burns/it burned> bart āhɛ � bargav
<Row bundeli_karera  bəɾət ̪ / bərəo / bəɾɡəʋ it burns/it burned> barat  � barao � bargav
<Row bundeli_sakera  bəɾət ̪ / bərəo / bəɾɡəʋ it burns/it burned> barat  � barao � bargav
<Row bundeli_kaptia  bəɾət ̪ / bəɾɡɐ it burns/it burned> barat  � bargā
<Row bundeli_atarra  bəɾət ̪ / bəɾɡɐ it burns/it burned> barat  � bargā
<Row bundeli_kuthupur  bəɾət ̪ / bəɾɡɐ it burns/it burned> barat  � bargā
<Row bundeli_malupur  bəɾət ̪ / bəɾɡɐi it burns/it burned> barat  � bargāī
<Row bundeli_gudah  bəɾət ̪ / bəɾɡəʊ it burns/it burned> barat  � bargau
<Row dehati_asoh  bəɾət ̪hɛ / bətʃukɐ it burns/it burned> barat hɛ � bacūkā
<Row mugalai_panjarakala  dʒəlrəo / dʒəlɡəʋ it burns/it burned> jalrao � jalgav
<Row lodhi_gara  dʒəlɐhɛ / dʒəlɡəjo it burns/it burned> jalāhɛ � jalgayo
<Row pawar_kashpur  dʒəlɾisɛ / dʒəɾɡəjo it burns/it burned> jalrīsɛ � jargayo
<Row dehati_bijana  dʒəlɾəo / dʒəlɡəʋ it burns/it burned> jalrao � jalgav
<Row bundeli_jamunia  dʒəlɾəʋ / dʒəlɡəʋ it burns/it burned> jalrav � jalgav
<Row dehati_chand  dʒəlɾəʋhɛ / dʒəlɡəʋ it burns/it burned> jalravhɛ � jalgav
<Row braj_gokul  dʒəro / dʒəɾɡəjo it burns/it burned> jaro � jargayo
<Row bundeli_hadrokh  dʒərəhɛ / dʒəɾɡəɛ it burns/it burned> jarahɛ � jargaɛ
<Row braj_bundi  dʒərɛi / dʒəɾɡəi it burns/it burned> jarɛī � jargaī
<Row nagpuri_beradi  dʒəɭunɛɾəhɐilɪ / dʒəɭunɡelɪ it burns/it burned> jaḷūnɛrahāīli � jaḷūngeli
<Row bagheli_lakshman  dʒəɾət ̪ / dʒəɾiɡɐ it burns/it burned> jarat  � jarīgā
<Row nagpuri_beradi  dʒopundʒə / dʒoplə lie down/he lay down> jopūnja � jopla
<Row braj_bundi  let ̪dʒɐ / let ̪lijo lie down/he lay down> let jā � let līyo
<Row braj_gokul  let ̪dʒɐ / let ̪lijo lie down/he lay down> let jā � let līyo
<Row bagheli_lakshman  leʈidʒə / leʈiɡə lie down/he lay down> leṭīja � leṭīga
<Row dehati_chand  loɖəkdʒɐ / loɖəkɡəʋ lie down/he lay down> loḍakjā � loḍakgav
<Row bundeli_gudah  pɐɾo / pərəho lie down/he lay down> pāro � paraho
<Row bundeli_kaptia  pəro / pərəho lie down/he lay down> paro � paraho
<Row bundeli_sakera  pəro / pərəot ̪o lie down/he lay down> paro � paraot o
<Row bundeli_jamunia  pəro / pərəʋ lie down/he lay down> paro � parav
<Row bundeli_hardwar  pəro / pəɾɡəu lie down/he lay down> paro � pargaū
<Row dehati_asoh  pərɐo / pərɐhɐ lie down/he lay down> parāo � parāhā
<Row bundeli_hadrokh  pərəho / pərəhɛ lie down/he lay down> paraho � parahɛ
<Row jatbara_katva  pərəo / pərəʋ lie down/he lay down> parao � parav
<Row bundeli_karera  pərəo / pəɾɡəʋ lie down/he lay down> parao � pargav
<Row bundeli_kuthupur  pərəu / pərəho lie down/he lay down> paraū � paraho
<Row chaurasi_lautna  pərəɛ / pəɾəot ̪o lie down/he lay down> paraɛ � paraot o
<Row bundeli_atarra  pəɾ / pəɾɐ lie down/he lay down> par � parā
<Row bundeli_malupur  pəɾd̪o / pəɾdɐʊ lie down/he lay down> pardo � pardāu
<Row bundeli_bagaran  pəɾo / pərəhɛ lie down/he lay down> paro � parahɛ
<Row bundeli_kaliputra  pəɾo / pərəu lie down/he lay down> paro � paraū
<Row bundeli_kurra  pəɾo / pəɾɐhɐʊ lie down/he lay down> paro � parāhāu
<Row braj_gokul  sodʒɐ / sojɡo lie down/he lay down> sojā � soygo
<Row mugalai_panjarakala  sodʒə / soɡəʋ lie down/he lay down> soja � sogav
<Row dehati_bijana  sodʒə / soɡəʋ lie down/he lay down> soja � sogav
<Row lodhi_gara  soɪdʒɐ / soɪɡəjo lie down/he lay down> soijā � soigayo
<Row pawar_kashpur  soɪdʒɐɪ / soɪdʒə lie down/he lay down> soijāi � soija
<Row nagpuri_beradi 9828 mənuʂ man> manū�
<Row bundeli_jamunia 5301 dʒund̪əijɐʔ moon> jūndaīyā�
<Row dehati_bijana  no entry mortar> no entr�
<Row dehati_chand  dʒiʒi older sister> jī�ī
<Row dehati_bijana  no entry pestle> no entr�
<Row nagpuri_beradi  ʋəɾʂə rain> var�a
<Row jatbara_katva  no entry rainbow> no entr�
<Row jatbara_katva  bʰɐɡ / bʰɐɡɡəʋ run/he ran> bʰāg � bʰāggav
<Row bundeli_kuthupur  bʰɐɡ / bʰɐɡɡəʋ run/he ran> bʰāg � bʰāggav
<Row bundeli_kurra  bʰɐɡbu / bʰɐɡ run/he ran> bʰāgbū � bʰāg
<Row bundeli_gudah  bʰɐɡo / bʰɐɡəu run/he ran> bʰāgo � bʰāgaū
<Row bundeli_hadrokh  bʰɐɡo / bʰɐɡəu run/he ran> bʰāgo � bʰāgaū
<Row bundeli_malupur  bʰɐɡʊ / bʰɐɡɡɐʊ run/he ran> bʰāgu � bʰāggāu
<Row braj_gokul  bʰəɡdʒɐ / bʰəɡɡo run/he ran> bʰagjā � bʰaggo
<Row dehati_chand  bʰəɡdʒɐ / bʰəɡɡəʋ run/he ran> bʰagjā � bʰaggav
<Row mugalai_panjarakala  bʰəɡdʒɐ / bʰəɡɡəʋ run/he ran> bʰagjā � bʰaggav
<Row dehati_bijana  bʰəɡdʒɐ / bʰəɡɡəʋ run/he ran> bʰagjā � bʰaggav
<Row bundeli_sakera  bʰəɡdʒɐ / bʰəɡɡəʋ run/he ran> bʰagjā � bʰaggav
<Row bundeli_hardwar  bʰəɡo / bʰəɡɡəu run/he ran> bʰago � bʰaggaū
<Row lodhi_gara  d̪ouɖ / d̪əuɖɡəjo run/he ran> doūḍ � daūḍgayo
<Row bundeli_kaliputra  d̪oɾ / d̪oɾɡəu run/he ran> dor � dorgaū
<Row chaurasi_lautna  d̪oɾdʒə / d̪oɾɡəo run/he ran> dorja � dorgao
<Row braj_bundi  d̪oɾo / d̪oɾio run/he ran> doro � dorīo
<Row bundeli_bagaran  d̪əuɖo / d̪odət ̪ɡɐu run/he ran> daūḍo � dodat gāū
<Row bundeli_atarra  d̪əʊd / bʰɐɡɡɐ run/he ran> daud � bʰāggā
<Row dehati_asoh  d̪əʊɾ / dəʊɡɐ run/he ran> daur � daugā
<Row bundeli_kaptia  d̪əʊɾ / d̪əʊɾɡɐ run/he ran> daur � daurgā
<Row nagpuri_beradi  d̪əʋuɖ / d̪əʋuɖɭɐ run/he ran> davūḍ � davūḍḷā
<Row pawar_kashpur  pəɾɐt ̪pəɾɐt ̪tʃəl / pəɾɐt ̪pəɾɐt ̪ɡəjo run/he ran> parāt parāt cal � parāt parāt gayo
<Row bagheli_lakshman  ɖɐuɖə / ɖɐuɖiɡə run/he ran> ḍāūḍa � ḍāūḍīga
<Row bundeli_jamunia  ɡəd̪bəd̪d̪ed̪o / ɡəd̪bəd̪d̪ed̪ijɐ run/he ran> gadbaddedo � gadbaddedīyā
<Row bundeli_karera  ɡəd̪bəd̪d̪ed̪o / ɡəd̪bəd̪d̪ed̪əj run/he ran> gadbaddedo � gadbaddeday
<Row bundeli_bagaran  beʈdʒɐ / beʈɡɐi sit down/he sat down> beṭjā � beṭgāī
<Row bundeli_jamunia  beʈʰdʒɐ / beʈʰɡəʋ sit down/he sat down> beṭʰjā � beṭʰgav
<Row dehati_chand  bæʈdʒɐ / bæʈɡəʋ sit down/he sat down> baiṭjā � baiṭgav
<Row dehati_bijana  bæʈdʒɐ / bæʈɡəʋ sit down/he sat down> baiṭjā � baiṭgav
<Row bundeli_kurra  bæʈdʒɐo / bæʈɡɐʊ sit down/he sat down> baiṭjāo � baiṭgāu
<Row mugalai_panjarakala  bæʈdʒə / bæʈɡəʋ sit down/he sat down> baiṭja � baiṭgav
<Row bundeli_karera  bæʈdʒə / bæʈɡəʋ sit down/he sat down> baiṭja � baiṭgav
<Row bundeli_malupur  bæʈjə / bæʈɡɐʊ sit down/he sat down> baiṭya � baiṭgāu
<Row dehati_asoh  bəidʒɐ / bəiʈʰɡɐ sit down/he sat down> baījā � baīṭʰgā
<Row braj_bundi  bəiʈdʒɐ / bəiʈɡo sit down/he sat down> baīṭjā � baīṭgo
<Row braj_gokul  bəiʈdʒɐ / bəiʈɡo sit down/he sat down> baīṭjā � baīṭgo
<Row bundeli_kaptia  bəiʈdʒɐ / bəiʈɡɐ sit down/he sat down> baīṭjā � baīṭgā
<Row bundeli_hardwar  bəiʈo / bəiʈɡəu sit down/he sat down> baīṭo � baīṭgaū
<Row pawar_kashpur  bəsdʒə / bəsdʒə sit down/he sat down> basja � basja
<Row nagpuri_beradi  bəsʊndʒə / bəsle sit down/he sat down> basunja � basle
<Row bundeli_atarra  bəɪʈ / bɐɪʈʰɡɐ sit down/he sat down> baiṭ � bāiṭʰgā
<Row bundeli_kuthupur  bəɪʈ / bəɪʈɡɐ sit down/he sat down> baiṭ � baiṭgā
<Row jatbara_katva  bəɪʈ / bɛɪʈɡəʋ sit down/he sat down> baiṭ � bɛiṭgav
<Row bundeli_kaliputra  bəɪʈ / bɛɪʈɡəʋ sit down/he sat down> baiṭ � bɛiṭgav
<Row bundeli_hadrokh  bəɪʈo / bəɪʈɡəɪ sit down/he sat down> baiṭo � baiṭgai
<Row lodhi_gara  bəɪʈʰo / bəɪʈɡəjo sit down/he sat down> baiṭʰo � baiṭgayo
<Row chaurasi_lautna  bɛiʈ / bɛɪʈot ̪o sit down/he sat down> bɛīṭ � bɛiṭot o
<Row bundeli_sakera  bɛʈdʒɐ / beʈɡəʋt ̪o sit down/he sat down> bɛṭjā � beṭgavt o
<Row bundeli_gudah  bɛʈdʒə / bɛʈɡəʋ sit down/he sat down> bɛṭja � bɛṭgav
<Row bagheli_lakshman  nəitʰ / bəitʰɡə sit down/he sat down> naītʰ � baītʰga
<Row bundeli_kaptia  bol / bold̪ihis speak/he spoke> bol � boldīhīs
<Row dehati_chand  bol / bold̪əʋ speak/he spoke> bol � boldav
<Row bundeli_sakera  bol / bold̪əʋ speak/he spoke> bol � boldav
<Row bundeli_kuthupur  bol / bold̪ɪn speak/he spoke> bol � boldin
<Row pawar_kashpur  bol / bold̪ɪs speak/he spoke> bol � boldis
<Row dehati_asoh  bol / boltʃuɡɐ speak/he spoke> bol � bolcūgā
<Row bundeli_atarra  bol / bolɐ speak/he spoke> bol � bolā
<Row braj_gokul  bol / bolɐ speak/he spoke> bol � bolā
<Row bundeli_karera  bol / bolɡəʋ speak/he spoke> bol � bolgav
<Row chaurasi_lautna  bol / bolɡəʋ speak/he spoke> bol � bolgav
<Row nagpuri_beradi  bol / boɭɐ speak/he spoke> bol � boḷā
<Row mugalai_panjarakala  bol / kəhəd̪ɐɪ speak/he spoke> bol � kahadāi
<Row bundeli_malupur  bolo / boldɐʊ speak/he spoke> bolo � boldāu
<Row dehati_bijana  bolo / bold̪əʋ speak/he spoke> bolo � boldav
<Row bundeli_kaliputra  bolo / bolənləɡəu speak/he spoke> bolo � bolanlagaū
<Row jatbara_katva  bolo / bolɛ speak/he spoke> bolo � bolɛ
<Row bundeli_hadrokh  bolo / bolɡəjɛ speak/he spoke> bolo � bolgayɛ
<Row bundeli_gudah  bolo / bolɡəu speak/he spoke> bolo � bolgaū
<Row bundeli_jamunia  bolo / bolɡəʋ speak/he spoke> bolo � bolgav
<Row lodhi_gara  bolo / bolɪjo speak/he spoke> bolo � boliyo
<Row bagheli_lakshman  bolə / bolɪn speak/he spoke> bola � bolin
<Row bundeli_kurra  bolət ̪ / bolʊɡɐʊ speak/he spoke> bolat  � bolugāu
<Row braj_bundi  bolɾɛi / bolio speak/he spoke> bolrɛī � bolīo
<Row bundeli_bagaran  kəho / bolɛ speak/he spoke> kaho � bolɛ
<Row bundeli_hardwar  kəho / kəhohɐt ̪o speak/he spoke> kaho � kahohāt o
<Row bundeli_jamunia 5798 t ̪ɐɾə.jɐ star> t āra�yā
<Row bundeli_hardwar  niŋɡo / niŋɡɐu walk/he walked> nīŋgo � nīŋgāū
<Row bundeli_karera  niŋɡo / niŋɡəʋ walk/he walked> nīŋgo � nīŋgav
<Row bundeli_malupur  niŋɡət ̪ / nɪŋɡɐʊ walk/he walked> nīŋgat  � niŋgāu
<Row bundeli_jamunia  niŋɡɾəo / niŋɡəʋ walk/he walked> nīŋgrao � nīŋgav
<Row bundeli_kurra  nɪŋbo / tʃələʊɡɐʊ walk/he walked> niŋbo � calaugāu
<Row bundeli_gudah  nɪŋɡo / niŋɡəu walk/he walked> niŋgo � nīŋgaū
<Row lodhi_gara  tʃəl / tʃəliɡəjo walk/he walked> cal � calīgayo
<Row bundeli_kaptia  tʃəl / tʃəloɡɐ walk/he walked> cal � calogā
<Row bundeli_kuthupur  tʃəl / tʃəloɡɐ walk/he walked> cal � calogā
<Row bundeli_atarra  tʃəl / tʃəlɐɡɐ walk/he walked> cal � calāgā
<Row bundeli_bagaran  tʃəlo / tʃəldɐu walk/he walked> calo � caldāū
<Row bundeli_hadrokh  tʃəlo / tʃəld̪əɛ walk/he walked> calo � caldaɛ
<Row dehati_bijana  tʃəlo / tʃəld̪əʋ walk/he walked> calo � caldav
<Row braj_bundi  tʃəlo / tʃəlioɡo walk/he walked> calo � calīogo
<Row bundeli_kaliputra  tʃəlo / tʃəloɡəʋ walk/he walked> calo � calogav
<Row bundeli_karera  tʃəlo / tʃəloɡəʋ walk/he walked> calo � calogav
<Row bundeli_sakera  tʃəlo / tʃəloɡəʋ walk/he walked> calo � calogav
<Row jatbara_katva  tʃəlo / tʃələʋ walk/he walked> calo � calav
<Row braj_gokul  tʃəlodʒɐ / tʃəloɡo walk/he walked> calojā � calogo
<Row pawar_kashpur  tʃəlsisk / tʃəlsisk walk/he walked> calsīsk � calsīsk
<Row dehati_asoh  tʃəlu / tʃəlɐɡɐ walk/he walked> calū � calāgā
<Row nagpuri_beradi  tʃəlɐ / tʃəlɐ walk/he walked> calā � calā
<Row bagheli_lakshman  tʃələ / tʃəlɐɡə walk/he walked> cala � calāga
<Row dehati_chand  tʃəlɛ / tʃəloɡəʋ walk/he walked> calɛ � calogav
<Row mugalai_panjarakala  tʃəlɛ / tʃəloɡəʋ walk/he walked> calɛ � calogav
<Row chaurasi_lautna  ɾɛŋɡ / ɾɛŋɡəo walk/he walked> rɛŋg � rɛŋgao
<Row nagpuri_beradi  ʋəɾʂ year> var�
<Row Dang  lalhAr shin> lalʰ�r
<Row Dehati-Badeli 9229 ba�̃ arm> bā�̃
<Row Hindi-Saraiyya 9964 bɦʌiʂ buffalo> bʰaī�
<Row Dehati-Kirkkichiyapur 6914 nɔh̰ fingernail> nɔh�
<Row Hindi-Saraiyya 6914 nʌh̰ fingernail> nah�
<Row Dehati-Kirkkichiyapur 10990 lah̰sʌɳ garlic> lāh�saṇ
<Row Dehati-Kirkkichiyapur 9190 bʌh̰ut̪ many> bah�ūt
<Row Hindi-Gohaniya e73 mʌh̰ɪna month> mah�inā
<Row Hindi-Saraiyya 9917 mʌʂa mosquito> ma�ā
<Row Hindi-Gabchariyapur 10158 muːh̰ mouth> mūh�
<Row Hindi-Gabchariyapur  Hincdi-Sarhati nose> �īn�dī-�ārhātī
<Row Hindi-Saraiyya 10223 muʂʌɾ pestle (spice)> mū�ar
<Row Hindi-Rohili 6251 d̪ah̰na right> dāh�nā
<Row Hindi-Rohili 6251 d̪ah̰na right> dāh�nā
<Row Hindi-Rohili 6251 d̪ah̰na right> dāh�nā
<Row Hindi-Gohaniya  bʌh̰ she (3rd sg, feminine)> bah�
<Row Hindi-Sarhati  vɔh̰o that> vɔh�o
<Row Hindi-Gabchariyapur  kʌh̰a where?> kah�ā
<Row Dehati-Kirkkichiyapur  kʌh̰ã where?> kah�ā̃
<Row Dehati-Sikandarpur 9962 meh̰ɾija woman> meh�rīyā
<Row Dehati-Badeli  ɴɑɱɛ younger brother> �ā�ɛ
<Row Hindi-Rohili  ɴɑɱɛ younger brother> �ā�ɛ
<Row Hindi-Sanayak  ɴɑɱɛ younger brother> �ā�ɛ
<Row Dehati-Kirkkichiyapur  ɴɑɱɛ younger brother> �ā�ɛ
<Row Hindi-Dhubar  ɴɑɱɛ younger brother> �ā�ɛ
<Row Hindi-Gohaniya  ɴɑɱɛ younger brother> �ā�ɛ
<Row Hindi-Saraiyya  ɴɑɱɛ younger brother> �ā�ɛ
<Row Dehati-Madnapur  ɴɑɱɛ younger brother> �ā�ɛ
<Row Dehati-Badeli  βʏ younger brother> β�
<Row Hindi-Rohili  βʏ younger brother> β�
<Row Hindi-Sanayak  βʏ younger brother> β�
<Row Dehati-Kirkkichiyapur  βʏ younger brother> β�
<Row Hindi-Dhubar  βʏ younger brother> β�
<Row Hindi-Gohaniya  βʏ younger brother> β�
<Row Hindi-Saraiyya  βʏ younger brother> β�
<Row Dehati-Madnapur  βʏ younger brother> β�
<Row Dehati-Sikandarpur  tʃhoʈibeh̰ʌn younger sister> cʰoṭībeh�an
<Row Dehati-Badeli  ɴɑɱɛ younger sister> �ā�ɛ
<Row Hindi-Rohili  ɴɑɱɛ younger sister> �ā�ɛ
<Row Hindi-Sanayak  ɴɑɱɛ younger sister> �ā�ɛ
<Row Dehati-Kirkkichiyapur  ɴɑɱɛ younger sister> �ā�ɛ
<Row Hindi-Dhubar  ɴɑɱɛ younger sister> �ā�ɛ
<Row Hindi-Sarhati  ɴɑɱɛ younger sister> �ā�ɛ
<Row Hindi-Saraiyya  ɴɑɱɛ younger sister> �ā�ɛ
<Row Dehati-Madnapur  ɴɑɱɛ younger sister> �ā�ɛ
<Row Dehati-Badeli  βʏ younger sister> β�
<Row Hindi-Rohili  βʏ younger sister> β�
<Row Hindi-Sanayak  βʏ younger sister> β�
<Row Dehati-Kirkkichiyapur  βʏ younger sister> β�
<Row Hindi-Dhubar  βʏ younger sister> β�
<Row Hindi-Sarhati  βʏ younger sister> β�
<Row Hindi-Saraiyya  βʏ younger sister> β�
<Row Dehati-Madnapur  βʏ younger sister> β�
<Row Tharu-KkP 10431 dʒoᶸ millet> jo�
<Row Tharu-DKS 10431 dʒaᶸ millet> jā�
<Row Tharu-KkP 9964 bʰaⁱsa buffalo> bʰā�sā
<Row Tharu-KkP 4822 tʃʰeⁱnti ant> cʰe�ntī
<Row Chitwan  ʌbaⁱja younger brother> abā�yā
<Row Tharu-DDK  bʰaⁱwa younger brother> bʰā�vā
<Row Tharu-KkP  bʰaⁱja younger brother> bʰā�yā
<Row Tharu-RKB  (used week> �ūsed
<Row Tharu-RKB  most) week> most�
<Row Tharu-KkP  (person) bad> �person�
<Row Tharu-KkP  (object) bad> �obye�t�
<Row Tharu-BNM  (weather) hot> �veāther�
<Row Tharu-RNS  dʒʰɔneBNM3 near> jʰaune���
<Row Tharu-RkM 12803 tʃʰʌⁱ six> cʰa�
<Row Tharu-DDK 12803 tʃʰɔᶸ six> cʰau�
<Row Tharu-DGC  (future) when> �fūtūre�
<Row Chitwan  (alike) same> �ālīke�
<Row Tharu-RKB  ɔɾeɔɾeDK3 different> aureaure��
<Row Tharu-KkP  (past) go!; he went> �pāst�
<Row Tharu-BNM  (ʊlʌ̃ɡ)ao come!; he came> �ulãg�āo
<Row Tharu-DkR  (look) he sees; he saw> �look�
<Row Tharu-DkR  (see) he sees; he saw> �see�
<Row Tharu-DGC  (see) he sees; he saw> �see�
<Row gur 2588 kácɨ̥ armpit> kác��
<Row bro 2588 caṅ'khoṅ armpit> caŋ�kʰoŋ
<Row koh  máɣaz brain> má�az
<Row gur  maɣzíi brain> ma�zī̂
<Row gur 2757 bakhúnɨ elbow> bakʰún�
<Row gur 9083 phúu~ṅɨ moustache> pʰū̂̃ŋ�
<Row gur 10337 múu~cu̥ urine> mū̂̃cu�
<Row gur 10055 múumu̥ mother's brother> mū̂mu�
<Row gur 5198 jaməc̣óo son-in-law> jam�ʦ̣ō̂
<Row gur  pfúu fire> p�ū̂
<Row gur 6343 dríṣṭɨ handspan> dríṣṭ�
<Row gur  vaán loom> �ā̌n
<Row gur  ó~ṅɨ sickle> ó̃ŋ�
<Row gur  kavúu cloud> ka�ū̂
<Row gur 1921 vói water> �ói
<Row koh ~1154 itváar Sunday> it�ā̂r
<Row gur ~1154 aitvaár Sunday> ait�ā̌r
<Row gur ~1154 áathɨ vaár Sunday> ā̂tʰ� �ā̌r
<Row gur ~9641 bóṅu vaár Tuesday> bóŋu �ā̌r
<Row gur ~14720 bodvaár Wednesday> bod�ā̌r
<Row gur 9305 brestvaár Thursday> brest�ā̌r
<Row koh  mút-chak day after tomorrow> mút�chak
<Row koh  nur xáataa east> nur �ā̂tā
<Row gur  vaaék Vaisakha> �āék
<Row gur  tsíithɨr Chaitra> ʦī̂tʰ�r
<Row koh  qablá west> �ablá
<Row gur  avéelu year> a�ē̂lu
<Row gur 8201 pfiliíli ant> p�ilī̌li
<Row gur  jaanəwáar bird> jān�vā̂r
<Row gur  gáñju cat (m.)> gá�ju
<Row koh  qáa crow> �ā̂
<Row gur  chímɨ fish> chím�
<Row gur  á~šɨp horse> á̃ś�p
<Row gur  jaroóṭɨ apricot> jarō̌ṭ�
<Row gur  déva daár cedar> dé�a dā̌r
<Row Astor  pfaák fig (fruit)> p�ā̌k
<Row gur  káa~ á~šɨp fig (fruit)> kā̂̃ á̃ś�p
<Row gur  hívɨ dyoónu to cry> hí�� dyō̌nu
<Row gur 9568 búṭɨ all (uncountable)> búṭ�
<Row gil  díbu-ga ek forty-one> díbu�ga ek
<Row koh  díbu-ga ek forty-one> díbu�ga ek
<Row gur  dúbi-gə ek forty-one> dúbi�g� ek
<Row Astor  díbu-ga ek forty-one> díbu�ga ek
<Row gil  bií-ga kunií thirty-nine> bī̌�ga kunī̌
<Row gur  bi-gə kunií thirty-nine> bi�g� kunī̌
<Row Astor  bií-ga kuniíh thirty-nine> bī̌�ga kunī̌h
<Row gil  bií-ga naw twenty-nine> bī̌�ga nav
<Row gur  bi-gə náu twenty-nine> bi�g� náu
<Row Astor  bií-ga náu twenty-nine> bī̌�ga náu
<Row gur 9691 muʔ I> mu�
<Row gur  neʔ not> ne�
<Row gur  sǽæ they (f., dist.)> s���
<Row gur  j̣ǽæ they (f., dist.)> ʣ̣���
<Row gur  sǽæs they (f., dist., pl.?)> s���s
<Row gur  j̣ǽæs they (f., dist., pl.?)> ʣ̣���s
<Row gur 11302 beʔ we> be�
<Row gur  tuʔ you (sg.)> tu�
<Row koh  ux camel> u�
<Row koh  xapreé fairy> �aprē̌
<Row gur  phíiṇɨ foam> pʰī̂ṇ�
<Row koh  maṇóoq frog> maṇō̂�
<Row bro  sma'raa beard> sma�rā
<Row bro  'aati bone> �āti
<Row bro  xor'mo brain> �or�mo
<Row bro  ka'ni ear> ka�ni
<Row bro  'andzuk face> �andzuk
<Row bro  'guli finger> �guli
<Row bro  'nuori fingernail> �nuori
<Row bro  'kuti foot> �kuti
<Row bro  'ẓokur hair> �ẓokur
<Row dr  sifs head> si�s
<Row bro  hɨɨ heart> h��
<Row bro  kxal'ma kidney> k�al�ma
<Row bro  sam'dal moustache> sam�dal
<Row bro  'uzi mouth> �uzi
<Row bro  ziṅ'gat neck> ziŋ�gat
<Row bro  'nuto nose> �nuto
<Row bro  'thuro skin> �tʰuro
<Row bro  'guli gud thumb> �guli gud
<Row bro  da'nii tooth> da�nī
<Row bro  'baayo brother> �bāyo
<Row bro  'kaakle brother's wife> �kākle
<Row bro  chi'gaa brother's wife> chi�gā
<Row bro  si'naa child> si�nā
<Row bro  mu'ley daughter> mu�ley
<Row bro  'saeno boo father's brother> �saeno bō
<Row bro  'pyyei granddaughter> �pyyei
<Row bro  byɨɨ man> by��
<Row bro  'aae mother> �āe
<Row bro  ''muumo mother's brother> ��mūmo
<Row bro  'kaakle sister> �kākle
<Row bro  byɨɨ son> by��
<Row bro  ẓa'moo son-in-law> ẓa�mō
<Row bro  šadzẓe'rii wife's brother> śadzẓe�rī
<Row bro  chi' gaa woman> chi� gā
<Row bro  thal'tsir ashes> tʰal�ʦir
<Row bro  car'pii bed> car�pī
<Row bro  man'nili bread> man�nili
<Row bro  'saacii dream> �sācī
<Row dr  daf lojuili ghee> da� lojuili
<Row bro  giaá'tsi honey> giā̌�ʦi
<Row dr  fiíl irrigation channel> �ī̌l
<Row bro  thak'ṣaa loom> tʰak�ṣā
<Row bro  thok'tse mattock (hoe)> tʰok�ʦe
<Row bro  ɨ'dẓen milk> ��dẓen
<Row bro  'šaltaa roof> �śaltā
<Row bro  pa'yue salt> pa�yue
<Row bro  bo'ṣuṅs sickle> bo�ṣuŋs
<Row bro  caq spinning wheel> ca�
<Row bro  'koot wood> �kōt
<Row bro  a'zes cloud> a�zes
<Row bro  char'chy rain> char�chy
<Row bro  do'lo sky> do�lo
<Row bro  'azo snow> �azo
<Row bro  'turi star> �turi
<Row bro  'sari sun> �sari
<Row bro  wɨɨ water> v��
<Row bro  ba'zun afternoon> ba�zun
<Row bro  ha'ray afternoon> ha�ray
<Row bro  taas 'yuuno autumn> tās �yūno
<Row bro  bal'bul evening> bal�bul
<Row bro  'beldan evening> �beldan
<Row bro  'cwalto morning> �cvalto
<Row bro  'paae 'nakhlis seasonal migration> �pāe �nakʰlis
<Row bro  ba'zun spring (season)> ba�zun
<Row bro  'welo spring (season)> �velo
<Row bro  'wulo summer> �vulo
<Row bro  ba'zun summer> ba�zun
<Row bro  'yuuno winter> �yūno
<Row bro  lo'kyr year> lo�kyr
<Row bro  pɨɨ earth> p��
<Row bro  tsan'gul earthquake> ʦan�gul
<Row bro  tshoq forest> ʦʰo�
<Row bro  dzay'gal forest> dzay�gal
<Row bro  nag'lis hill> nag�lis
<Row bro  'siri sand> �siri
<Row bro  'ortsu spring (of water)> �orʦu
<Row bro  'naaro stone> �nāro
<Row bro  pi'nili ant> pi�nili
<Row bro  kxar ass> k�ar
<Row bro  den'mo bear> den�mo
<Row bro  'cešok thog bird> �ceśok tʰog
<Row bro  lay'to zo bull> lay�to zo
<Row bro  us''kuto bumblebee> us��kuto
<Row bro  bi'lue cat (m.)> bi�lue
<Row bro  lee bi' cat (f.)> lē bi�
<Row bro  qoo crow> �ō
<Row bro  sok'paa feather> sok�pā
<Row bro  'puzo flea> �puzo
<Row bro  'miar goat (m.)> �miar
<Row bro  ẓa'too goat (m.)> ẓa�tō
<Row bro  'aau goat (f.)> �āu
<Row bro  'chaati goat (f.)> �chāti
<Row dr  licf louse (nit)> lic�
<Row bro  lic'aa louse (nit)> lic�ā
<Row bro  'mauzi mouse, rat> �mauzi
<Row bro  pi'coo tail> pi�cō
<Row bro  ton'ze wasp> ton�ze
<Row bro  pa'laa apple> pa�lā
<Row bro  phaa'tir apricot> pʰā�tir
<Row bro  phar'put bark (of tree)> pʰar�put
<Row bro  go'no barley> go�no
<Row bro  'zozi birch> �zozi
<Row bro  zuru'zii birch> zuru�zī
<Row dr  diiv daar cedar> dī� dār
<Row bro  dyo'daar cedar> dyo�dār
<Row dr  injfir fig (fruit)> inj�ir
<Row bro  an'jiir fig (fruit)> an�jīr
<Row bro  pan'nii leaf> pan�nī
<Row bro  mak'kii chah maize> mak�kī chah
<Row bro  ma'téds mulberry tree> ma�téds
<Row bro  a'nar pomegranate> a�nar
<Row dr  fras poplar> �ras
<Row bro  phal'tsaa poplar> pʰal�ʦā
<Row bro  pat'taq root> pat�ta�
<Row bro  šin'tso tree> śin�ʦo
<Row bro  laq'tshuks tree> la��ʦʰuks
<Row bro  can'ma willow> can�ma
<Row bro  khu'tis to beat> kʰu�tis
<Row bro  'daazis to burn (intr.)> �dāzis
<Row bro  'daahis to burn (tr.)> �dāhis
<Row bro  mi'nis to die> mi�nis
<Row bro  kxus to eat> k�us
<Row bro  iu'this to fly> iu�tʰis
<Row bro  'ɨɨs to harvest> ���s
<Row bro  ma'ris to kill> ma�ris
<Row bro  'haazis to laugh> �hāzis
<Row bro  'raazis to say> �rāzis
<Row bro  bɨɨs to sit> b��s
<Row bro  u'this to stand> u�tʰis
<Row bro  škela'ris to swim> śkela�ris
<Row bro  ẓaa'zis to walk> ẓā�zis
<Row bro  'bono big> �bono
<Row bro  'tiito bitter> �tīto
<Row bro  'kyono black> �kyono
<Row bro  zar'baa blind> zar�bā
<Row bro  'cyya cold> �cyya
<Row bro  'šuko dry> �śuko
<Row bro  as'toṣ eighteen> as�toṣ
<Row bro  'qudes eleven> ��udes
<Row bro  kiii 'apo few> kīi �apo
<Row bro  'paades fifteen> �pādes
<Row dr  díbu-ga ek forty-one> díbu�ga ek
<Row bro  'dobuẓu 'ek forty-one> �dobuẓu �ek
<Row bro  'cuudes fourteen> �cūdes
<Row bro  pe'ree 'punjis full> pe�rē �punjis
<Row dr  šaboko sfi good> śaboko s�i
<Row bro  'thaalo good> �tʰālo
<Row bro  than'yaa thaa hungry> tʰan�yā tʰā
<Row bro  'bede many> �bede
<Row bro  'kunjaa nineteen> �kunjā
<Row bro  'jaaro old (person)> �jāro
<Row bro  'loodo red> �lōdo
<Row bro  wor'ji tray right (direction)> vor�ji tray
<Row bro  'rilbu round> �rilbu
<Row bro  sat'tóoṣ seventeen> sat�tō̂ṣ
<Row bro  'tino sharp> �tino
<Row bro  'sobeš sixteen> �sobeś
<Row bro  'saeeeno 'titaq small> �saēeno �tita�
<Row bro  'cukro sour> �cukro
<Row dr  bií-ga kuniíh thirty-nine> bī̌�ga kunī̌h
<Row bro  'bizum 'kunjaa thirty-nine> �bizum �kunjā
<Row bro  'ston thousand> �ston
<Row bro  'bude twelve> �bude
<Row bro  bi'ẓaa twenty> bi�ẓā
<Row bro  bizi' nia twenty-nine> bizi� nia
<Row bro  dave two> da�e
<Row bro  hal'dzuro yellow> hal�dzuro
<Row bro  mu'ley pho she> mu�ley pʰo
<Row bro  'pheeu they (m., dist.)> �pʰēu
<Row bro  'pheeu they (f., dist.)> �pʰēu
<Row bro  a'lo they (f., prox.)> a�lo
<Row bro  a'lo that (m.)> a�lo
<Row bro  a'lam this (m.)> a�lam
<Row dr  beʔ we> be�
<Row bro  bɨɨ we> b��
<Row dr  buxáar fever> bu�ā̂r
<Row dr  phíiṇɨ foam> pʰī̂ṇ�
<Row dr  'oi fox> �oi
<Row bro  'súri day> �súri
<Row dr  baṭavaár Saturday> baṭa�ā̌r
<Row bro  chur'di ram> chur�di
<Row gil  ispo-ga dóoney pon Milky Way> ispo�ga dō̂ney pon
<Row markodi_ennappara d3045 t̪:aŋikɨn Cold things> t�aṅikŭn
<Row markodi_ennappara ~6914 nakʰːam Fingernail> nakʰ�am
<Row markodi_ennappara d929 ked:ɜ Yesterday> ked�ɜ
<Row OP 2333 AsAIl from above> �s��l
<Row OP  Arh > �rh
<Row OP 1589 Titti so many> �itti
<Row OP  Tsābarī one who is patient> �sābarī
<Row OP 2791 MrS the cause of all action, God> �r�
<Row OP  khandu JP the realm of action> kʰandu ��
<Row OP  KIMVA > �����
<Row OP  KIimAafi be unable to estimate the value of> ��im�afi
<Row OP   i. WOrin be unable to estimate the value of> i. ��rin
<Row OP 13661 RIUS WE- ATIE ETI U > ʀ��� ��- ���� ��� �
<Row OP  Jamjalu > �amjalu
<Row OP  jama dhārā MrSIZ' death> jama dʰārā �r���'
<Row OP  Jaravaṇa > �aravaṇa
<Row OP 5151 SrP mighty> �r�
<Row OP  Tdukkhu > �dukkʰu
<Row OP  MIMU the highest reality, God> ����
<Row OP  drisati dīragha TuB far-sighted> drisati dīragʰa �u�
<Row OP  AsA > �s�
<Row OP  MATTI > �����
<Row OP 11097 'Huhi burn> '�uhi
<Row OP 11086 Iubbhi be covetous, desirous> �ubbʰi
<Row OP  M > �
<Row OP  M > �
<Row OP  Shi is, are, was> �hi
<Row OP 3929 M > �
<Row OP 4474 M > �
<Row OP  sabbhasai M > sabbʰasai �
<Row OP  M devotion ° ?] jora (-ā), * woman, wife °> �
<Row OP  cf. P. tohā-tāhī > cf. �. tohā-tāhī
<Row OP  M > �
<Row OP 7627 M > �
<Row OP  jJharaku difference, distinction °> j�haraku
<Row OP  M > �
<Row OP 13838 M > �
<Row OP 9646 M > �
<Row OP  M > �
<Row OP  M > �
<Row OP  Pyatāi sacrifice °> �yatāi
<Row OP  M > �
<Row Mai-Jijal  ʌ́kh šānã̀h ho-/karʌ́ṽ to resemble; to equal> ǎkʰ śānã̂h ho-�karǎṽ
<Row bhatr 946 aṭhɑ̈̄́š eighteen> aṭʰa�̄̌ś
<Row bhatr  äŕ.el busy> æř�el
<Row Gowro  apn̄.ō̃́ to aquire, make s.th. one> apn̄�ō̃̌
<Row Mai-Jijal  ʌmʌ́y refl.proṇ oneself> amǎy refl�proṇ
<Row Mai-Jijal  ʌmā̃̀ refl.proṇ oneself> amā̃̂ refl�proṇ
<Row Mai-Jijal  ʌmā̃̀ refl.proṇgē with oneself> amā̃̂ refl�proṇgē
<Row Mai-Jijal  ʌmā̃̀ refl.proṇnā̃ by oneself> amā̃̂ refl�proṇnā̃
<Row Mai-Jijal  ʌmā̃̀ refl.proṇmili (along) with oneself> amā̃̂ refl�proṇmili
<Row Mai-Jijal  ʌmā̃̀ refl.proṇmišʌr (along) with oneself> amā̃̂ refl�proṇmiśar
<Row Mai-Shatot 919 ā̃c̣ī̀.-ʒ eye> ā̃ʦ̣ī̂�-ž
<Row bhatr 125 ɑ̈̃́r a ﬁre> a�̃̌r
<Row bhatr  izbùru.k name of a month (two months before Ramẓān)> izbûru�k
<Row bhatr  iṭh.íl the upper stone used for grinding spices> iṭʰ�ǐl
<Row bhatr 2539 u.grɑ̄̀ rice broth> u�grā̂
<Row Mai-Jijal 671 ɛ̀r̈-rɑ̄̀l midnight> ɛ̂r�-rā̂l
<Row bhatr  kaṅgɑ̈̄́ a small comb> kaŋga�̄̌
<Row bhatr  kalɑ̈̄́ a rafter> kala�̄̌
<Row bhatr  kɑ̄̃́ze. nə̀ĩ no-one> kā̃̌ze� nâĩ
<Row bhatr  kī̃́ze. nə̀ĩ nothing> kī̃̌ze� nâĩ
<Row bhatr  ku.ċir a bitch> ku�ʦir
<Row bhatr  khàn-se. ṣìṣ a peak> kʰân-se� ṣîṣ
<Row Mai-Jijal  xúd refl.proṇ self> xǔd refl�proṇ
<Row Gowro  ga.lṭō̃́ to discuss> ga�lṭō̃̌
<Row bhatr  g.iṭə̀i a small stone, pebble> g�iṭâi
<Row bhatr 4178 gó.ṭ corner (of a room)> gǒ�ṭ
<Row Gowro  ghʌyō̃́ v.cauṣ to celebrate> gʰayō̃̌ v�cauṣ
<Row Mai-Jijal  ghʌ̀ỹvɑ̄́lā attrib.m. proud> gʰâỹvā̌lā attrib�m
<Row Mai-Jijal 4442 sg.geṇ ghʌrī̃̀ of a woman> sg�geṇ gʰarī̃̂
<Row bhatr  ghuṇ̇gə̀e. an owl> gʰuṇ�gâe
<Row Mai-Jijal  ɣʌﬂʌ̀th neglect; inattention> ɣa�âtʰ
<Row Mai-Jijal 5880 ċʌ̀gʌr ... tōrū́ a spindle> ʦâgar ��� tōrū̌
<Row Mai-Jijal 5889 ċʌ́ṽ perṣproṇpl.erg. you> ʦǎṽ perṣproṇpl�erg
<Row bhatr  čite.e kɑ̈́rü a tiger> cite�e ka�̌ry
<Row bhatr  čite.e ḱärviỳē̃ a tigress> cite�e ǩærviŷē̃
<Row bhatr 4889 čünɑ̈́h lime> cyna�̌h
<Row bhatr 4915 čēt́.ir name of a month> cēť�ir
<Row bhatr  čēnɑ̈́k a can, jug> cēna�̌k
<Row bhatr 4629 čōvke.e a stool> cōvke�e
<Row bhatr  čhätrɑ̈́h an umbrella> cʰætra�̌h
<Row bhatr  čhɑ̈p˚ṛɑ̄̀ a puddle> cʰa�pᵃṛā̂
<Row Mai-Jijal 3643 čh ʌ̄̃̊̄́̃ to pass (ﬂour) through a sieve, strain, sift; to clean (vegetables, pulse, ﬂour)> cʰ ā̃�̄̌̃
<Row bhatr  c̣äī̃ hïsɑ̈́ a third part> ʦ̣æī̃ hisa�̌
<Row bhatr  cɑ̄-bɑ̈t three times> cā-ba�t
<Row bhatr 9029 c̣.iṣ a (bed)bug> ʦ̣�iṣ
<Row bhatr 3696 c̣h.ir milk, dairy products, sap (of plants)> ʦ̣ʰ�ir
<Row bhatr  c̣h̀u.mbɑ̈l a sling for catapulting stones> ʦ̣ʰ̂u�mba�l
<Row Gowro  z̄ k v̄́̃ Jvṭ to strike with a weapon; to grind, crush> z̄ k v̄̌̃ �vṭ
<Row Mai-Jijal  z̄ k v̄́̃ Jvṭ to strike with a weapon; to grind, crush> z̄ k v̄̌̃ �vṭ
<Row bhatr  zɑ̈́x intensity> za�̌x
<Row bhatr  zälú.z a type of green vegetable> zælǔ�z
<Row Mai-Jijal 5110 ergṣg. zʌnḗ a snake> ergṣg� zanē̌
<Row bhatr  zïǟtėe cruelty> ziǣte�e
<Row Mai-Jijal  zík-zʌkh karʌ́ṽ/ho- > zǐk-zakʰ karǎṽ�ho
<Row bhatr  z̀uo.l a tendril> ẑuo�l
<Row Mai-Jijal  zhʌ́r perh. an to become frightened> zhǎr perh� an
<Row Mai-Jijal  zhʌ́r perh. an karʌ́ṽ to frighten or startle s.o.> zhǎr perh� an karǎṽ
<Row Mai-Jijal  zhʌ́r perh. an ho- to get frightened, frighten, startle> zhǎr perh� an ho
<Row bhatr  zhɑ̄̃ṅgú.v a (hanging) cradle; cable-cart for crossing a river> zhā̃ŋgǔ�v
<Row bhatr 10412 žändrɑ̈́h a lock> žændra�̌h
<Row Mai-Jijal  jʌlʌ́ṽ a weaver; a spider> �alǎṽ
<Row bhatr  žhɑ̈mšɑ̄́ mustard or rape> žha�mśā̌
<Row bhatr  žh.išī́ a type of burr grass> žh�iśī̌
<Row Mai-Jijal  žhuārī̀ G/J naṭō̃́ to gamble> žhuārī̂ ɢ�� naṭō̃̌
<Row bhatr 5415 žhōlɑ̈́h a bag> žhōla�̌h
<Row bhatr 6501 ź.ob a long grass used as base for sitting (the grass Panicum dactylon or a similar variety)> ž�ob
<Row bhatr 5513 ṭɑ̈́k ṭäkā̃ṛe. a woodpecker> ṭa�̌k ṭækā̃ṛe
<Row bhatr  tɑ̈mb shallow (water)> ta�mb
<Row Mai-Jijal  ṭavʌ́ṽ v.cauṣ to cause to lift> ṭavǎṽ v�cauṣ
<Row bhatr  ṭī́bī Jpl.-ah tuberculosis> ṭī̌bī �pl�-ah
<Row Gowro  ṭī́bī Jpl.-ah tuberculosis> ṭī̌bī �pl�-ah
<Row Mai-Jijal  ṭī́bī Jpl.-ah tuberculosis> ṭī̌bī �pl�-ah
<Row bhatr 5476 ṭōkɑ̈́h a chopper used by butchers> ṭōka�̌h
<Row bhatr 5481 ṭōpé.e a cap> ṭōpě�e
<Row bhatr 5527 ḍäd́.ö reed> ḍæď�ø
<Row bhatr 6128 ḍäṇd́.ëi a stalk> ḍæṇď�ei
<Row bhatr  d́.eṇḍ a stick> ď�eṇḍ
<Row bhatr  d̀.öm a hairdresser and professional musician> d̂�øm
<Row bhatr  ḍhäṇd́.ār a small bumblebee> ḍʰæṇď�ār
<Row bhatr  ḍhäṇḍ˚ku.lë́i > ḍʰæṇḍᵃku�lěi
<Row bhatr  ḍhä̃ṇd́.ār a wasp; a bumblebee> ḍʰæ̃ṇď�ār
<Row bhatr  ḍh.ĩṅgā́ a cucumber> ḍʰ�ĩŋgā̌
<Row Mai-Jijal  tanʌ̀ỹ refl.proṇintenṣf. of tʌnɑ̄̀ . > tanâỹ refl�proṇintenṣf� of tanā̂
<Row Mai-Jijal  tʌnɑ̄̀ refl.proṇintenṣm. (one> tanā̂ refl�proṇintenṣm
<Row bhatr  tämā̃čɑ̈́h a pistol> tæmā̃ca�̌h
<Row Mai-Jijal  tʌ̀ỹ refl.proṇ own> tâỹ refl�proṇ
<Row bhatr  tɑ̈́l sole of the foot> ta�̌l
<Row bhatr 5612 tḯzɑ̈̄ there, at that place> tǐza�̄
<Row bhatr 5872 t́ïmbɑ̈r a tree covered with thorns (even its trunk)> ťimba�r
<Row bhatr  tï̄r mā̃sxuṭɑ̈́n the night time between 10 and 12 o> tīr mā̃sxuṭa�̌n
<Row bhatr  tütɑ̈́k a ﬂute> tyta�̌k
<Row bhatr  tuṭɑ̈́k a ﬂute> tuṭa�̌k
<Row bhatr  tōtäké.e a swallow> tōtækě�e
<Row bhatr 13773 th́u.ĩ a wooden pillar in house> tʰ̌u�ĩ
<Row bhatr  thu.kë́ĩ saliva> tʰu�kěĩ
<Row bhatr 5905 thu.lë́i a mattress> tʰu�lěi
<Row Mai-Jijal  damzʌ́ṽ v.pasṣ to get used, accustomed to or in the habit of (usually as a young ox with the plough)> damzǎṽ v�pasṣ
<Row Mai-Jijal  daṽʌ.lṭū́ a thin rope, a cord, string> daṽa�lṭū̌
<Row bhatr  dɑ̈s dysentery> da�s
<Row bhatr  dɑ̈̃v́ë̃l a thin rope, a cord, string> da�̃v̌ẽl
<Row Gowro  dizō̃́ v.pasṣ to be given> dizō̃̌ v�pasṣ
<Row bhatr  d̀ïs-se. c̣ō daylight> d̂is-se� ʦ̣ō
<Row bhatr  d́u.aš twelve> ďu�aś
<Row bhatr  du.yō̃ second, another> du�yō̃
<Row Mai-Jijal  dēzʌ́ṽ v.pasṣ to be given; to be beaten> dēzǎṽ v�pasṣ
<Row bhatr  dōzɑ̈́x the hell> dōza�̌x
<Row Mai-Jijal  dhū́r v.imp. get lost!> dʰū̌r v�imp
<Row bhatr 6906 ńä̃ʔ ä̃ not; no> ňæ̃� æ̃
<Row Mai-Jijal 6906 nàh... nàh neither... nor> nâh��� nâh
<Row bhatr  nargɑ̈́s a narcissus> narga�̌s
<Row bhatr 6936 nälkɑ̈́h a tube> nælka�̌h
<Row bhatr  nɑ̈̃th̀oṛ-se. sürḕy nostrils> na�̃tʰ̂oṛ-se� syrē̂y
<Row bhatr 6968 nɑ̈̄́ a wife> na�̄̌
<Row Mai-Jijal  p–-ū̀ > p�-ū̂
<Row Mai-Jijal  p–-ṑ gallopping a horse> p�-ō̂
<Row bhatr  päṛkɑ̈́h a trap for catching birds> pæṛka�̌h
<Row bhatr  päṛké.e Achilles> pæṛkě�e
<Row bhatr  pätilɑ̈́h a tea pot> pætila�̌h
<Row bhatr 7799d pɑ̈rë́ĩ žh́ɑ̄n the hereafter, the other world> pa�rěĩ žȟān
<Row Mai-Jijal  pʌ.lṭuzʌ́ṽ to tangle> pa�lṭuzǎṽ
<Row Mai-Jijal  pʌ.lṭún a platoon> pa�lṭǔn
<Row Mai-Jijal  pɑ̈sï̄́ a rib> pa�sī̌
<Row Mai-Jijal 7948 pʌṡtuìl̈ a rib> pas�tuîl�
<Row bhatr 8126 pāl.ík spinach> pāl�ǐk
<Row Mai-Jijal  pā̃nšämbɑ̈́h > pā̃nśæmba�̌h
<Row bhatr 8184 pitɑ̈́l brass> pita�̌l
<Row bhatr 8168 pĩṇd́.ëi a ﬂat stone between the lower end of a supporting beam and the ﬂoor> pĩṇď�ei
<Row bhatr  püzé.e a cloth or blanket that is put under the tablecloth> pyzě�e
<Row Mai-Jijal  pu.lṭikʌ́l cheating, underhanded, insidious> pu�lṭikǎl
<Row bhatr  pēyvú.č a type of pine tree> pēyvǔ�c
<Row bhatr  pē̃ṇd́.ɑ̈ẓ˚ a type of 7 mm gun> pē̃ṇď�a�ẓᵃ
<Row bhatr  pṛɑ̈́q a ﬂash of light; lightning> pṛa�̌q
<Row Mai-Jijal  phɑqʌỳr̈ a Faqir> pʰaqaŷr�
<Row bhatr 9065 ph́äg.ĩṛ name of a month> pʰ̌æg�ĩṛ
<Row Mai-Jijal  ﬁrʌṅgī̀ syphillis> �raŋgī̂
<Row bhatr 7700 ph́u.ṭ a thin shawl for women> pʰ̌u�ṭ
<Row bhatr  ph́ürphürɑ̈kï a butterﬂy> pʰ̌yrpʰyra�ki
<Row bhatr 8705 ph́ũṇ̇g˚ ray(s) of sunlight> pʰ̌ũṇ�gᵃ
<Row bhatr  ph́ũṇ̇g˚ a moustache, whiskers> pʰ̌ũṇ�gᵃ
<Row bhatr  bɑ̈khuvë́ĩ forearm> ba�kʰuvěĩ
<Row bhatr  bäṭ̀o.l a cave> bæṭ̂o�l
<Row bhatr  bɑ̈̃ṅgṛe.e a type of bracelet> ba�̃ŋgṛe�e
<Row bhatr 11480 bāŕ.ōv a goat-pen> bāř�ōv
<Row bhatr 11480 bāŕ.ā a goat-pen> bāř�ā
<Row Mai-Jijal  bātidɑ̄̀r bhʌndū́qh oṛ.. nʌỳli an (old) muzzle-loader> bātidā̂r bʰandū̌qh oṛ�� naŷli
<Row bhatr 11497 bālé.e wind> bālě�e
<Row bhatr  bōtɑ̈́l a bottle> bōta�̌l
<Row bhatr  bo.l resin> bo�l
<Row bhatr  bhäbär-kɑ̈́rü a lion> bʰæbær-ka�̌ry
<Row bhatr  ... kɑ̈́rō a lion> ka�̌rō
<Row bhatr 9331 bhɑ̈́t boiled rice> bʰa�̌t
<Row bhatr  bhïzdɑ̈́nō̃ both> bʰizda�̌nō̃
<Row bhatr  bh́u.mbäl a longish earthenware pot with a hole in its bottom used for storing grains, etc̣> bʰ̌u�mbæl
<Row bhatr  bh́u.c̣ hunger> bʰ̌u�ʦ̣
<Row bhatr 11181 bhẽṣ̌ beam in a house> bʰẽṣ�
<Row bhatr  bhōra ḍhäṇd́.ār a bumblebee> bʰōra ḍʰæṇď�ār
<Row bhatr  mɑ̈́tär a type of cottage cheese> ma�̌tær
<Row bhatr 9875 märčäkè.e chilli> mærcækê�e
<Row bhatr  mählɑ̈́h a district, part of town> mæhla�̌h
<Row bhatr  mä̃ṅgɑ̈́r name of a month> mæ̃ŋga�̌r
<Row bhatr  mɑ̈̃ṅgrë́i zɑ̄́n a small, thin, but very poisonous snake> ma�̃ŋgrěi zā̌n
<Row bhatr  ḿɑ̈̃ċ a ﬁsh> m̌a�̃ʦ
<Row bhatr  mɑ̈̃ḍhṓ a frog> ma�̃ḍʰō̌
<Row bhatr  mɑ̈̃mt́ü a lamb> ma�̃mťy
<Row Mai-Jijal  mā.lṭʌ́y an orange, tangerine> mā�lṭǎy
<Row Mai-Jijal  ̈ mʌṭṓ a boy> � maṭō̌
<Row bhatr 9742 mā̃dɑ̈́h stomach> mā̃da�̌h
<Row bhatr  mɑ̄̃.lṭɑ̈́h an orange, tangerine> mā̃�lṭa�̌h
<Row bhatr  mā̃.lṭï̄́ an orange, tangerine> mā̃�lṭī̌
<Row bhatr  mā̃sxuṭɑ̈́n the night time between 9 and 10 o> mā̃sxuṭa�̌n
<Row Gowro  misrī̀ Jpl.-ah a mason; carpenter> misrī̂ �pl�-ah
<Row Mai-Jijal  misrī̀ Jpl.-ah a mason; carpenter> misrī̂ �pl�-ah
<Row bhatr  mï̃sɑ̄lɑ̈́h spices> mĩsāla�̌h
<Row bhatr  mu.qbɑ̈ŕɑ̈ a cemetery> mu�qba�řa�
<Row bhatr  mu.qbäŕï a cemetery> mu�qbæři
<Row bhatr  mu.lā čïrgɑ̈́k a hoopoe> mu�lā cirga�̌k
<Row bhatr  müṣkäṇd́.ā > myṣkæṇď�ā
<Row bhatr  ḿõṇ̇guṛ a billy goat> m̌õṇ�guṛ
<Row bhatr  mũ.ze. a carpenter> mũ�ze
<Row bhatr  ḿũ.ṭ upper arm; long handle at plough; a bridle> m̌ũ�ṭ
<Row bhatr  mũṛ́.e. a corpse> mũṛ̌�e
<Row bhatr 10234 ḿũ.ẓ urine> m̌ũ�ẓ
<Row bhatr 9989 mẽṣ-se. górəi a honeycomb> mẽṣ-se� gǒrai
<Row bhatr  mẽṣ-se. gho.p a honeycomb of wild bees> mẽṣ-se� gʰo�p
<Row bhatr  mõṇ̇grúṣ wild strawberry> mõṇ�grǔṣ
<Row Mai-Jijal  mhũĩl̄́ ṽ v.hab to move forward or ahead> mhũĩl̄̌ ṽ v�hab
<Row bhatr 2462 yɑ̈́k one> ya�̌k
<Row bhatr  yɑ̈́kü-ä̀ṛ one and a half> ya�̌ky-æ̂ṛ
<Row bhatr  yɑ̈́kü-dǘbiš forty-one> ya�̌ky-dy̌biś
<Row bhatr  yɑ̈́kkʌ́m-düb̀iš thirty-nine> ya�̌kkǎm-dyb̂iś
<Row Gowro  ʌ̄ i*̄́ to protect, guard, defend; to nurse; to keep, retain> ā i�̄̌
<Row Mai-Jijal  ʌ̄ i*̄́ to protect, guard, defend; to nurse; to keep, retain> ā i�̄̌
<Row Mai-Jijal 10547 ʌ̄ i*̄́ karʌ́ṽ to protect, guard, defend> ā i�̄̌ karǎṽ
<Row Mai-Jijal  rʌdī́ mɑ̄chír̈ a type of bird> radī̌ māchǐr�
<Row Mai-Jijal  ʌ̄ ʒ̈̄́ to sow (grains)> ā ž�̄̌
<Row bhatr  ro.z̀ï eyebrow> ro�ẑi
<Row bhatr 10875 läké.e wood> lækě�e
<Row bhatr  läṛu.ḿï measles> læṛu�m̌i
<Row bhatr  lāl.íč selﬁshness, greed> lāl�ǐc
<Row Mai-Jijal  lā.lṭín > lā�lṭǐn
<Row bhatr  lēbɑ̈́r a porter, day laborer> lēba�̌r
<Row Mai-Jijal  lēbɑ̈́r kʌ̀mē c̣iyʌ́ṽ to hire a laborer> lēba�̌r kâmē ʦ̣iyǎṽ
<Row bhatr  levú.l a spirit level> levǔ�l
<Row Mai-Jijal  vʌ.lḍíṅg welding> va�lḍǐŋg
<Row Mai-Jijal  vʌ.lḍíṅg karʌ́ṽ to weld> va�lḍǐŋg karǎṽ
<Row bhatr 12352 šyɑ̈l a spear> śya�l
<Row bhatr  šyɑ̈l hundred> śya�l
<Row Mai-Jijal  e.g. a woman always having miscarriages> e�g
<Row Mai-Jijal  hʌrìān dative subject to be in trouble> harîān dative sub�ect
<Row Mai-Jijal  calveṣ P. hīyo a word used to call buffaloes> calveṣ �� hīyo
<Row Mai-Jijal  z̊̌ùxtū > z��ûxtū
<Row Mai-Jijal  zal̊ʌ̀y > zal�ây
<Row Mai-Jijal  ɣuṭi̊̄̀ vālʌ́ṽ > ɣuṭi�̄̂ vālǎṽ
<Row Mai-Jijal  b̊e zaynáv > b�e zaynǎv
<Row Mai-Jijal  e̊ rūṣʌ́ṽ > e� rūṣǎṽ
<Row Mai-Jijal  z̊̌ùāb karʌ́ṽ > z��ûāb karǎṽ
<Row Mai-Jijal  pīlå̄̀ > pīla�̄̂
<Row Mai-Jijal  b̊halʌ́ṽ > b�halǎṽ
<Row Mai-Jijal  ḍo̊́k ho- > ḍo�̌k ho
<Row Mai-Jijal  ̊ čɑ̄̀qh > � cā̂qh
<Row Mai-Jijal  l̊ʌ̀c̣ > l�âʦ̣
<Row Mai-Jijal  lʌ́r̊ > lǎr�
<Row Mai-Jijal  t̊o pagōrʌ́ṽ > t�o pagōrǎṽ
<Row Mai-Jijal  nʌ̀n̊d > nân�d
<Row Mai-Jijal  b̊hū́-bhū karʌ́ṽ > b�hū̌-bʰū karǎṽ
<Row Mai-Jijal  kʌ̊nvʌ̀ṭh > ka�nvâṭʰ
<Row Mai-Jijal  g̊oat > g�oat
<Row Mai-Jijal  p̊lastering phʌṭàh > p�lastering pʰaṭâh
<Row Mai-Jijal  bhaṛkuzʌ́v̊̃ > bʰaṛkuzǎv�̃
<Row Mai-Jijal  hʌ́d̊ > hǎd�
<Row Mai-Jijal  e̊rline bríthi > e�rline brǐtʰi
<Row Mai-Jijal  si̊̄̀ > si�̄̂
<Row Mai-Jijal  šʌ̊vā̃̀th > śa�vā̃̂tʰ
<Row Mai-Jijal  nī̀l-sí=u > nī̂l-sǐ�u
<Row Mai-Jijal  po̊̄rzíli > po�̄rzǐli
<Row Mai-Jijal  dʌ́e̊̄ > dǎe�̄
<Row Mai-Jijal  zo̊̄̀r karʌ́ṽ > zo�̄̂r karǎṽ
<Row Mai-Jijal  muq̊ābilàh > muq�ābilâh
<Row Mai-Jijal  bubi̊̄̀ > bubi�̄̂
<Row Mai-Jijal  ṭìph̊ > ṭîpʰ�
<Row Mai-Jijal  qālúb kar̊ʌ́ṽ > qālǔb kar�ǎṽ
<Row Mai-Jijal  zhʌ́ph karʌ́v̊̃ > zhǎpʰ karǎv�̃
<Row Mai-Jijal  ɣʌ̀lʌẙ biyʌ́ṽ > ɣâlay� biyǎṽ
<Row Mai-Jijal  ghuíri galo̊̄̀ > gʰuǐri galo�̄̂
<Row Mai-Jijal  vʌhùn̊ karʌ́ṽ > vahûn� karǎṽ
<Row Mai-Jijal  ɣupàh̊ > ɣupâh�
<Row Mai-Jijal  šɑ̄̀ṛ-phār̊. > śā̂ṛ-pʰār�
<Row Mai-Jijal  mʌnz̊ū̀r nērʌ́ṽ > manz�ū̂r nērǎṽ
<Row Mai-Jijal  bēmå̄nī̀ > bēma�̄nī̂
<Row Mai-Jijal  phůruṅgū́ > pʰu�ruŋgū̌
<Row Mai-Jijal  gìh b̊ɑ̄̀kh nī́ thū̀ > gîh b�ā̂kʰ nī̌ tʰū̂
<Row Mai-Jijal  mārm̊ʌhʌ́y > mārm�ahǎy
<Row Mai-Jijal  bʌdʌ́l̊ > badǎl�
<Row Mai-Jijal 2368-2 u.lṭʌ́ṽ > u�lṭǎṽ
<Row Mai-Jijal  r̊ōzàh > r�ōzâh
<Row Mai-Jijal  bub̊ɑ̄̀ > bub�ā̂
<Row Mai-Jijal  mhɑ̄́l̊ > mhā̌l�
<Row Mai-Jijal  dā́l̊ > dā̌l�
<Row Mai-Jijal  žālv̊ā́n > žālv�ā̌n
<Row Mai-Jijal  ̊ ṭʌ̀kh karʌ́ṽ > � ṭâkʰ karǎṽ
<Row Mai-Jijal  tʌli̊̄̀ > tali�̄̂
<Row Mai-Jijal  bhʌr̊bhʌrī̀ ċhḕl > bʰar�bʰarī̂ ʦʰē̂l
<Row Mai-Jijal  ve̊̄̀-gh̊ɑ̄̀ > ve�̄̂-gʰ�ā̂
<Row Mai-Jijal  šōt̊ʌ́l > śōt�ǎl
<Row Mai-Jijal  ̊ qʌyā̀s > � qayā̂s
<Row Mai-Jijal  rēbʌri̊̄̀ karʌ́ṽ > rēbari�̄̂ karǎṽ
<Row Mai-Jijal  t̊ʌtī̀ > t�atī̂
<Row Mai-Jijal  sʌx̊ʌ̀y > sax�ây
<Row Mai-Jijal  lišʌ́v̊̃ > liśǎv�̃
<Row Mai-Jijal  vēlů̄̀ > vēlu�̄̂
<Row Mai-Jijal  qḕd̊ ̊ > qē̂d� �
<Row Mai-Jijal  m̊irɑ̄̀s > m�irā̂s
<Row Mai-Jijal  bēn̊ū̀r > bēn�ū̂r
<Row Mai-Jijal  pe̊̄rʌ́ṽ > pe�̄rǎṽ
<Row Mai-Jijal  qàstʌv̊̃ > qâstav�̃
<Row Mai-Jijal  mʌdʌr̊sàh > madar�sâh
<Row Mai-Jijal  čambēli̊̄̀ > cambēli�̄̂
<Row Mai-Jijal  žī́ph̊ > žī̌pʰ�
<Row Mai-Jijal  ̊ hʌỳsi > � haŷsi
<Row Mai-Jijal  lāṭín̊ > lāṭǐn�
<Row Mai-Jijal  ph̊ʌ́th karʌ́ṽ > pʰ�ǎtʰ karǎṽ
<Row Mai-Jijal  o̊w knee lēṅgī̀ > o�v knee lēŋgī̂
<Row Mai-Jijal  phī́r̊ > pʰī̌r�
<Row Mai-Jijal  darbʌỳṭhi̊ > darbaŷṭʰi�
<Row Mai-Jijal  k̊ dhùtā̃ rā́ṅg > k� dʰûtā̃ rā̌ŋg
<Row Mai-Jijal  b̊ecome mō̃ṭhùh ho- > b�ecome mō̃ṭʰûh ho
<Row Mai-Jijal  ʌ̊sbā̀ph > a�sbā̂pʰ
<Row Mai-Jijal  phʌ́ph̊ > pʰǎpʰ�
<Row Mai-Jijal  makʌ̀ẙ > makây�
<Row Mai-Jijal  hʌṽɑ̄̀r kar̊ʌ́ṽ > haṽā̂r kar�ǎṽ
<Row Mai-Jijal  zhā̃́l karʌ́v̊̃ > zhā̃̌l karǎv�̃
<Row Mai-Jijal  r̊m huìri > r�m huîri
<Row Mai-Jijal  qʌ̊lḗ karʌ́ṽ > qa�lē̌ karǎṽ
<Row Mai-Jijal  z̊̌uābgʌ́r > z��uābgǎr
<Row Mai-Jijal  o̊f phimíli > o�f pʰimǐli
<Row Mai-Jijal  ̊ sìāl > � sîāl
<Row Mai-Jijal  yů̄̃̀ > yu�̄̃̂
<Row Mai-Jijal  ̊ to tī̀r karʌ́ṽ > � to tī̂r karǎṽ
<Row Mai-Jijal  s̊ gʌỳli > s� gaŷli
<Row Mai-Jijal  nå̄̃̀ > na�̄̃̂
<Row Mai-Jijal  t̊ on a ṣɑ̊̄́kh ṭʌ̀kh karʌ́ṽ > t� on a ṣa�̄̌kʰ ṭâkʰ karǎṽ
<Row Mai-Jijal  mū̃́ṭ̊h > mū̃̌ṭ�h
<Row Mai-Jijal  nʌthů̄̀r > natʰu�̄̂r
<Row Mai-Jijal  ro̊̄̃̀ > ro�̄̃̂
<Row Mai-Jijal  m̊āmulī̀ > m�āmulī̂
<Row Mai-Jijal  kaṛhʌ̀ẙ > kaṛhây�
<Row Mai-Jijal  ruxsʌ̀th̊ > ruxsâtʰ�
<Row Mai-Jijal  m̊ɑ̄̀ṣ > m�ā̂ṣ
<Row Mai-Jijal  sùå̄b gaṭʌ́ṽ > sûa�̄b gaṭǎṽ
<Row Mai-Jijal  ze̊̄́ > ze�̄̌
<Row Mai-Jijal  bʌ́nd g̊haṇḍʌ́ṽ > bǎnd g�haṇḍǎṽ
<Row Mai-Jijal  sanʌ́ṽ ̊ > sanǎṽ �
<Row Mai-Jijal  phùi̊̄ > pʰûi�̄
<Row Mai-Jijal  šã̀r̊. > śã̂r�
<Row Mai-Jijal  ḍuṅgl̊ū́ > ḍuŋgl�ū̌
<Row Mai-Jijal  pʌtēlàh̊ > patēlâh�
<Row Mai-Jijal  zū̀r̊ diyʌ́ṽ > zū̂r� diyǎṽ
<Row Mai-Jijal  sū̀d̊ > sū̂d�
<Row Mai-Jijal  phēdàh harʌ́v̊̃ > pʰēdâh harǎv�̃
<Row Mai-Jijal  sirgʌ̀r̊ > sirgâr�
<Row Mai-Jijal  ̊ ghuṣíli > � gʰuṣǐli
<Row Mai-Jijal  c̣he̊̄ṛʌ́ṽ > ʦ̣ʰe�̄ṛǎṽ
<Row Mai-Jijal  rʌkā̀th náfʌl̊ > rakā̂tʰ nǎfal�
<Row Mai-Jijal  bʌ́rgå̄̃ > bǎrga�̄̃
<Row Mai-Jijal  rʌmbɑ̄̀ph̊ > rambā̂pʰ�
<Row Mai-Jijal  khaṛʌ̊́ṽ > kʰaṛa�̌ṽ
<Row Mai-Jijal  ɣ̊ɑ̄̀ṛ > ɣ�ā̂ṛ
<Row Mai-Jijal  ṭumbùr̊ > ṭumbûr�
<Row Mai-Jijal  s̊.uṭríṅg > s��uṭrǐŋg
<Row Mai-Jijal  mānɑ̊̄̀ > māna�̄̂
<Row Mai-Jijal  e̊ ċʌrxū́ mʌšī́n > e� ʦarxū̌ maśī̌n
<Row Mai-Jijal  ḍók̊ karʌ́ṽ > ḍǒk� karǎṽ
<Row Mai-Jijal  gunå̄ṅgā̀r > guna�̄ŋgā̂r
<Row Mai-Jijal  ghumɑ̄̀r̊. > gʰumā̂r�
<Row Mai-Jijal  híů̄̃ > hǐu�̄̃
<Row Mai-Jijal  galʌ̊́ṽ > gala�̌ṽ
<Row Mai-Jijal  ṣùl̊ > ṣûl�
<Row Mai-Jijal  zů̄̀r > zu�̄̂r
<Row Mai-Jijal  ̊ ṣʌzḕl > � ṣazē̂l
<Row Mai-Jijal  suṭkḕs̊ > suṭkē̂s�
<Row Mai-Jijal  ̊ ṭā̀l > � ṭā̂l
<Row Mai-Jijal  ̊ tʌlvḕr > � talvē̂r
<Row Mai-Jijal  čāežū̀s̊̌ > cāežū̂s��
<Row Mai-Jijal  khizʌ́v̊̃ > kʰizǎv�̃
<Row Mai-Jijal  f̊ bell bulkū́ > f� bell bulkū̌
<Row Mai-Jijal  kůṛkī̀ > ku�ṛkī̂
<Row Mai-Jijal  pa.lṭʌ́ṽ mū̃ṭhùh-pātùh karʌ́ṽ > pa�lṭǎṽ mū̃ṭʰûh-pātûh karǎṽ
<Row Mai-Jijal  tʌr̊biyʌ̀th > tar�biyâtʰ
<Row Mai-Jijal  ɣʌrzi̊̄̀ > ɣarzi�̄̂
<Row Mai-Jijal  zētů̄́ > zētu�̄̌
<Row Mai-Jijal  vʌzī̀r̊ > vazī̂r�
<Row Mai-Jijal  t̊o lʌlʌlɑ̄́-lʌlā karʌ́ṽ > t�o lalalā̌-lalā karǎṽ
<Row Mai-Jijal  bʌlɑ̄́ bʌtʌ̀r̊ > balā̌ batâr�
<Row Mai-Jijal  šʌ̀ṛ̊ > śâṛ�
<Row Mai-Jijal  čʌpå̀h > capa�̂h
<Row Mai-Jijal  bilzḕl̊ > bilzē̂l�
<Row Mai-Jijal  kåṭʌ́ṽ > ka�ṭǎṽ
<Row Mai-Jijal 7968 pa.lṭʌ́ṽ > pa�lṭǎṽ
<Row Mai-Jijal  c̊̌hḕž > c��hē̂ž
<Row Mai-Jijal  vēnå̄̃̀ karʌ́ṽ > vēna�̄̃̂ karǎṽ
<Row Mai-Jijal  lakʌ̀ẙ > lakây�
<Row Mai-Jijal 179 hʌṭɑ̊̄̀l > haṭa�̄̂l
<Row Gowro 3530 kōrʌ́ṽ (J) > kōrǎṽ ���
<Row Gowro 3533 kōl (G) > kōl �ɢ�
<Row Mai-Jijal 4842a ċìm(b)ʌr > ʦîm�b�ar
<Row Mai-Jijal 5071 ċhoṭh (G) J > ʦʰoṭʰ �ɢ� �
<Row Mai-Jijal 5316 zhā́k (-zhūkh) > zhā̌k �-zhūkʰ�
<Row bhatr 5527-5 ḍäd́.ö > ḍæď�ø
<Row bhatr 5872-2 t́ïmbɑ̈r > ťimba�r
<Row Mai-Jijal 6092 thʌ́r (-thʌr) ho- > tʰǎr �-tʰar� ho
<Row Mai-Jijal 7193 nī̀l-bʌsā́n (n) > nī̂l-basā̌n �n�
<Row Mai-Seo 8201 pihi’lī > pihi�lī
<Row bhatr 9029-5 c̣.iṣ > ʦ̣�iṣ
<Row Mai-Jijal 9078-3 phʌrkūrṓ (G?) > pʰarkūrō̌ �ɢ��
<Row Mai-Jijal 9193 bārī́ (kɑ̄́l) > bārī̌ �kā̌l�
<Row Mai-Jijal 9297 būṛā (G?) > būṛā �ɢ��
<Row Mai-Jijal 9989 māc̣ì (Š) > māʦ̣î ����
<Row bhatr 11497-2 bālé.e > bālě�e
<Row Mai-Jijal 12812 ṣòvʌyši S > ṣôvayśi �
<Row Gowro 12982 samgõ (B) > samgõ ���
<Row bir 1474 aẓáṛi 1) Apricot> aẓá�i
<Row bir 1127 áṛi Duck> á�i
<Row bumb  ã́ã Yes!> �́�
<Row bumb  ã́čak Prickles, small thorns> �́ʦ̣ak
<Row urt  hã́čaṛ Prickles, small thorns> h�́ʦ̣a�
<Row bumb  ã́čak dyek To prick> �́ʦ̣ak dyek
<Row bumb 11239 ã́čak jaw Bushy area covered by thorny or prickly bushes> �́ʦ̣ak jav
<Row urt 11589 bhãš To make a sound (of animals, for instance to chirp, to mew, to moo, to bleat, to bark)> bʰ�ś
<Row bumb  báṣik wã́ik To rain through the leaves of a tree> báṣik v�́ik
<Row bumb  bhã́cik 1) To pound, to pulverize> bʰ�́cik
<Row bumb  bhã́cuni Mortar (for pounding ingredients)> bʰ�́cuni
<Row bumb  bhṍjaw dyek To quake (earthquake)> bʰ�jav dyek
<Row bumb  bhõabhṍa hik To creep, to crawl, ride a bicycle> bʰ�abʰ�a hik
<Row bumb  bhut kamẽ́yu Black inedible mushroom> bʰut kam�́yu
<Row bumb  bihõcék To open wide scissors or someone’s eyes or mouth> bih�cék
<Row bumb 11833a bihṍcik To open wide (one’s eyes or mouth)> bih�cik
<Row bumb  boniḷaṹšak Male adult cat> boniḷa�śak
<Row bumb  chak wã́ik To cast a shadow> cʰak v�́ik
<Row bumb  cĩ-karak hik To seesaw, teeter-totter> c�-karak hik
<Row bumb  čãj̣á Pinewood torch> ʦ̣�ʣ̣á
<Row bumb  čhã́čik To thrust into, pierce> ʦ̣ʰ�́ʦ̣ik
<Row bumb  čhĩ́ik To summon, to call together> ʦ̣ʰ�́ik
<Row bumb  dawajaḷaĩ́yak A kind of bird> davajaḷa�́yak
<Row bumb  dãú Large drum> d�ú
<Row bumb  don čã́čik To bite and hold tightly in the teeth> don ʦ̣�́ʦ̣ik
<Row bumb  dṍyõ So, then, therefore> d�y�
<Row bumb 6119 drã́čụi Right hand> dr�́ʦ̣ụi
<Row urt 6119 drãč Right hand> dr�ʦ̣
<Row bumb  drẽṣ In sight, visible> dr�ṣ
<Row bumb   drẽṣṭ In sight, visible> dr�ṣṭ
<Row bumb  drṹyak Corner> dr�yak
<Row bumb  dur niwẽ́ši House- warming ceremony> dur niv�́śi
<Row bumb  dzẽ́is Wave> ʣ�́is
<Row bumb   dzẽ́ist Wave> ʣ�́ist
<Row bumb  dzẽ́ist dyek To move (as a wave)> ʣ�́ist dyek
<Row urt 5582 ḍhãk Waist> ḍʰ�k
<Row bumb  ḍhãs ṣáṭik To fight by butting heads> ḍʰ�s ṣáṭik
<Row bumb 6236 ḍhã́šak Fringe of a cummerbund, headdress or cloth> ḍʰ�́śak
<Row bumb  ḍhã́šak bhut Men’s wool pants with decorative fringe> ḍʰ�́śak bʰut
<Row bumb  ekwã Over> ekv�
<Row bumb  ekwã́ gherék To turn something over> ekv�́ gʰerék
<Row bumb  ẽ Oh!> �
<Row bumb  ẽhẽ́ Like this, like that.> �h�́
<Row bumb  ghṍik 1) To say, speak> gʰ�ik
<Row bumb  gonḍak hã́š Praying mantis> gonḍak h�́ś
<Row bumb  goriã́čak A kind of thorny bush which goats graze on> gori�́ʦ̣ak
<Row bumb  gṹzi Dented> g�zi
<Row bumb  hã́stak Plow handle> h�́stak
<Row bumb 920 hãš Horse> h�ś
<Row bumb  hãš gáḷ Polo> h�ś gáḷ
<Row bumb  hãš kúạk nisikéyn > h�ś kúạk nisikéyn
<Row bumb  hã́ya Well done!, Good work!, Do more like it!> h�́ya
<Row bumb  hẽ Get going! Get up and go! Start!> h�
<Row bumb  hẽ́cakan Continuously> h�́cakan
<Row bumb  hẽṣ Little bit, fairly, somewhat, quite> h�ṣ
<Row bumb 2461 hẽṣ Plow tongue> h�ṣ
<Row bumb 2461  hẽṣṭ Plow tongue> h�ṣṭ
<Row bumb  hr45a šoŋgeḷík Large artery of the heart> hr��a śoŋgeḷík
<Row bumb  hṍžik To say, to answer> h�žik
<Row bumb 13736 istrẽ́yak Female (person or animal)> istr�́yak
<Row bir  išpoṛĩ 1) A kind of tree> iśpo��
<Row bumb  káḷi mãjọ̃́i A kind of moth> káḷi m�jọ̃́i
<Row bumb  kamẽ́yu A kind of edible mushroom> kam�́yu
<Row bir  kažóṛi 1) Cloth bag for carrying flour or grain or materials> kažó�i
<Row bumb  khãṣ 1) Loose or mushy as earth softened by rain> kʰ�ṣ
<Row bumb  khẽ How?> kʰ�
<Row bumb  khẽ cákan How in the world? How ever?> kʰ� cákan
<Row bumb  khẽ ghṍi Why? For what reason?> kʰ� gʰ�i
<Row bumb  khẽ hik What to happen, what to do> kʰ� hik
<Row bumb  khẽ́ki Like that, how> kʰ�́ki
<Row bumb  khẽ́lay What kind?> kʰ�́lay
<Row bumb  krṹkus Very elderly> kr�kus
<Row bumb  kuc khãṣ hik To have diarrhea> kuc kʰ�ṣ hik
<Row bumb  kuṣẽ́a hik To play a game like> kuṣ�́a hik
<Row bumb  ḷawakdã́u Variety of fungus which grows on walnut and mulberry trees> ḷavakd�́u
<Row bumb  ḷã́štyak kárik > ḷ�́śtyak kárik
<Row bumb  ḷãṣṭ Flat, level (as opposed to bumpy, steep, or slanted)> ḷ�ṣṭ
<Row bumb  ḷã́štyak kárik To level off, to smooth out> ḷ�́śtyak kárik
<Row bumb  ḷãṣṭék To level off, to smooth out, to prepare ground for planting> ḷ�ṣṭék
<Row bumb  ḷá̃wtãw Slippery (of a solid surface)> ḷá̃vt�v
<Row bumb  ḷĩ́cak Lizard> ḷ�́cak
<Row bumb  mizogã́čar Witch’s broom (name of a plant)> mizog�́ʦ̣ar
<Row bumb  nawã́ts Difficult, dangerous, bothersome, inconvenient> nav�́ʦ
<Row bumb  nawã́ts hik To be careless> nav�́ʦ hik
<Row bumb  nawã́ts kárik To bother someone, make it difficult for someone.> nav�́ʦ kárik
<Row bumb  niwẽ́ṣan hik To menstruate> niv�́ṣan hik
<Row bumb 7636 pačhĩ́yak Bird (generic word)> paʦ̣ʰ�́yak
<Row bumb  patsẽ́ru Tiny piece of something> paʦ�́ru
<Row bir  paṭighúṛi Mat of woven goathair for laying on the ropes of a bed> paṭigʰú�i
<Row bumb  phĩ-štyak 1) Lightweight> pʰ�-śtyak
<Row bumb  phušã́yštyak Kitten> pʰuś�́yśtyak
<Row bumb  pr45ik 1) To squeeze, press or tread grapes> pr��ik
<Row bumb  prẽ Downstream.> pr�
<Row bumb  prẽ́naw From downstream, from down the valley> pr�́nav
<Row bumb  prẽhák Downstream a little ways> pr�hák
<Row bumb  sahã́t Short period of time> sah�́t
<Row bumb  sathã́ši A kind of poisonous insect> satʰ�́śi
<Row bumb  sontrẽ́ A kind of bird> sontr�́
<Row bumb  šáma šẽhẽmí Just like this> śáma ś�h�mí
<Row bir 12580 šạgháṛi Chain ornament worn by women on the waist> śạgʰá�i
<Row bumb  šãš Fishhook> ś�ś
<Row bumb  šãw > ś�v
<Row bumb  šẽhẽ́ > ś�h�́
<Row bumb  šurukrukụhĩ́ak Bird of the high mountain pastures> śurukrukụh�́ak
<Row bumb 12586 ṣiŋmṍ Sacred place in Rumbur> ṣiŋm�
<Row bumb 10092 ṣiŋmṍ Sacred place in Rumbur> ṣiŋm�
<Row urt 3709 šuṛík Ashes> śu�ík
<Row bumb  taḷṹyaŋk Slender, thin> taḷ�yaŋk
<Row bumb  trómiš waẓĩ́yak Bat> trómiś vaẓ�́yak
<Row bumb  tsẽ́tsaw Squirrel> ʦ�́ʦav
<Row bumb  tsirihĩ́tyek Small sparrow- like bird> ʦirih�́tyek
<Row bumb  ṭhriṣṭhrõṣék To make a suspicious sound> ṭʰriṣṭʰr�ṣék
<Row bumb  ṭoãsék 1) To make a noise while working> ṭo�sék
<Row bumb  ṭṍcuk Active, strong> ṭ�cuk
<Row bumb  wã Place> v�
<Row bumb  wã kárik To make room for someone> v� kárik
<Row bumb  wã́una Instead of, in place of> v�́una
<Row bumb  wãc Small hour-glass shaped drum> v�c
<Row bumb  wãts Level, even, smooth, safe, easy> v�ʦ
<Row bumb  wãts hik To remain well, be careful> v�ʦ hik
<Row bumb  wãts kárik To do with care, to do well> v�ʦ kárik
<Row urt  vresnú Garlic> �resnú
<Row bumb  wẽ Upstream.> v�
<Row bumb  wẽ́naw From upstream, from up the valley> v�́nav
<Row bumb  wẽhák Upstream a little ways> v�hák
<Row bumb  wẽṣ karék 1) To make a boy a part of the world of men by dressing him in a traditional woolen outfit and doing a ceremony> v�ṣ karék
<Row bumb  wr45yak Full.> vr��yak
<Row Bur  áam-qháam davon áam-qháam ds. Žáam ét- essen> ā̂m-�hā̂m
<Row Bur  åaq s. oq> �a�
<Row Bur  aaqhér adv. schließlich, endlich> ā�hér
<Row Bur  aaqhirí davon aaqhirí adj. letzt-; adv. schließlich, endlich> ā�hirí
<Row Bur  aaqhiríkuś davon aaqhiríkuś in aaqhiríkuśe gunċ, Glosse zu aaqhirí gunċ> ā�hiríkuś
<Row Bur  aaqhirkáar davon aaqhirkáar, ds. wie aaqhér> ā�hirkā̂r
<Row Bur  aaśíq -mán- sich verlieben> āśí� -mán
<Row Bur  ãáü-kãáűŭ ét- ` bitter weinen Gh. ái)> �á�-k�á�� ét
<Row Bur  aćaħáayo einen bei der Arbeit stö- rend; böse Antworten gebend> aća�ā̂yo
<Row Bur  aćóq s. !ćok> aćó�
<Row Bur  áçoore sS. +ço> á�ōre
<Row Bur  açhaláù s. yaçhaláṅ> a�halá�
<Row Bur  açhaméi s. das Fg> a�haméi
<Row Bur  açhuméi davon açhuméi, ng. auch açhaméi -miù Untat, Schurkerei ; 80> a�huméi
<Row Bur  adaqhár Mann der mittleren Ge- sellschaftsklasse, ng. von ferne kommend, unbekannt, seltsam> ada�hár
<Row Bur  afsúus apsúus y Bedauern> a�sū̂s
<Row Bur  agúuųyo roh, unreif, geschmacklos; wenig oder gar nicht gedüngt; wenig fruchtbar> agū̂�yo
<Row Bur  ajőóo-kalóonta ein best. Hochzeits- lied (zu ajoól?)> aj�ō̂-kalō̂nta
<Row Bur  akírċum schrecklich aus- sehend, ng. häßlich (auch mora- lisch)> akír�um
<Row Bur  häßlich schrecklich aus- sehend, ng. häßlich (auch mora- lisch)> h��lich
<Row Bur  häßlich häßlich, abstoßend, trübe, trostlos; unrecht, unpas- send (Neg. von giyúmo)> h��lich
<Row Werch  akhlê (-īī-); ; , pl. -juko h ; ; y ; ; und akhi ; ; ; ; dakhíl -juko ; ; ; ; ; ; dakhí 13. 14; ; ; ; 108 solch, derartig; adv. so, auf diese Art> akʰl�
<Row Bur  almáåas > almá�as
<Row Bur  altáaṅuċ acht Tage> altā̂ŋu�
<Row Bur  áltar-tóorumoļ-tőorimi davon áltar-tóorumoļ-tőorimi ng. álthar- dreißig ; áltarulum, ng. áltharilum der (die, das} zwanzigste áltar-hin, áltar-altó usw. einund- zwanzig, zweiundzwanzig usw. áltar-wálti vierundzwanzig áltar altúl zweiundzwanzig Tage> áltar-tō̂rumo�-t�orimi
<Row Bur  altőulum davon altőulum der (die, das) zweite, weitere ; ; ; adv. zweitens, ferner> alt�ulum
<Row Bur  altő-áltar altó-ál- thar; altó-áltar tőorumo fünfzig altó-áltarkuċ vierzig Tage> alt�-áltar
<Row Bur  altőman > alt�man
<Row Bur  amáaąyo Fresser (zu °áam?)> amā̂�yo
<Row Bur  amanóð ), betteln> amanó�
<Row Bur  ámiċ s. ámin ámik s. ámin ámili ng. s. ámulo> ámi�
<Row Bur  aù auf, abhängig> a�
<Row Bur 126 aùáro auch aṅgáro, hz.ng. ańgáa- ro Dienstag> a�áro
<Row Bur 126 ańgáa- auch aṅgáro, hz.ng. ańgáa- ro Dienstag> a�gā̂
<Row Bur  áṅċil hánċhil Wasser, das aus einer Wunde fließt; adj. wäßrig (Tee, Suppe)> áŋ�il
<Row Bur  áůgáaro aůgáro 's. áṅáro> á�gā̂ro
<Row Bur  aùgiēr s. ayár> a�gi�r
<Row Bur  apárċ apárėpa s. war> apár�
<Row Bur  apiċhóe ċhóe nat Zeremo- nialtanz am Vorabend des Bo- phau-Festes; soll ein Tanz des> api�hóe
<Row Bur  aqáiňgi nicht sichtbar> a�ái�gi
<Row Bur  áqal Intelligenz> á�al
<Row Bur  áqal ét- aufpassen ; (áqhkaľ)> á�al ét
<Row Bur  áqal ċghú- erwachsen werden, zu Verstand kommen> á�al �gʰú
<Row Bur  áqalkiś davon áqalkiś -kianė klug, intelli- gent, vernünftig> á�alkiś
<Row Bur  aqén nicht sichtbar, unan- sehbnlich, keinen Eindruck ma- chend, unbedeutend> a�én
<Row Bur  aqmáq > a�má�
<Row Bur  áqhal s. áqal> á�hal
<Row Bur  aqhanaá wenn; ob- wohl immerhin> a�hanā̌
<Row Bur  aqhón aqhóyo "Mullah", mo- hammedanischer Priester> a�hón
<Row Bur  aqhoní davon aqhoní, aqhunéi> a�honí
<Row Bur  arabå Schubkarren> arab�
<Row Bur  aráq Schnaps aus Maulbeeren oder gindáwar> ará�
<Row Bur  arzóq und pl, D.pl. -inċ, -ifo Art Schmalzgebäck, mit Fleisch- fülle, scharf gewürzt `> arzó�
<Row Bur  asif "hasí" Stern> asi�
<Row Bur  asqúr > as�úr
<Row Werch  asqór > as�ór
<Row Bur  asqúrśi asqúrśa -muč Lamm, das zum ersten Male geschoren werden kann> as�úrśi
<Row Bur  asqúrśa asqúrśa -muč Lamm, das zum ersten Male geschoren werden kann> as�úrśa
<Row Bur  astáanx (mohammedanischer) Hei> astā̂n�
<Row Bur  astaqáal > asta�ā̂l
<Row Werch  asaqál > asa�ál
<Row Bur  aśaħṅaáyo ašaħṅoő, aśuṅoó, ng. aśa- ṅaáyo, aśaṅaáyo, aśaṅůái adv. ganz plötzlich, unerwartet, durch Zufall ; 186> aśa�ŋā̌yo
<Row Bur  aśpuriáů der Apriko- senblüte Q + buriáħ?, = zśpuraṅ)> aśpuriá�
<Row Bur  aśuṅoő s. aśaṅáyo aśúuś Xx, ng. -iṅ heitere Musik; Festmusik; hm Spaßmacher bei öffentlichen Versammlungen> aśuŋo�
<Row Bur  aścçúm s. harçúm> aśc�úm
<Row Bur  awálmuċčum davon awálmuċčum von Anfang an> aválmu�cum
<Row Bur  båalt- -lć- waschen ; ; ; 374> b�alt- -lć
<Row Bur  baáů 2baáů Gebetsruf ; ; 69> bā̌�
<Row Bur  baaqaaidá > bā�āidá
<Row Bur  baaqí adj. übrig> bā�í
<Row Bur  báaśqar der bay-Hirse> bā̂ś�ar
<Row Bur  biç davon biç NH ds. verkleinernd> bi�
<Row Bur  babáaq in: babáaq gaṭú Baby> babā̂�
<Row Bur  bábańù bábaq s. ?baṅù> bába��
<Row Bur  baċ kleine unzugängli- che grasbewachsene Terrasse zwischen Felsen, auf der Tiere> ba�
<Row Bur  báċin "ba- suring" Schenkel ; ; ; auch (bei Tieren) Hinter- bein über dem Sprunggelenk (auch -ċiṅ)> bá�in
<Row Bur  baċháariś > ba�hā̂riś
<Row Bur 11241 baċhár wo- bei ein Bein mit einer Hand ge- halten wird `> ba�hár
<Row Bur  baċhár duún- doón- Hahnen- kampf spielen i baċhár manz auf einem Bein hüpfend sich fortbewegen> ba�hár dū̌n
<Row Bur  schön 3baćán ng. schön, (Mensch) selt- sam> sch�n
<Row Bur  baçík dusú- (wem? -ċe) jáa ínċčċe baçík bilá ich vertraue ihm> ba�ík dusú
<Row Werch  bálbaľ dazu balbál herunter-, überhängend ; y> bálba�
<Row Werch 11879 baláħ Lei- ste, die den Trichter zur Mühle stützt; Leiste um den Webstuhl; Geländer> balá�
<Row Bur  baláċ baláċ sg. und pl., D.pl. -śo, ng. -iśo> balá�
<Row Bur  fesseln binden> �esseln
<Row Bur  baraqbéeś großes, grobma- schiges Sieb> bara�bē̂ś
<Row Bur  barbáiń in: barbáiù giá biċá Löcher bekom- men> barbái�
<Row Bur  barċí Steinbockfell als Gebetsteppich oder Fußmatte verwendet; Lederpolster unter der Traglast> bar�í
<Row Werch  barċé Steinbockfell als Gebetsteppich oder Fußmatte verwendet; Lederpolster unter der Traglast> bar�é
<Row Bur  bárċhil kleiner Wasser- lauf, Gerinnsel in einer Schlucht> bár�hil
<Row Werch  bálċir kleiner Wasser- lauf, Gerinnsel in einer Schlucht> bál�ir
<Row Werch  basźś > bas�ś
<Row Werch  beskåret Cunn., Lei. "bashkar" Schaf, kastrierter Widder über zwei Jahre alt, Schöps> besk�ret
<Row Bur  bastóiù Art Blattgemüse, im Früh- ling gesät> bastói�
<Row Bur  baśçán einen Höheren aus Früchten, Brot, Ku- chen usw. baśçán sú- bringen> baś�án
<Row Bur 11647 baśçár Schießscharte> baś�ár
<Row Werch 11647 baçár Schießscharte> ba�ár
<Row Bur  báśqar Lonicera cfr. dis- color Lindley oder Lonicera spec., = Heckenkirsche oder Geißblatt, Pflanze der Hoch- weide, mit sehr hartem Holz, das für Schaufeln, Zinken der Heuga- bel usw. verwendet wird> báś�ar
<Row Bur  baśqát oder baśqát śiqá Minuartia kashmirica (Edgew.) Matth, = eine Mierenart; L: grüner schleimiger Belag an Was- serkanälen> baś�át
<Row Bur  batqismatí > bat�ismatí
<Row Bur  báṭłkuś davon báṭłkuś Faulheit, Müßiggang> báṭ�kuś
<Row Bur  baṭá-guśçíkiś s. !bulá> baṭá-guś�íkiś
<Row Bur  wächst auch: dummes Weibsbild> v�chst
<Row Bur  bátaqur geröstetes Mehl> báta�ur
<Row Bur  báṭiù Stäubmehl, d.i. Mehl, das man beim Ausrollen der Brotfladen auf die Unterlage streut, damit der Teig nicht fest- klebt> báṭi�
<Row Bur  batóù in guyáṅ-batóů s. guyáṅń> bató�
<Row Bur  baṭoőó Magen> baṭo�ó
<Row Bur  báyiù pl, hz.ng., D.pl. baçéṅ, ng. báyiù Hirse (kleinkörnige Art), (Kr.) Rispenhirse, Panicum milia- ceum ; bay śiqá Hirsestroh> báyi�
<Row Bur  bé-ćoq bé-ćuq s. ćoq bedastúur wie gewöhnlich, wie> bé-ćo�
<Row Bur  bédiċ bédiski ng. s. bérič bée s. !be> bédi�
<Row Bur  beeqúup 263> bē�ū̂p
<Row Bur  béerukuċ béerumkuċ> bē̂ruku�
<Row Bur  béerumkuċ béerumkuċ> bē̂rumku�
<Row Bur  belç <iů> bel�
<Row Bur  beùk Bank> be�k
<Row Bur  beqhabár 25, biqha- bár , biiqhabár ; ; adv. plötzlich, unerwartet, achtlos {u. bē xabar)> be�habár
<Row Bur  bériċ bédič -ćo Angehöriger der Schmiede- und Musikerkaste in der Gilgit Agency, Zigeuner, "Dom", Schmied, Musiker ; ; ; ; ; 421> béri�
<Row Werch  bédeċ bédič -ćo Angehöriger der Schmiede- und Musikerkaste in der Gilgit Agency, Zigeuner, "Dom", Schmied, Musiker ; ; ; ; ; 421> béde�
<Row Bur  besaqtá im Affekt> besa�tá
<Row Bur  bé-waqte bé-waqtulo s. waqt> bé-va�te
<Row Bur 3661 çhái-biái davon çhái-biái ds> �hái-biái
<Row Bur  bíbaù > bíba�
<Row Werch  bīė vorderer Aufschlag, Revers des Mantels> b��
<Row Bur  biċárś s. bisárś> bi�árś
<Row Bur  bićáńgal Fingerhut> bićá�gal
<Row Bur 11743 bíçuś > bí�uś
<Row Bur  bíçuś es hat geblitzt> bí�uś
<Row Bur  bidibidíṅù s. das Fg> bidibidíŋ�
<Row Bur  bidíù von Schlagen, Pum- pern, Trommeln, (Büchsen-)> bidí�
<Row Bur  bidibidíṅù ní- davon bidibidíṅù ní- laut stampfend gehen> bidibidíŋ� ní
<Row Bur  biéeço s. buyéeço> biē̂�o
<Row Bur  çir-biénum davon çir-biénum, jar-biénum, jir- biénum NH zaundürr, ganz dünn> �ir-biénum
<Row Bur  bīīç s. baáy> b���
<Row Bur  bíiiù und pl., ng. biríiù Früchte gedörrt und wie Mehl gemahlen; ng. getrocknete Maulbeeren ge- mahlen> bī̂i�
<Row Bur  biríiù und pl., ng. biríiù Früchte gedörrt und wie Mehl gemahlen; ng. getrocknete Maulbeeren ge- mahlen> birī̂�
<Row Bur  biiqhabár s. beqhabár> bī�habár
<Row Bur  bijaáqo voll Angst> bijā̌�o
<Row Bur  bílċe s. °'bel> bíl�e
<Row Bur  bilċóù gespaltener Huf, Klaue {von Schafen, Kühen usw.)> bil�ó�
<Row Bur  bilėhóù Tier, das den Rest der Beute von Raubtieren frißt; (nach L:) Name einer vagabun- dierenden Bettlerin; ständig um> bil�hó�
<Row Bur  bíilça biliçhá -mu Schaukel> bī̂l�a
<Row Bur  biliçhá biliçhá -mu Schaukel> bili�há
<Row Bur  biliçhá s. bílça> bili�há
<Row Bur  biqhabár s. beqhabár bir s. bil> bi�habár
<Row Bur  biránç Maulbeerbaum; x sg. und pl> birán�
<Row Bur  biráq- -ić- graben> birá�- -ić
<Row Werch  biráq- graben> birá�
<Row Bur  birekóoçi eiserne Schöpfkelle für Mehl, Teig usw> birekō̂�i
<Row Bur  bíri-bāāq bíri-bábaq s. ?baṅù> bíri-b���
<Row Bur  biríiù s. bíiù> birī̂�
<Row Bur  biróonç s. burúnç> birō̂n�
<Row Bur  bíisċe -ú- in kochendes Fett stecken (wen -ar) (früher Strafe für Schwerverbrecher) bis gurá- NH "Fett scheißen", von den weißen Exkrementen der Vögel in der Hungerzeit im Früh- ling> bī̂s�e -ú
<Row Bur  bisqá Speichel> bis�á
<Row Werch  mesqé Speichel> mes�é
<Row Werch  musqé Speichel> mus�é
<Row Werch  biśå-J-wáśi- (ins Gefängnis) werfen; (an eine Arbeit) setzen, tun lassen; schießen> biś�-�-váśi
<Row Bur  biśšqár Schaffutter; adj. (Wolle) rauh> biśś�ár
<Row Bur  biśqárkiś davon biśqárkiś (ś sic) ng. (Wolle) schlecht, rauh> biś�árkiś
<Row Bur  bízaq heftig schlagen, ver- prügeln bízaq n: d:l- ds> bíza�
<Row Bur  bóċhal auf einem Haufen {bo + ċhaľ)> bó�hal
<Row Bur  bóko-barőto s. bóki-barőto bomó s. bo> bóko-bar�to
<Row Werch  bóőnis minis -50 Teigklum- pen, bis zu faustgroß, aus dem der Brotfladen gemacht wird> bó�nis
<Row Bur  boù Unterteil des Schlauchs; ng. die untere, ver- schnürte Öffnung des Schlauchs; After> bo�
<Row Bur  boq ét- schreien (Ziegenbock in der Zeit der Paarung)> bo� ét
<Row Bur  bráã-bráä ét- blöken> brá�-brá� ét
<Row Bur  braṅùčċá auch brinċá Versamm- lung von Menschen> braŋ�c�á
<Row Bur  brīīt davon brīīt NH ds> br��t
<Row Werch  biâ und pl, D.pl. hz.ng. buánċ Kuh> bi�
<Row Bur  buánċ und pl, D.pl. hz.ng. buánċ Kuh> buán�
<Row Bur  buáltarċ Kuhhirte> buáltar�
<Row Werch  biétarċ Kuhhirte> biétar�
<Row Bur  bubóq Fleischmas- se, Hinterbacke, Waden, ng. Bi- zeps> bubó�
<Row Werch  bobőq Fleischmas- se, Hinterbacke, Waden, ng. Bi- zeps> bob��
<Row Bur 12067 buç Chenar-Platanen- baum> bu�
<Row Bur  buçhá Falle, bes. eine aus Steinen, für Vögel, Ratten, Füchse, Bären> bu�há
<Row Werch  buçá Falle, bes. eine aus Steinen, für Vögel, Ratten, Füchse, Bären> bu�á
<Row Werch  boldorőq > boldor��
<Row Bur  bulbūūülo bubúlo -miħù lauwarm> bulb���lo
<Row Bur  bulqá !bulqá -ù -miù ng. -inè Hammer> bul�á
<Row Werch  baluqá !bulqá -ù -miù ng. -inè Hammer> balu�á
<Row Bur  bulsáħṅ für Braut und Bräutigam {sh. bulsáṅ)> bulsá�ŋ
<Row Bur  bumx lbumx sg. und pl, ng, D.pl. -ifo Steinbock, Schraubenziege> bum�
<Row Bur  buqćikán > bu�ćikán
<Row Bur  buqpáå puqpá -mu Knoblauch> bu�pá�
<Row Bur  puqpá puqpá -mu Knoblauch> pu�pá
<Row Bur  buqhaarí > bu�hārí
<Row Bur  buqhéni Ziege mit bestimmten Merkmalen am Kopf> bu�héni
<Row Werch  borőndo s. búujan búrjan halbbedeckter Himmel burká s. phurqå buróőndo hz.ng. -muċ Fingerring, Siegelring ; 337> bor�ndo
<Row Bur  buroőói buroőói Brunft, Paarung der Steinböcke> buro�ói
<Row Bur  burpúriań > burpúria�
<Row Bur  burqá s. phurqáå burúč s. !burús> bur�á
<Row Bur  burúnç biróonç -iṅ Wolken, bedeckter Himmel> burún�
<Row Bur  biróonç biróonç -iṅ Wolken, bedeckter Himmel> birō̂n�
<Row Bur  buruńśíů s. śiṅ> buru�śí�
<Row Bur  buśóanė lbuśóośo pl. hz.ng. buśóanė Kalb, auch Schimpfnamen für einen Dummen> buśóan�
<Row Bur  ċhiáre s. bukóoko buśúl -inċ, ng. phuśúl -iù Sophora spec., = eine Perlschnurbaum> �hiáre
<Row Bur  butáriù in: śiqá butáriù ét- jdn. (-ar) verzau- bern, magisch Macht gewinnen über, sich (eine Frau) durch Lie- beszauber geneigt machen> butári�
<Row Bur  būūtpha būūtpha meistens, größ- tenteils, in der Mehrzahl; ständig, häufig, gewöhnlich> b��tpʰa
<Row Bur  būūtpha (ng. būūtpha) iċí ótimi er brachte viele Leute hinter sich (Parteiführer usw.)> b��tpʰa
<Row Bur  butpáçi auch butpháçi der grö- Bere Teil, eine ziemliche Anzahl ; ; adv. oft, großenteils> butpá�i
<Row Bur  būüūtpha s. buṭpá> b���tpʰa
<Row Bur 11307 buyéeço Weber> buyē̂�o
<Row Bur  buyúŭ föhrenähnlicher Baum, nicht in Hz> buyú�
<Row Bur  búy- -ç- mit pl.-Subjekt buyá- -ć-/-úya- -é-, die präfixlose Form gehört zu den "4 y-Verben"> búy- -�
<Row Werch  bū- mit pl.-Subjekt buyá- -ć-/-úya- -é-, die präfixlose Form gehört zu den "4 y-Verben"> b�
<Row Werch  būya- mit pl.-Subjekt buyá- -ć-/-úya- -é-, die präfixlose Form gehört zu den "4 y-Verben"> b�ya
<Row Bur  ċāão würzen> ���o
<Row Bur  ċíu davon ċíu +t-, ćiu :t- NH ds. ver- kleinernd> �íu
<Row Bur  ċaċamáł ét- eine gemeinsame Arbeit rasch erledigen mii ité duró čäčamát ne čtuman oder míi ité duróe (oder duróar) ćaċamát étuman wir erledigten die Sache rasch> �a�amá� ét
<Row Bur  ċáċap > �á�ap
<Row Bur  ċáčaq man (Pferde) störrisch sein, beständig scheuen; (Mensch) sich furchtsam zurückziehen> �áca� man
<Row Bur  ċáċar s. ?ċar ċagarií Hinterteil (von Pferden> �á�ar
<Row Bur  lċćak Schleuse čak déċ-, ng. ċak dél- die Schleu- se schließen> l�ćak
<Row Bur  ċakċák davon ċakċák +t- NH ds> �ak�ák
<Row Bur  ċik davon ċik :t-, čičík -t-, ċikċík :t-, ċukċák =t- NH ds. verkleinernd> �ik
<Row Bur  ċikií-ċakoó davon ċikií-ċakoó +t- NH nicht so dauerhaft und schön errichten; auch von eigenen Sachen aus Be- scheidenheit gesagt> �ikī̌-�akō̌
<Row Bur  ċamċák ganz gerade, aufrecht> �am�ák
<Row Bur  ċamćáq s. zamzáq> �amćá�
<Row Bur  ċamík Soße> �amík
<Row Bur  ċaná mit großem Mundstück> �aná
<Row Bur  ċandúra Montag> �andúra
<Row Bur  ċaħùkór und pl. hz.ng. Wache, Wachtposten ċaħùkór hurút- ng. auf Wache sit- zen ċaṅùkóre śikáari NH Wachtturm> �a��kór
<Row Bur  ċáoċao man NH> �áo�ao man
<Row Bur  ċap ét- mit den Fingern berühren, langen nach> �ap ét
<Row Bur  ċáċap ét- davon ċáċap ét-, NH čapċáp ét- ner- vös alles Mögliche anfassen und wieder loslassen (-ċe)} ćamdáulo ċáċap ét- in der Tasche herumfummeln, -tasten ċapċčáp ne gar: NH unüberlegt sprechen, wild darauflos reden> �á�ap ét
<Row Bur  ċiċáp ét- davon ċiċáp ét- ertasten; stehlen> �i�áp ét
<Row Bur  ċupċáp -mán- davon ċupċáp -mán- NH (Blinder) herumtasten> �up�áp -mán
<Row Bur  ċap-gaśáp ét- davon ċap-gaśáp ét- rasch zupacken (z.B. wenn etwas gefallen ist)> �ap-gaśáp ét
<Row Bur  lċápi Zange> l�ápi
<Row Bur  ċaq-ċamúlaq Menge, zusam- mengepfercht, überfüllt> �a�-�amúla�
<Row Bur  ċaq-gaśáp s. gaśáp> �a�-gaśáp
<Row Bur  ċáre Wachtturm> �áre
<Row Bur  ċćargúin davon ċćargúin Wächter, Wachtpo- sten> �ćargúin
<Row Bur  ċaréi davon ċaréi :t- bewachen, achten auf> �aréi
<Row Bur  ċar 2ċar :t- zerreißen, zerspalten, auf- schneiden> �ar
<Row Bur  ċárum davon ċárum ċar +t- NH in Stücke reißen, zerfetzen> �árum
<Row Bur  ċúrum davon ċúrum ċur +t- NH ds. verklei- nernd> �úrum
<Row Bur  ċur dazu ċur :t- (Holz) in kleinen Bewe- gungen spalten, einen kleinen Einschnitt machen ; 14 (zā); (Wolle) ausraufen, rupfen> �ur
<Row Bur  ċuċúr dazu ċuċúr, ċiċúr man:]-mán:, NH ċáċar ní- in kleine Stücke zerfal- len ċuċúr +t- in kleine Stücke spalten> �u�úr
<Row Bur 4844 ċir man dazu ċir man> �ir man
<Row Bur  ċat ste- hen bleiben, haltmachen, warten ; 13; ; ; bestehen, sich behaupten> �at
<Row Bur  ċáłkus davon ċáłkus, ċćáṭukus NH aufrech- tes Holzstück in der Mehltruhe (ċhágur)> �á�kus
<Row Werch  -ċej-ċí 1_ċeļ-ċí Kasusendung: an, hinter u.ä., Gr> �ej-�í
<Row Bur  ċíaṭe davon -ċíaṭe Postp. hinter ... her, nach> �íaṭe
<Row Werch  -ćeq 2_ċe, ng. auch -ċeq Partikel für den Kond., Gr> će�
<Row Bur  ċenċ -mán- Rä.235 zenė blļinzeln> �en� -mán
<Row Bur  ċeq $. ?-ċe> �e�
<Row Bur  sċi- dsċi- s. čhí> s�i
<Row Bur  ċī ét- zř ét- im Zorn ein Geräusch (wie ein Leopard) ausstoßen> �� ét
<Row Bur  ċiċák ét- ng. (Frau nach der Geburt eines Kindes) zur Familie des Vaters zurückgehen, um Essen zu sammeln> �i�ák ét
<Row Bur  ċiċáp s. ćap> �i�áp
<Row Bur  ċíċil man hz.ng. verschwinden> �í�il man
<Row Bur  verschwinden hz.ng. verschwinden> �erschvinden
<Row Bur  ċíi-ċíi man (Regen)> �ī̂-�ī̂ man
<Row Bur  ċiíp auswinden, auspres- sen> �ī̌p
<Row Bur  ćīīu s. ċääo> ć��u
<Row Bur  ċikií-ċakoőó s. ċáko> �ikī̌-�ako�ó
<Row Bur  ċćímo S. -će> �ćímo
<Row Bur  ċip s. ċup> �ip
<Row Bur  ċiq > �i�
<Row Bur  fung > �uŋg
<Row Bur  ċiq ét- ausspucken> �i� ét
<Row Bur  ċiq-thúu ét- bespucken, ver- achten, hassen> �i�-tʰū̂ ét
<Row Bur  ċiqmitár Bupleurum longi- caule Wall. ex DC. var. hima- layense> �i�mitár
<Row Bur  ċon Has. ċóyo Sklave> �on
<Row Bur  ċonéi davon ċonéi NH Sklaverei> �onéi
<Row Bur  ċóniski davon ċóniski wie ein Sklave, Skla- ven> �óniski
<Row Bur  ċoq ét- mit der Zunge schnal- zen (aus Bewunderung; um eine Ziege anzulocken; für "nein")> �o� ét
<Row Bur  ċoċóq ét- davon ċoċóq ét> �o�ó� ét
<Row Bur  ċćhóċurań dazu -ċćhóċurań y pl. Fingerspitzen> �ćhó�ura�
<Row Bur  ċćuċćuróo > �ću�ćurō̂
<Row Bur  ċukċák s. ?ċak> �uk�ák
<Row Bur  ċum sS. -će> �um
<Row Bur  ċup oder x (je nach Gegenstand)> �up
<Row Bur  ċúpan (bilá)> �úpan
<Row Bur  ċípċe schon nach einer kleinen Wegstrecke wieder verschnaufen> �íp�e
<Row Bur  ċupúm zupúm NH (Gewebe) dünn, fein> �upúm
<Row Bur  ċupunós erkältet im Kopf L> �upunós
<Row Werch  çumúś erkältet im Kopf L> �umúś
<Row Bur  ċupúś > �upúś
<Row Bur  ċurbúr ew. sorgfältig und gerecht untereinander (haráṅń)> �urbúr
<Row Bur  verteilen > �erteilen
<Row Bur  ċúro Stückchen, bißchen (bes. von Wolle) (von ćur zu čar)> �úro
<Row Bur 4860 ċut éiri -miṅ -muè Klito- ris> �ut
<Row Bur  ċü-ċáāä Geräusch, das ein ċuúrbat s. ćórbat Stummer mit Mund und Nase er- zeugt> ��-�á��
<Row Bur  ċuúr-puúr (von Vögeln) auffressen, kaputtmachen> �ū̌r-pū̌r
<Row Bur  déċam davon déċam -iù eingezäunter Platz, in dem (wilde) Tiere eingeschlos- sen sind; Pferch, Falle> dé�am
<Row Bur  ċháċhaq > �há�ha�
<Row Bur  ċháċhar s. ċhar> �há�har
<Row Bur  ċháçi s. çháći> �há�i
<Row Bur  ċhagará mit Schießen auf Ballone usw., hz. auch: schnell laufen (von Pfer- den, Kühen)> �hagará
<Row Bur  ċhagará díċ- vom Pferd aus schießen bes ċhagará díśu báa ng. was machst du so einen Krach, "Wir- bel"?> �hagará dí�
<Row Bur  ċhágur Kiste, Kasten für Getreide oder Mehl> �hágur
<Row Bur  ċhaí die zwei Wochen des zunehmenden Monds> �haí
<Row Bur  ċhaí-guápa man davon ċhaí-guápa man: NH erschei- nen und gleich wieder verschwin- den> �haí-guápa man
<Row Bur  ċhal Haufen> �hal
<Row Werch  ċhálate Haufen> �hálate
<Row Bur  ċháli- -ć- davon ċháli- -ć- NH (Getreide) auf- häufen, auf einen Haufen tun> �háli- -ć
<Row Bur  ċhálaqas Krankheit: Pu- steln auf der Zunge; ng. Papillen auf der Zunge> �hála�as
<Row Bur  ċhalk Al. ċhálqiś, ng. ċhálki Esse, Arbeitsstätte des Berits ċhalk bisá- NH eine Esse bauen, machen> �halk
<Row Bur  ċhálki Al. ċhálqiś, ng. ċhálki Esse, Arbeitsstätte des Berits ċhalk bisá- NH eine Esse bauen, machen> �hálki
<Row Bur  ċhámanum erstgeboren (Sohn, Tochter, Tierjunges) (-sa-)> �hámanum
<Row Werch  ċámanum erstgeboren (Sohn, Tochter, Tierjunges) (-sa-)> �ámanum
<Row Bur  ċham-ċhán s. das Fg> �ham-�hán
<Row Bur  ċhan gerade, di- rekt; wahr, aufrecht, korrekt> �han
<Row Bur  śaq-ċhán davon śaq-ċhán NH ds> śa�-�hán
<Row Bur  ċháħkuś davon ċháħkuś y Wahrheit, Recht- schaffenheit> �há�kuś
<Row Bur  ċhanaċhán -mán- davon ċhanaċhán -mán- NH glau- ben, vertrauen> �hana�hán -mán
<Row Bur  du-ċhán- -ái- sein> du-�hán- -ái
<Row Werch  du-ċán- sein> du-�án
<Row Werch  dzċan- sein> dz�an
<Row Bur  śaq-duċhánum davon śaq-duċhánum NH = śaq- ċhán> śa�-du�hánum
<Row Werch  -ċán- n:ċan, ng. n:ċhan zählen, rechnen , dazurech- nen ; betrachten als; prei- sen> �án
<Row Bur  ċhánum festgelegte Essens- ration für eine Person> �hánum
<Row Bur  śáap -ċhán- (wen -ar)> śā̂p -�hán
<Row Bur  haś iċhán- > haś i�hán
<Row Bur  ċhanaċhán s. čhan> �hana�hán
<Row Bur  ċhanç (mit m-Ptz.) ; ; (ś-Form von -ćhán-)> �han�
<Row Bur  ċhanzár Lücke> �hanzár
<Row Bur  ċháṅůki wirklich> �háŋ�ki
<Row Bur  ċhánkum s. čháńkum> �hánkum
<Row Bur  ċháṅůkum ċhánkum adv. wahr> �háŋ�kum
<Row Bur  ċhánkum ċhánkum adv. wahr> �hánkum
<Row Bur  ċháħůkum ein Mann> �há��kum
<Row Bur  ċháṅkum sén- gar: ehrlich spre- chen, die Wahrheit sagen> �háŋkum sén
<Row Bur  ċhaùkuś s. ċhan ċhapán-|-ċhápan- -ai- hz.ng. nähen> �ha�kuś
<Row Bur  ċhapánum dírum dígunum śíçái er trägt Genähtes, er ißt Gekochtes und Reifes, d.h. es geht ihm immer gut> �hapánum
<Row Bur  ċhaq > �ha�
<Row Bur  ċćhaċháq davon ċćhaċháq :t> �ćha�há�
<Row Bur  ċhaqċháqą dazu ċhaqċháqą, ċhiċháq, 'ċhuċháq #t- ausschütteln> �ha��há��
<Row Bur  ċhar man hz.ng. tropfen, tröpfeln, spritzen> �har man
<Row Werch  ċar hz.ng. tropfen, tröpfeln, spritzen> �ar
<Row Bur  ċkáċhar davon ċkáċhar man: tröpfeln> �ká�har
<Row Bur  ċhúċhur dazu ċhúċhur manź, ċhiċhúr man: schwach tröpfeln (Regen)> �hú�hur
<Row Bur  ċhirċhár man davon ċhirċhár man: hz.ng. (in vielen Tropfen) verspritzt werden> �hir�hár man
<Row Bur  ċćhárum davon ċćhárum ċhar man: NH voll- ständig verspritzt werden> �ćhárum
<Row Bur 1880 ċháriś ċháraṅů, D.pl. -raùćiù Gan., Al. -raniù sg. Teil des Türrahmens, d.i. Türpfosten odef Schwelle, pl. Türrahmen, ng. Rahmen (des Webstuhls, der Drechselmaschine) (Fr.)> �háriś
<Row Bur 1880 ċháraṅů ċháraṅů, D.pl. -raùćiù Gan., Al. -raniù sg. Teil des Türrahmens, d.i. Türpfosten odef Schwelle, pl. Türrahmen, ng. Rahmen (des Webstuhls, der Drechselmaschine) (Fr.)> �háraŋ�
<Row Bur  ċhárkan- -kai- (vereint) ver- prügeln, schlagen> �hárkan- -kai
<Row Bur  ċharkín- > �harkín
<Row Bur  ċhatṭ jú- Gegenstück bilden, vergleichbar sein mit úne káa men ċhat júçáan wer kann sich mit dir vergleichen?> �hatṭ jú
<Row Bur  di-ċhí- dazu di-ċhí- NH Regenwolken (ha- rált) sich zusammenziehen, auf> di-�hí
<Row Bur  ċhiár auch -inè Jungstier> �hiár
<Row Werch  ċiár auch -inè Jungstier> �iár
<Row Bur  ċhiátar > �hiátar
<Row Bur  ċhíċin- in winzige Stückchen zerkleinern, Fladen (qhamáli) dünn auswalzen (von ćhilúm?)> �hí�in
<Row Bur  ċhiċháq s. ċhaq> �hi�há�
<Row Bur  ċhíċhil s. ċhil> �hí�hil
<Row Bur  ċhiċhóq s. *ċhoq> �hi�hó�
<Row Bur  ċhiċhúr s. ċhar> �hi�húr
<Row Bur  di-ċhígin- hangen> di-�hígin
<Row Werch  di-ċígin- hangen> di-�ígin
<Row Werch  di-ċíkin- hangen> di-�íkin
<Row Bur  dzċikin- dazu dzċikin-, ng. dzċhikin- trs. hän- gen, aufhängen> dz�ikin
<Row Werch  deċikin- dazu dzċikin-, ng. dzċhikin- trs. hän- gen, aufhängen> de�ikin
<Row Bur  ċhiír und pl, D.pl. -inċ, ng. ċhigír -išo Ziege ; ; ; ; weiblicher Steinbock ; ; 366> �hī̌r
<Row Bur  ċhigír und pl, D.pl. -inċ, ng. ċhigír -išo Ziege ; ; ; ; weiblicher Steinbock ; ; 366> �higír
<Row Bur  ċhiírkum-buákum ein Ķinderspiel> �hī̌rkum-buákum
<Row Bur  dzċhikin- d:-ċhikin- ng. s. di-ċhígin> dz�hikin
<Row Bur  ċhil Lei. ng. "tsil" und "sSiliming" und "silmitshang"> �hil
<Row Bur  ċhil biśá- bewässern ċhílulo -wál- eine nächtliche Pol- lution erleiden ċhílar -mán- ins Wasser fallen; eine Pollution erleiden ćhílaṅře -wáśi- ins Wasser werfen ċhílċèe dél- NH (Kleider durch Schlagen)> �hil biśá
<Row Bur  ċhílaṅe ċhílaṅe akóćam ich werde dich nicht im Stich las- sen, "sitzen lassen" yuúlulo ċhil Wassersucht ċhil śiqá hz.ng. "Wassergras", Agropyron repens (Linn.) PB., = kriechende Quecke, Ahrengras an Wasserläufen> �hílaŋe
<Row Bur  ċhílċhil davon ċhílċhil, ċhíċhil NH kleine, wasserfarbene Perle für Halsbän- der> �híl�hil
<Row Bur  trúu-ċhil davon trúu-ċhil NH wäßrig, "das - reinste Wasser"> trū̂-�hil
<Row Bur  di-ċhíl- d:ċhil- s. -íl> di-�híl
<Row Bur  ċhilbáśo > �hilbáśo
<Row Bur  ċhílbupur in Wasser gekocht, "Spätz- le" {ćhil + bupúr) ċhílbupure dáudo Gericht aus Spätzle> �hílbupur
<Row Bur  ċhílèhil s. ċhil> �híl�hil
<Row Bur  ċhilgálas Mann, der die Bewässe- rung regelt (zu ćhil yál-, s. gál-)> �hilgálas
<Row Bur  ċćhilgalaséi davon ċćhilgalaséi Amt dieses Man- nes> �ćhilgalaséi
<Row Bur  ċhilgíś nasser und rutschiger Platz; ng. auch: Art kleine Pflanze, gekaut gut gegen Husten> �hilgíś
<Row Bur  ċhilguápa ċhilgúapa manz, ċhilgúapal man> �hilguápa
<Row Bur  ċhilgúum und ng. ċhilgúyum wäßrig> �hilgū̂m
<Row Werch  čelĝóm und ng. ċhilgúyum wäßrig> cel�óm
<Row Bur  ċhilgúyum und ng. ċhilgúyum wäßrig> �hilgúyum
<Row Bur  trúu-ċhilgúyum davon trúu-ċhilgúyum NH ds. stei- gernd, ganz wäßrig> trū̂-�hilgúyum
<Row Bur  ċhilím s. ċhħilúm> �hilím
<Row Bur  ċhilpéeś kleine Quelle am Bergabhang> �hilpē̂ś
<Row Bur  ċhímo jünger, nächster im Rang, untergeordnet (wem? = Pron.präfix)> �hímo
<Row Bur  ċhináak s. das Fg> �hinā̂k
<Row Bur  ċhindák davon ċhindák y hölzerne Rücken- lehne> �hindák
<Row Bur  ċhináak man dazu ċhináak man: ng. sich zurück- lehnen> �hinā̂k man
<Row Bur  ċhindár man (Kuh) nach dem Stier verlangen> �hindár man
<Row Bur  ċhindí ċhindíkuė s. ċhundó ċhindíśx oder ċhindíś buá der in- nere Dreschochse, der sich nur> �hindí
<Row Bur  ċhindíulum s. ċhundó> �hindíulum
<Row Bur  ċhir ċhírimiù Li- nie, Reihe (von Leuten), Kette> �hir
<Row Werch  -ċériṅ Darm, pl. Einge- weide> �ériŋ
<Row Bur  aċhíriṅik ich habe Bauchschmerzen 2-ċhír -iù Brust> a�híriŋik
<Row Bur  ċhirċhár s. ċhar ċhiríś hz.ng. -ráaħ, Pr. 5012 auch> �hir�hár
<Row Bur  ċhíriś Wurzel> �híriś
<Row Bur  ċhírtik Teil des Tiers zwischen den Vorderbeinen und den Eingeweiden, ng> �hírtik
<Row Bur  ċhóċur- s. ċuċór> �hó�ur
<Row Bur  ċhoċhőq mit Steinen zersto- Ben, kastrieren múlo ċhoċhóq Gericht aus gerie- benen gekochten Rüben> �ho�h��
<Row Bur  ćhoċhór s. ċhor> ćho�hór
<Row Bur  ċhoù Bettler aus Baltistan> �ho�
<Row Bur  ċhoóṅaṭte s. -ċhú> �hō̌ŋaṭte
<Row Bur  lċčhoq ét- > l�cʰo� ét
<Row Bur  ċhiċhóq ét- davon ċhiċhóq ét- überall herumsu> �hi�hó� ét
<Row Bur  ċhóqo davon ċhóqo NH Bettler> �hó�o
<Row Bur  ċhoq 2ċhoq s. ċhaq> �ho�
<Row Bur  ċhor bald, rasch, sofort> �hor
<Row Werch  ċor bald, rasch, sofort> �or
<Row Bur  čhórċum > cʰór�um
<Row Bur  ċhórum davon ċhórum, ċhórmo früher, aus früheren Zeiten> �hórum
<Row Bur  ċhórmuċum davon ċhórmuċum von Anfang an, lange Zeit hindurch> �hórmu�um
<Row Bur  ċhőóraa davon ċhőóraa ċhor oder ćhóraa ċhőre ke ; , ċhóraa ċhor ke einst, in grauer Vorzeit, "es war einmal" am Beginn von Märchen> �h�órā
<Row Bur  ċhőrdi ċhórdine , , ċhórdi- nar ; ; adv. mor- gens, morgen früh> �h�rdi
<Row Bur  ċhórdimo davon ċhórdimo hz.ng. Morgen-, morgendlich ; ; ; ; ; ċhórdimo śapík das erste Früh- stück har ċhőrdimo allmorgendlich aṅħṅáro (usw.) ċhórdimo Dienstag (usw.) früh> �hórdimo
<Row Bur  ċhórmo čhőrmučum, čhórum s. ċhor -ċhú pl. hz.ng. -ċhóů Fußspur> �hórmo
<Row Bur  iċhúaṭe (mit festem i-), Postp. mit Gen.: nach, hinter ... her ; (mit -ċum); ; außer ; ; nach- dem (mit Abs.) ; 20; ; , (mit m-Ptz.) ; adv> i�húaṭe
<Row Bur  ċhoóṅaṭe davon -ċhoóṅaṭe hinter ... her> �hō̌ŋaṭe
<Row Bur  ċhú- -ć- neċun, ng. neċhu, Pron.präfixe nur bei menschli- chen Wesen als Objekt, vgl. Gr. .; mit y-Obj. ċhú- -ćć- núču oder nuċhún> �hú- -ć
<Row Bur  ċhúyas-gánas was man bei> �húyas-gánas
<Row Bur  óőo-ċu- dazu óőo-ċu-, ng. óo-ċhu> ó�o-�u
<Row Bur  óo-ċhu- dazu óőo-ċu-, ng. óo-ċhu> ō̂-�hu
<Row Bur  ċhúċhu Disput ćéága ċhúċhu ye ité natiijá> �hú�hu
<Row Bur  ċhulá jedes männliche Zuchttier, hz. besonders Ente- rich, ng. Zuchtgeißbock f> �hulá
<Row Bur  èċhulmáyanė s. ċhurmáriś> ��hulmáyan�
<Row Bur  ċhundó ċhindí z ; ; ; ; fünf> �hundó
<Row Werch  ċindő ċhindí z ; ; ; ; fünf> �ind�
<Row Werch  ċindí ċhindí z ; ; ; ; fünf> �indí
<Row Bur  ċćhindiku davon ċćhindiku hz.ng. fünf Tage> �ćhindiku
<Row Bur  ćhuṅċháů ein kräftiger, heftiger Marsch> ćhuŋ�há�
<Row Bur  ċhupúś s. zupúś> �hupúś
<Row Bur  ċhuqċėháq unglücklich, zornig> �hu���há�
<Row Bur  ċhurmáriś ċhulmáiś -máyanė aufgebla- sener Schlauch zum Schwimmen> �hurmáriś
<Row Bur  ċhúṭti Gipfel (des Berges); Haarschopf der Hindus; Kopffedern der Vögel; Hahnen- kamm> �húṭti
<Row Bur  ċhuúm Lei. "tshúng", Cunn. "chung" schwer, schwer- fállig, langsam, geduldig> �hū̌m
<Row Bur  ċhuúmo s. -ċhímo> �hū̌mo
<Row Bur  ćaćáq s. ćaq ćaćár s. ćar ćaćaráas kleiner Behälter auf dem Dach, aus Ziegeln (zum Fg.?) ććaćaráayi hölzerner Schrank im Wakhi-Haus, entspricht imáguṭi im Hz.-Haus ićádan Art Baum (nicht in Hz.)> ćaćá�
<Row Bur  śiqám > śi�ám
<Row Bur  ćakár(iù) ét- herum- reisen , einen kleinen Bum- mel machen> ćakár(i�) ét
<Row Bur  ćamáq auch -uċ, -inċ, bz. auch ćamáqiś -qianė Feuerstahl> ćamá�
<Row Werch  ćamáx auch -uċ, -inċ, bz. auch ćamáqiś -qianė Feuerstahl> ćamá�
<Row Bur  ćanáq "abgebrannt"> ćaná�
<Row Bur  ćań-ćhagúrum s. ććhagúrum> ća�-ćhagúrum
<Row Bur  ćáůùgi ćáṅgu, ćaṅŭgú s. éhaṅùgú> ćá��gi
<Row Bur  ćapqháś geheimzuhalten- de Sache> ćap�háś
<Row Bur  ćaq lćaq -íćaù ng. Stock zum Glätten> ća�
<Row Bur  ćíćiq davon ćíćiq +-t-, ćiqćiq +-t- NH jdm. reichlich zu essen geben> ćíći�
<Row Bur  ćiqgćáq davon ćiqgćáq :t- NH ein bißchen essen> ći�gćá�
<Row Bur  d-ćaqar- s. du-cháqar> d-ća�ar
<Row Bur  ćaqaraáṭto ćaqaráṭo -muċ klebrig, zäh, ng. (Finger) vor Schmutz klebend> ća�arā̌ṭto
<Row Bur  ćaqaráṭo ćaqaráṭo -muċ klebrig, zäh, ng. (Finger) vor Schmutz klebend> ća�aráṭo
<Row Bur  ćaqarkhásk > ća�arkʰásk
<Row Bur  ćaqás s. ćaqís> ća�ás
<Row Bur  ćaqćáq s. ?’ćaq> ća�ćá�
<Row Bur  ćaqdár > ća�dár
<Row Bur  ćaq-hagúm s. hagúm> ća�-hagúm
<Row Bur  ćaqír > ća�ír
<Row Werch  ćaqér > ća�ér
<Row Werch  ćiqir > ći�ir
<Row Bur  ćaqjríit dazu ćaqjríit -iù WeiBes im Augen- winkel (Ausscheidung), Schote der weißen Bohne> ća�jrī̂t
<Row Bur  ćaqíis pulverisieren; (Kno- chen) brechen> ća�ī̂s
<Row Bur  ćaqóoti langweilig, ver- schlampt, das Verhindertsein> ća�ō̂ti
<Row Werch  ćaqôti langweilig, ver- schlampt, das Verhindertsein> ća��ti
<Row Bur  dzćaqur- d:zćaqur- s. éhagúrum> dzća�ur
<Row Bur  (Brot) in Scheiben schneiden> (�rot)
<Row Bur  ċiríp davon ćirípo -muċ, ng. ċiríp> �iríp
<Row Werch  ćantőro mit auseinanderste- henden oder gekrümmten Zehen; mit einem kurzen Fuß> ćant�ro
<Row Bur  ćeéq lćeéq -iṅ -uf Schaufel in der Müh- leẹ, Stock zum Kräuseln von Manschetten> ćē̌�
<Row Bur  ćiJ-i Lokativsuffix bei bestimmten Substantiven, vgl. Gr> ći�-i
<Row Werch  -ćiJ-Ù Lokativsuffix bei bestimmten Substantiven, vgl. Gr> ći�-�
<Row Bur  ćiććíù Hungerfrühling, d.h. Frühjahr, in dem die Vorräte knapp geworden oder aufge- braucht sind> ćiććí�
<Row Bur  ćíićiq s. °éqq> ćī̂ći�
<Row Bur  ćam-ćidíù davon ćam-ćidíù ganz hart (usw.)> ćam-ćidí�
<Row Bur  ćimíqo etwas winzig Kleines> ćimí�o
<Row Bur  ćindaqúuri -yán- (Kind) auf den Schultern tragen, daß die> ćinda�ū̂ri -yán
<Row Bur  ćiqćáq ćíqćiq s. ’ćaq> ći�ćá�
<Row Bur  ćiqirís Mensch von mittlerer Größe \ i> ći�irís
<Row Bur  ćiráq Lampe> ćirá�
<Row Bur  ćööp-ćööp s. !éop> ć��p-ć��p
<Row Bur  ćópo-muè lćop -uċ, ng. ćópo-muè kleiner Haufen> ćópo-mu�
<Row Bur  ćööp-ćöðp ét- davon ćööp-ćöðp ét- NH Getreide- schober usw. machen> ć��p-ć��p ét
<Row Bur  ćoq 1ćoq Art, Weise> ćo�
<Row Bur  bičċíq dazu bé-ćoq, bé-ćuq, ng. bičċíq welch?, von welcher Art? (nur prädikativ)}, adv. nun, na, wie steht’s? bé-ćuq, duró manílá nun, ist die Arbeit fertig?> bic�í�
<Row Bur  ćóquli davon ćóquli in: ćóquli íi soeben, gerade jetzt> ćó�uli
<Row Bur  éóq S. céuq> éó�
<Row Bur  ćućóq (Esel) halten lassen> ćućó�
<Row Werch 4850 ćuqundár und pl, ng. ćúgdar -iśo Pfirsich, y> ću�undár
<Row Bur  ćéukáù s. jukáů> ćéuká�
<Row Bur  ćéukulimiń ét- verleumden, an- schwärzen> ćéukulimi� ét
<Row Werch  ćiq ein Kornmaß, nur mit Zahlen wie in híćuq> ći�
<Row Bur  ćuspå der letzte Verlierer beim "Knobeln"> ćusp�
<Row Bur  (éyūćyü 103 (éyūćyü> (éy�ćy�
<Row Bur  ćéháćhaħů s. ?ćéhaù 1-éháćhar- ng. (Stein) glätten, po- lieren> ćéháćha��
<Row Bur  éhagúrinė zu ćhaṅúr s. ćha- ŘŐr> éhagúrin�
<Row Werch  ćaĝórumkusś davon ćhagúrumkuś Kälte> ća�órumkusś
<Row Bur  (ćyūćyü) 103 (ćyūćyü)> (ćy�ćy�)
<Row Bur  ćhaáṅ-waáṅń ét- (im Traum, Suff) fantasieren inée ćágamiń ćhaáṅ-waáń biċá er redet dumm daher, sein Gerede ist- sinnlos> ćhā̌ŋ-vā̌ŋ� ét
<Row Bur  éhāät-ćhāāt s. hat> éh��t-ćh��t
<Row Werch  ćaĝált- > ća�ált
<Row Bur  ćéhagúrinė zu ćhaħṅúr s. ćha- ùór> ćéhagúrin�
<Row Bur  ćéhaî yuú- die Uhr aufziehen búke ćhaí ng. Uvula, Zäpfchen> ćéha� yū̌
<Row Bur  ćháćhań dazu ćháćhań man: ds> ćháćha�
<Row Bur  ćéháńaras Hinterkopf> ćéhá�aras
<Row Werch  -ćáĝganes Hinterkopf> ćá�ganes
<Row Bur  ćaù-éhagúrum s. éhagúrum> ća�-éhagúrum
<Row Bur  léhaṅùgú ćáůgu, ćáůgi, ćéháṅgus, NH ćháńůkum, ćháṅis- kum, ng. ćháůkum steiler Ab- hang, steiler und enger Weg; NH> léhaŋ�gú
<Row Werch  ćáħgi ćáůgu, ćáůgi, ćéháṅgus, NH ćháńůkum, ćháṅis- kum, ng. ćháůkum steiler Ab- hang, steiler und enger Weg; NH> ćá�gi
<Row Bur  ćháůkum ćáůgu, ćáůgi, ćéháṅgus, NH ćháńůkum, ćháṅis- kum, ng. ćháůkum steiler Ab- hang, steiler und enger Weg; NH> ćhá�kum
<Row Bur  éháùgus éháṅkum ng. s. !éhaṅgú> éhá�gus
<Row Bur  ćhańúr ćhańúr, pl. ćhagúrinė un- geöffnete Nuß, Aprikosenstein mit dem Kern darin> ćha�úr
<Row Bur  ćhaùór Aprikosen- stein mit Kern darin ćhaṅór hanísi Frau, die sich beim Knacken von Aprikosenkernen dumm anstellt, die geknackten mit den ungeknackten durchein- anderbringt, usw., nach anderen: geizig> ćha�ór
<Row Bur  éháqar und -ćháqarś -raṅ, ng. -ćhógur -iaṅ Strahl> éhá�ar
<Row Bur  du-ćháqar- du-ćhágar- (Haare) sich öffnen, auseinanderflattern (zu -éháqar)> du-ćhá�ar
<Row Bur  éháqarś s. -éháqar> éhá�arś
<Row Bur  ćhaqćháq von Hunden> ćha�ćhá�
<Row Bur  ćháaů ćháaů Sanddorn, pl. Dornengestrüpp> ćhā̂�
<Row Bur  ćhäāāäāṭt-ćhāäät man davon ćhäāāäāṭt-ćhāäät man: NH etwas klein sein, unbedeutend sein; sich bücken; ehrerbietig sein> ćh�����ṭt-ćh���t man
<Row Bur  ćéhémiliù und pl. hz.ng. Gift> ćéhémili�
<Row Bur  hiù die den Mist aufsaugt> hi�
<Row Bur  ćhiù (unverschämte Leute) sich an ej- nem Platz versammeln> ćhi�
<Row Bur  ćéhíùċhil von Viehkot verunreinigtes Wasser> ćéhí��hil
<Row Bur  éhoćhóőót s. !éhot> éhoćhó�ót
<Row Bur  éhóquraħṅ !-éhóguriaṅů y pl. in die Stirn gekämmtes abge- schnittenes Haar, Simpelfransen, Ponyfrisur> éhó�ura�ŋ
<Row Werch  -éóqures !-éhóguriaṅů y pl. in die Stirn gekämmtes abge- schnittenes Haar, Simpelfransen, Ponyfrisur> éó�ures
<Row Bur  ćhoćhóőṭ dazu ćhoćhóőṭ +t- ds> ćhoćhó�ṭ
<Row Bur  ćhótiù ét- > ćhóti� ét
<Row Bur  ćhoóńṅo ćhoóńṅo, ng. auch ćhoóṅ, ng. D.pl. éhoónumiù Ah- re; Traube> ćhō̌�ŋo
<Row Werch 3696 çûrk- > ��rk
<Row Bur  ćhutáq (Holz) schneiden> ćhutá�
<Row Bur  çaaçeéki Hochzeitsmusik (wenn die Braut das Haus verläßt)> �ā�ē̌ki
<Row Bur  çaán (Wasser) fast klar, (Himmel) nur halb bedeckt> �ā̌n
<Row Bur  çaánçan ein Zeitabschnitt> �ā̌n�an
<Row Werch  çánçan ein Zeitabschnitt> �án�an
<Row Bur  çaáṅń (Himmel) klar> �ā̌ŋ�
<Row Bur  çi-çaáù davon çi-çaáù mans, ng. çií-çaáħù man: (Himmel) aufklaren> �i-�ā̌�
<Row Bur  çií-çaáħù davon çi-çaáù mans, ng. çií-çaáħù man: (Himmel) aufklaren> �ī̌-�ā̌��
<Row Bur  çaçát s. çat> �a�át
<Row Bur  çágan oder çágani, NH auch çhágani Gefahr, Unglück, Ver- derben> �ágan
<Row Bur 8711 çaloó Pupille> �alō̌
<Row Bur  çaloogár sehr niedriger quadra- tischer Schemel, früher auch aus Eisen> �alōgár
<Row Bur  çaopáo Lärm> �aopáo
<Row Bur  çaq -mán- Knochenbruch an Hand oder Fuß erleiden çaq +t- NH> �a� -mán
<Row Bur  çuqçáq davon çuqçáq NH halb zerbrochen; halb gemacht (half-done} çüüq-çãäq ét- NH Vorwände vorbringen, um etwas hinauszu- zögern> �u��á�
<Row Bur  ça-qaráp s. qaráp l> �a-�aráp
<Row Bur  çaq-báardum s. båardum> �a�-bā̂rdum
<Row Bur  çãāt (Frauenfluch)> ���t
<Row Bur  çut t- davon çut t- mit Bedacht, Sorgfalt, in kleinen Stücken abreißen 36. 10; çút(an) ein Stückchen> �ut t
<Row Bur  çaçát man dazu çaçát man:, ní- (Kleider) zer- reißen, in Fetzen gehen çaçát :t- zerreißen, zerbrechen (trs.)> �a�át man
<Row Bur  çatpát dazu çatpát :t- (Papier usw.) zerrei- Ben, mit einem Knall, wie es kleine Kinder machen, nicht von oben nach unten (ċar =t-) çatpát -mán- hadern, Streit mit- einander haben> �atpát
<Row Bur  çitçát t- davon çitçát t- NH, ng. çitçút da und dort etwas abreißen, (Ge- treide, durch Ausraufen) ernten> �it�át t
<Row Bur  çitçút davon çitçát t- NH, ng. çitçút da und dort etwas abreißen, (Ge- treide, durch Ausraufen) ernten> �it�út
<Row Bur  çeél ét- die Gelegenheit wahr- nehmen çeél(iṅ) neti ċhú- rasch und heimlich verschwinden lassen> �ē̌l ét
<Row Bur  çeéṅ adj. etwas geöffnet> �ē̌ŋ
<Row Bur  çígu çúgu, ćíbu dél- oder man: NH (Vogel)> �ígu
<Row Bur  çiíq (Last auf dem Rücken) knarren, ächzen> �ī̌�
<Row Bur  çik man > �ik man
<Row Bur  çimíli Span, Schnitzel> �imíli
<Row Bur  çipi in der Erde, wenn der Pflug nicht tief genug geht; ng. auch: Steinchen zum Unterlegen, damit etwas gerade steht> �ipi
<Row Bur  çitçát s. çat> �it�át
<Row Bur  çíu ét- pfeifen (Steinbock)> �íu ét
<Row Bur  çiupíu Unebenheit im Gewebe> �iupíu
<Row Bur  ço ço pl. :çukóon hz.ng,, NH. auch -çukú Bruder eines Mannes ; ; 287, Schwester einer Frau, Ehemann der Schwester eines Mannes ; 267> �o
<Row Bur  çóko-çaáko davon çóko-çaáko, ng. çóki-çaáki völlig verkrüppelt, gelähmt> �óko-�ā̌ko
<Row Bur  çóki-çaáki davon çóko-çaáko, ng. çóki-çaáki völlig verkrüppelt, gelähmt> �óki-�ā̌ki
<Row Bur  çonç sehr spitziger Gipfel; (klei- nes) Loch, Öffnung (im Felsen)> �on�
<Row Bur  çoómiù aufreizende, provozie- rende Reden> �ō̌mi�
<Row Bur  çop dél- gáarċ- und çópiù dél- her- abspringen, -hüpfen> �op dél
<Row Bur  çóquro ét- schreien> �ó�uro ét
<Row Bur  çuán ét- (Büchse)> �uán ét
<Row Bur  çuaṭí in: çuaṭļí jarpá NH Art Pappel> �uaṭí
<Row Bur  çuçúk (Pflanzen) anhäufeln (von çuk?)> �u�úk
<Row Bur  çúgu s. çíğu> �úgu
<Row Bur  çukaálo dazu çukaálo fem. -li gute(r) Nä- her(in)> �ukā̌lo
<Row Bur  çut s. çat> �ut
<Row Bur  çutlúko > �utlúko
<Row Bur  çúṭto ein kleines Stück Zwirn (von çut)> �úṭto
<Row Bur  çháa adv. überall ; Postp. mit K.abs. durch ... hindurch , durch und durch> �hā̂
<Row Werch  ça adv. überall ; Postp. mit K.abs. durch ... hindurch , durch und durch> �a
<Row Bur  çháamuċum davon çháamuċum immerzu, immer- "fort> �hā̂mu�um
<Row Bur 3649 çháći ċháçi Rang, Würde> �háći
<Row Bur  chaçháp s. çhap çhágani s. çágani> cha�háp
<Row Bur  çhágo Spiraea lycoi- des Parker, = eine Art des Spier- strauches; aus den Ruten wird durch Erhitzen Ol gegen Schorf> �hágo
<Row Werch  çágu Spiraea lycoi- des Parker, = eine Art des Spier- strauches; aus den Ruten wird durch Erhitzen Ol gegen Schorf> �águ
<Row Bur  çhái-biái s. biái> �hái-biái
<Row Bur 3671 çham Hungersnot l; 93> �ham
<Row Bur  çhámine davon çhámine, ng. çhámini hungrig , ng. auch Subst. Hunger ; 66; (ng. -mimi), 93 chámine -mán- hungrig werden ; ; ; 307 (-ni) çchámine -ír- Hungers sterben> �hámine
<Row Bur  çhámini davon çhámine, ng. çhámini hungrig , ng. auch Subst. Hunger ; 66; (ng. -mimi), 93 chámine -mán- hungrig werden ; ; ; 307 (-ni) çchámine -ír- Hungers sterben> �hámini
<Row Bur  çháukiś davon çháukiś buá NH Milchkuh> �háukiś
<Row Bur  schießen (Pfeil)> schie�en
<Row Bur 3651 verschießen ab- schießen; ng. auch> �erschie�en
<Row Bur 3655 chápariù Spuren, Narben von Schlägen> chápari�
<Row Werch 3662 çar Pissen, Durchfall; ng. auch Wasserfall> �ar
<Row Werch 3662 çir Pissen, Durchfall; ng. auch Wasserfall> �ir
<Row Bur  çhin çhíu (kleinerer)> �hin
<Row Werch  çen > �en
<Row Bur 3685 çhitő für sich, allein, abgesondert> �hit�
<Row Bur  çhit geängstigt çhit -mán- sich nicht mehr blik- ken lassen (weil man Angst hat oder nicht mehr arbeiten will)> �hit
<Row Bur  çhum s. çhimçhám> �hum
<Row Bur 3727 çhur Messer> �hur
<Row Bur  dåáado s. quáato> d�ā̂do
<Row Bur  dáalikianė s. dáalumuċ> dā̂likian�
<Row Bur  dāäālqiś s. dal> d���l�iś
<Row Bur  dáalumuċ Has. táalumuċ, und dáali- kianė eitrige Mandelentzündung> dā̂lumu�
<Row Bur  dáaħe die Stelle, an der jeder Spieler beim báda-báḍda-Spiel an- fängt> dā̂�e
<Row Bur  dáċćo ldáċćo x tägliche Ration> dá�ćo
<Row Bur  dudúṅń ét- dazu dudúṅń ét- ds> dudúŋ� ét
<Row Bur  dafáa sich zurückziehen, weg- gehen> da�ā̂
<Row Bur  dáfan > dá�an
<Row Bur  dafatán > da�atán
<Row Werch  daĝgá- nutága> da�gá
<Row Bur  staqa- -ć- davon :-staqa- -ć-, ng. :-staga> sta�a- -ć
<Row Bur  ddagóaħ ddagóaħ y pl. hz.ng. Mehl> ddagóa�
<Row Werch  daĝgó Klebstoff> da�gó
<Row Bur  dagúċčikiś dazu dagúċčikiś hz.ng. Leimtopf; Häher; ng. auch: Wassersüchtiger> dagú�cikiś
<Row Bur  dāālqiś dazu dāālqiś +t- nach oben schieben> d��l�iś
<Row Werch  dalåh > dal�h
<Row Bur  dalqhá auf und ab, oben und unten> dal�há
<Row Bur  dalqęhátum davon dalqęhátum , dálum> dal��hátum
<Row Bur  daltáånas auch taltánas Loch in einem Stein> daltá�nas
<Row Bur  dåálum-qhátum s. dalqhá> d�álum-�hátum
<Row Bur  damgufá damkhooṭá Kurzat- migkeit, Asthma (-ai)> damgu�á
<Row Bur  danäś das ständige Verbleiben an einem Ort; Standfestigkeit, Zu- verlässigkeit (von 'dan?) danáś ét- zuverlässig sein, zu sei- ner Sache stehen; ng. (beim Sit- zen) nicht Platz machen> dan�ś
<Row Bur  dánċil Schwefel, findet sich in Schwefelquellen, die als heil- kräftig gelten> dán�il
<Row Bur 5768 dáħńphuṅń -mán- davon dáħńphuṅń -mán- ng. eindösen dáo hz.ng. -muċ -ánė Backblech für - Brotfladen> dá��pʰuŋ� -mán
<Row Werch  dåápeski einen Fußtritt - versetzen, mit dem Fuß treten> d�ápeski
<Row Bur  dáqhal Störung; schädlicher Einfluß oder Angst vor Dämonen> dá�hal
<Row Bur  iċí er ist von Dämonen besessen maíiċe dáqhal yáam euer Sohn soli von Dämonen besessen wer- den! (Fluch)> i�í
<Row Bur  dáqhalkuś davon dáqhalkuś ds> dá�halkuś
<Row Bur  daráqt > dará�t
<Row Bur  darċ geschnittenes Ge> dar�
<Row Werch  darè > dar�
<Row Bur  dárċe s. ?gar> dár�e
<Row Bur  darúċ davon darúċ sg. ; ; und pl. ; ; pl. auch -tiù -iśo Jäger> darú�
<Row Bur  darúċkuin davon darúċkuin Jäger> darú�kuin
<Row Bur  dáśçikan > dáś�ikan
<Row Bur 5621 daśçóono taçóon -óoyo Specht> daś�ō̂no
<Row Bur 5621 taçóon taçóon -óoyo Specht> ta�ō̂n
<Row Bur  déċčam s. ċha déċiras s. deri> dé�cam
<Row Bur  déċčukus bei der Mühle Stein mit einem Loch, durch das nur eine bestimmte Menge Wasser fließen kann, so daß der Zufluß geregelt ist; Balken oben am Holzkasten (ċhágur) zum Ver- schließen (von dzċa-)> dé�cukus
<Row Bur  delmíù ldelmíù pl. von del q.v> delmí�
<Row Bur  dikakåtṭ díkat s. du-khát> dikak�tṭ
<Row Bur  diù grün; Lapislazuli> di�
<Row Bur  díqai > dí�ai
<Row Bur  diqhísas steiler sandiger Abhang, Geröllhalde (= Inf. von di-qhís-?)> di�hísas
<Row Bur  diśáåo eingekochter Trau- bensaft, ng. eingekochter Maul- beersaft> diśá�o
<Row Bur  diśçá diśtá sg. und pl. Sämling, Baumpflänzchen> diś�á
<Row Werch  duśtå diśtá sg. und pl. Sämling, Baumpflänzchen> duśt�
<Row Bur  diśçáulum > diś�áulum
<Row Bur 1600 diśçík und pl., D.pl. -inċ¢ son- nengetrockneter Ziegel> diś�ík
<Row Bur  diwaákumo Geister- davon diwaákumo Geister- usw> divā̌kumo �eister
<Row Bur  dőoki davon dőoki -miù, dóokiski kreuz- weise, überkreuz dóokiski baldá kreuzweise getra- gene Last dóoki -yán- (Last) kreuzweise über die Schulter nehmen> d�oki
<Row Bur  dóoka-dóoka guċhár- mit langsa- men, bewußt gesetzten, kleinen Schritten gehen> dō̂ka-dō̂ka gu�hár
<Row Bur  dóonċum (dőóon) weiter und weiter, immerfort (besonders vom Strömen des Regens)> dō̂n�um
<Row Bur  doóùgur- s. do-óṅùgur- doóq- s. do-őq- dóor-, doőóras-tanáaskuś s. do-ór> dō̌�gur
<Row Bur  dőóppaçum davon dőóppaçum recht(s befindlich)> d�óppa�um
<Row Bur  dóőypaçar nach rechts> dó�ypa�ar
<Row Bur  dőypa davon dőypa die rechte Seite, rechts> d�ypa
<Row Bur  findlich > �indlich
<Row Bur  dóyaļe (beim Polo)> dóya�e
<Row Bur  fluchen > �luchen
<Row Bur  fallen (Kleider) schlagend waschen drádram man: (zähe Flüssigkeit) niederfallen> �allen
<Row Bur  draħù man drah dél- hz.ng. abstei> dra�� man
<Row Bur  driùůdráů davon driùůdráů man: oder dél- NH ds> dri��drá�
<Row Bur  driùdráů s. draù drup s. drap du: s. dz> dri�drá�
<Row Bur  dubaaráå erneut ; ; 36> dubārá�
<Row Werch  dogóői dugói y Mittag> dogó�i
<Row Bur  dugúimo Mittags- davon dugúimo Mittags- dugúimo khéen Mittagszeit dugúimo ási ,"Mittagsfrühstück" bei Rajas dugúimo phítṭi (für Kinder)> dugúimo �ittags
<Row Bur  duldóħù gemauerte . Feuerstelle> duldó��
<Row Bur  dulduùgí s. duldóṅń dúlja- s. huljá- dulphó ng. s. tulpó> duldu�gí
<Row Bur  dúmuċ s. das Fg> dúmu�
<Row Bur  duniáat-qayamáte in der Welt und am Tag des jüngsten Gerichts> duniā̂t-�ayamáte
<Row Bur  duù Has. <ićiů Vulva, weibli- che Scham; Haut über der Vulva> du�
<Row Bur  duqháśa duqháśam gunċ Festtag, Freudentag> du�háśa
<Row Bur  duqháśam duqháśam gunċ Festtag, Freudentag> du�háśam
<Row Bur  duqháukuċ Schaf, das am dritten Tag nach dem Tod eines Men- schen geopfert wird> du�háuku�
<Row Bur  duráċ Bote> durá�
<Row Bur  dúrċhil Todesschweiß;, Schweiß von schwerer Arbeit> dúr�hil
<Row Bur  durgúċikiś schwacher Baumwollfaden; Sterbekleider (zu dúrgas?)> durgú�ikiś
<Row Werch  dorő Arbeit, Geschäft, Angelegenheit, Sache ; ; ; ; 18; u.a; ; 146> dor�
<Row Werch  doróőskin davon duróskuin hz.ng. -kuyo Lohn- arbeiter, angeworbener Arbeiter> doró�skin
<Row Bur  dursóqi (Frau)> dursó�i
<Row Bur  dusċák auch dusták, x pl> dus�ák
<Row Bur  dusċák-báariś davon dusċák-báariś -riaħṅ Sachen, Zeug> dus�ák-bā̂riś
<Row Bur  duśçeélo duśçéi s. das Fg> duś�ē̌lo
<Row Bur 6472 dúśço auch duśçeélo neidisch, eifersüchtig, feindselig> dúś�o
<Row Bur  duśçéi davon duśçéi Neid, Eifersucht duśçéi ét- beneiden, eifersüchteln (mit wem káa)> duś�éi
<Row Bur  dúśçukiś davon dúśçukiś Neidhammel> dúś�ukiś
<Row Bur  dúśçukuś davon dúśçukuś Neidertum> dúś�ukuś
<Row Bur  dadáħů große Trommel> dadá��
<Row Bur  dadáńći davon dadáńći, ng. dadaṅaálo Spie- ler der großen Trommel> dadá�ći
<Row Bur  gründlich ausdreschen> gr�ndlich
<Row Bur  daù hart (auch Strafe); tapfer, ausdauernd> da�
<Row Bur  diù -mán- dazu diù -mán- = daṅ -mán- diṅ =t- (eine kleine Menge) bak- ken usw> di� -mán
<Row Bur  darübergelegten > dar�bergelegten
<Row Bur  dińħalát dazu dińħalát ds. klein> di��alát
<Row Bur  daùdáħṅ ét- > da�dá�ŋ ét
<Row Bur  daù-hás s. has> da�-hás
<Row Bur  dáùlathas hf oder x Art menschenfressendes Dämonen- weib ; ; 13; ; ; 50. 1; i2> dá�latʰas
<Row Bur  daħṅóo oberirdischer Spei- cher, mit Tür zum Haus> da�ŋō̂
<Row Bur  qus dazu qus d:li- hz.ng. oder duún- schubsen, stoßen, heftig anrem- peln (an -ċe)> �us
<Row Werch  dáåudu Ho. dáudau Ein- topf, Grütze, Brei aus Schrot oder Teigwaren> dá�udu
<Row Bur  qhar s. qhar> �har
<Row Bur  didíù s. ćidiù> didí�
<Row Bur  befindlich > be�indlich
<Row Bur  dīl-dūūl man NH s. dul díi-múu man: undeutlich erklingen> d�l-d��l man
<Row Bur  (Stimme > (�timme
<Row Bur  diùáaro s. das Fg> di�ā̂ro
<Row Bur  díiùbat -máåán- erstaunt werden> dī̂�bat -má�án
<Row Bur  diùduáṅń -mán- > di�duáŋ� -mán
<Row Bur  diù-hairáan s. hairáan> di�-hairā̂n
<Row Bur  dodóṅů man (Wasser) sich kräuseln, kleine Wellen schlagen (von do?)> dodóŋ� man
<Row Bur  doù Erdhügel, Buckel; ng. auch: nicht bebaubares, nur als Weide verwendetes Land> do�
<Row Bur  dóùhar Senfpflanze, Senföl> dó�har
<Row Bur  doùqám wellig> do��ám
<Row Bur 5566 doq auf die Hand heben, auf die Schultern nehmen> do�
<Row Bur  duaṅùduáħń ét- s. duakduák ét> duaŋ�duá�� ét
<Row Bur  duáq zer- schmettern> duá�
<Row Bur  gduáq-laś davon gduáq-laś NH Art Kinder- spiel, bei dem Aprikosenkerne geknackt werden duáq-laś =-t- NH schlagen, prü- geln> gduá�-laś
<Row Bur  dúduů > dúdu�
<Row Bur  dīil-düūl davon dīil-düūl NH sich sammeln (bes. in einem Spiel)> d�il-d��l
<Row Werch  dumbúľ feiner Schwemmsand> dumbú�
<Row Bur  duúù auch duúm kurze Zeit, Augenblick; adv. für einen Au- genblick, ein Weilchen ; 35; ; ; 259> dū̌�
<Row Bur  éćuqun éćugun jünger> éću�un
<Row Bur  éeq ét- > ē̂� ét
<Row Bur  elawåá s. alawá> elav�á
<Row Bur  ésdaù kühn> ésda�
<Row Bur  kümmern betrübt sein> k�mmern
<Row Bur  falaaná s. phalaaná> �alāná
<Row Bur  faráaji pharáaji (mit -ii nach Gr. .) Kämmerer> �arā̂ji
<Row Bur  finis s. phíniś> �inis
<Row Bur  foorán auf der Stelle> �ōrán
<Row Bur  fuzúul zwecklos, vergeblich> �uzū̂l
<Row Bur  gaáliů > gā̌li�
<Row Bur  gaánċ > gā̌n�
<Row Bur  gáarċ- -rś- mit Pl.subj. gáarća- -ć- hz.ng. laufen, (Pferd) ` galoppieren ; ; ; 41. 5, weglaufen, weiterlaufen, flie- hen ; ; ; ; ; losrennen (auf -ate), sich stürzen auf, angreifen, hinter> gā̂r�- -rś
<Row Werch  gârć- mit Pl.subj. gáarća- -ć- hz.ng. laufen, (Pferd) ` galoppieren ; ; ; 41. 5, weglaufen, weiterlaufen, flie- hen ; ; ; ; ; losrennen (auf -ate), sich stürzen auf, angreifen, hinter> g�rć
<Row Werch  gârća- mit Pl.subj. gáarća- -ć- hz.ng. laufen, (Pferd) ` galoppieren ; ; ; 41. 5, weglaufen, weiterlaufen, flie- hen ; ; ; ; ; losrennen (auf -ate), sich stürzen auf, angreifen, hinter> g�rća
<Row Bur  di-áarċ- -śŚ- dazu di-áarċ- -śŚ-, neg. atíarċ- reg- nen> di-ā̂r�- -ś�
<Row Werch  di-árċ- dazu di-áarċ- -śŚ-, neg. atíarċ- reg- nen> di-ár�
<Row Bur  gabíliù dazu gabíliù gaíṅ ng. Art Traube mit sehr kleinen Beeren> gabíli�
<Row Bur 4231 gaċhír Geier> ga�hír
<Row Werch 4231 gaċér Geier> ga�ér
<Row Bur  gaċhíriski dazu gaċhíriski tal, ng. auch gaċhír- kum tal Deckenkonstruktion beim Haus (mit Geierflügeln ver- glichen)> ga�híriski
<Row Werch 3949 gaçé s. gaśánç gaçhé hz.ng. -å Zweig, Rute, Wei- denrute> ga�é
<Row Bur  gujūūṭo davon gujūūṭo NH Herzenssache> guj��ṭo
<Row Bur  plündern berauben> pl�ndern
<Row Werch  ċel berauben> �el
<Row Bur  galaánç s. galtáś> galā̌n�
<Row Bur  méqat der Shu- qa unter der Achsel> mé�at
<Row Bur  gáliùů beim Straßen- bau in Sprenglöcher gefügt, auf die die Pflastersteine gelegt wer- den> gáli��
<Row Werch  gáliħ beim Straßen- bau in Sprenglöcher gefügt, auf die die Pflastersteine gelegt wer- den> gáli�
<Row Bur  galaánç Hai. kaltáś, ng. galaánç> galā̌n�
<Row Bur  kéeċga khirgá, yargáå und unter> kē̂�ga
<Row Bur  ċí yán- yán- (Gegenstand) mit sich> �í yán
<Row Bur  gánċčil ní- in die Frem> gán�cil ní
<Row Bur  gáånċilatum von der Reise> gá�n�ilatum
<Row Bur  gānç gåaṅħ, ng. auch siṅ Spindel (aus Wacholderholz) ; Hals der Sitar> g�n�
<Row Bur  europäische europäische Spitzhak- ke> europ�ische
<Row Bur  gáħṅar Seite des Gletschers im Tal> gá�ŋar
<Row Bur  gáħùphuri s. gámphuri l> gá��pʰuri
<Row Bur  gapánċkiś gápkiś ng. s. gap gaphínas -ś0, ng. khaphinas -ś0 und khaphínis -nianè Stufe am Berg> gapán�kiś
<Row Bur  gárgariů man davon gárgariů man:, gáre-garíù man: Heirat spielen (der kleinen Mädchen)> gárgari� man
<Row Werch  garátiń > garáti�
<Row Bur  gáraṭłkiś davon gáraṭłkiś stinkendes Weibs- bild (Frauenschimpfwort)> gáraṭ�kiś
<Row Bur  gárgariů S. gar> gárgari�
<Row Bur  garíiċumo davon garíiċumo ng. an der Lampe (d.h. der Abendunterhaltung) be- findlich> garī̂�umo
<Row Bur  gármaṭtiù NH Art Kraut, kümmelähnlich, reichlich auf der Hochweide von Misgar> gármaṭti�
<Row Bur  garoóni-muċ dazu garoóni-muċ Braut ; auch: Bräutigam; sg. als pl: die Begleiter der Braut oder des Bräutigams> garō̌ni-mu�
<Row Werch  gasÎ Tanne, Fichte, Föhre;, eine best. Musterung im Stoff in Form von Tannenzwei- gen> gas�
<Row Bur  gaśoő Fleischstreifen, ins- bes. als Ehrengabe für Fremde, Gäste usw. ; pl. Schnüre, mit denen man den Schlauch zum Schwimmen an sich befe- stigt; Art Bergpflanze> gaśo�
<Row Bur  gaśánç Has. gasánç, ng. ga- çånç -išo Falke (allg. Bezeich- nung}> gaśán�
<Row Werch  gajļámur- > gaj�ámur
<Row Bur  gīṭi-gāāṭi davon gīṭi-gāāṭi +t- NH da und dort ein bißchen aufsammeln> g�ṭi-g��ṭi
<Row Bur  gáłkis s. ! gat> gá�kis
<Row Bur  gatúuċe -mán- gatóń báaltas -mán- menstruieren (-ċo -mán-})> gatū̂�e -mán
<Row Bur  gatóń gatóń báaltas -mán- menstruieren (-ċo -mán-})> gató�
<Row Bur  gáṭļukus s. gátkus gayáali -mu Weinkeller gayú x sg. und pl., D.pl. -muċ, ng> gáṭ�ukus
<Row Bur  gaąyúso davon gaąyúso NH Ziege mit einem Gesicht wie ein Rebhuhn> ga�yúso
<Row Bur  géċhi s. keċ> gé�hi
<Row Bur  gećx wird bei Murtazabad gefunden> geć�
<Row Bur  genċál davon genċál ng. Reiseproviant> gen�ál
<Row Bur  géùiś > gé�iś
<Row Bur  festnageln gíli-haríś yán- NH Feldarbeit verrichten bilíse kíli ng. Jäthacke (Fr.)> �estnageln
<Row Bur  ginå Schmutz, Dreck (am Körper)> gin�
<Row Bur  gírkiċ s. das Fg> gírki�
<Row Bur  gírkiċ gírkiċ -ćo Ratte, Maus; Waden- bzw. Oberarm- muskel> gírki�
<Row Bur  girmíċhil das aus der Wunde fließt> girmí�hil
<Row Bur  gíy- giç- lgíy- giç- niki> gíy- gi�
<Row Werch  gÉ- lgíy- giç- niki> g�
<Row Bur  d-ú-guy- -ç- dazu d-ú-guy- -ç- nutúgo, Imp. dúgo, Ptz. dúgum> d-ú-guy- -�
<Row Bur  pfannkuchen pfannkuchen lampá giyál Buchweizenpfannku- chen, den man siebenmal gewen- det und jedesmal mit einer neuen Teigschicht versehen hat> p�annkuchen
<Row Bur  góċčil góċčhil kleiner Bewäs- serungskanal ; Q + hih) góċil díus- einen kleinen Bewäs- serungskanal ausheben, bauen góċil déegus- ... bauen lassen góċčile phaló Getreide, das der Wasseraufseher als Bezahlung be- kommt (= yátkuine bap)> gó�cil
<Row Bur  góċčhil góċčhil kleiner Bewäs- serungskanal ; Q + hih) góċil díus- einen kleinen Bewäs- serungskanal ausheben, bauen góċil déegus- ... bauen lassen góċčile phaló Getreide, das der Wasseraufseher als Bezahlung be- kommt (= yátkuine bap)> gó�cʰil
<Row Bur  gőo- S. gu> g�o
<Row Bur  guų 2guų -ánċ, auch pl. als sg. etwa handgroßes Ledertäschchen, am Gürtel getragen (für Pulver, Ku- geln, Patronen)> gu�
<Row Bur  sguċar- s. guċhár> sgu�ar
<Row Bur  guċé s. gusé> gu�é
<Row Bur  guċhár- -ć- wandeln, fließen; gehen, marschieren> gu�hár- -ć
<Row Werch  guċár- wandeln, fließen; gehen, marschieren> gu�ár
<Row Bur  guċar- -ć- davon :guċar- -ć- und :yaċar- -ć- in Bewegung, in Marsch setzen, los- schicken ; 318> gu�ar- -ć
<Row Bur  schlafen (Wöchnerin) entbinden, gebären f. Os. gućá-) gućhám gus Wöchnerin> schla�en
<Row Bur  guç Schnittlinie einer senkrechten und einer waagrech- ten Ebene (z.B. der Wand mit dem Fußboden); ng. auch: Ab- schlußlinie im Feld, von der aus die senkrecht auf sie stehenden ` Bewässerungsströme ausgehen> gu�
<Row Bur  guçagúç davon guçagúç NH von Ecke zu Ecke, von einem Winkel in den anderen> gu�agú�
<Row Bur  gudúṅù 3gudúṅù +-t- (an die Tür)> gudúŋ�
<Row Bur  klopfen (oder hiù)> klop�en
<Row Bur  gudúṅń 3gudúṅń s. gudúk> gudúŋ�
<Row Werch  khokhóőr- khu- khór- schälen, abschaben, ab- kratzen, nagen an> kʰokʰó�r
<Row Werch  -khőkhor- khu- khór- schälen, abschaben, ab- kratzen, nagen an> kʰ�kʰor
<Row Bur  gulpáltiů s. gupáltiů> gulpálti�
<Row Bur  gunċ Tag ; ; 34. 11; ; u.a. adv. täglich ; Ọs. gunë) \ gúnėmo gunċ, gúnčmuċčum gunċ Tag für Tag, täglich gúnċaċum gunč von Tag zu Tag uyúm gun "großer Tag", Fest- tag et gunċ ; et gúnċe an diesem Tag> gun�
<Row Bur  gunċgát > gun�gát
<Row Werch  gunçát > gun�át
<Row Bur  gunéeço intel> gunē̂�o
<Row Bur  gupáltiù gulpáltiṅ, gurpáltiů hz. D.pl. -ćiṅ die landesüblichen weiten Hosen> gupálti�
<Row Werch  gupáltiň gulpáltiṅ, gurpáltiů hz. D.pl. -ćiṅ die landesüblichen weiten Hosen> gupálti�
<Row Bur  gurkőn in dem Aprikosenkerne entölt werden ; 174> gurk�n
<Row Bur  gurpáltiů s. gupáltiů> gurpálti�
<Row Bur  gurúċal > gurú�al
<Row Bur  guśíanė guśsíṅanċ, ng. guśíanė> guśían�
<Row Werch  guċé s. giyáas l:-gus- S. U-ÚS- 2:.gus- S. gusú- d:-gus- s. du-ús- gusé, ng. khosé und hz.ng. khos, pl. guċé, ng. khoċé und hz.ng. khoċ dies> gu�é
<Row Bur  guspéên kugelförmiger Mist von Kleinvieh und Kamelen> guspé�n
<Row Bur  gut(éṅù) > gut(éŋ�)
<Row Bur  gutásx von Steinen und Erde> gutás�
<Row Werch  gukê khoté und hz.ng. khot, pl. guké, ng. khoké und hz.ng. khok dies> guk�
<Row Bur  thaq-gúuro davon thaq-gúuro stark gelb, knall- gelb oder -braun> tʰa�-gū̂ro
<Row Bur  gáaṅů der Kuh> gā̂ŋ�
<Row Bur  gáariů > gā̂ri�
<Row Bur  gadagadáq s. gadáq> gadagadá�
<Row Bur  gadáů von Flüssig- keit> gadá�
<Row Bur  gidíůń dazu gidíůń hz.ng. kleine Menge von Flüssigkeit; adj. roh, ungekocht (Milch) Os. ged)> gidí��
<Row Bur  gadáq scharrendes Ge- räusch (wie mit dem Schlüssel im Schloß, Ketten auf dem Dach usw. ); Schlachtgetümmel gadáq ét- rasseln (éet-)> gadá�
<Row Bur  gágićiů s. gáqaćiù> gágići�
<Row Bur  gajaámuċ s. gajámiśo gajám :t- hastig aufraffen, weg> gajā̌mu�
<Row Bur  gaąjámo davon gaąjámo NH Langfinger, Ta- schendieb> ga�jámo
<Row Bur  gaąjaámuċč auch ga- yámiśo, ng. gaąjaámuċč das Sieben- gestirn, die Plejaden> ga�jā̌mu�c
<Row Werch  galĝó und pl., D.pl. hbz.ng. -muċ Würmchen, Larve, Made, Raupe; Würmer> gal�ó
<Row Bur  éaqáy Art Pflanze, roh gestampft gegen Würmer> éa�áy
<Row Bur  śaq-díganum davon śaq-díganum NH schäbiges, zerrissenes Kleidungsstück> śa�-díganum
<Row Bur  ganáqiś Has. gánkiś> ganá�iś
<Row Bur  géáogäo gaugáa, gaopáo Lärm, Getümmel, Aufruhr> géáog�o
<Row Bur  gáqaćiů ng, Mu. gágićiṅ kleine, nach oben schießende Funken asmáanulo gáqaćiů duwáśami es blitzte> gá�aći�
<Row Bur  éáqali auch -miṅ Vogel- scheuche> éá�ali
<Row Werch  gáqales auch -miṅ Vogel- scheuche> gá�ales
<Row Bur  gaqás s. kaagáz> ga�ás
<Row Bur  gaqáy bit- ter> ga�áy
<Row Werch  qaqám bit- ter> �a�ám
<Row Bur  gaqáyumkuś davon gaqáyumkuś Bitterkeit> ga�áyumkuś
<Row Werch  qaqámkusś davon gaqáyumkuś Bitterkeit> �a�ámkusś
<Row Bur  gaqúċ (zu gaqáy?) gaqúćo (L -ċe)} bun unbewegli- cher Felsblock; widerspenstiger, ungehorsamer Mensch> ga�ú�
<Row Bur  gaqúl Wunde, Verlet- zung, Ausschlag cléine gaqúl "Gerstenkorn" am Auge> ga�úl
<Row Bur  garíùkuin davon garíùkuin -kuyo Sänger> garí�kuin
<Row Bur  gōör man dazu gōör man: (Mauer) langsam zusammenfallen> g��r man
<Row Bur  garáśkianė Art Pflanze, von Scha- fen und Steinböcken gefressen> garáśkian�
<Row Bur  garáś-laùů > garáś-la��
<Row Bur  garbáanċ auch y ohne Pl. Höhle unter überhängenden Fel- sen, dient Steinböcken als Unter- schlupf> garbā̂n�
<Row Bur  garċápiś Spalt zwischen zwei Fingern> gar�ápiś
<Row Bur  ĝåâriki täglicher Anteil, Ra- tion an Getreide> ���riki
<Row Werch  ĝarés- (Pferd) parieren> �arés
<Row Bur  aqáris- sich weigern ; garíś, garíśkiś s. gar> a�áris
<Row Bur  garmáśiů Art Blume> garmáśi�
<Row Bur  gárqač s. gárqas> gár�ac
<Row Bur  gárqanas das Übverfließen, Überschäumen (einer Flüssigkeit)> gár�anas
<Row Bur  gárqas gárqaċč -ćo Eidech- se> gár�as
<Row Werch  gálqas gárqaċč -ćo Eidech- se> gál�as
<Row Bur  gárqaċč gárqaċč -ćo Eidech- se> gár�a�c
<Row Bur  garús- -Ś- neg. aqúrus- gerade hingerichtet, ausgerichtet sein, geradewegs seinen Lauf neh- men; brauchbar, passend sein> garús- -�
<Row Bur  garúųyo S$. qarúuyo> garú�yo
<Row Bur  żiù-gaśíl -mán- davon żiù-gaśíl -mán- NH total ver> �i�-gaśíl -mán
<Row Werch  gaśûsi auch -muċ -ćiù sg. und pl. Zwiebel; y pl. Nesseln L> gaś�si
<Row Bur  gaśçár auch gaśtár -aù> gaś�ár
<Row Werch  gú-gğaśtar auch gaśtár -aù> gú-g�aśtar
<Row Werch  gaśçúnç und pl., hz. D.pl. -śúyo -śónċ Möhre, Karotte> gaś�ún�
<Row Werch  a-xáten- Daucus carota Linn.s.l., = wilde Möhre, wird roh gegessen gaśún ċhiríśg NH Wurzel, Pfahlwurzel gatán- -tái- nuqátan> a-�áten
<Row Werch  nu-xáten Daucus carota Linn.s.l., = wilde Möhre, wird roh gegessen gaśún ċhiríśg NH Wurzel, Pfahlwurzel gatán- -tái- nuqátan> nu-�áten
<Row Werch  nu-xá Daucus carota Linn.s.l., = wilde Möhre, wird roh gegessen gaśún ċhiríśg NH Wurzel, Pfahlwurzel gatán- -tái- nuqátan> nu-�á
<Row Bur  gaténç Schwert, zwei- schneidiger Säbel ; ; 64. 10; ; 346; Figur beim Kno- beln> gatén�
<Row Bur  gataagát móőt- (z.B. mit einer dik- ken Frau)> gatāgát mó�t
<Row Bur  gáypaçum dazu gáypaçum link(s befindlich)> gáypa�um
<Row Bur  gáypaçar nach links gazáp, Unterdrückung, Unglück> gáypa�ar
<Row Werch  ĝéndeg génańù, D.pl. génaṅćiů y Gold ; ; ; ; u.a.; hf> �éndeg
<Row Bur  génańù génańù, D.pl. génaṅćiů y Gold ; ; ; ; u.a.; hf> géna��
<Row Bur  gidigadáq s. gadáq> gidigadá�
<Row Bur  gidiṅù s. gadáù> gidiŋ�
<Row Werch  gê- giío, giíanċ, ng. gáin, pl. gaíaṅ, giíaṅ> g�
<Row Bur  gáin-ċhigír "Dieb-Ziege", scherzhaft für ein naschhaftes Kind> gáin-�higír
<Row Bur  gīīp-gīīp s. gipgíp> g��p-g��p
<Row Bur  girgāār ?gagár ní- (Korn, Walnüsse)> girg��r
<Row Werch  gerĝét und ggirgítum weich> ger�ét
<Row Werch  góqares auch góőkuras, hz.ng. -ć0 Rabe> gó�ares
<Row Bur  gör s. gar> g�r
<Row Bur  guliáù Schuppen> guliá�
<Row Werch  gőlqos Zisterne; mit Bret- tern. bedecktes Wasserreservoir, das von einem Kanal gespeist wird> g�l�os
<Row Bur  gulpóħkiś davon gulpóħkiś (Holz) löcherig> gulpó�kiś
<Row Bur  squl- -j- davon :squl- -j- verbrennen> s�ul- -j
<Row Werch  ĝomór der Sitar> �omór
<Row Werch  desqon- davon d:squn- reifen lassen> des�on
<Row Bur  guníqiśkuś davon guníqiśkuś y Schlechtigkeit, Häßlichkeit> guní�iśkuś
<Row Bur  gunóń in dem gerade Gras gesät wurde (zu gunóô)> gunó�
<Row Bur  guqú díċ- in Zorn geraten guqú d:-ċ- ng. in Zorn versetzen úmate jáa guqú díimi ng. deinet- wegen bin ich in diese unange- nehme Lage geraten> gu�ú dí�
<Row Bur  guqúkiś davon guqúkiś, Al. quqókiś kropfig, Mensch mit einem Kropf> gu�úkiś
<Row Bur  scheißen davon sgura- hz.ng. scheißen lassen> schei�en
<Row Werch  -górċ- ertrinken> gór�
<Row Werch  gurċt ertrinken> gur�t
<Row Bur  gurċáś dazu gurċáś -iśśo Taucher; Art Ente gurċíkiś s. guśçíkiś gurdíù NH dicker, Mensch> gur�áś
<Row Bur  ĝuró Steine, Geröll ; ; 184> �uró
<Row Bur  gúrquċ s. das Fg> gúr�u�
<Row Bur  gúrqun gúrquċ -ćo Frosch ; 187> gúr�un
<Row Werch  ĝórkun gúrquċ -ćo Frosch ; 187> �órkun
<Row Bur  gúrquċ gúrquċ -ćo Frosch ; 187> gúr�u�
<Row Bur  guśçíkiśe -wál- (im Wasser)> guś�íkiśe -vál
<Row Werch 3273 quti baden, sich abwaschen gutgggát s. gitgút gutí -tén kleine weiche Lederta- sche für Schießpulver> �uti
<Row Werch  gotőnas gutőóo-gőno stin- kendes Vieh> got�nas
<Row Bur  gutőóo-gőno gutőóo-gőno stin- kendes Vieh> gut�ō̂-g�no
<Row Werch 3238 gof > go�
<Row Bur  gúłkiś davon gúłkiś NH Kleinvieh mit kurzen Ohren> gú�kiś
<Row Bur  qáo-gutúm davon qáo-gutúm NH abgrundtief, ng. gáo-guṭúm> �áo-gutúm
<Row Bur  güú-güú (Tauben) gurren; (Flugzeug) brummen, dröhnen> g�ú-g�ú
<Row Werch  ĝon gúuyo Wachtel> �on
<Row Bur  guyáṅń und hz. -gúyaṅ Haupthaar, Kopfhaar ; ; ; ; u.a> guyáŋ�
<Row Bur  guyáħń-batóů ét- davon guyáħń-batóů ét- Haare und Bart schneiden> guyá��-bató� ét
<Row Bur  einpflan- in den Boden versenken; ng. auch: (Gelenk) einrenken> einp�lan
<Row Bur  håā ja> h��
<Row Bur  hâá ét- keuchen, heftig atmen> h�á ét
<Row Bur  háaçum s. hárśum> hā̂�um
<Row Bur  háaqdi-ćháadḍi unreinlich> hā̂�di-ćhā̂dḍi
<Row Bur  haafis haafiz s. haaphíz> hā�is
<Row Bur  haaláńke 29, haaláńki ; 6 obwohl, jedoch, gleichwohl> hālá�ke
<Row Werch  hân- > h�n
<Row Bur  haftá 219> ha�tá
<Row Bur  hagúċ Paß (am Berg)> hagú�
<Row Bur  hagúċ(ċum) talén- einen Paß überqueren> hagú�(�um) talén
<Row Bur  hagurċáp der Achsel- höhle der Choga> hagur�áp
<Row Werch  hahå haháa ét- schallend, wiehernd lachen ; Kriegsge- schrei erheben, angreifen> hah�
<Row Bur  háåáha ét- die ersten Früchte essen, einen Anstands- bissen nehmen> há�áha ét
<Row Bur  haháṅů s. haṅ> haháŋ�
<Row Werch  hålu hála -miň -ćiṅ, ng. auch -ṅ Tor> h�lu
<Row Bur  hálaaċe hálaaċe bái er ist Tormann (beim Polo)> hálā�e
<Row Bur  halánė Mond> halán�
<Row Werch  hkalánċ Mond> hkalán�
<Row Bur  halċík > hal�ík
<Row Bur  halċík man ng. "aus", daneben gehen (Ball)> hal�ík man
<Row Bur  halç <iṅ einem Holzstab unterdrücken> hal�
<Row Bur  haldáay- -ç- (wen? -ate)> haldā̂y- -�
<Row Bur 13992 halíçi Gelbwurz, Kurkuma> halí�i
<Row Bur  hánċhil s. áńċil> hán�hil
<Row Bur  handáliṅù handíliù in barú han- dáliů s. barú> handáliŋ�
<Row Bur  handíliù handíliù in barú han- dáliů s. barú> handíli�
<Row Bur  handóő Stein> handó�
<Row Bur  hanpáçi auf der (die) einen (eine) Seite> hanpá�i
<Row Bur  hanpáçimo davon hanpáçimo von der einen Seite> hanpá�imo
<Row Bur  haṅáai-jaħùáai davon haṅáai-jaħùáai +t- ds. haṅá-jaṅá, ng. haůó-jaṅó besin- nungslos, stumpfsinnig, dumm> haŋā̂i-ja��ā̂i
<Row Bur  haůó-jaṅó davon haṅáai-jaħùáai +t- ds. haṅá-jaṅá, ng. haůó-jaṅó besin- nungslos, stumpfsinnig, dumm> ha�ó-jaŋó
<Row Werch  håpa > h�pa
<Row Bur  hárkum Ochsen- davon hárkum Ochsen-, wie ein Ochse> hárkum �chsen
<Row Bur  haråáam verboten, tabu> har�ā̂m
<Row Bur 13980 haránç fünfzinkige hölzerne Heugabel ; ng. auch: Speisegabel> harán�
<Row Bur  haráů Postp. mit Abs. unter, inmit- ten von, zwischen , unterein- ander, beieinander, gegenseitig 4. 5; ; adj> hará�
<Row Bur  haráṅńući in der Mitte, dazwischen> haráŋ�ući
<Row Bur  haráńṅuś Heiratsver- mittler, Kuppler> hará�ŋuś
<Row Werch  harańtál (gehen usw.) (Gen.)> hara�tál
<Row Bur  harçúm aśçúm Jochbalken des Pflugs (der auf dem Hals der Ochsen liegt), Kolben (des Ge- wehrs)> har�úm
<Row Bur  haríçi auch -ṅ Säge> harí�i
<Row Bur  hárki-baṭtánċ ét- dazu hárki-baṭtánċ ét- die ganze er- ste Feldarbeit, d.h. pflügen, Wäl- le aufrichten usw., machen> hárki-baṭtán� ét
<Row Bur 14059 harkóőn Schmuck der Frauen ; ; f> harkó�n
<Row Bur  hårkum s. ?har> h�rkum
<Row Bur  hárqun Strich, Linie, Kratzer> hár�un
<Row Werch  haśç Pflug> haś�
<Row Bur  háaçum háaçum laena'candollei (Wall.) DC., = ein Doldengewächs, Wurmmittel> hā̂�um
<Row Bur  śaq-hárt man davon śaq-hárt man: sich plötzlich erheben> śa�-hárt man
<Row Werch  säen Getrei- de auf dem Feld> s�en
<Row Bur  (schön hadd-e baalagí Heiratsfähigkeit, Mannbarkeit> (sch�n
<Row Bur  hēe äh> h�e
<Row Bur  héeniù ét- durch Schmeicheln usw. überli- sten> hē̂ni� ét
<Row Bur  héeniù (Kind usw., -ar) liebkosen, schmeicheln> hē̂ni�
<Row Bur  her ċhú- erwachsen werden, zu Verstand kommen> her �hú
<Row Bur  hérimiṅń dazu hérimiṅń y pl. Trauern, Klagen ; 199 hérimińù ét- trauern> hérimiŋ�
<Row Bur  hifaazát hiphazát Wache, Schutz> hi�āzát
<Row Bur  híhiù s. hihi> híhi�
<Row Bur  hiktháåane s. tháan> hiktʰá�ane
<Row Bur  hiùbaltarë hiùbaltarë -ćiù, hím- baltarè -ćiù Torweg, Einfahrt> hi�baltar�
<Row Bur  hímbaltarë s. hímaltar> hímbaltar�
<Row Bur  hín-numáå hánuman xy, Has. hí- numa , ng. hín-numáå, hán-nu- má adv. allein, für sich ; 39. 16; ; ; nur eins seiend, in> hín-numá�
<Row Bur  híùqaćiulo davon híùqaćiulo, ng. híùqaći an der Tür> hí��aćiulo
<Row Bur  híùqaći davon híùqaćiulo, ng. híùqaći an der Tür> hí��aći
<Row Bur  híùqaćiar an die Tür> hí��aćiar
<Row Bur  híṅbaltarė s. hímaltar> híŋbaltar�
<Row Bur  híùdir jdn. nicht ins Haus einlassen> hí�dir
<Row Bur  híùkuś s. hin> hí�kuś
<Row Bur 14075 hiq Schluckauf ha- ben Qs., kho. hiq, T 14075) je hiq áatimi ich bekam einen Schluckauf> hi�
<Row Bur  hiríski Männer- dazu hiríski Männer-, Mannes- 63. 22> hiríski ��nner
<Row Bur 9268 hiskbúđo > hiskbú�o
<Row Bur  hīīś hīīś díus- seuf- zen, sich sehnen> h��ś
<Row Bur  ċhíle das Wasser hat (im Feld) ein Loch gemacht> �híle
<Row Bur  hoç > ho�
<Row Bur  hőhol s. thol> h�hol
<Row Bur  hohőóp s. hop> hoh�óp
<Row Bur  hóiċha-béiċha Tanzplatz für Mädchen und Frauen> hói�ha-béi�ha
<Row Werch  hőlkuś davon hólguś -iù und hólkuś Kampf, Schlacht, Krieg> h�lkuś
<Row Bur  hőlguśi dazu hőlguśi im Krieg hol in hol ne, ng. hol d:l- s. hóle> h�lguśi
<Row Werch  hóleř auch hólo außen, draußen ; ; nach außen, nach draußen ; Postp. mit Gen.: aus heraus> hóle�
<Row Bur  hőlimusum äußer- davon hőlimusum äußer-, Außen> h�limusum �u�er
<Row Werch  haúlaľ Motte> haúla�
<Row Bur  hóőoś hoośidáar s. húuś> hó�oś
<Row Bur  hóp(iṅù) ét- > hóp(iŋ�) ét
<Row Bur  hőrkukusś davon hőrkukusś, pl. horkumiů ein- fältige Tat, Dummheit hórkukuś ét- eine Dummheit be- gehen Húnzue hórkumiů streiche aus Hunza> h�rkukusś
<Row Werch  húçu auch -inċ ein Paar hoher Schaftstiefel, aus Steinbockleder genäht> hú�u
<Row Bur  hulç dünne Stange aus Pappelholz usw., als Spalier für den Weinstock und zum Herun- terschlagen von Nüssen und Ap- rikosen verwendet Gs. hurç, huse)> hul�
<Row Bur  hulç isárk- mit dem Stock (nach Nüssen usw.) schlagen> hul� isárk
<Row Bur  huldoô ein Kornmaß (1/2 híćutṭi)> huldo�
<Row Bur  hulúuliṅ-bulúuliù Argwohn, Mißtrauen, Verdacht jáa hulúuliùṅ-bulúuliů giámi mich befiel Argwohn, Mißtrauen> hulū̂liŋ-bulū̂li�
<Row Werch  hunċ hunzé und -ánċ, Tikk. 9 hunċénċ, ng. húnziśo, -zánė Pfeil ; Figur beim Knobeln> hun�
<Row Bur  húnċčate mit einem Pfeil er- schießen> hún�cate
<Row Werch  huçó hunti z neun> hu�ó
<Row Bur  huntíkuė davon huntíkuė neun Tage> huntíku�
<Row Bur  hundők-bundók mit Steinen und Stöcken bewerfen> hund�k-bundók
<Row Bur  húrċhil húuċhil Wasser, das bei der Bewässerung auf der niederen Seite des Feldes wieder heraus- fließt> húr�hil
<Row Bur  húuċhil húuċhil Wasser, das bei der Bewässerung auf der niederen Seite des Feldes wieder heraus- fließt> hū̂�hil
<Row Werch  hurç Kornhocke> hur�
<Row Werch  husç Kornhocke> hus�
<Row Bur  húuċhil s. húrċhil> hū̂�hil
<Row Bur  håü-háã ét- nicht recht wollen, her- umnörgeln> h��-há� ét
<Row Bur  huyéltarċ Schafhirte, Zie- -genhirte ; ; ; 27. 12; ; auch verächtlich für Niedri- gerstehende> huyéltar�
<Row Bur  huyeltarċčí davon huyeltarċčí das Weiden des Kleinviehs> huyeltar�cí
<Row Werch  hüyeltarċÎ davon huyeltarċčí das Weiden des Kleinviehs> h�yeltar��
<Row Bur  huyéskum Kleinvieh- davon huyéskum Kleinvieh-, Zie- gen-, Schafs> huyéskum �lein�ieh
<Row Bur  izJí- s. iné> iz�í
<Row Bur  ibaadåt Verehrung, Anbetung> ibād�t
<Row Bur  iċčaaléè s. alés> i�cālé�
<Row Bur  iċé s. isé> i�é
<Row Bur  įjaazát Erlaub- nis> �jāzát
<Row Bur  iláåaći s. das Fg> ilá�aći
<Row Bur  ilç Has. ziù Nachgeburt (bei Tieren)> il�
<Row Bur  iliémx iliémx pl. Noppen, Knöt- chen in einem Gewebe; Säge- späne; ng. Grundgewebe, zeigt sich, wenn man den Flausch ab- reibt> iliém�
<Row Bur  îljimuś das hintere Ende, am hinte> �ljimuś
<Row Bur  imáåkiś davon imáåkiś -kian hölzernes Ge- fäß zum Teigkneten; träger Mensch, der immer an einem Ort bleibt> imá�kiś
<Row Bur  imáåaṅùgus vor der großen> imá�aŋ�gus
<Row Bur  imtihåan imtiháam y Prüfung> imtih�an
<Row Bur  iùn S. -n> i�n
<Row Werch  iJijé-fè- in, pl. ué und u der> i�ijé-��
<Row Bur  iqtiáar Macht> i�tiā̂r
<Row Bur  iqtiáar t- > i�tiā̂r t
<Row Bur  iqháta abgetrenntes Eck in einem viereckigen Feld> i�háta
<Row Bur  ísċar Futter, Innenseite> ís�ar
<Row Werch  iskô iské ; hmf, uskó xy ; 38. 31, !iskí z ; ; drei; einige, ein paar ; ; 55> isk�
<Row Bur  iskíkuè eine best. Zeremonie, die drei Tage nach dem Tode eines Menschen voll- zogen wird> iskíku�
<Row Bur  über > �ber
<Row Bur  di-ísqis- sich weiten, leicht zer- reißbar, fadenscheinig sein (zu qis?)> di-ís�is
<Row Bur  istaráq > istará�
<Row Bur  iśpiríx für einen Gast; eine Melo> iśpirí�
<Row Bur  iśpőś und pl, ng. D.pl. -iṅ -Sämling, junge Pflanze zum Ein- pflanzen (von Tabak, Reis usw.)> iśp�ś
<Row Bur  íśsalċum duús- uneins, wider- spenstig sein> íśsal�um dū̌s
<Row Bur  ísqal dünne Membran, Uberzug íśqal bisá- sich fein herrichten siqám(iṅ) íśqaliùṅ grünblauer Be- lag auf verdorbenen Speisen, Schimmel> ís�al
<Row Bur  d-íśqami- s. siqám iśqíl ng. s. śiqíl íisqur NH Sauerkeit, Säure> d-íś�ami
<Row Bur  itéeċum außerdem itéer, ng. itéere dann ; des- wegen ; itée káate darauf ité ne so ikéeċum darauf{hin) ; ; deswegen> itē̂�um
<Row Bur  itémuċčum davon itémuċčum hierauf, von da an, dann> itému�cum
<Row Bur  itémuċum s. ité . itépaćim an dieser Seite befindlich> itému�um
<Row Bur  überqueren iti ne, ng. it ne ; drüben, jenseits> �ber�ueren
<Row Bur  jáae-muqáam > jā̂e-mu�ā̂m
<Row Bur  jáåam-jamáat jáam-qáam, jáam-qąhíiś s. jáamkuś jaánjal hz.ng. Herzkammer jaanwár , janawár ; jandáar x sg. und pl. Tier, Lebe- wesen; Untier> já�am-jamā̂t
<Row Werch  jâ jáam-qáam, jáam-qąhíiś s. jáamkuś jaánjal hz.ng. Herzkammer jaanwár , janawár ; jandáar x sg. und pl. Tier, Lebe- wesen; Untier> j�
<Row Bur  jäāś-phāät s. !jaś> j��ś-pʰ��t
<Row Bur  jūāś-tráquli ein KĶinderspiel: sich in einer Reihe von hinten mit den> j��ś-trá�uli
<Row Bur  jadajadáq s. jadáq> jadajadá�
<Row Werch  ćadåu janáo klarer Himmel, trockenes Wetter, NH auch: voll- ständig, ganz> ćad�u
<Row Bur  jadåq > jad��
<Row Bur  jąjíir > j�jī̂r
<Row Bur  jajóoniůù s. jóoliůù> jajō̂ni��
<Row Bur  jaąjál davon jaąjál :t- (Glas durch Schüt- teln von ew. Wasser) spülen> ja�jál
<Row Bur  jaláalimiù langes Haar> jalā̂limi�
<Row Bur  säen (beim Ringen)> s�en
<Row Bur  jamkáç -mán- mit Neg.: viel arbei- ten, ohne sich etwas anmerken zu lassen> jamká� -mán
<Row Bur  jaùgál Wildnis , ; ; ; ; 331> ja�gál
<Row Bur  jańgalí davon jańgalí wild> ja�galí
<Row Bur  jaħgiáṅń kurze Hosen> ja�giáŋ�
<Row Bur  jáůùjań s. jájaů jaħùphálo ng. der Streit verursacht, Zwischenträger, Spion jaṅ? + ?; vgl. janphálo?)> já��ja�
<Row Bur  jaù-tháanum s. tháanum> ja�-tʰā̂num
<Row Bur  jaqár auch ćaqár Gabel, auch von Asten; gegabelt> ja�ár
<Row Bur  jáqara-jarmáś adv. hz.ng. alles durcheinandergemischt> já�ara-jarmáś
<Row Bur  jaqhóqurś dicker, verdreh- ter, verbogener Zweig> ja�hó�urś
<Row Bur  jarąjarán man (saure Milch) sich zersetzen> jar�jarán man
<Row Bur  jäāāś-phäāt davon jäāāś-phäāt +t- (Seil) hin- und herziehen meas> j���ś-pʰ��t
<Row Bur  jatáq für Versammlun- gen und Tänze> jatá�
<Row Bur  jikjóők s. jok> jikjó�k
<Row Bur  jimdēēn dazu jimdēēn, ng. auch jimdén mor- gen ; ; 176; 269, hz. auch: irgendwann in der Zukunft> jimd��n
<Row Bur  häßliche davon jini ng. häßliche Frau> h��liche
<Row Bur  jirijiríùů Art kleine dornige Pflanze im Gebirge, zum ćśoó gerechnet, flammt rasch auf und verbrennt sofort> jirijirí��
<Row Werch  joħ ljoṅ man: hz.ng. hocken, in Hock- stellung gehen> jo�
<Row Bur  joħṅ (Füße zur Hockstellung) aufsetzen> jo�ŋ
<Row Bur  jaąjőoniùů dazu jaąjőoniùů NH ds> ja�j�oni��
<Row Bur  jőtkuśi davon jőtkuśi in der Kindheit> j�tkuśi
<Row Bur  jótkuśimo Kindheits- davon jótkuśimo Kindheits> jótkuśimo �indʰeiʦ
<Row Bur  jukáů ćukáṅ -i$o Abort, Abtritt> juká�
<Row Bur  jukáṅńe ćukáṅńe dilk In- halt der Senkgrube> jukáŋ�e
<Row Bur  ćukáṅńe ćukáṅńe dilk In- halt der Senkgrube> ćukáŋ�e
<Row Bur 5385 juńgóo > ju�gō̂
<Row Werch 5385 jiṅgőóg > jiŋg�óg
<Row Werch  joróőti und pl, ng. pl. -muċ unreife Aprikose> joró�ti
<Row Bur  díùe > dí�e
<Row Bur  juú-náåakiś davon juú-náåakiś ng. Schnorrer, Bettler '> jū̌-ná�akiś
<Row Bur  júuj-mąjúuć > jū̂j-m�jū̂ć
<Row Bur  jJáalimiů jíili dünnes Häutchen über dem Fleisch> j�ā̂limi�
<Row Bur 6047 jJaít kastrierter, zwei- bis vierjähriger Ziegenbock> j�aít
<Row Bur 5716 jJakáai Waage> j�akā̂i
<Row Bur  jaltóoniń Salvis glutinosa Linn> jaltō̂ni�
<Row Bur  (er)schießen > (er)schie�en
<Row Bur  jamékiski Bogen- davon jamékiski Bogen> jamékiski �ogen
<Row Bur 6615 jaù > ja�
<Row Bur  jaħùgúin davon jaħùgúin -gúyo Dorfober- haupt, "Lambardar"> ja��gúin
<Row Werch 6615 jamûin > jam�in
<Row Bur  jaṅtráů Amt des Dorfober- haupts> jaŋtrá�
<Row Bur  japåá einem Bündel zusam- menwickeln Japák (Haar, Wolle)> jap�á
<Row Bur 6568 jāājāār man davon jāājāār man:, jarąjár man: NH = jar manz steigernd Jar-báâardum s. báardum Jar-báś s. *baś jar-biénum s. biénum Jaremár unreine Substanzen, die mit der Nachgeburt ausgeschie- den werden jas ng. s. jas jat ng. s. ?jaṭi jeék man: , -mån- sich ausstrecken, ausgestreckt dalie- gen Gh. jeék, T 6568) jeék +t- (Toten usw.) hinlegen , (Hand) ausstrecken> j��j��r man
<Row Bur  jeék-noők davon jeék-noők +t- ng. dend gerade hinrichten> jē̌k-no�k
<Row Werch  jekê dazu jukúuni -miṅ, ng. jukúuno> jek�
<Row Bur  jikímićiħ jikíimiù Art Pflanze> jikímići�
<Row Bur  jikíimiù jikíimiù Art Pflanze> jikī̂mi�
<Row Bur  jiùé Ärmel ; 393> ji�é
<Row Bur  jJipíini s. das Fg. jipini -ħ, ng. jipíini -ħ Splitter, Span> j�ipī̂ni
<Row Bur  jú- -ç- nur Präsensstamm, Inf. júas und śș-Opt. juś, Kon. von d: yla)- | dey(a)- | de-y(a)-, Prät., Perf., Plusqu. von d:-/d:-, Abs> jú- -�
<Row Bur  jJugakeéś -mán- (über -ċum), angewidert sein> j�ugakē̌ś -mán
<Row Bur  júkanç große Spindel> júkan�
<Row Bur  kaafi ziemlich> kā�i
<Row Bur  kaafiraáki > kā�irā̌ki
<Row Bur  kāā-kāār s. kar> k��-k��r
<Row Bur  kaáł-haát davon kaáł-haát, 'kaáṭt-maát, ng. kaatháaran Vertrag kaatháaran ét- ng. einen Vertrag abschließen> kā̌�-hā̌t
<Row Bur  kaç lkaç ng. Bodensatz beim Herstel- len von Butterschmalz> ka�
<Row Bur  kaçakoón Anschlag, Hin- terhalt, Verschwörung> ka�akō̌n
<Row Bur  káåçul káçuli -å Föhre> ká��ul
<Row Bur  káçuli káçuli -å Föhre> ká�uli
<Row Bur  kafšá Schuh> ka�śá
<Row Bur  kaláńů dél- mit den Hufen trampeln auf, stampfen auf, NH (Pferde) unruhig nach dem Futter verlan- gen, auch von Menschen> kalá�� dél
<Row Bur  kampáçi der kleinere Teil> kampá�i
<Row Bur  kaṅùká Spinne mit dün- nen- Beinen, die die Wände auf- und abkriecht> kaŋ�ká
<Row Bur  kapánċkiś s. tilí> kapán�kiś
<Row Werch  kâku Kuckuck> k�ku
<Row Bur  kāār -mán- (gedrückt, beküm- mert) umhergehen> k��r -mán
<Row Bur  karkóősx dem auf- gepfropft wird; Stengel der Blu- me, soeben aufgesproßt> karkó�s�
<Row Bur  kasaafát Befleckung> kasā�át
<Row Bur  katapőóo zerbrochene Eier- schale> katap�ō̂
<Row Bur 2654 kaąyám Brassica spec., eine Kohlart, Frühgemüse, wird auch getrocknet> ka�yám
<Row Bur  keċ kéċi-kéċi Laut zum Vertreiben von Ziegen> ke�
<Row Bur  keér(iù) > kē̌r(i�)
<Row Bur  kiç in> ki�
<Row Bur  kiħṅkíiti s. kar kíiki -muċ, ng. kiħṅkíiti -mu Art> ki�ŋkī̂ti
<Row Bur  kīĵî-kīf ét- > k���-k�� ét
<Row Bur  kiħṅkíiṭti s. kíiki> ki�ŋkī̂ṭti
<Row Bur  koçkóç davon koçkóç :t- NH ds> ko�kó�
<Row Bur  kőçkoç ét- und kóçuro-kóçuro ét- NH> k��ko� ét
<Row Bur  koçokőoço für Mehl, Teig usw> ko�ok�o�o
<Row Bur  kóçuro-kóçuro s. kóçkoç> kó�uro-kó�uro
<Row Bur  kődbat (schlecht, mit ganz wenig Butter)> k�dbat
<Row Bur  kőóo- s. gus koól NH kleines Gefäß> k�ō̂
<Row Bur  kuè 2.kuè Suffix> ku�
<Row Bur  kuçót (Hörner) kurz und nach hin- ten gebogen; solche Hörner ha- bend> ku�ót
<Row Bur  kuráħ Verteidigungslinie (nur in alten Kriegsliedern)> kurá�
<Row Bur  kurpáå älterer, erfahrene Mann, "Alterer" ; ; 278> kurpá�
<Row Bur  kuśőlo kuśőlo -muč abgebro- chenes Stück von Glas, Porzellan> kuś�lo
<Row Bur  dzkuṭ- -Śś- dzkhuṭt-, pl. dekuća> dzkuṭ- -�ś
<Row Bur  kúü ét- bitterlich weinen kűű ne her- ds> kú� ét
<Row Bur  khāāśo s. ?khaś> kʰ��śo
<Row Bur  khaç lkhaç ng. s. *khag> kʰa�
<Row Bur  khaç ét- 2khaç ét- Feuer schlagen> kʰa� ét
<Row Bur  khakháç ét- davon khakháç ét- ds> kʰakʰá� ét
<Row Bur  kháçkiś davon kháçkiś NH Stahlstück zum Feuerschlagen> kʰá�kiś
<Row Bur  khadáů > kʰadá�
<Row Bur  khakháç s. ?khaç> kʰakʰá�
<Row Bur  khákhaħ -mán- am Unfal- len sein> kʰákʰa� -mán
<Row Bur  khánkuċt davon khánkuċt NH die im Fort wohnen (Opp. girámkuċ)> kʰánku�t
<Row Bur 2661 stenkörner beliebtes Schnellge- richt bei Jägern usw.; werden den Kindern auf den Kopf gestreut, wenn die ersten Zähne kommen> stenk�rner
<Row Bur  khaṅùgár Schwert> kʰaŋ�gár
<Row Bur  khaṅùgardéeço davon khaṅùgardéeço ng. Mann, der mit einem Schwertstreich den vorderen Teil eines Stiers vom hinteren trennen kann> kʰaŋ�gardē̂�o
<Row Bur 2603 khaṅńóőr von Tieren und Menschen, aus denen die Innereien heraus- genommen sind> kʰaŋ�ó�r
<Row Bur  kharmáq duún- von hin> kʰarmá� dū̌n
<Row Werch  khaç lkhay ng. -ánċ¢ Strand, nicht vom Wasser bedeckter steiniger Teil des Flußbetts ; ; ; ; 298> kʰa�
<Row Bur  khiáń s. khiy> kʰiá�
<Row Bur  rück rück näher zu mir! khíil +t- zeigen, anbieten, über- reichen ; ; (:-t-); ; (Hand) entgegenstrecken , (Ochsen) zum ersten Mal> r�ck
<Row Bur  khiù Seite, Richtung ; ; 22; 157; Wange, ng. die Stelle unter der Schläfe und dem Ohrläppchen> kʰi�
<Row Bur  khiùkháů faul> kʰi�kʰá�
<Row Bur  khiùkháń planios umhergehen> kʰi�kʰá�
<Row Bur  khíùphat abspal- ten (von khiṅ) ine hanpámo khíùphat manílá er ist halbseitig gelähmt (durch ei- nen Schlaganfall)> kʰí�pʰat
<Row Bur  khirċ > kʰir�
<Row Bur  khoċ khoċé s. gusé> kʰo�
<Row Bur  khoċé khoċé s. gusé> kʰo�é
<Row Bur  khőóle auch kholéi ; ; , hier, hierher; zu Hause ; ; nun, dann ; hierin, in diesem Falle ; ; 235; 236> kʰ�óle
<Row Werch  akhóła akhólar ; ; , ng. kholéyar ; ; 13 hierher, nach Hause> akʰó�a
<Row Bur  akhőlum kholéimo ; , kholémo von hier; von zu Hause> akʰ�lum
<Row Bur  khóőtpa khótpaći ng. auf dieser> kʰó�tpa
<Row Bur  khúűniši khunjigáś, ng. khúűniši s. khúnaśi> kʰú�niśi
<Row Bur  schwungvoll vgl. Gr. ; ; 123; 136> schvuŋg�oll
<Row Bur  lāā-lāīāħ s. laħù laalíć ng. Gier> l��-l����
<Row Bur  läāù-lāäāù s. laṅ> l���-l����
<Row Bur  lāāq-lāāq s. °laq> l���-l���
<Row Bur 10927 laçhaár bhz.ng. 247> la�hā̌r
<Row Bur  lafz s. láphas> la�z
<Row Bur  ligīi-lagāāś davon ligīi-lagāāś numá guċhár> lig�i-lag��ś
<Row Werch 10875 láğu von Wildenten,. ng. Stock zum Ball- spielen> lá�u
<Row Bur 10910 lajó-lajőó -mán- zögern, zu- rückschrecken, zurückscheuen> lajó-laj�ó -mán
<Row Bur  laláṅń s. laṅ> laláŋ�
<Row Bur  lálaq s. ?laq> lála�
<Row Bur  lambóoq s. das Fg> lambō̂�
<Row Bur  lambóőóq lambőoq Art Baum- wolltuch aus Kashgar mit Rau- tenmuster; Frauenhemd> lambó�ó�
<Row Bur  lamçám Has. -çáme biái y (stän- dige) Schmerzen im Kopf oder in> lam�ám
<Row Bur  lam-qarám > lam-�arám
<Row Werch 10951 lêm sich bewegen, schütteln, zur Seite springen ; aufhören ; sich verspäten ; 248> l�m
<Row Bur  laħùláů davon laħùláů =:t-, laláṅ +t- NH (Baum) schütteln aś laṅùláňń ét- den Kopf schütteln as láålaù maními NH ich fühlte mich unwohl (felt uneasy)> la��lá�
<Row Bur  läāṅ-lāãṅħù davon läāṅ-lāãṅħù +t- suchend beisei-"> l��ŋ-l��ŋ��
<Row Bur  liù -t- davon liù -t-, liàliù +t-, loṅ +t-, loùlóṅń :st-, alle NH (kleinen Zweig oder langsam) schütteln> li� -t
<Row Bur  śar-láṅù davon śar-láṅù +t- NH (Baum) heftig schütteln> śar-láŋ�
<Row Bur  llaq (Pferd)> lla�
<Row Werch  laq (Land) kahl, wüst> la�
<Row Bur  laq -wál- > la� -vál
<Row Bur  laq dzus- auf die Haut> la� dzus
<Row Bur  laq gezogenes> la�
<Row Bur  laq-lóto zerrissen> la�-lóto
<Row Bur  tan-láq dazu tan-láq splitternackt ; L> tan-lá�
<Row Bur  lálaq man davon lálaq man:, lóloq manz, líliq man:, liq man: NH ds> lála� man
<Row Bur  lāāq-lāāq man davon lāāq-lāāq man: (Bäume) sich im Winde langsam beugen> l���-l��� man
<Row Bur  liqláq -mán- davon liqláq -mán- NH (Betrunke- ner) torkeln, schwankend gehen> li�lá� -mán
<Row Bur  laq-maláq dazu laq-maláq man: übereinander- fallen, durcheinandertorkeln> la�-malá�
<Row Bur  laqaáś ng. geziert, würdig, graziös schreiten> la�ā̌ś
<Row Bur  laqbeéś -t- zerstampfen> la�bē̌ś -t
<Row Bur  laqeéś s. laqaáś> la�ē̌ś
<Row Bur  laqéi Art Sattel, aus Badach- schan eingeführt> la�éi
<Row Bur  laqpís auch laspíiq -i0 Taschentuch, Schweißtuch ; ; {sh. /aspík, L lakpīs, ti. lag-phyis} laqpíse duró ng. Spionage> la�pís
<Row Bur  laqśá Teigstreifen, ähn- lich wie Spaghetti laqśáa dáudo Gericht daraus> la�śá
<Row Bur  lasalás guċhár- davon lasalás guċhár- schwächlich trippeln (Frau)> lasalás gu�hár
<Row Bur  laspíq s. laqpís> laspí�
<Row Bur  lašéq sehr schwache Ähren wegen Was- sermangels> laśé�
<Row Bur  laṭháq man ng. (Erde) beben; gek- kenhaft (in schönen Kleidern> laṭʰá� man
<Row Bur  befestigt "Auge" an der Kartoffel, Handgriff> be�estigt
<Row Bur  möchtest > m�chtest
<Row Bur  bösen (auf: K. abs.)> b�sen
<Row Bur 10988 leéç das Schneiden des Getreides, Abernten> lē̌�
<Row Bur  léeç(iṅ)-béeç(iù) > lē̂�(iŋ)-bē̂�(i�)
<Row Bur  léeç nicht léel-béel NH, ng. léeç(iù)-béeç(iṅù)> lē̂�
<Row Bur  blutbefleckt > blutbe�leckt
<Row Bur  líliq s. ?laq> líli�
<Row Bur  îji hurút- zurückbleiben> �ji hurút
<Row Bur  lóloq s. ?laq> lólo�
<Row Bur  loù loṅlóńů s. laŭ> lo�
<Row Bur  lóonė Schießscharte> lō̂n�
<Row Bur 11072 loq auch -ánė Lumpen, zerlumpte Kleidung ; ; 155> lo�
<Row Bur  lóqphur in: , lóqphur éećumate girát- mit we- henden Lumpen tanzen> ló�pʰur
<Row Bur  lótimiù Fluch, Verwünschung> lótimi�
<Row Werch  -múlpiaṅħů <rpur -iaṅ Augenlid 250> múlpiaŋ��
<Row Bur  tágay- -gaç- > tágay- -ga�
<Row Werch 5626 taĝgá dazu tagáy y Schlamm> ta�gá
<Row Werch  du-Itálen- > du-�tálen
<Row Bur  aufheben (beim Polo) ` den haríip ändern> au�heben
<Row Werch  -Itâli- einwickeln, -hül- len, verschnüren, in Windeln wik- keln> �t�li
<Row Werch  -Itáltariṅ táltar -iù Vorderbein des Tiers von der Schulter bis zur Fessel; Schulter (des Pferds); gelegentlich: menschlicher Arm> �táltariŋ
<Row Bur  tánċ das ganze Bein (Tier, Mensch) ; 251 Qs. tanċ, -Itánċ, pl. -ltáiṅ) íljim -ltánė Hinterbein> tán�
<Row Werch  du-Itápi- mit pl.- subj. du-ltápuya- verwelken, ver- trocknen> du-�tápi
<Row Werch  -ltúmaľ Ohr ; ; , Pulverpfanne> ltúma�
<Row Bur  zuhören (wem -ar) ; ; K> zuh�ren
<Row Bur  altúmaliħń mach keinen> altúmali��
<Row Bur  tumåáqe Gabelstock für das Steinschloßgewehr (Fr.)> tum�á�e
<Row Bur 11158 lúçum lújum Koralle> lú�um
<Row Bur  luqgpár schlechter, unglücklicher Mensch> lu�gpár
<Row Bur  luthóqo Schultergelenk> lutʰó�o
<Row Bur  maafi s. máap> mā�i
<Row Bur  māā-māāãś s. maś> m��-m���ś
<Row Bur  máaù lmáaù pl. von manç, q.v> mā̂�
<Row Bur  du-máay- -ç- mit y-Subj. und hx- Subj. wenn absichtlich / demay> du-mā̂y- -�
<Row Bur  d-óo-may- -ç- dazu d-óo-may- -ç- ew. mit einem> d-ō̂-may- -�
<Row Bur  maċ bei dem der> ma�
<Row Bur  maċ biśá- sich dem Ordal unter- ziehen> ma� biśá
<Row Bur  du-máċ- zusammenfalten> du-má�
<Row Bur 9989 maçhíi Honig> ma�hī̂
<Row Werch 9989 maçí Honig> ma�í
<Row Werch  madálľ auch madáale> madál�
<Row Bur  magasáriù lange, vom Stoff abgerissene Streifen C + ’sar)> magasári�
<Row Bur  magaroőni maguroóti, ng. maraṅgoóno -muč unreife Maulbeere> magaro�ni
<Row Werch 9731 máğgun und pl., D.pl. -guyo Perle, Halskette ; Spule, Has- pel> má�gun
<Row Bur  (triù von ‘traṅ)> (tri�
<Row Bur  maláṅń Fakir, Derwisch (mit langem ungekämmtem Haar) ; 322> maláŋ�
<Row Bur  maláq ní- > malá� ní
<Row Werch  maláq > malá�
<Row Bur  milíq -mán- davon milíq -mán- umfallen (Kin- der)> milí� -mán
<Row Bur  milīī-malāāq davon milīī-malāāq =t- einwickeln> mil��-mal���
<Row Bur  malaqháan malaqháayo man: Purzelbäume schlagen> mala�hā̂n
<Row Bur  malaqháayo malaqháayo man: Purzelbäume schlagen> mala�hā̂yo
<Row Bur  malċíś davon malċíś -iù Beschimpfung guśíski malčíś Beschimpfung, die nur Frauen unter sich gebrau- chen> mal�íś
<Row Bur  malċák (Getreide) mit so- eben entwickelten Ahren> mal�ák
<Row Bur  mamúuċe der Brust trin- ken> mamū̂�e
<Row Werch  -måámu weibliche Brust> m�ámu
<Row Bur  du-mån- -mái- dazu du-mån- -mái- | deman- -mai> du-m�n- -mái
<Row Bur  gebären zur Welt bringen, (von Gott) schaffen ; ; ; machen, heėrstellen ; ; wiedermachen, wiederherstellen, (Arbeit usw.) vollenden ; ; 126> geb�ren
<Row Bur  manáaç Respekt; Mitleid> manā̂�
<Row Bur  manáaç dusú- Mitleid empfinden> manā̂� dusú
<Row Bur  klümpchen die beim Buttern im Faß hochkommen C + 'kúlo)> kl�mpchen
<Row Bur  mánċa s. das Fg. -måánċe und -mánċča Hilfe (vor al> mán�a
<Row Werch  -måánċe bei der Feldar- beit, für: = Pron.präfix und káa), Gehilfe (in Arbeit, Kampf, Spiel usw.)> m�án�e
<Row Bur  mánċe man: helfen, z.B> mán�e
<Row Bur  mánċekiś davon -mánċekiś NH einer, der> mán�ekiś
<Row Bur  mánċhil Molke> mán�hil
<Row Bur  manç !máaṅ Breitbeil> man�
<Row Bur  gáùńi-máaṅů d.h. Werkzeug> gá��i-mā̂ŋ�
<Row Bur  máånçio mánçhin kleine ein> má�n�io
<Row Bur  maq Rheumatismus, Ner- venschmerzen, Hexenschuß maq áaćilá ich habe Rheumatis- mus áśçiňulo maq gi bilá ich habe Rheumatismus in den Lenden be- kommen> ma�
<Row Bur  maqlúuq > ma�lū̂�
<Row Bur  maqmasá Schwierigkeit, Dilemma> ma�masá
<Row Bur  maqmées ét- óder dél> ma�mē̂s
<Row Bur  maqmí unbesteuertes Land> ma�mí
<Row Bur  maqsát Ziel, Absicht> ma�sát
<Row Bur  maqsoô Bevölkerungs- teil> ma�so�
<Row Bur  maqś > ma�ś
<Row Werch  maxé > ma�é
<Row Bur  maqhá Wacholderbast (sehr haltbar, zum Binden von Butter u.a. verwendet)> ma�há
<Row Bur  maqhákiski davon maqhákiski NH in> ma�hákiski
<Row Bur  maqhalqáath Geschöpfe ; 9> ma�hal�ā̂tʰ
<Row Bur  maqhóoti Aquilegia nivalis Falc. ex Jackson, = eine Akelei> ma�hō̂ti
<Row Bur  ríiù dúmar- dúmar- (Hand) zum Küssen ergreifen> rī̂� dúmar
<Row Bur  måran- ~ und -máray- -ç> m�ran
<Row Bur  (Baum) der Verzweigung abschneiden (-y-); 262 (vel. -múrut-)> (�aum)
<Row Bur  márąyas dazu márąyas -śo ng. großer Klotz maraùgoóno ng. s. magaroőni maráq -iććiù hz.ng.` Krümmung, Bie- gung, Kurve> már�yas
<Row Werch  maráq dazu márąyas -śo ng. großer Klotz maraùgoóno ng. s. magaroőni maráq -iććiù hz.ng.` Krümmung, Bie- gung, Kurve> mará�
<Row Bur  miríq dazu miríq +t- in kleinen Bewegun- gen winden usw> mirí�
<Row Bur  mirīīq-marāāq dazu mirīīq-marāāq +t- (Augen)> mir���-mar���
<Row Bur  murūūq dazu murūūq +-t- Durchfall haben> mur���
<Row Bur  maráquč davon maráquč Schwindel, Betrug maráquċ :t- beschwindeln, betrü- gen maráquċ garź lügen je maráquċčaċe adélimi er betrog mich> mará�uc
<Row Bur  maráquėkiś davon maráquėkiś Schwindler> mará�u�kiś
<Row Bur  máriů schön, vorzüglich, her- vorragend> mári�
<Row Werch  máriṅň schön, vorzüglich, her- vorragend> máriŋ�
<Row Bur  marmáåq > marmá��
<Row Bur  marúċ davon marúċ hz.ng. und maruċ- gúin -gúyo Goldwäscher> marú�
<Row Bur  māā-mããś davon māā-mããś +t-, —masmáś-st-, NH mūūś-t-, musmúś +:t-. mimíś zt-, mišmíś +:t-, momóőś :t-, moś- mó -:t- ds. wiederholt, zierlich usw> m��-m��ś
<Row Bur  maś-maráq Schmeichelei, Schönrederei> maś-mará�
<Row Bur  maśçár s. das Fg> maś�ár
<Row Bur  magsçár magsçár -tiù Schul- lehrer> mags�ár
<Row Bur  mataqápi Pflock, Keil zum Befestigen des Kopfes des Polo- schlägers an der Stange> mata�ápi
<Row Bur  matháq in: guté (ité) matháqulo in diesem Zustand, genau in diesem Zeit- punkt (p-)> matʰá�
<Row Bur  máåuś máwanė zahnloser Rechen für Erde und Dung> má�uś
<Row Bur  máåyo Geldstrafe, Ersatz> má�yo
<Row Bur  máyo-çháyo davon máyo-çháyo NH ds> máyo-�háyo
<Row Bur  méeù von meg q.v> mē̂�
<Row Bur  mélbaù das herabträufelnde Harz des Aprikosenbaums> mélba�
<Row Bur  mélç Kiefer, Kiefer- knochen> mél�
<Row Bur  mélçkiś davon -mélçkiś NH einer, der Feen> mél�kiś
<Row Bur  méeṅù ?máaṅ, NH -més, ng. méeṅù Bäumchen, kleiner Baum zum Einpflanzen, Sämling> mē̂ŋ�
<Row Bur  méyaṅů Schneesturm> méyaŋ�
<Row Bur 10082 miċhír Steinmarder> mi�hír
<Row Bur  miíq die Unterlippe> mī̌�
<Row Bur  mīīś s. maś> m��ś
<Row Bur  milåap Mischung> mil�ap
<Row Werch 8174 minåis Ölkuchen, Apri- kosenkerne, aus denen das Ol herausgepreßt ist> min�is
<Row Bur 9744 mindáq > mindá�
<Row Bur  miq Hufnagel> mi�
<Row Bur  miqhún Art Raubvogel, L Geier (mit "?")> mi�hún
<Row Bur  mirīiq-maräāãqą miríq s. maráq> mir�i�-mar�����
<Row Bur  miskóőt s. biskóőt> miskó�t
<Row Bur  miśsíṅkuċ davon miśsíṅkuċ, hz. auch miśíṅuċ sechs Tage> miśsíŋku�
<Row Werch  biśfikuċ davon miśsíṅkuċ, hz. auch miśíṅuċ sechs Tage> biś�iku�
<Row Bur  di-miy- -ç- eines der "4 y-Verben"> di-miy- -�
<Row Bur  móiůtarċ > mói�tar�
<Row Bur  móőophaaniki s. mul> mó�opʰāniki
<Row Bur  moq lmoq s. miiq> mo�
<Row Bur  mooqá Situation> mō�á
<Row Bur  moóőrgus Art wilde Schling> mō̌�rgus
<Row Bur 9793 moőro von mildem Geruch oder Geschmack, noch nicht fermen- tiert> mo�ro
<Row Bur  mőos sú- sú-, dusú- zornig werden> m�os sú
<Row Werch  -mőskiś hitzig> m�skiś
<Row Bur  mōõöś s. maś> m���ś
<Row Bur  moóyaů Gestrüpp, auf die Dachsparren gelegt, auf das die oberste Lage des Mörtels kommt (zu mon?)> mō̌ya�
<Row Bur  móq- -ićć- > mó�- -ićć
<Row Werch  -måóq- > m�ó�
<Row Bur  du-móőq- -ić- dazu du-móőq- -ić- ausfallen> du-mó��- -ić
<Row Werch  do-móq- dazu du-móőq- -ić- ausfallen> do-mó�
<Row Bur  móőqiś Wange, Backe> mó��iś
<Row Bur 10187 móőtṭis lmóőtṭis -ś0, ng. -ṭianè sehr fett> mó�tṭis
<Row Werch 5573 mucçúśk 292 Burushaski - Deutsch sen)> muc�úśk
<Row Bur 10221 muç Faust ; Handvoll> mu�
<Row Bur  múçmuç man davon múçmuç man:, múmuç man: NH Art Spiel: raten lassen, ob die Aprikosenkerne in der ge- schlossenen Faust geradzahlig oder ungeradzahlig sind> mú�mu� man
<Row Bur  muçakaár (Kinder) mit Fäu- sten kämpfen (von muç)> mu�akā̌r
<Row Bur  múçi lmúçi der Teil des Getreidehalms, an dem die Ahre wächst, inner- halb der Ahre> mú�i
<Row Bur  múçmüç s. muç> mú�m��
<Row Bur  mujôq Quaste (z.B. an der Shuqa), Haarbüschel (am Kuhschwanz)> muj��
<Row Bur  mujoő Handgelenk> mujo�
<Row Bur 10174 mukhóőoro Schmeichler, Schönredner, Günstling bei Hofe> mukʰó�oro
<Row Bur  móőophaaniki móőophaaniki mul Essen, das die Neuvermählten bei der Heimkehr von der Hochzeit von den Eltern des Bräutigams bekommen> mó�opʰāniki
<Row Bur  mulaaqáat Be- such> mulā�ā̂t
<Row Bur  múlikiaů eine Krankheit der Gerste (manchmal -auch des Wei- zens) múlikiaů man: diese Krankheit bekommen> múlikia�
<Row Bur  múmuç > múmu�
<Row Bur  mundáq herangewachsen, groß geworden (Kind oder junges Tier)> mundá�
<Row Bur  mundőoyo (Arm-)Stumpf> mund�oyo
<Row Bur  múħńgus Ecke, von außen her gesehen (Haus, Tisch)> mú��gus
<Row Bur  muqaabilá Wettbe- werb> mu�ābilá
<Row Bur  muqáqo der Mädchen: Geflecht aus Getreidehalmen> mu�á�o
<Row Bur  muqarár ständig> mu�arár
<Row Bur  muqtasár muqtasáre i> mu�tasár
<Row Bur  muqtasáre davon muqtasáre kaláam ds. l> mu�tasáre
<Row Bur  muqú- -ć- verbeult sein> mu�ú- -ć
<Row Bur  muqu- davon muqu- einkerben, verbeulen> mu�u
<Row Bur  murūūüq s. maráq> mur����
<Row Bur  musaqhár unter Kontrolle halten> musa�hár
<Row Bur  muśéq ein Knochen in der Nase der Pferde, der, wenn er zu schnell wächst, die Augen trifft und den Tod verursachen kann> muśé�
<Row Bur  muśqó s. das Fg> muś�ó
<Row Bur  musqú muśqóő x pl. Zweige mit Laub daran, Blattwerk (für Schafe)> mus�ú
<Row Bur  muśqóő muśqóő x pl. Zweige mit Laub daran, Blattwerk (für Schafe)> muś�ó�
<Row Bur  du-múśqur- -ć- (Zweige) elastisch sein, (wie bei der Trauerweide)> du-múś�ur- -ć
<Row Bur  bröckeln zerkrümeln, (in die> br�ckeln
<Row Bur  mutaabíq (mit -e), entspre- chend> mutābí�
<Row Bur  mutóňńů kinderlos, (Tier) ohne Junges, unfruchtbar; unver- heiratet, Junggeselle, alte Jungfer mutóőóṅń hir Junggeselle mutóṅń gus alte Jungfer mutóňń ni bo sie ist kinderlos> mutó���
<Row Bur  mūūś s. maś> m��ś
<Row Bur  naaqhóś -mán- schlecht dran sein ; 22> nā�hóś -mán
<Row Bur  náfay Vorteil> ná�ay
<Row Bur  nafás > na�ás
<Row Bur  naíṅù Melica cupandi Guss., ein Perlgras, oder Cymbopogon spec> naíŋ�
<Row Bur  naù ét- eine Vorliebe haben, Partei ergreifen> na� ét
<Row Bur  náqaly {u. nagh)> ná�aly
<Row Bur  naqhói die kleinste Maßeinheit für Gold> na�hói
<Row Bur  naríůù Gehacktes, Hackfleisch> narí��
<Row Bur  übelriechend davon náskiś duftend, riechend; ng. übelriechend> �belriechend
<Row Bur  nas-qhunás davon nas-qhunás NH übler Ge- ruch, Gestank> nas-�hunás
<Row Bur  nawáq bestehend aus einer spitzen dreieckigen Ei- senkappe, die über das Ende des Pflugs gesteckt wird> navá�
<Row Bur  nayaláaq unzuständig> nayalā̂�
<Row Bur  älterer bei Unsicherheit> �lterer
<Row Bur  åáya áu níáa názar 305 möge mein Vater dein> �áya
<Row Bur  di-nċhír- -ć- überfließen, sich ausbreiten> di-n�hír- -ć
<Row Bur  dznċir- -ć- dazu dznċir- -ć-, ng. d:nċhir- aus- streuen, ausbreiten, ausspreiten> dzn�ir- -ć
<Row Werch  denċer- dazu dznċir- -ć-, ng. d:nċhir- aus- streuen, ausbreiten, ausspreiten> den�er
<Row Werch  -díf Brustkorb ; Abhang> dí�
<Row Bur  ndíliù dél- dél- sich an die Brust schlagen (als Zeichen der Trauer)> ndíli� dél
<Row Bur  ndíliù délaśo die sich an die Brust schlagen, d.h. die Shiiten> ndíli�
<Row Bur  neekbáqt einer, der Glück hat, "lucky"> nēkbá�t
<Row Bur  nigôon ét- sich anstrengen, absichtlich tun> nig�on ét
<Row Bur  nimêesi s. mináis> nim�esi
<Row Bur  noóů noóů Heirat (altes Wort) nioóħ ét- heiraten (wen? -e/-2mo káa)> nō̌�
<Row Bur 13788 nőóoç Furt, Stelle im Fluß mit wenig Wasser> n�ō̂�
<Row Bur  noóők-jeéko s. naujeéko> nō̌�k-jē̌ko
<Row Bur  nóôoman (Wasser)> nó�oman
<Row Bur  noőóů S. nioóń noós Familie, Stammbaum> no�ó�
<Row Bur  nuqs nuqsáan -ićiù Schaden, Verletzung, Verlust ; ; 27. 17> nu�s
<Row Bur  nuráàani leuchtend> nurá�ani
<Row Bur  gżé s. -ṅi> g�é
<Row Bur  zùgo Onkel> z�go
<Row Bur  dz-ùgur- s. do-óùgur> dz-�gur
<Row Bur 109 do-őùgur- -ć- > do-��gur- -ć
<Row Bur  õó ét- (Kuh) lo oh! (Interjektion des Schmer> �ó ét
<Row Bur  oődi ein Fest am 10. - 15. Saur, 20 Tage bevor das Vieh auf die Hochweide getrieben wurde, wobei eine Ziege ungemolken blieb und Milch für den Mir im Hause des Wesirs gesammelt wurde oódi isárk- oder usárk- die oódi- Milch bereitstellen, auf die Seite tun oódie mamú, oódie maltáś die oó- di-Milch, -Butter> o�di
<Row Bur  oőq-boóq Hülle und Fülle, alles was man zum Leben braucht ne háale oóq-boőq bilá er ist sehr wohlhabend> o��-bō̌�
<Row Bur  oóqćhot Art Kinderspiel mit Steinchen> ō̌�ćhot
<Row Werch  ôs- legen, hinle- gen, stellen, halten, hinhalten, in oder an ... halten ; ; ; bei sich behalten, aufbe- wahren 54. 14> �s
<Row Bur  oóőśin traktieren oő-śabaś s. śábaś> ō̌�śin
<Row Bur 2538 oq áaq:-t- kotzen, speien, sich übergeben Oys., sh. oq, kho. "oq" Sloan, T 2538)> o�
<Row Bur  oq speien, kotzen phúte oq manáas NH "das Speien des Phut", d.i. großer Reichtum> o�
<Row Bur  do-óq- -ić- > do-ó�- -ić
<Row Werch  do-hőq- > do-h��
<Row Werch  duq > du�
<Row Bur  duq- -ić- dazu duq- -ić- anschwellen lassen +s d:+-uq- jds. (= Pron.präfix) "Herz anschwellen lassen", d.h. verärgern, in Zorn bringen> du�- -ić
<Row Bur  óqo Buhmann, schwarzer Mann, Phut, Bilas (Kindersprache)> ó�o
<Row Bur  óqući man davon óqući man: (Mädchen) "Gei- ster spielen", d.h. sich ein Tuch um den Kopf winden usw> ó�ući man
<Row Werch  do-hőr- niederfallen> do-h�r
<Row Werch  džhor- dazu d:ur- -ć> d�hor
<Row Bur  óśçum Hüftgürtel> óś�um
<Row Bur  ósśçum déċi- déċhi- den Hüftgürtel enger ziehen, sich gür> ósś�um dé�i
<Row Bur  déċhi- déċhi- den Hüftgürtel enger ziehen, sich gür> dé�hi
<Row Bur  óśçumuśi dazu óśçumuśi im Hüftgürtel (stek- kend)> óś�umuśi
<Row Bur  őtiki s. mul> �tiki
<Row Bur  påáak unschuldig> p�ā̂k
<Row Bur  påala bei sich behalten> p�ala
<Row Bur  påas sich zuwerfen> p�as
<Row Bur 7627 páçi Por- tion; Jahreszeit ; 283> pá�i
<Row Bur  páçimo davon páçimo zu (der und der) Seite gehörig> pá�imo
<Row Bur  påla in: pála pháta Gefäß zum Formen von Butter pála phul NH hölzernes Gefäß für Butter (= maltáśe phul)> p�la
<Row Bur  paláaćiṅů Abfall, Abfallhau- fen paláaćiṅulum schmutzig (Lum- pen, alte Schuhe)> palā̂ćiŋ�
<Row Bur  paùkát ng, NH auch baṅkát Kleingeld> pa�kát
<Row Bur  párianċe-párianċe ní- in einem Ab- stand von etwa 100 m hinterher- laufen oder -gehen (zu pár?)> párian�e-párian�e ní
<Row Bur  pašoőó s. das Fg> paśo�ó
<Row Bur 8011 paśoő paśoő Mann, der die nächtlichen Ziegenopfer der Bilas im Traum sieht und die da- von Bedrohten warnen kann 38. 4; 56> paśo�
<Row Bur  patalúuniů > patalū̂ni�
<Row Bur 7733 patáħů > patá��
<Row Bur  patháq s. matháq> patʰá�
<Row Bur  paṭaásiů (Śúte)> paṭā̌si�
<Row Bur  phaqásiůń Es- sig (aus entsteinten Aprikosen hergestellt, die 20 Tage im ver- schlossenen Topf aufbewahrt werden)> pʰa�ási��
<Row Bur  piaqmár piqmár Erntedank- fest, feierliches Einbringen der Ernte ; ng. heiliger Platz mit> pia�már
<Row Bur  piqmár piqmár Erntedank- fest, feierliches Einbringen der Ernte ; ng. heiliger Platz mit> pi�már
<Row Bur  piqmár s. piaqmár> pi�már
<Row Bur  dzpirċ- d+-pirċ- s. di-phírċ> dzpir�
<Row Bur  phiùćaáno Bal. auch pirćaáṅo, ng. phiùćaáno -mu Trommel- stecken für die große Trommel (daámal), gebogen wie ein Tür- kensäbel> pʰi�ćā̌no
<Row Bur  pirpî > pirp�
<Row Bur  poù Küchenkraut (die Blüte wird gemahlen zum Rotfär- ben der Brotfladen verwendet)> po�
<Row Bur  pőo lpőo -mu Milchseiher (Ring aus Pappelrinde mit Stroh darin)> p�o
<Row Bur  poq ét- poqpóq ét-, toqtóq ét-, tiqtíą ét- NH ein küssendes Geräusch machen, um ein Kind, Pferd usw., zu beruhigen> po� ét
<Row Bur  poq (zu einem Vogel)> po�
<Row Bur  póqar díċ- (Vogel) zähmen> pó�ar dí�
<Row Bur 8398 pőóro 2pőóro -muċ ng. Hohlraum, Winkel ; 186 c> p�óro
<Row Bur  prääq Zeit, wenn die Sonne> pr���
<Row Bur  in-die-Erscheinung-Treten (Blu- men, Gewächse), Aufgehen (Sonne)> in-die-�rscheinuŋg-�reten
<Row Bur  prápraq s. praq> prápra�
<Row Bur  praq zischen (z.B. Butter auf dem Feuer) . ómianċ praq ót- mit den Fingern schnalzen> pra�
<Row Bur  prik(iù) > prik(i�)
<Row Bur  priprík gáåarċ- davon priprík gáåarċ- ds> priprík gá�ar�
<Row Bur  puùpá nach oben sich ver- engender Messingtopf> pu�pá
<Row Bur  pušőóro s. ćődo> puś�óro
<Row Bur  püūśt Vorfahren ; L> p��śt
<Row Bur  puśuṅńóor Has. puśiṅóoro, puśiṅór, puśőro, ng. puśuṅńóor -io Sei- denkokon; Knäuel mit Hohl- raum; Höhlung, wenn eine Maus einen Walnuß- oder Aprikosen- kern herausfrißt> puśuŋ�ō̂r
<Row Werch 13829 phân- > pʰ�n
<Row Bur  phiíS davon phiíS man: ds. zierlicher, in kleinen Mengen> pʰī̌�
<Row Bur  pháçi Huf> pʰá�i
<Row Bur  phaláńi Syphilis> pʰalá�i
<Row Bur  phalċ Art Baum> pʰal�
<Row Bur  phalċí s. das Fg> pʰal�í
<Row Bur  phálċo phalċí -mut Kä- fer, ng. Wanze> pʰál�o
<Row Bur  phalċí phalċí -mut Kä- fer, ng. Wanze> pʰal�í
<Row Werch  du-phâlt- dazu du-phált- -lć- intr. platzen> du-pʰ�lt
<Row Bur  phaltóoćiů phayatóoćiů Wickel- gamaschen> pʰaltō̂ći�
<Row Bur  phayatóoćiů phayatóoćiů Wickel- gamaschen> pʰayatō̂ći�
<Row Bur  phamúċal phamúċal -io kleines Tellerchen, in dem beim Spinnen der untere Teil der Spin> pʰamú�al
<Row Bur  phaṅù man hz.ng. Liebesspiel ohne (oder vor dem)> pʰaŋ� man
<Row Bur  pháåo lpháåo +t- streuen, (aus)säen ; 9> pʰá�o
<Row Bur  phaq (auf einem Tablett) in die Höhe schleudern> pʰa�
<Row Bur  phapháq man davon phapháq man: auf- und abge- schüttelt werden (auf dem Pferd, wenn man schlecht reitet)> pʰapʰá� man
<Row Bur  pháqar s. pháqhar> pʰá�ar
<Row Bur  phaqásiùů s. pataásiů> pʰa�ási��
<Row Bur  phaqís entkernte, noch nicht gedörrte Aprikose; der Bo- densatz, der entsteht, wenn man gedörrte Aprikosen ins Wasser reibt (um ćhamús zu machen)> pʰa�ís
<Row Werch  páqu > pá�u
<Row Bur  du-pháqu- > du-pʰá�u
<Row Bur  pháqhar ét- pháqar ét- NH stolz sein> pʰá�har ét
<Row Bur  phīi-phāār davon phīi-phāār man: ds> pʰ�i-pʰ��r
<Row Bur  pháraq fáraq, vor Vokalen phárq- Unterschied> pʰára�
<Row Bur  pharċán man sich drehen (wie ein Stein unterm Fuß); (beim Stuhl) sich danebensetzen und fallen> pʰar�án man
<Row Bur  pharċapharċát s. das Fg> pʰar�apʰar�át
<Row Bur  pharċát man > pʰar�át man
<Row Bur  pharċapharċáṭ man davon pharċapharċáṭ man: sich win- den> pʰar�apʰar�áṭ man
<Row Bur  phárċin ét- eine Mütze tragen pharéċin -ċio, ng. -iù Herdstein K> pʰár�in ét
<Row Bur  pharq s. pháraq> pʰar�
<Row Bur  schäbig davon 'phus man:/-mán- hz.ng. schäbig, abgetragen werden> sch�big
<Row Bur  phasqínum das beim Verschließen eines Teiches her- ausläuft> pʰas�ínum
<Row Bur  phaś ċhú- > pʰaś �hú
<Row Bur  phósů Frau, die dauernd hin- und hergeht> pʰós�
<Row Bur  phīīt-phāāt davon phīīt-phāāt +t- NH ein biß- chen zurücklassen> pʰ��t-pʰ��t
<Row Bur  phataaqí > pʰatā�í
<Row Werch  patáxi > patá�i
<Row Bur  phatáåq man auf allen Vieren krie- chen> pʰatá�� man
<Row Bur  phitiphatáq davon phitiphatáq mans, NH phu- túq man: ds. (-iq ph-)> pʰitipʰatá�
<Row Bur  aufstechen (ein wenig Wasser)> au�stechen
<Row Werch  -phåtar- nepatar, ng. nephatar> pʰ�tar
<Row Bur  du-pháłar- dazu du-pháłar- sich häuten, schä- len> du-pʰá�ar
<Row Werch  du-pháåtar- dazu du-pháłar- sich häuten, schä- len> du-pʰá�tar
<Row Werch  -pháåṭi Stirn> pʰá�ṭi
<Row Bur  phayatóoćiů s. phaltóoćiń> pʰayatō̂ći�
<Row Bur  phé(miù) > pʰé(mi�)
<Row Bur  phéelė s. phelċ> pʰē̂l�
<Row Bur  phelè phéelė kleiner Baum mit eßBbaren süßsäuerlichen Bee- ren, äußerlich dem gindáwar ähn- lich> pʰel�
<Row Bur  phéelė phéelė kleiner Baum mit eßBbaren süßsäuerlichen Bee- ren, äußerlich dem gindáwar ähn- lich> pʰē̂l�
<Row Bur  phétiùů Asche ; ~> pʰéti��
<Row Bur  phíço Schnake, Moskito> pʰí�o
<Row Bur  phíiimiù phíiniù> pʰī̂imi�
<Row Bur  phíiniù phíiniù> pʰī̂ni�
<Row Werch 9108 phémiṅù Welengekräusel, Schaum> pʰémiŋ�
<Row Bur  bisqáa Speichel> bis�ā̂
<Row Bur  phī-phäāār s. phar phií-phaá§ s. phaáś phī-phūūt s.?’phut phíiro-píto s. pito phiiś s. phaáś phiiś s. phaáś phīīt-phāāt s. phat> pʰ�-pʰ���r
<Row Bur  phīt-phūūt s. phat> pʰ�t-pʰ��t
<Row Bur  philtå Docht; Lunte, Zündschnur> pʰilt�
<Row Bur  phímićiù s. phíimiṅ> pʰímići�
<Row Bur  phířaras Art Wurm im Gehirn der Schafe, fällt unter heftigem Niesen aus den Nasenlöchern> pʰí�aras
<Row Bur  phiùćaáno s. pirćaáno> pʰi�ćā̌no
<Row Bur  phiùpháůù man hz.ng. Bocksprünge machen, mit gebeugten Knien hüpfen; ng. herumgehen, von ei- nem Haus zum anderen gehen; mitmachen auch ohne große Aussicht auf Erfolg (z.B. als vier- ter Kandidat bei der Wahl)> pʰi�pʰá�� man
<Row Bur  phiùphúṅů s. phuń> pʰi�pʰúŋ�
<Row Bur  di-phírċ- mit Pl.-Subj. di-phír- ća- hz.ng. ‘herauskommen, ent- schlüpfen> di-pʰír�
<Row Bur  dzpirċ- -rå- dazu dzpirċ- -rå-, ng. dphirċ- aus- raufen, (mit der Wurzel) ausrei- Ben, (Strauch, Pfosten, Zahn usw.) herausziehen ; ċhiríśċum dzpirċ- mit der Wurzel ausreißen (auch übertragen von Menschen)> dzpir�- -r�
<Row Bur  phiríîné (von Holz), Span, Spreißel gaśíle phirínć gírkis délasar kúli apí nicht einmal ein Span, um eine Máus zu erschlagen, ist da (Redensart)> pʰirí�né
<Row Bur  phiṭíriù -mán- dazu phiṭíriù -mán- hz.ng. ver- brannt, versengt, von Sonnen- hitze oder Kälte verzehrt werden phiṭíriù man: sehr schnell laufen> pʰiṭíri� -mán
<Row Bur  phugórićiħń dazu phugórićiħń, ng. phőoquriù Prah- lerei, das Sich-Brüsten> pʰugórići��
<Row Bur  phőoquriù dazu phugórićiħń, ng. phőoquriù Prah- lerei, das Sich-Brüsten> pʰ�o�uri�
<Row Bur 13839 phóińù 292> pʰói��
<Row Werch 13839 -phúiů 292> pʰúi�
<Row Bur  phóoquriů s. du-phógur> pʰō̂�uri�
<Row Bur  phoq aufgedunsener Mensch; etwas Angeschwollenes> pʰo�
<Row Bur  phoq-supót s. supőt> pʰo�-supót
<Row Bur  phóqunas der Hand (vom schweren Arbeiten), das Anschwellen der Knospen, bevor die Blätter herauskommen (vel. phoq)> pʰó�unas
<Row Bur  phugórićiů s. du-phógur- phújar-phújar y ng. Funkensprü- hen> pʰugórići�
<Row Bur  phúlçhin Art kleiner grauer Vogel> pʰúl�hin
<Row Bur  phultíùiś Blasebalg der Schmiede> pʰultí�iś
<Row Werch  phunċ (der) Tau> pʰun�
<Row Bur  phunċ (vor Lachen, oder wenn man sich verschluckt hat)> pʰun�
<Row Bur  phunċ -mán- in kleine Stückchen zerfallen> pʰun� -mán
<Row Bur  phunċ t- (Flüssig- keit) ausspucken (durch Ver- schlucken usw.), (Menschen) nie- derschlagen> pʰun� t
<Row Bur  phúphunė davon phúphunė man: ständig pru- sten usw> pʰúpʰun�
<Row Bur  phuħ -mán- schlummern, im Sitzen eindösen, nur für einen kurzen Augenblick einschlafen L, 294> pʰu� -mán
<Row Bur  phiṅphúṅń dazu phiṅphúṅń man: schlafen> pʰiŋpʰúŋ�
<Row Bur 9083 phúṅńi Schnurrbart> pʰúŋ�i
<Row Bur  wegfegen s. -phúpur-)> veg�egen
<Row Bur  phurċát s. phursát phurdíl, phurdilo tapfer, schneidig, flink> pʰur�át
<Row Bur  phúrgaňi die der Bräutigam bei der Hochzeit trägt und mit der er tanzt, wenn kein Schwert im Hause ist> pʰúrga�i
<Row Werch  phorgóőt Art wilde Ente> pʰorgó�t
<Row Bur 8343 phuróôki un- ter die Leute verteilt, für eine Sa- che, die zum ersten Mal statt- findet oder getan wird, z.B. Wer- fen von Ziegen> pʰuró�ki
<Row Bur  çúke Geschenk von Nüssen, Aprikosenkernen usW., wenn ein Mädchen zu einer Nä- herin in die Lehre kommt> �úke
<Row Bur  phuróqo s. burphút> pʰuró�o
<Row Bur  sődarkiś Art Pflanze, als Augenmedizin verwendet (= hz. sődarkiś) (zu phurphút)> s�darkiś
<Row Bur 8343 phurqá (oder purká)j, burqá (oder burká, bulqá, x und y, Lautgestalt unsicher): Bissen, den der Mir vom Essen nimmt und den der Koch in seiner Gegenwart essen muß> pʰur�á
<Row Bur  phurúù ohne Furchen, in schmale glatte Flächen durch Erdwälle> pʰurú�
<Row Bur  phuáanė bhz.ng. phuáanė phuáaṅů, NH auch phúuśo leer, hohl, frei (von Bäumen usw.), (Boden)> pʰuā̂n�
<Row Bur  tumáqe "die Gewehrkugel traf den Steinbock ins Hohle", d.h. ver- wundete ihn> tumá�e
<Row Bur  (Stoffe) > (�to��e)
<Row Bur  phutúq s. phatáq> pʰutú�
<Row Bur  qáa ét- qáa-qáa ét- meckern> �ā̂ ét
<Row Bur  qaabíl klug> �ābíl
<Row Bur  qaqfilá > �a��ilá
<Row Bur  qáalo s. quáalo> �ā̂lo
<Row Bur  qaán s. qaáħ> �ā̌n
<Row Bur  qaanúun in> �ānū̂n
<Row Bur  qaá-qaáħṅ ét- dazu qaá-qaáħṅ ét-, qaqaqaqaqaáṅń ét- ds. ; (qāqä)> �ā̌-�ā̌�ŋ ét
<Row Bur  qáa-páa ét- (Säugling) weinen> �ā̂-pā̂ ét
<Row Bur  qåáa-qáa s. qáa> ��ā̂-�ā̂
<Row Bur  qaá-qaáħ s. qaáħ> �ā̌-�ā̌�
<Row Bur  qáar dünne Decke> �ā̂r
<Row Bur  qaáṭt-maát Versammlung mit abfälligem oder ablehnendem Re- den über eine Person oder Sache> �ā̌ṭt-mā̌t
<Row Bur  qabá qubá -muċ, gabzá> �abá
<Row Bur  qubá qubá -muċ, gabzá> �ubá
<Row Bur  qabál wáśi- > �abál váśi
<Row Bur  qabgá s. qapgá> �abgá
<Row Bur  qabúkiś davon qabúkiś NH schlau, durch- trieben> �abúkiś
<Row Bur  qábur > �ábur
<Row Bur  qabúul ét- zustimmen ff> �abū̂l ét
<Row Bur 2863 qaćí gaćí Schere> �aćí
<Row Bur  qaćír Al., Gan. gaćír Maul- esel> �aćír
<Row Bur  qaćíś s. gaćíś> �aćíś
<Row Bur  qadám > �adám
<Row Bur  qaidá Sitte ; {u. qãidah)> �aidá
<Row Bur  qaimatí wertvoll, kostbar ; 265> �aimatí
<Row Bur  qáit einsperren> �áit
<Row Bur  qaleéi ét- qaliá ét> �alē̌i ét
<Row Bur  qaliá qaliá ét> �aliá
<Row Bur  qali geknüpfter Tep- pich {ys. qalin, u. qālīn, vgl. gaáliřṅ)> �ali
<Row Werch  qalin geknüpfter Tep- pich {ys. qalin, u. qālīn, vgl. gaáliřṅ)> �alin
<Row Bur  qaliá s. qaleéi> �aliá
<Row Bur  qam !qoù -ánċ Grube, Loch im Boden; Grab> �am
<Row Bur  qámar (Fluch:) fall in die Grube!, stirb!> �ámar
<Row Bur  qamqurúućo ét- qumqurúućo ét-, qaùqurúućo ét> �am�urū̂ćo ét
<Row Bur  qumqurúućo qumqurúućo ét-, qaùqurúućo ét> �um�urū̂ćo
<Row Bur  quùqurōćo qumqurúućo ét-, qaùqurúućo ét> �u��ur�ćo
<Row Bur  qanç natürliche kühle Höhle, Graben, auch im Eis> �an�
<Row Bur  qanjaqáå Bündel hinterm Sattel> �anja�á�
<Row Bur  qanzúul mit Brust- taschen> �anzū̂l
<Row Bur  qaṅ lqaṅ ng. kleines Loch, Vertiefung> �aŋ
<Row Bur  qaṅqurúućo s. qamqurúućo> �aŋ�urū̂ćo
<Row Bur  qáo Ho. qháo Ruf, Schrei> �áo
<Row Werch  qåu Ho. qháo Ruf, Schrei> ��u
<Row Bur  qaoqáo ét- davon qaoqáo ét- ds> �ao�áo ét
<Row Bur  qio dazu qio, mit -an qíwan (Gr. .) Schrei, Aufschrei ; Qs. qiu) qío ét-, qiopío êt- aufschreien, kreischen> �io
<Row Bur  qaoqáo s. qáo> �ao�áo
<Row Bur  qap lqap -ánċ großer Stoffsack aus Kashgari-Baumwolle> �ap
<Row Bur  qap díċ- 4qap díċ- (beim phanṭtá-Spiel) besie- gen (= *qap?)> �ap dí�
<Row Bur  qapgá qabgá> �apgá
<Row Bur  qapqáp qipqáp mans, qupqáp manz, qôqop mant, qőpqop man: NH klappern (Pferdehufe, Stie- fel auf der Straße)> �ap�áp
<Row Bur  qaq hungrig qaqaqaqaqaáṅů s. qaáṅ qáqar s. 'qar> �a�
<Row Bur  qaqár s. qháqar> �a�ár
<Row Bur  qaqará Art Rechen zum Glätten der Erde, ng. Pferdestrie- gel> �a�ará
<Row Bur  qar > �ar
<Row Bur  qirqír davon qirqír +t- (mit kleinen Bewe- gungen) kratzen> �ir�ír
<Row Bur  qīīr-qōör zt- davon qīīr-qōör zt- NH (Feld, ein wenig) abmähen, ebnen, (Gras) abschneiden> ���r-���r zt
<Row Bur  qaralí Kind, dessen beide El- tern vornehmer Abkunft sind (Opp. argún} Gh. kárali L)> �aralí
<Row Bur  qarám > �arám
<Row Bur  qaraqarám dazu qaraqarám donnerndes Ge- räusch> �ara�arám
<Row Bur  qiriqarám dazu qiriqarám ds> �iri�arám
<Row Bur  qäráṅ ` (Tür)> ��ráŋ
<Row Bur  qirīīù davon qirīīù =+-t-, qurūūů :-t- NH> �ir���
<Row Bur  qaraṅtámo > �araŋtámo
<Row Bur  qaráo > �aráo
<Row Bur  qaráp (Zweig) mit einem Krach abbrechen ; knirschend zer> �aráp
<Row Bur  qaraqaráp davon qaraqaráp knirschen> �ara�aráp
<Row Bur  qar-baṭá s. baṭá> �ar-baṭá
<Row Bur  qarċíśs (Mensch) eine bestimmte Farbe habend matúm qarċíś{an) ein schwarzer Mensch (Panjabi usw.), dunkler Typ> �ar�íśs
<Row Bur  qardák Art großes Messer> �ardák
<Row Bur  qargaloó Flat- tereichhörnchen> �argalō̌
<Row Bur  qaríip qaríib- y` ṅahë; = qariibán> �arī̂p
<Row Bur  qariibán dazu qariibán ; , , qaríiban , ; ungefähr> �arībán
<Row Bur  qarqaámuċ Huhn, Hahn, Henne> �ar�ā̌mu�
<Row Werch  qarqámuś Huhn, Hahn, Henne> �ar�ámuś
<Row Bur  qarqamás Planung, Vor- bereitung; Anschlag, Intrige> �ar�amás
<Row Bur  qarqár lqarqár -iṅ (Boden) steinig, hart> �ar�ár
<Row Bur  qart s. gart> �art
<Row Bur  qarúuyo garúųuyo Reiher> �arū̂yo
<Row Bur  garúųuyo garúųuyo Reiher> garú�uyo
<Row Bur  qar-uyóon s. -yőóon> �ar-uyō̂n
<Row Bur  qasáas > �asā̂s
<Row Bur  qáśdan Art Stein> �áśdan
<Row Bur  qaś und pl. Elle> �aś
<Row Bur  qat qat -iħù, ng. +qhat -iù Achselhöhle ; ng. auch: einer der vier Ränder des Felds ; 298 zqat yáare unter der Achsel> �at
<Row Bur  qatamá Hure, Prostituierte> �atamá
<Row Bur  qée ét- (Ziege) schreien (vor Schmerzen, sonst gáa)> �ē̂ ét
<Row Bur  qéqe ét- meckern (Ziege)> �é�e ét
<Row Bur  qiamát der Auferstehung, das jüngste Gericht> �iamát
<Row Bur  qíćao ét- schreien, vom rotfù- Bigen Rebhuhn beim Auffliegen> �íćao ét
<Row Bur  qiimá > �īmá
<Row Bur  qīir-qōöðr s. qar> ��ir-����r
<Row Bur  qilá Festung> �ilá
<Row Bur  qiltaćá > �iltaćá
<Row Bur  qimqím mit Fäusten schla- gen (auf -ulo)> �im�ím
<Row Bur  qiù großer trockener Wachol- derstamm (log)> �i�
<Row Bur  qiṅ-maqíù davon qiṅ-maqíù yáanis NH bären stark> �iŋ-ma�í�
<Row Bur  qipqáp s. qapqáp> �ip�áp
<Row Bur  qiqin- s. qirqin> �i�in
<Row Bur  qiqiù s. qhiqhiù> �i�i�
<Row Bur  qíqit -t- auch qítqit -t-, ng. qitqít +t-, qotoqóto =t- kitzeln; NH auch: um den Bart gehen, jdm. schöntun> �í�it -t
<Row Werch  qétu-qétu auch qítqit -t-, ng. qitqít +t-, qotoqóto =t- kitzeln; NH auch: um den Bart gehen, jdm. schöntun> �étu-�étu
<Row Werch  qóto auch qítqit -t-, ng. qitqít +t-, qotoqóto =t- kitzeln; NH auch: um den Bart gehen, jdm. schöntun> �óto
<Row Bur  qitqít auch qítqit -t-, ng. qitqít +t-, qotoqóto =t- kitzeln; NH auch: um den Bart gehen, jdm. schöntun> �it�ít
<Row Bur  qirīīùů s. qaráṅ> �ir����
<Row Bur  qiríu-qaráåo s. garáo> �iríu-�ará�o
<Row Bur  qíro kleines Brot> �íro
<Row Bur  qirqin- qiqin- -íi-. (an der Wand) verzweifelt hochklettern, um zu fliehen> �ir�in
<Row Bur  qirt s. gart> �irt
<Row Bur  qise -íć- (zer)reißen (Kleid)> �ise -íć
<Row Bur  qhís- -ś- dazu -qhís- -ś- in Stücke reißen (Kleider, Menschen von wilden Tieren)> �hís- -ś
<Row Bur  di-qhís- dazu di-qhís- zerrissen werden> di-�hís
<Row Werch  de-xés- dazu di-qhís- zerrissen werden> de-�és
<Row Bur  qisá Geschich- te, Erzählung, Bericht ; ; 6. 18; ; ; u.a> �isá
<Row Bur  qismét ét- lqismét ét- zuteilen, seine Anteile geben> �ismét ét
<Row Bur  qistá gistá Sauer- teig, Brot mit Sauerteig> �istá
<Row Bur  qisum-qisume von, alle nur erdenklichen> �isum-�isume
<Row Bur  qiś Suffix zur Bil> �iś
<Row Bur  qítqit qitqit s. qiqit> �ít�it
<Row Bur  qiwan > �ivan
<Row Bur  qom s. qam> �om
<Row Bur  qonċ der untere Teil des aus zwei Kugeln bestehenden Kürbis, als Gefäß verwendet, wenn der obere Teil abgebrochen ist> �on�
<Row Bur  qoù lqoù s. qam> �o�
<Row Bur  qoṅ ét- 2qoṅ ét-, qoṅpóṅ ét-, qoqóů ét-, qóo ét-, qőo-póo ét- brüllen> �oŋ ét
<Row Bur  qōör s. arabá qópqop s. qapqáp qoqóħ s. qoù qóqop S. qapqáp qóqor s. arabá qoqőr s. qháqar- qor s. qar qorgór s. qhåáqar- qort s. gart> ���r
<Row Bur  qoś 2qoś -ánċ ng. Nasenpflock fürs Ka- mel> �oś
<Row Bur  qotoqóőto s. qíqit> �oto�ó�to
<Row Bur  squ- s. -qhúu> s�u
<Row Bur 2744 quáalo qåalo -mu Schä- del, ng. Schädeldecke> �uā̂lo
<Row Bur  quáato in: dáado quáato "Großvater Krä- he", d.i. große Krähe; alter, ver- trottelter Mann, der unaufhörlich redet> �uā̂to
<Row Bur  quáṅ ét- brüllen (Löwe)> �uáŋ ét
<Row Bur  quáq ét- gackern, schnattern> �uá� ét
<Row Bur  quáqo davon quáqo sehr gesprächig, dau- ernd Unsinn redend> �uá�o
<Row Bur  quár knisterndes Ge- räusch> �uár
<Row Bur  quáro davon quáro Kreisel> �uáro
<Row Bur  quår-baṭá s. batá> �u�r-baṭá
<Row Bur  qubá s. qabá> �ubá
<Row Bur  qudrát Fähigkeit, Natur> �udrát
<Row Bur  qudrati davon qudrati natürlich> �udrati
<Row Bur  qulá Zebra> �ulá
<Row Bur  qulćíin s. gulćin> �ulćī̂n
<Row Bur  qulćúp weiche Decke auf dem Pferdesattel> �ulćúp
<Row Bur  qulóć für Seile: die Seillänge, die man erhält, wenn man das> �ulóć
<Row Werch  qilié in jeder Hand ein Ende hält> �ilié
<Row Bur  qulp > �ulp
<Row Bur  qulpóħṅgi Art philám, von dem Balti Qulpongi eingeführt> �ulpó�ŋgi
<Row Werch  kułupóňgi Art philám, von dem Balti Qulpongi eingeführt> ku�upó�gi
<Row Bur  qúlqul ét- unschlüssig sein, zögern íne ité duróulo qúlqul étimi er schob diese Arbeit vor sich her> �úl�ul ét
<Row Bur  qum éet- (beim Schwimmen mit Geräusch) die Beine stoßend aus- strecken> �um ē̂t
<Row Bur 3315 qumá lqumá -mu Nebenfrau, Konku- bine {ys. qumá, kho. kumā L; T 3315; 14398, oder tü. koma R II 667, kuma 1044)> �umá
<Row Bur  qumá 2qumá -muč Armreif (breit, gegen júmus, das schmal ist)> �umá
<Row Bur  qumqurúűućo s. qamqurúućo qunoqurópo s. qurópo> �um�urú�ućo
<Row Bur  qupqáp s. qapqáp quqőkiś Al. s. guqóő> �up�áp
<Row Bur  qúqu ğqúqű mans, qü man: heftig stürmen qúqu maí bilá es stürmt heftig -úlulo qüűman: rumoren (im Bauch) qü ét- Rumoren im Bauch ver- ursachen, wird Würmern (galgú) zugeschrieben> �ú�u
<Row Bur  qúqu-qáqa davon qúqu-qáqa man: ds> �ú�u-�á�a
<Row Bur  quqúr kleiner Hund> �u�úr
<Row Bur  ququróo der Kartoffeln (vegl. qaqarå?)> �u�urō̂
<Row Bur  qúqut ét- qútqut ét-, NH qut ét- (Huhn) gackern> �ú�ut ét
<Row Bur  qur in: sa qur éer- den (ganzen) Tag hin- bringen (= sa éer-)> �ur
<Row Bur  quraæáan > �ura�ā̂n
<Row Bur  quré > �uré
<Row Bur  (Werkzeuge > (�erkzeuge
<Row Bur  qurqótal Art Pflanze, s. gurqún> �ur�ótal
<Row Bur  qúrum von 10 - 30> �úrum
<Row Bur  qúrum-qúrume in gruppenweise> �úrum-�úrume
<Row Bur  qurút und pl., D.pl. -inf einge- kochte Molke (rötlich, seifige Be- schaffenheit, sehr sauer schmek- kend, zum Würzen verwendet}> �urút
<Row Bur  qurūüů s. qaráṅħ> �ur���
<Row Bur 3375 quśál- -j- verderben, zugrun- degehen> �uśál- -j
<Row Bur  quśqún der beim Sat- teln des Pferdes um den Schwanz geschlungen wird> �uś�ún
<Row Bur  qušúm Einheit, Kontingent (von Bewaffneten), Bande> �uśúm
<Row Bur  quśóm sehr weites> �uśóm
<Row Bur  qut s. qúqut> �ut
<Row Bur  qutő s. gutő> �ut�
<Row Bur  qútqut s. qúqut> �út�ut
<Row Bur  qutúp > �utúp
<Row Bur  qutúuti s. qúuti> �utū̂ti
<Row Bur  quú lquú +t- verhöhnen, verspotten, er- zürnen> �ū̌
<Row Bur  quúbili s. ?quú> �ū̌bili
<Row Bur  quúrzan > �ū̌rzan
<Row Bur  quúrzan-quít davon quúrzan-quít man: ds> �ū̌rzan-�uít
<Row Bur  qúuti qutúuti in: bilás qúuti oder bilás qutúuti eine Art Bilas> �ū̂ti
<Row Bur  qhátṭum dazu qhátṭum von unten, vom Pan- jab> �hátṭum
<Row Bur  qhátar dazu qhátar Postp. mit Gen. , mit K.abs. an, durch ... hinab> �hátar
<Row Bur  qháa lqháa und qháaśiṅřar, ng. auch qháasśiňare, qháaśiṅe Postp. mit Abs.: bis, bis zu (zeitlich und ört> �hā̂
<Row Bur  qháa-qháa davon qháa-qháa man: ds. qháa-qháa maíme ní- sich lang- sam anschleichen> �hā̂-�hā̂
<Row Bur  qhaalí neuerdings qháali> �hālí
<Row Bur  qhaám Baumwoll- tuch aus Kashgar> �hā̌m
<Row Bur  qháan Art Adelstitel, häu> �hā̂n
<Row Bur  qhaandáan Dynastie ; 13> �hāndā̂n
<Row Bur  qhaáo geröstet> �hā̌o
<Row Bur  qhaáp man hz.ng. welken, verwel- ken ; 240> �hā̌p man
<Row Bur  qháas eigentlich, beson> �hā̂s
<Row Bur  qháaskar davon qháaskar adv. besonders, ge- rade> �hā̂skar
<Row Bur  qhasiát davon qhasiát , qhaasiátkuś natürlicher Zustand> �hasiát
<Row Bur  qháaśiřar qháaśiňare, qháaśiṅe s. qháa> �hā̂śi�ar
<Row Bur  qhaatír > �hātír
<Row Bur  qhāāłqiś nach unten schieben> �h����iś
<Row Bur  qhabán Brandwunde> �habán
<Row Bur  qhabár Nachricht> �habár
<Row Bur  qhabár ét- > �habár ét
<Row Bur  qhabár gán- > �habár gán
<Row Bur  qhabárċum duús- die Besinnung "verlieren> �habár�um dū̌s
<Row Bur  qhabíis Schurke> �habī̂s
<Row Bur  qhadáp -mán- in ein Loch usw. stürzen -dúmućuate qhadap -mán- NH in die Knie gehen qhadáp =t- zu viel essen; in der Tasche verschwinden lassen> �hadáp -mán
<Row Bur  qhudáp man davon qhudáp man: hz. (schwacher Esel, Pferd)> �hudáp man
<Row Bur  qhudópo davon qhudópo Falle qhái (Schuld, Wette) beglichen, ab- gegolten qhái maními die Schuld ist begli- chen> �hudópo
<Row Bur  qhái ét- > �hái ét
<Row Bur  qhairát davon qhairát Wohlergehen> �hairát
<Row Werch  -xákin wie geht's? ?qháir ét- Rache androhen> �ákin
<Row Bur  qha-lāāīħ déi- > �ha-l���� déi
<Row Bur  qhalaqhalát s. das Fg> �hala�halát
<Row Bur  qhalát umrühren; durch- prügeln> �halát
<Row Bur  qhalaqhaláṭt davon qhalaqhaláṭt +t- umrühren, (in kreisförmigen Bewegungen) kne- ten; (Feuer mit Asche) zuschar- ren i> �hala�haláṭt
<Row Bur  gqhiliqhilít dazu gqhiliqhilít --t- (mit dem Fin- ger) umrühren, mischen> g�hili�hilít
<Row Bur  ghuluqhalát man- durcheinan- dazu ghuluqhalát man- durcheinan- der geraten> gʰulu�halát man- durcheinan
<Row Bur  qhuluqhaláṭt > �hulu�haláṭt
<Row Bur  qhalk $o (Raubvogel)> �halk
<Row Bur  qhal-matúm s. matúm> �hal-matúm
<Row Bur  qhalmát der beim Sieben von Getreide unten hinausfällt> �halmát
<Row Bur  qhalóań Ruß> �halóa�
<Row Werch  xalőhaṅ Ruß> �al�haŋ
<Row Bur  qhalpáak talpáak -iśo spit- ze Mütze, um die man den Tur- ban wickelt> �halpā̂k
<Row Bur  qhalpáak ét- talpáak ét- ei- nen Turban tragen> �halpā̂k ét
<Row Bur  qhalqhál (Garnknäuel) rasch aufwickeln, um (-ċe) herumwik- keln> �hal�hál
<Row Bur  kháľ th- der Hand winken"‘; vgl, ti. 'khal, bkal "spinnen"?)> kʰá� tʰ
<Row Bur  qhol dazu qhol +t-, qholqhól =t- NH (Frauen die Hände) als Ehrenbe> �hol
<Row Bur  qhaltá s. qhiltá> �haltá
<Row Werch  xam gekochtes Gemüse oder Fleisch als Zukost zum Brot, dicke Gemüsesuppe, "Curry" ; l> �am
<Row Bur  qham śi- trocken Brot essen qham dusú- ng. ärgerlich werden, wenn man nicht gleich zu essen bekommt qham hárki ét- pflügen, ohne zu düngen qham díimi ich habe Hunger> �ham śi
<Row Bur  qhamqhám davon qhamqhám =t- NH (Pferd das Futter) gierig fressen> �ham�hám
<Row Bur  qhkamáato davon qhkamáato ng. gierig, auch haben wollend> �hkamā̂to
<Row Bur  qham 2qham geschwollener Gaumen> �ham
<Row Bur  qhamáaṭo s. !qham> �hamā̂ṭo
<Row Bur  qhamáli qhamál -iù -inċ sehr dünner Brotfladen> �hamáli
<Row Bur  qhamál qhamál -iù -inċ sehr dünner Brotfladen> �hamál
<Row Bur  thóőóman-qhamáliůù Wachol- derrauch und Fladen (als Ehrung für Gäste usw.)> tʰó�óman-�hamáli��
<Row Bur  qhambirí oder qhimbirí śapík, qhambiríi śapik Hefebrot> �hambirí
<Row Bur  qhamiśdóon s. qhimiśdóőóon qhámqham NH süßer Duft qhamqhám s. 'qham qhamuldáni s. qhamúlut> �hamiśdō̂n
<Row Bur  qhamqhuloóṭti Art Spiel der Kinder, bei dem sie sich unter ei- nen Haufen Kleider verstecken; zu viel Kleidungsstücke auf ein- mal angezogen> �ham�hulō̌ṭti
<Row Bur  qhamúlut ` dünner Brotfladen, in der Asche gebak- ken> �hamúlut
<Row Bur  qhamuldáni davon qhamuldáni, qhamuluṭéeli Frau, die heimlich Aschenbrot bäckt> �hamuldáni
<Row Bur  qhan in qhan ne s. qha> �han
<Row Bur  qhandá Sirup> �handá
<Row Bur  qhandál Staub> �handál
<Row Bur  qháo s. qåáo> �háo
<Row Bur  qháo-yuúyum s. búy> �háo-yū̌yum
<Row Bur  qhap lqhap y Zunder (aus qhápkinas gemacht)> �hap
<Row Bur  qhapćóq von Zunder Cqhap + ?)> �hapćó�
<Row Bur  qhapgú Täschchen für Zunder Cqhap + *gu)> �hapgú
<Row Bur  qhápkinas Pflanze, deren Haut für Zunder und deren Wur- zel als Abführmittel für Kinder verwendet wird (von 'qhap)> �hápkinas
<Row Bur  qháqar- -ć- qháqhar- Risse be- kommen, schrundig werden> �há�ar- -ć
<Row Bur  qháqhar- qháqhar- Risse be- kommen, schrundig werden> �há�har
<Row Bur  gqháqhar davon gqháqhar NH trockener Wacholderzweig> g�há�har
<Row Werch  qarqár davon gqháqhar NH trockener Wacholderzweig> �ar�ár
<Row Bur  qaqár ní- davon qaqár ní-, qoqőr ní-, qorqóőr ní- Runzeln, Falten bekommen qorqóőr (bun), ng. qoqőr -ifo wei- cher, poröser Stein> �a�ár ní
<Row Bur  qháqas Cuscuta chinen- sis Lam., = Art der Seide oder des Teufelszwirns, Samen werden in Grütze gegen Erkältung geges- sen> �há�as
<Row Bur  qhaqhadáp -mán- verstummen qhaqhadáp +t- anfahren, zum Schweigen bringen> �ha�hadáp -mán
<Row Bur  qhaqhál ét- umrühren> �ha�hál ét
<Row Bur  qháqham > �há�ham
<Row Bur  qháqhar s. qháqar> �há�har
<Row Bur  qháqhas s. qhas> �há�has
<Row Bur  qhaqhoóti viel Zeug un- ordentlich um sich herum liegen habend> �ha�hō̌ti
<Row Bur  qhamqhoóti man NH auf die Pelle rücken (wem? -ċe}, (Kind) sich an die Mutter klammern> �ham�hō̌ti man
<Row Bur  qhaqhuláati(ṅ) durcheinan- derbringen> �ha�hulā̂ti(ŋ)
<Row Bur  qhárum 3qhar -míù, ng. qhárum -iù einer von mehreren Parallelläufen in einem Fluß> �hárum
<Row Bur  áqhar 4áqhar Art, Sorte, Typ, Nationali> á�har
<Row Werch  xar im Feuer prasseln lassen> �ar
<Row Bur  qharqhár -t- davon qharqhár -t- prasseln lassen> �har�hár -t
<Row Bur  ghoqhőr davon ghoqhőr +t- ng. kochen, schmoren> gʰo�h�r
<Row Bur  ghaqhár davon ghaqhár +t- , qhäã-qhāār zt- , qhiqhír :t- NH qhäāāär- bāār -iù :t- , qhöör-qhöör zt- braten, rösten, aus- trocknen> gʰa�hár
<Row Bur  du-qháår- -ć- > du-�há�r- -ć
<Row Werch  du-xár- > du-�ár
<Row Bur  deqar- -ć- dazu deqar- -ć-, ng. deqhar> de�ar- -ć
<Row Bur  qhár- -ćć- dazu -qhár- -ćć- n:qar, ng. neqhar (durch Schlagen oder Hacken Holz, Stein, Porzellan, Walnuß) brechen; sägen, spalten, zerklei- nern> �hár- -ćć
<Row Werch  -xár- dazu -qhár- -ćć- n:qar, ng. neqhar (durch Schlagen oder Hacken Holz, Stein, Porzellan, Walnuß) brechen; sägen, spalten, zerklei- nern> �ár
<Row Bur  qharáas auch -ráaśo Ru- mex cfr. crispus Linn., = krauser Sauerampfer> �harā̂s
<Row Bur  qharáo (rasch) getrocknet, aus- gedörrt ċhíle qharáo amána báa ich habe starken Durst i `gharáö` `=:t- ` austrocknen (z.B. Sonne die nassen Kleider)> �haráo
<Row Bur  qháraś Geldstrafe, Buße (= máyo)> �háraś
<Row Bur  qharáåt- haften, kleben bleiben> �hará�t
<Row Werch  xaráṭ- haften, kleben bleiben> �aráṭ
<Row Bur  qaraṭ- davon :qaraṭ-, ng. +qharaṭ- ankle- ben, anheften> �araṭ
<Row Bur  qharċ ét- in die Hände klat- schen ; {ys. xarč)> �har� ét
<Row Werch  xarč in die Hände klat- schen ; {ys. xarč)> �arc
<Row Bur  qharć und qharćá xy Aufwand, Kosten, Ausga- ben> �harć
<Row Bur  qhárkus in: altó qhárkus schwanger> �hárkus
<Row Bur  qharqhaċháa in> �har�ha�hā̂
<Row Bur  qharqhár s. Sqhar> �har�hár
<Row Bur  qhárum s. ’qhar> �hárum
<Row Bur  qhas mit zerfetz- ten Schuhen herumlaufen, die Fersen nicht heben, schlurfen, sich auf dem Boden wälzen> �has
<Row Bur  qhasmőóol Werkzeug des Schu- sters zum Einpressen von Linien auf dem Stiefel> �hasm�ō̂l
<Row Bur  qhaś man NH abnehmen, weniger werden> �haś man
<Row Bur  qhīīs-qhããś davon qhīīs-qhããś man: ds. ausma- lend> �h��s-�h��ś
<Row Bur  qháśiù Hinterbacken, Arsch, Hintern> �háśi�
<Row Werch  -xáfaṅ Hinterbacken, Arsch, Hintern> �á�aŋ
<Row Bur  qghaśphát lqghaśphát man: und ét- zornig (schweigend) die Stirn runzeln> �gʰaśpʰát
<Row Bur  qhaś éet- ein reibendes Geräusch erzeugen> �haś ē̂t
<Row Bur  qháqhaś man davon qháqhaś man: (Floh) krie- chen, krabbeln> �há�haś man
<Row Bur  qhaśqháś davon qhaśqháś +t- sich bei der Umarmung Schultern und Ge- sicht reiben (vertraute Form des Abschieds)}; einreiben, verreiben ; (Tadel) anhängen (wem? -ċí)> �haś�háś
<Row Bur  qhoś davon qhoś =t-, qhośqhóś :t- NH sanft reiben, streicheln> �hoś
<Row Bur  ghiqháś man davon ghiqháś man: sich bewegen> gʰi�háś man
<Row Bur  ghiśqháś davon ghiśqháś leises Geräusch von Gehen oder Berührung, Bewe- gung> gʰiś�háś
<Row Bur  qhaśk in: qháśke tíśçi Längenmaß, = 1/4 Yard oder 27 inches> �haśk
<Row Bur  qhát Mund, Maul ; ; ; ; ; Öffnung: Mündung> �hát
<Row Werch  -xát Mund, Maul ; ; ; ; ; Öffnung: Mündung> �át
<Row Bur  qháći davon -qháći im, in den Mund 10. 14; ; , im Besitz von> �háći
<Row Werch  -xáći Mund, Maul ; ; ; ; ; Öffnung: Mündung> �áći
<Row Werch  -xáćum +t- in den Mund tun, neh- men, stecken , dél> �áćum
<Row Bur  qháćar > �háćar
<Row Bur  qháćiki dazu -qháćiki y Offnung (von Tasche, Schlauch)> �háćiki
<Row Bur  qhátkane davon -qhátkane oder -qhátgane aus> �hátkane
<Row Bur  qhatuú s. gatuú qhat, qhátar s. qha qhaṭéle dort unten {qhat + éle)> �hatū̌
<Row Bur  qhatimúś auch qhátmuś, qháł- muśi untere Seite ; an der Vorderseite des Raums> �hatimúś
<Row Bur  qhátkum unten, nach unten qhátmuś, qhátmuši s. qhaṭimúś qhátpa hz.ng. Unterseite, nach unten ; 274> �hátkum
<Row Bur  qhátum s. qha qhátumpaći ng. unten ; 325> �hátum
<Row Bur  qhaųfnáak s. das Fg. qháup Furcht> �ha��nā̂k
<Row Bur  qháupkuś davon qháupkuś ds> �háupkuś
<Row Bur  qhá-wal- s. qha> �há-val
<Row Bur  qhayáguno Art Unkraut im Feld, Samen eßbar, fördern die Verdauung C + gunó)> �hayáguno
<Row Bur  qhay Milchfett, Rahm qhay balími Rahm ist entstanden, hat sich gebildet> �hay
<Row Bur  qháykiś davon qháykiś (Milch) fett, (Tiere) gute Milch gebend> �háykiś
<Row Bur  qhazaná auch qhazína Schatz- kammer, Magazin ; ; 181 {u. xizānah bzw. xazinah)> �hazaná
<Row Bur  qhazaanćí dazu qhazaanćí Schatzmeister, Kämmerer ; 181> �hazānćí
<Row Bur  qhe ab! (zu einem Esel)> �he
<Row Bur  qhéer (für -aṭum) guútṭiṅe qhéeraħṅe ein Opfer für deine Füße! (zu einem Kind, das ew. zerbrochen hat und Angst be- kommt)> �hē̂r
<Row Bur  qhéli ein wenig, ein bißchen, ziemlich ; qhéli hénái er hat ein wenig ge- lernt> �héli
<Row Bur  qhéqhi (Kindersprache:) schwarz; kacken, pissen; Schmutz, schmut- zig, schlecht> �hé�hi
<Row Bur  qherėè Ab- schaum beim Schmelzen (von Butter, Blei)> �her��
<Row Bur  qhiáal Gedanke, Meinung ; ; ; , {u. xayãl, xiyãľ) qhiáal ét- ; ; , , óos- denken, meinen qhiáalar ní- , jú- denken an, auf den Gedanken kommen (zu -ase)> �hiā̂l
<Row Bur  qhidmát > �hidmát
<Row Bur  qhií-qhaál einwickeln, ein- hüllen> �hī̌-�hā̌l
<Row Bur  qhiliné Verdacht> �hiliné
<Row Bur  qhiliqhilit s. qhalaqhalát> �hili�hilit
<Row Bur  qhil-matúm s. matúm> �hil-matúm
<Row Bur  qhilqhíl s. qhalqhál> �hil�híl
<Row Bur  qhiltá qhaltá -muċ Tasche> �hiltá
<Row Werch  xaltá qhaltá -muċ Tasche> �altá
<Row Werch  xaltyá qhaltá -muċ Tasche> �altyá
<Row Bur  qhaltá qhaltá -muċ Tasche> �haltá
<Row Bur  qhimbirí s. qhambirí> �himbirí
<Row Bur  qhimiśdóon qhamiśdóon, ng. qhumuśdáan -dáayo gußeisernes Gefäß mit Deckel, in der glühen- den Asche vergraben, zum Bak- ken eines besonderen Brotes; das> �himiśdō̂n
<Row Bur  qhumuśdáan qhamiśdóon, ng. qhumuśdáan -dáayo gußeisernes Gefäß mit Deckel, in der glühen- den Asche vergraben, zum Bak- ken eines besonderen Brotes; das> �humuśdā̂n
<Row Werch  xumár Sehnsucht> �umár
<Row Werch  xomóőr Sehnsucht> �omó�r
<Row Bur  qhiqháś s. qhaś qhíqhiù ét-, ng. qiqiù ét- (Pferd)> �hi�háś
<Row Bur  qiqiù s. qhaś qhíqhiù ét-, ng. qiqiù ét- (Pferd)> �i�i�
<Row Bur  (Wildtier) scheuen> (�ildtier)
<Row Bur  qhiréq der Sitar, auf der Flä- che> �hiré�
<Row Bur  qhírgal s. tíkgal qhirgó NH Zelt, Pavillon, Hütte, Unterstand qhiríi, ng. qhiríiy -aṅ -miṅ Weizen- stroh (einzelner Halm, im Gegen- satz zu múṭo)> �hírgal
<Row Bur  qhiríś Auswurf (beim Räuspern)> �hiríś
<Row Bur  qhistá s. qistå> �histá
<Row Bur  qhiś ét- freundlich bitten um, bedrängen> �hiś ét
<Row Bur  qhiśphíś ét- davon qhiśphíś ét- überreden, be- schwatzen (Tikk. 187)> �hiśpʰíś ét
<Row Bur  qhiśqháś s. qhaś> �hiś�háś
<Row Bur  qhiyé und pl. hz.ng. (einzelne kleine) Steine, Kies ; ; ; ; ; 300> �hiyé
<Row Bur  qhiyékiś davon qhiyékiś kiesig, voll Kies> �hiyékiś
<Row Bur  qhól- -j- und -qhőlan- -lai-, L -qĝholin> �hól- -j
<Row Werch  -xól- und -qhőlan- -lai-, L -qĝholin> �ól
<Row Werch  -xólin- und -qhőlan- -lai-, L -qĝholin> �ólin
<Row Bur  qulan- dazu qulan- in: bar búkulo +qulan- undeutlich sprechen, ew. für sich behalten wollen> �ulan
<Row Bur  du-qhúlan- dazu du-qhúlan- NH geknetet wer- den aqháći śapík duqhúlai bi das Brot knetet sich mir im Munde (sagt ein Kranker, der keinen Appetit hat)> du-�húlan
<Row Bur  qholqhól s. qhalqhál> �hol�hól
<Row Bur  qhoő Mitesser (in der Haut)> �ho�
<Row Bur  qhóol > �hō̂l
<Row Bur  qhöör-qhöör s. Šqhar> �h��r-�h��r
<Row Bur  qhoósmal der Hoch- weide, sehr bitter, Wurzel wird gekocht gegen Würmer genom- men> �hō̌smal
<Row Bur  qhóotal > �hō̂tal
<Row Werch  do-xótal- > do-�ótal
<Row Bur  qhoq ét- husten (scherzhaft)> �ho� ét
<Row Bur  du-qhóqu- -ć- Inf. -quyas, L auch -qas verwirrt, verwickelt sein ; 143> du-�hó�u- -ć
<Row Bur  qhőqući s. -qhőóqhut> �h��ući
<Row Bur  qhóquras (des Wacholders) (von qháqhar) gále qhőquras ds> �hó�uras
<Row Bur  qhíqhir dazu qhíqhir -aù NH Wacholder- zweig zum Räuchern im Haus (zur rituellen Reinigung)> �hí�hir
<Row Bur  qhóqut die gefiederte Brust der Hühner, Kropf der Vö- gel, Muskelmagen; ng. auch: Kehlkopf des Menschen> �hó�ut
<Row Werch  -xőxat die gefiederte Brust der Hühner, Kropf der Vö- gel, Muskelmagen; ng. auch: Kehlkopf des Menschen> ���at
<Row Bur  qhóqhući davon -qhóqhući an der Brust -qhħóqhući d:l- (Glucke die Küch- lein) unter sich bergen> �hó�hući
<Row Bur  qhőqhućim davon -qhőqhućim vom Kropf, am Kropf befindlich aqhőqhućim díu ke guúća báa (Mutter zum Kind)> �h��hućim
<Row Bur  qhor 2qhor in: tilíe qhor unreife Walnuß> �hor
<Row Bur  qhušaaní davon qhušaaní , qhuśí -miù Freude, Fröhlichkeit qhušaaní ét- , qhuśí ét- sich freuen> �huśāní
<Row Bur  qhuáåt in: qhuát numá hurút- NH mit ge- spreizten Beinen dasitzen, sich breit machen> �huá�t
<Row Bur  qhudáa alt auch hf> �hudā̂
<Row Bur  qhudéi ét- dazu qhudéi ét- beten> �hudéi ét
<Row Bur  qhudáp qhudópo s. qhadáp> �hudáp
<Row Bur  qhulán- d+qhulan- ng. s. -qhól> �hulán
<Row Bur  qhulduní Art dicker (fat) Jagd- hund> �hulduní
<Row Bur  qhuluqhalát s. qhalát> �hulu�halát
<Row Bur  qhumrí Art Saiteninstrument> �humrí
<Row Bur  qhums Fünftel> �hums
<Row Bur  qhumuśdáan s. qhimiśdóon> �humuśdā̂n
<Row Bur  qhúmutin- -tii- einen Einschnitt, ein Loch machen, um ew. einfü- gen zu können, splissen> �húmutin- -tī
<Row Bur  qhún Brustbein (von Menschen und Tieren); ng. auch: Nacken (des Menschen)> �hún
<Row Bur  qhundáki Vorder- bein (vom Vieh, früher von den Wakhis dem Mir als Tribut ge- bracht), ng. Schulterblatt (beim> �hundáki
<Row Bur  qhúndo s. das Fg> �húndo
<Row Bur  qhundú buck- lig; gebückt qhundú man: sich bücken, einen krummen Buckel machen> �hundú
<Row Bur  qhúnđḍukiś dazu -qhúnđḍukiś bucklig, gekrümmt> �hún�ḍukiś
<Row Bur  qhunindák s. qhurindák> �hunindák
<Row Bur  qhúnzar qhunzór Häutchen zwischen den Teilen des Walnuß- kerns; oberer Teil des Nasenka- nals (untër den Augen} ("Kern der Walnuß")> �húnzar
<Row Bur  qhunzór qhunzór Häutchen zwischen den Teilen des Walnuß- kerns; oberer Teil des Nasenka- nals (untër den Augen} ("Kern der Walnuß")> �hunzór
<Row Bur  qhupsurát > �hupsurát
<Row Bur  qhuphiá verborgen> �hupʰiá
<Row Bur  qhuraabgúin s. qhuráap> �hurābgúin
<Row Bur  qhuráak Essen, Speise> �hurā̂k
<Row Bur  qhuráap > �hurā̂p
<Row Bur  qhurás Ballen, Klumpen (Erde, Mehl)> �hurás
<Row Bur  qhurè lqhurè -éħù, ng. -míù Staub> �hur�
<Row Werch  xorċ lqhurè -éħù, ng. -míù Staub> �or�
<Row Bur  qhúrċkiś davon qhúrċkiś ng. staubig> �húr�kiś
<Row Bur  qhurċamáś bhz.ng. Staubwolke wie Rauch> �hur�amáś
<Row Bur  qhurċgģhamáś s. qhuśqhamáś qhurċumúś hz.ng. im Kopf erkältet> �hur�g�hamáś
<Row Bur  qhurdá schlecht, überflüssig, ungeeignet> �hurdá
<Row Bur  qhurmå Dattelpalme , y Dattel> �hurm�
<Row Bur  qhuróőnç Wolke, Ne- bel> �huró�n�
<Row Werch  xoróṅń Wolke, Ne- bel> �oróŋ�
<Row Werch  -xőrpet Wolke, Ne- bel> ��rpet
<Row Bur 3138 qhus Husten> �hus
<Row Werch 3138 xos Husten> �os
<Row Bur  qhus und pl. grüne Haut auf verdorbener Milch, Teig usw., Schimmel> �hus
<Row Bur  du-qhúśkin- -kii- (Flüssigkeit) durchsickern, auslaufen (= duúśkin-?)> du-�húśkin- -kī
<Row Bur  qhuślági Art Wildente, die im Herbst nach Hunza kommt und im Frühjahr wieder geht> �huślági
<Row Bur  qhuáanċ qhuáanċ, qhuáańů leer; (Mensch) nur scheinbar stark> �huā̂n�
<Row Bur  qhuśqhamáś qhurčģhamáś Abfall, Kehricht> �huś�hamáś
<Row Bur  qhurčģhamáś qhurčģhamáś Abfall, Kehricht> �hurc�hamáś
<Row Bur  qhúto s. -ąqhúnzar> �húto
<Row Bur  qhúu Men> �hū̂
<Row Bur  qhúu- -ć- neqhun hz.ng. reich wer- den, sich glücklich fühlen je be aqhúuyam-a NH habe ich vielleicht extra Reichtum? (ableh- nend)> �hū̂- -ć
<Row Bur  qu- davon :qu-, ng. qhu- machen úme je áqhu báa ich verdanke dir viel, du bist sehr lieb zu mir> �u
<Row Bur  qhúun > �hū̂n
<Row Bur  qhúus ohne Sonne, schattiger Platz> �hū̂s
<Row Bur  (Bettzeug 208; (Bettzeug usw.) ausbreiten> (�ettzeug
<Row Bur  déċiras > dé�iras
<Row Bur 10557 ráaçi ráaçukuin -yo h Wächter, Wachtposten; xX Schutzgeist ; ; 51> rā̂�i
<Row Werch 10557 råçi ráaçukuin -yo h Wächter, Wachtposten; xX Schutzgeist ; ; 51> r��i
<Row Bur 10557 ráaçukuin ráaçukuin -yo h Wächter, Wachtposten; xX Schutzgeist ; ; 51> rā̂�ukuin
<Row Bur  ráaçie mit Schutz- geist> rā̂�ie
<Row Bur  råati in: zimo ráati nach eigenem Gut- dünken, von selbst jip iimo ráati guċhárimi der Jeep fuhr von selbst giláas iimo ráati gálimi das Glas zerbrach von selbst> r�ati
<Row Bur 10685 rabóőù bz.ng. grüne Bohnen mit rötlichen Kernen> rabó��
<Row Bur 10545 raç auf Wache> ra�
<Row Bur  raç bewachen, be- schützen ; ; raç ne hurúṭt- auf Wache sitzen> ra�
<Row Bur  raçgúin davon raçgúin s. ráaçi> ra�gúin
<Row Bur  raçheégś raçhéi -t- schützen, bewachen (zu raç)> ra�hē̌gś
<Row Bur  raçhoóno Wächter (zu raç)> ra�hō̌no
<Row Bur  ráfa bereinigen> rá�a
<Row Bur  ráfal Flinte ; 268> rá�al
<Row Bur  raftáar Geschwindigkeit> ra�tā̂r
<Row Werch 10694 rajåki unbezahlte Arbeit für den Mir bzw. den Staat ; ; Zwangsarbeit> raj�ki
<Row Bur  rągjaáki-duaáki davon rągjaáki-duaáki, rajaáki-ma- jaáki ds> r�gjā̌ki-duā̌ki
<Row Bur  rīīm > r��m
<Row Bur  raůmáů davon raůmáů ds> ra�má�
<Row Bur  raħjúk dazu raħjúk> ra�júk
<Row Bur  raùjúk s. raṅ> ra�júk
<Row Bur  rapóoṭł ét- > rapō̂ṭ� ét
<Row Bur  raqpín > ra�pín
<Row Bur  rāunáq auf Hoch- glanz bringen ; 97> r�uná�
<Row Bur  rawáłt ?rabát Art Perle (rot oder schwarz)> ravá�t
<Row Bur  umschwär- dazu d-ú-rgin- hz.ng. umschwär- men, sich hängen an, in Scharen umringen; handgemein werden, aufeinander losgehen ; ; ; ng. auch: nachdenken> umschv�r
<Row Werch  -réiṅćiṅń Has. s. das Fg. -riù -ćiṅ, ng. -ćaṅ, Has. -riin Hand> réiŋćiŋ�
<Row Bur  guríiù (Fluch:}) deine Hand soll brechen!> gurī̂�
<Row Bur  uríiṅćiṅċum > urī̂ŋćiŋ�um
<Row Bur  ríiùṅ balz/-wál> rī̂�ŋ
<Row Bur  ríiù gán-|/-yán- in die Hand neh> rī̂�
<Row Bur 10866 miċhír Has. ramízil Steinmarder> mi�hír
<Row Bur  ruçéi s. das Fg> ru�éi
<Row Bur 10799 rúço lebhaft, flink, zu allem bereit> rú�o
<Row Bur 10759 rugóoṭļo krank> rugō̂ṭ�o
<Row Bur  rupáai-muċ rupáai-muċ> rupā̂i-mu�
<Row Bur  ruq > ru�
<Row Bur  ásċe ich habe ver- standen> ás�e
<Row Bur  sċe sċe +-qarat- ng. jdm. ew. erklä- ren '> s�e
<Row Bur  sámuċ davon -sámuċ der letzte Monat der Schwangerschaft -sámuċ giámie der letzte Monat der Schwangerschaft ist gekom- men> sámu�
<Row Bur  sáaċumo davon sáaċumo tagsüber> sā̂�umo
<Row Bur  sáaltikċe mit Hilfe von gusáaltikċe "durch deine Hilfe", höfliche Antwort auf die Frage, ob etwas gelungen sei> sā̂ltik�e
<Row Bur  saásatumo Abend- davon saásatumo Abend-, Nachmit- tags-; adv. abends saásaṭumo śapík Abendessen> sā̌satumo �bend
<Row Werch  sâtik > s�tik
<Row Bur  sabáq Unterricht> sabá�
<Row Bur  sabáq gatán- sabdán ng. s. samdán sábdar -iù Art gelbe Blume, Tagetis> sabá� gatán
<Row Bur 13321 saçá im Wachzustand> sa�á
<Row Bur  saçákuśi davon saçákuśi, saçáħaħe adv. wachträumend> sa�ákuśi
<Row Bur  saçáů Gesicht, Erscheinung, Außeres saçáħ-daltás Kerl> sa�á�
<Row Bur  saçáṅaṅe > sa�áŋaŋe
<Row Bur  sáço leicht (Aufgabe usw.), ein- fach; Leichtigkeit> sá�o
<Row Bur  sadaqá Gabe> sada�á
<Row Bur  safáā > sa�á�
<Row Bur  safaaí davon safaaí Reinheit> sa�āí
<Row Bur  safár sapár y Reise `> sa�ár
<Row Bur  safár ét- sapár(an)aṭte ní- auf die (eine) Reise gehen ; 258> sa�ár ét
<Row Bur  sąfárki davon sąfárki ng. Reiseproviant> s��árki
<Row Werch  saĝó zagú -goőón Butter- faß (der Wakhis)> sa�ó
<Row Werch  -såĝgun der Schwester)> s��gun
<Row Bur  sajiråáå > sajir�á�
<Row Werch  dżsal- sal- -j- n:sal hz.ng. blicken auf, betrachten, beobachten ; 12; ; ; 229> d�sal
<Row Bur  lösen er sieht nicht deutlich> l�sen
<Row Bur  salām > sal�m
<Row Werch  samlátiň Schnurrbart> samláti�
<Row Bur  salç Pflugdeich- se> sal�
<Row Werch  saśç Pflugdeich- se> saś�
<Row Bur  sam-sáħń s. saṅ> sam-sá��
<Row Bur  sandóq auch -u Kiste, Kasten ; ; Koffer, Sarg> sandó�
<Row Bur  saù man hz.ng. leuchten> sa� man
<Row Bur  sīīù davon sīīù, sTī-sãāãù etwas hell> s���
<Row Bur  sam-sáṅů davon sam-sáṅů taghell, sehr hell> sam-sáŋ�
<Row Bur  sum-sáù davon sum-sáù strahlend (vom Ge- sicht)> sum-sá�
<Row Bur  sáṅńkuś davon sáṅńkuś y hz.ng. Licht, Son- nenschein, Helligkeit saùgimarmár Marmor> sáŋ�kuś
<Row Bur  sapőoi Zustand der Frau die zwei Jahre nach der Geburt eines Kindes, ng. schwanger> sap�oi
<Row Bur  sapőt Art Pflanze, dem Schnupftabak beigemischt> sap�t
<Row Bur  sáqat saqt hart, streng, grausam> sá�at
<Row Werch  sarkå Abschnitt> sark�
<Row Bur  sárk- -rå- oder -kić- zurücklassen, niederlegen, aufgeben; hereinlas- sen, Zutritt geben ; ; erlauben ; (Milch)> sárk- -r�
<Row Bur  sarkaarí Regierungs- > sarkārí �egieruŋgs
<Row Bur  sarmúċč große Ledertasche für Getreide (nach L für 80 Pfund und mehr)> sarmú�c
<Row Werch  sarmúnċ große Ledertasche für Getreide (nach L für 80 Pfund und mehr)> sarmún�
<Row Bur  sasáů Stützmauer L> sasá�
<Row Bur  sãyáro s. śãyáro d:-say- -ç- hz.ng. übel reden über, hinterrücks verleumden (zu -sáay-?)> s�yáro
<Row Bur  s-sċiù s. +-stiṅ zsćuy-, d:sċuy- s. du-úy- d:sċhal- ng. s. dztal> s-s�i�
<Row Bur  sTi-sããħ S. saù> s�i-s���
<Row Bur  sinç Haid. śinç Balken, Dachsparren Qs. senc)> sin�
<Row Bur  siùgé Untier, Lö- we, Held, schneidiger Kerl> si�gé
<Row Bur  sipåt > sip�t
<Row Bur  siq auch u Pfeilspitze; Bratspieß; ng. stumpfe Pfeilspitze für Spiele> si�
<Row Bur  siqáa offen (Tür) Qs. isqå)> si�ā̂
<Row Bur  siraímuċ > siraímu�
<Row Bur  sirgáåane sirgán hz.ng. unten, auf dem unteren Weg> sirgá�ane
<Row Bur  sírif siruf s. sirup> síri�
<Row Bur  sirsáår s. lsar> sirsá�r
<Row Werch  sesên- klar werden> ses�n
<Row Bur  zurückkehren davon zurückkehren, wobei >> zur�ckkehren
<Row Bur 13604 sóoçi weiblich> sō̂�i
<Row Bur  sőóoi mit vier Fingern> s�ō̂i
<Row Bur  soóőri Teil der Wassermühle: das Eisenstück- chen in der Unterseite des oberen Mühlsteins, mit dem der senk- rechte Stab, an dem das Mühlrad hängt, am Boden der Mühle be- festigt wird> sō̌�ri
<Row Bur  sópaṭł Ephedra gerardiana Wall. ex C.A. Meyer, und/oder Ephedra intermedia Schrenk und Meyer, gemahlen roh auf Schwellungen, Asche wird dem Schnupftabak beigemischt {ys. sópaṭ)> sópaṭ�
<Row Bur 13266 soq Flut> so�
<Row Werch  sqa s. dzpipin- d:-spiran- s. di-bíiran- #spiy-, +spuya-, ng. :spuy- s. búy- ésqa hz.ng. auf> s�a
<Row Werch  sqarákin- > s�arákin
<Row Bur  sqas- sqas- S. ?gasz dsqat- s. du-gáat- ¿squl-, d:squl- s. gulú- d:squn- s. du-gún- ssqurċ- s. ĝurċ> s�as
<Row Werch  du-ċû- (nur hz.) ; ; 27. 12; ; und du-sú- -ć- (mit Neg. nur atúċ-), dusún, ng. dusú, Inf> du-��
<Row Bur  d-óo-ċ- davon d-óo-ċ- -$> d-ō̂-�
<Row Werch  d-ô-ċ- davon d-óo-ċ- -$> d-�-�
<Row Bur  suçéelo s. das Fg> su�ē̂lo
<Row Bur 13450 suçéemo auch suçéelo ehrlich, von gutem Charakter> su�ē̂mo
<Row Bur  suçuméi davon suçuméi, ng. auch suçhuméi Friede, gutes Auskommen mit- einander> su�uméi
<Row Bur 13548 súçi Einigkeit, Einmütig- keit, gemeinsames Handeln; adv. geradeaus, geradewegs> sú�i
<Row Bur  sýjukum davon sýjukum, súććukum rituell rein> s�jukum
<Row Bur  sumbáå von Stein> sumbá�
<Row Bur  sum-Ssáåṅń > sum-�sá�ŋ�
<Row Bur  plötzlich ng. plötzlich ver- schwinden sumusadín t- verschwinden las- sen> pl�tzlich
<Row Bur  suù die den Men- schen schwächt> su�
<Row Bur  suqsúur Art wildes Huhn, L Perl- huhn> su�sū̂r
<Row Werch  sórqon Staubwolke, die sich im Sommer niedersenkt> sór�on
<Row Bur  suróôoi Eingang, Schwelle, Vor- dach> suró�oi
<Row Bur  súrqun s. súrgun> súr�un
<Row Bur  sutoőt s. suút-oóőt> suto�t
<Row Bur  suút-oóőót davon suút-oóőót, sutoót NH Gewinn und Verlust> sū̌t-ō̌�ót
<Row Bur  śaaąjí Nachfahre des Pro- pheten> śā�jí
<Row Bur  śaámx > śā̌m�
<Row Bur  śaámmo Abend- davon śaámmo Abend- ; śaámmo śapík Abendessen> śā̌mmo �bend
<Row Werch  -Sáski eigen, ... gehörig; ng. so> �áski
<Row Werch  -raħ Haarflechte, kleiner Zopf śabáq ét- sein Haar flechten sabáran -iħù, ng. śawáran -iù Polo- platz ; 325> ra�
<Row Werch  -śåk Arm> ś�k
<Row Bur  śaśálľ davon śaśálľ man: = al man> śaśál�
<Row Bur  śalaáq in: śalaáqče d:l- betrügen> śalā̌�
<Row Bur  śaldá-quldá davon śaldá-quldá hz.ng. = śaldá spielerisch śaldáů phárċin NH Art weite (śó- qum) Wollmütze der Frauen in früherer Zeit> śaldá-�uldá
<Row Bur  śaní-muróőón davon śaní-muróőón Garten usw> śaní-muró�ón
<Row Bur  śśáù 56; 322 -út -śáṅ Füße und Glieder, d.h. alle Körperteile léin -śáù ds> śśá�
<Row Bur  śaośáo-akírċum s. akírċčum> śaośáo-akír�um
<Row Bur  aq Flechtwerk aus Weidenzweigen, geflochtenes Ta- blett; Schlafstelle für den Hirten im Eck des Viehstalls> a�
<Row Bur  aq biśá- eine Schlafstelle aufschlagen> a� biśá
<Row Bur  śaqoóő hart, unangenehm, be- trügerisch> śa�ō̌�
<Row Bur  daqu- s. du-śóqi> da�u
<Row Bur  śaraśaráq dazu śaraśaráq man: klirren, rasseln> śaraśará�
<Row Bur  śardāāůi davon śardāāůi NH Frau im vollen Schmuck> śard���i
<Row Bur  śargá-birgáå uneins> śargá-birgá�
<Row Bur  śarmałáro davon śarmałáro ng. Bettnässer> śarma�áro
<Row Bur  śam-śaśáń davon śam-śaśáń NH ds. steigernd lśáśar s. śar ?śáśar x pl. hz.ng. Avena fatua Linn, = Flug- oder Windhafer, Unkraut in Getreidefeldern; oder Bromus japonicus Thumb, = ein ähnlich aussehendes Rispengras> śam-śaśá�
<Row Bur  śatáaů ohne Grund, un- gerechtfertigt> śatā̂�
<Row Bur  mächtig überlegen> m�chtig
<Row Werch  -Sátu Penis> �átu
<Row Bur  śáuq ś60oq y , , Śáuqkuś 38.283 Begierde, Sehnsucht> śáu�
<Row Bur  śayoő Einlage in der Hose> śayo�
<Row Bur  oóő-śe- oóő-śe- (Frau nach der Hochzeit) ausreißen, wieder ins Elternhaus zurückkehren in aśúasan bái ng. ich kann ihn nicht leiden> ō̌�-śe
<Row Bur  śindáqe mit einem Prü- ` gel schlagen> śindá�e
<Row Werch  -Sipen und pípin Kinder- penis '> �ipen
<Row Bur 12708 surdúň surdúň dáko Hauptpfosten des Hauses, spielt bei Riten eine Rolle> surdú�
<Row Bur  śiríůù ét- (Glöckchen) klingeln, bim- meln> śirí�� ét
<Row Bur  śiriśiríň ét- davon śiriśiríň ét- hz.ng. ds> śiriśirí� ét
<Row Bur  śirisiríů s. Siriů> śirisirí�
<Row Bur  du-śől- -j- (überreife Trauben, welke Blätter)> du-ś�l- -j
<Row Bur  trap-śőón davon trap-śőón, NH tap-śón, tráa- ón ds> trap-ś�ón
<Row Werch  śőnSimini Art spitz- nasige Maus, so groß wie ein Daumenglied, soll blind sein, nach NH Maulwurf mit winzigen Augen> ś�n�imini
<Row Bur  śoóċhil Restwasser> śō̌�hil
<Row Bur  du-śóqi- s. das Fg> du-śó�i
<Row Bur  du-śőqu- -ć- du-śóqi> du-ś��u- -ć
<Row Bur  du-śóqi- du-śóqi> du-śó�i
<Row Bur  śőqum dazu śőqum, hz. -iśo -iù lose, weit> ś��um
<Row Bur  tar-śóqum davon tar-śóqum NH ds. steigernd> tar-śó�um
<Row Werch  do-Śór- > do-�ór
<Row Bur 12513 śőṭo davon śőṭo hz. -mu> ś�ṭo
<Row Werch  śumqár Art schwarzäugiger Falke> śum�ár
<Row Werch 12323 śên Weinstock> ś�n
<Row Bur  śŚiṅ und -śún, NH śuṅ, ng. śŚiṅ y starke Strömung des Wassers im Fluß, durch ein Hindernis verur- sacht márte (oder ćháre) iśšúṅů durch ein Felsklippe verursachte Strömung> ś�iŋ
<Row Bur  du-Súśun- (Milch aus der Brust) herausfließen, -kommen> du-�úśun
<Row Bur  śáã ét- schnauben, zornig sein> śá� ét
<Row Bur  śaalíùů von dem das Fleisch weggenommen ist> śālí��
<Row Bur  śaamaáq s. śamáq> śāmā̌�
<Row Bur  śãäq-śãäq s. śaq sáar s. 1śáar śáarar-púurar NH in> ś���-ś���
<Row Bur  śãāār-māār s. ?śar> ś���r-m��r
<Row Bur  śããro MNudelholz; Stäbchen zum Auftragen von Augenmedizin (= yuúsas)}, (aus- gewalztes) Brot (von ?°śar)> ś��ro
<Row Bur  śsīīro davon śsīīro NH kleines Brot> śs��ro
<Row Bur  śãäā-śãar s. ?śar> ś���-ś�ar
<Row Bur  sadáů ní- ohn- mächtig werden, das Bewußtsein verlieren> sadá� ní
<Row Bur  śadáq wundge- rieben werden; abgenutzt, (Erd- wall usw.) abgetragen werden; (Frucht) überreif werden; (Fleisch)> śadá�
<Row Bur  śadáq-badáq davon śadáq-badáq manz, śudóq- budóőq man: NH sich auflösen, (Fleisch) zu weich gekocht wer- den> śadá�-badá�
<Row Bur  śamáåádal Trau- zeuge in der königlichen Familie, der ihn im Haus der Braut ab- nimmt> śamá�ádal
<Row Bur  śamáq śaamaáq Braut- schleier einer Prinzessin, Netz vor den Augen verschleierter Frauen> śamá�
<Row Bur  śam-śáq S. śaq> śam-śá�
<Row Bur  śaṅù lśaṅù hz.ng. -ánċ, Alt. śan Bresche, Zugang in der Mauer, der mit> śaŋ�
<Row Bur  śaħmáń davon śaħmáń ds. śaħṅ-ćhagúrum s. éćhagúrum śaṅùmáů s. !śaù - lśáo -míù hz.ng. Schlag, Streich> śa�má�
<Row Bur  versehens einfach so, Hals über> �ersehens
<Row Bur  (vom > (�om
<Row Bur  śaq > śa�
<Row Bur  śáśaq man davon śáśaq man: (Schlammlawine) sich langsam zu Tal wälzen> śáśa� man
<Row Bur  śaśåq davon śaśåq :t- = śaq +t> śaś��
<Row Bur  śuśáq ní- davon śuśáq ní- rasch und heimlich verschwinden> śuśá� ní
<Row Bur  śāãq-śããāq davon śāãq-śããāq anschaulich für das Reibungsgeräusch śãäāq-śãāq mót- anschaulich für "koitieren"> ś���-ś����
<Row Bur  sáqiskum auf cinfache Weise (machen) (von śaq)> sá�iskum
<Row Bur  śäāãā-śãār éet- davon śäāãā-śãār éet- ng. ds> ś����-ś��r ē̂t
<Row Bur  säāār-māär man davon säāār-māär man: NH (Men- schen) auf- und abgehen> s���r-m��r man
<Row Bur  śar-çát s. çat> śar-�át
<Row Bur  śar-láù s. laù> śar-lá�
<Row Bur  śarőóù Henna> śar�ó�
<Row Bur  śaróůù Epilobium spec., = ein Weidenröschen ter śaróṅ ng. Pflanze, deren Wurzel dem Brotteig wegen der schönen Farbe beigemischt wird (= hz. tiltiùiś)> śaró��
<Row Bur  śar-tråħ s. !traṅ> śar-tr��
<Row Bur  śar-ųyóon S. -yőon> śar-�yō̂n
<Row Werch  du-śåwar- > du-ś�var
<Row Bur  śçiń 3śçiń, ng. +stiṅ y pl. Lenden, Kreuz, Taille, Nierengegend ; Qs. tiṅ) éśçińate ní> ś�i�
<Row Bur  śiīíṅdan śiīíndan Mundstück des Schmiedeblasebalgs> śi�íŋdan
<Row Bur  śiíq man (Frau) keifen, schimpfen> śī̌� man
<Row Bur  śīīro > ś��ro
<Row Bur  síi-tháq s. thaq> sī̂-tʰá�
<Row Bur  sTīu-qīiu s. qåo> s��u-��iu
<Row Bur  śikárkuċ Luzernenart, Gemü- se, gut bei Durchfall, getrocknet für Suppe> śikárku�
<Row Bur  śiů 2śiů oder buruṅńśíů Milch, Milcher- trag> śi�
<Row Bur  śiqá 2śiqá Zauber, Hexerei, Verzaube- rung> śi�á
<Row Werch  iśqá 2śiqá Zauber, Hexerei, Verzaube- rung> iś�á
<Row Bur  śiqåá ét- (wen -ar)> śi��á ét
<Row Bur  śiqákiś davon śiqákiś hz.ng. "bezaubernd", entzückend> śi�ákiś
<Row Werch  iśqákiś davon śiqákiś hz.ng. "bezaubernd", entzückend> iś�ákiś
<Row Bur  śiqáçhin Hexenmeister; Art Vogel, ng. klein, baut sein> śi�á�hin
<Row Werch  iśqám grün, blau 38. 31; 47> iś�ám
<Row Bur  dim-śiqám davon dim-śiqám knallgrün> dim-śi�ám
<Row Werch  dim-isqám davon dim-śiqám knallgrün> dim-is�ám
<Row Bur  d-íśqami- -ć- davon d-íśqami- -ć- NH (Garten, Feld im Frühling) grünen> d-íś�ami- -ć
<Row Bur  siqámatiù das früher beim Er- scheinen der Aprikosenblüte ge> si�ámati�
<Row Bur  śiqámatiù ét- ?śiqál -ifo Wespe> śi�ámati� ét
<Row Werch  iśqár Person> iś�ár
<Row Bur  śiqáre > śi�áre
<Row Bur  śiqár 2śiqár y hz.ng. Verantwortlichkeit, S> śi�ár
<Row Bur  śiqár gán- die Verantwortung übernehmen śiqár -mán- ng. sich schämen Śárum-śiqár -mán- ds> śi�ár gán
<Row Bur  źśqar- davon źśqar- -é&- sich schämen> �ś�ar
<Row Bur  śiqil iśqil heläugig, mit grauen Augen śiqíl sis Europäer> śi�il
<Row Bur  iśqil iśqil heläugig, mit grauen Augen śiqíl sis Europäer> iś�il
<Row Bur  śíśiq ét- auch śíqgiq ét> śíśi� ét
<Row Werch  di-śqín- di-śkí> di-ś�ín
<Row Werch  dzśqin- davon d:śki- sprießen lassen> dzś�in
<Row Bur  soőq Schlinge ; 331> so��
<Row Werch  śsaúq Schlinge ; 331> śsaú�
<Row Bur  ṣoôq bišá- eine Schlinge machen> ṣo�� biśá
<Row Bur  śoq lśoq -ánċ, ng. y enger, eingesunke- ner Pfad (zwischen Häusern oder Erdklippen) ; Spalte zwischen zwei Balken ṣoq wál- ng. (Schafe) zur Seite gehen, wenn man durch sie hin- durchgeht, eine Gasse bilden> śo�
<Row Bur  (Teil) > (�eil)
<Row Werch  deśqalt- > deś�alt
<Row Bur  śqum śqum ng. s. das Fg> ś�um
<Row Bur  aśqun +gqum +-t- anvertrau- en, übergeben, zurückgeben (z.B. weil es einem nicht gehört; wem = Pron.präfix), aufzwingen, auf- drängen; ng. niederfallen lassen, besiegen> aś�un
<Row Bur  du-śqúr- sau- er: werden (vel. qur)> du-ś�úr
<Row Bur  śuqúrum dazu śuqúrum hz.ng. -ifo -iù sauer, L auch: bitter Qs. iśqórum)> śu�úrum
<Row Bur  śuqúriki dazu śuqúriki sauer, säuerlich;, y (-iććiù)} Oxyris digyna (Linn.) R. Br, = Säuerling, und/oder Rumex acetosa Linn. s.l, = Wiesensauerampfer, oder Rumex> śu�úriki
<Row Bur  śóőkat śóőkat frisch abgezo- gene Schafhaut, bloße Haut und Knochen bei einem Tier suákat -mán- schwach werden sőkat talén- ng. magern, schwach werden> śó�kat
<Row Bur  sudóq-budőóq s. śadáq> sudó�-bud�ó�
<Row Bur  schlürfen schlürfen, aufschlek- ken, aufschlappen ; ys., sh. guk)> schl�r�en
<Row Bur  śsuṅśúṅń davon śsuṅśúṅń, śuṅaśúń NH von Gas> śsuŋśúŋ�
<Row Bur  suqúr in> su�úr
<Row Bur 12579 súü ét- 335> sú� ét
<Row Bur  taaqatwár davon taaqatwár kräftig, mächtig 5. 15> tā�atvár
<Row Bur  taaqáte s. kantadáar> tā�áte
<Row Bur  taçóon s. daśçóono> ta�ō̂n
<Row Bur  tadáq wo Wasser übergelaufen ist> tadá�
<Row Bur  schämte sich vor Zorn> sch�mte
<Row Bur  tudóq davon tudóq =t- schmelzen (trs.)> tudó�
<Row Bur  tidíq man davon tidíq man: NH randvoll sein> tidí� man
<Row Werch  taĵ auf diese Weise ; ; ; ; usw.; adj. solch ; ; ; ; ua> ta�
<Row Werch  tailė solch, derartig 17. 4> tail�
<Row Bur  taąjuáar Art Melodie zum Tanz> ta�juā̂r
<Row Bur  åtal man > �tal man
<Row Bur  tżalaaśí davon tżalaaśí Suche> t�alāśí
<Row Werch  tålen-j-ltálen- > t�len-j-ltálen
<Row Bur  talénċ Art wilde Pflanze, wächst auf Mauern, in den Ber- gen> talén�
<Row Bur  táålgo auch talgúųuy (Seil, Knäu- el) schlaff, lose; subst. (-iśśo) lose> tá�lgo
<Row Bur  táli-aṅù Art (kleinere) Pflanze der Hochweide> táli-aŋ�
<Row Werch  tâleś 346> t�leś
<Row Bur  talóq Bündel, Bündel der Braut, das ihre Verwandten dem Bräutigam auf die Schulter laden; ng. Stofftasche mit Sticke- rei> taló�
<Row Bur  talqíin ét- unterweisen> tal�ī̂n ét
<Row Bur  taltáq herun- tergekommen> taltá�
<Row Bur  taltaqúųuyo davon taltaqúųuyo -išo (Schimpf- wort) bettelarm, elend> talta�ú�uyo
<Row Bur  tiltíq davon tiltíq hz.ng. ganz klein, jung> tiltí�
<Row Bur  díċ- díċ- auf die Scheibe schießen> dí�
<Row Bur  ćżáno davon ćżáno und !tanéelo uneheli- ches Kind, Bankert; von niedriger Herkunft> ć�áno
<Row Bur  taħ -mán- sich betrüben, nieder> ta� -mán
<Row Bur  schütten > sch�tten
<Row Bur  tap-šśőón s. śon \ tapśőol :t- prüfen, auf die Probe stellen taptáp +t- hz.ng. tippen an, leicht schlagen> tap-śś�ón
<Row Bur  taq t- in Stücke brechen, zer- `> ta� t
<Row Werch  taq tranchieren> ta�
<Row Bur  tatáq davon tatáq =t- , NH taqtáq =t- = taq :t> tatá�
<Row Bur  tigtáq davon tigtáq :t- NH (rasch, unvoll- ständig) brechen> tigtá�
<Row Bur  táqum dazu táqum taq +t- = taq =t- inten- siv> tá�um
<Row Bur  tuq davon tuq =t- ng. (in kleinere Stücke) brechen> tu�
<Row Bur  taqiiqáát Befragung> ta�ī�áát
<Row Bur  táqiś (Tier)> tá�iś
<Row Bur  gefleckt > ge�leckt
<Row Bur  taqpá Nachricht, Informa- tion, Neuigkeit> ta�pá
<Row Bur  taqsíir > ta�sī̂r
<Row Bur  taqtáq s. taq táqum taq sS. taq> ta�tá�
<Row Bur  tarabáq s. tarabát> tarabá�
<Row Bur  tarabáq tarabáq gefräßig> tarabá�
<Row Bur  tarådo faul, lässig, un- tüchtig, feig> tar�do
<Row Bur  taråq arm> tar��
<Row Bur  tam-taráq dazu tam-taráq sehr arm> tam-tará�
<Row Bur  taraqí tarqí y Fort- schritt, Gedeihen> tara�í
<Row Bur 5700 taríù Schlauch aus Tierhaut> tarí�
<Row Bur  tariqå tariiqá ; ; Art, Weise, Brauch> tari��
<Row Bur  tarkåħ Stall, ng. Pferdestall fF.; (alter PI. zu tark)> tark��
<Row Bur  tarqáan auch tarqán, ng. auch zżarqanáayo ohne Dach; frei, ohne Verpflichtung, ausge- nommen von; Mann, der nicht verpflichtet ist, Lasten zu tragen, der von der Steuer ausgenommen ist> tar�ā̂n
<Row Bur  tarqí s. taraqí> tar�í
<Row Bur  tárqut tárgut Pflanze mit gelber Blüte, Löwenzahn oder Habichtskraut, die jungen Blätter dienen als Gemüse jaùgalí tárqut, ng. jaṅgalí tárqut Art Pflanze tárqute bitán, ng. tárgute dáado Kopf, Samenteil des Löwenzahns tar-śóqum s. Śőqum> tár�ut
<Row Bur  tasqhé der sich beim Husten löst> tas�hé
<Row Bur  żătaś dazu żătaś, táśtaś Geräusch des Reibens und Rutschens> ��taś
<Row Bur  tatáù > tatá�
<Row Bur  tátaq man eine Art Brettspiel spie- len, mit je 16 Steinchen auf den Schnittpunkten eines in den Sand gezeichneten Liniennetzes (die gegnerischen werden durch Uber- springen "gefressen")> táta� man
<Row Bur  tåtar s. ?tar> t�tar
<Row Bur  toṭż dazu toṭż +t- ds> toṭ�
<Row Bur  tauċí davon tauċí ng. in: tauċí bulá Polo- spiel mit Wette i> tau�í
<Row Bur  taąyáar bereit> ta�yā̂r
<Row Bur  teélaċar teélaċum, teélar s. das Fg> tē̌la�ar
<Row Werch  tê- Eid> t�
<Row Bur  tidíq s. tadáq tidíu-tidíu s. tadáo> tidí�
<Row Bur  tilésumiù ét- schmeicheln, überreden, beschwatzen> tilésumi� ét
<Row Bur  tíqaqás (sic) -iù NH Art wilde> tí�a�ás
<Row Bur  tiríqtin ein bestimmter weicher Knochen (Knorpel?) im Knie von> tirí�tin
<Row Bur  schuften > schu�ten
<Row Bur  tisqán Erdbeben ; gewaltiger, kraftvoller Mensch, der andere einschüchtert> tis�án
<Row Werch  tasqán Erdbeben ; gewaltiger, kraftvoller Mensch, der andere einschüchtert> tas�án
<Row Bur 6343 tíśçi > tíś�i
<Row Bur  tőko in: tóko bal Mauer am Eingang zu Zimmer> t�ko
<Row Bur  tőkur für Getreide usw> t�kur
<Row Bur  toopháå > tōpʰá�
<Row Bur  toőrum meist toóruman,. ng. toőru- maan so viel (wie das hier) ; toórum , toőórumanċčar ; ; ; ; 14, toórumanar , toőrumaanar , , to- órumaanare , toórumaanulo dann, darauf> to�rum
<Row Bur  tóorimikuėć davon tóorimikuėć zehn Tage {> tō̂rimiku�ć
<Row Bur  toq Schlamm> to�
<Row Bur  tőto Pfote ; Händchen> t�to
<Row Bur  tráåa- ltráåa- verstärkende Vorsilbe> trá�a
<Row Bur  triktrők dél- davon triktrők dél- NH hüpfen (wie ein Zicklein)> triktr�k dél
<Row Bur  traħgúin davon traħgúin Mann, der immer ein Gewehr bei sich trägt> tra�gúin
<Row Bur  traù ltraù hz.ng. halb; Teil, Portion, Anteil, x oder y, je nach Objekt> tra�
<Row Bur  traùgúin s. tran> tra�gúin
<Row Bur  traùphá Dorfältester> tra�pʰá
<Row Bur  triù-mákući s. mákući> tri�-mákući
<Row Bur  troq-dóm s. ?dom> tro�-dóm
<Row Bur  tubáq ("besser")> tubá�
<Row Bur  tumáq Gewehr, Flinte ; ; ; ; ; ; 359> tumá�
<Row Bur  tubáq-mubáq davon tubáq-mubáq Gewehr mit Zubehör> tubá�-mubá�
<Row Bur  tubáqiski davon tubáqiski d:l- (mit dem Gewehr) erschießen> tubá�iski
<Row Bur  tubőqo das nachts Lei- chen ausgräbt und frißt (Ausse- hen unbekannt, "da man es nie zu sehen bekommt"!)> tub��o
<Row Werch  tuxulí junger kastrierter Schafbock> tu�ulí
<Row Bur  tulpő dulphó -miù Rettich, ng. ein Gemüse mit eßbarer Wurzel> tulp�
<Row Bur  tuńál auf andere tun, auf- einander häufen> tu�ál
<Row Bur  tuqóm "Namda", Filz> tu�óm
<Row Werch  tuqúm > tu�úm
<Row Bur  túralaė s. !-ltúr túranaċč, ng. túralaė s. das Fg> túrala�
<Row Bur  turáħůkiś s. !-ltúr turáq -iććiù Art große Pappel> turá��kiś
<Row Werch  teréq s. !-ltúr turáq -iććiù Art große Pappel> teré�
<Row Werch  togrāq s. !-ltúr turáq -iććiù Art große Pappel> togr��
<Row Bur  turma-ċhindíkut turma-altúl zwölf Tage> turma-�hindíkut
<Row Bur  scherzhaft für europäische Hosen> scherzha�t
<Row Bur  tuufáan Sturm, Uber- schwemmung> tū�ā̂n
<Row Bur  tháåan Stelle> tʰá�an
<Row Bur  thåanum tháaiko, ng. tháayakò und tháayakaro, Lei., Cu. "tha- nung" hoch, hoh ; ; ; , (Mensch) groß. ; ; Höhe Qs. thánum) tháanumate in der Höhe (sound- soviel, beim Messen) tháanum -mán- sich hoch erhe- ben ; überragen (wen -aṭe)> tʰ�anum
<Row Bur  tháayakò tháaiko, ng. tháayakò und tháayakaro, Lei., Cu. "tha- nung" hoch, hoh ; ; ; , (Mensch) groß. ; ; Höhe Qs. thánum) tháanumate in der Höhe (sound- soviel, beim Messen) tháanum -mán- sich hoch erhe- ben ; überragen (wen -aṭe)> tʰā̂yak�
<Row Bur  thåaħ königliche Residenz, Palast ; ; kö- nigliche Küche, Backhaus> tʰ�a�
<Row Werch  thâṅ königliche Residenz, Palast ; ; kö- nigliche Küche, Backhaus> tʰ�ŋ
<Row Bur  thaáħṅ-baák schlecht behandeln> tʰā̌�ŋ-bā̌k
<Row Bur  thaċ > tʰa�
<Row Bur  tháċo davon tháċo NH geglättete, zu- rechtgeschnittene Perle im Hals- band> tʰá�o
<Row Bur  tháċčhirkiś Dünndarm> tʰá�cʰirkiś
<Row Bur  tháåkum thákuë s. tha dzthal- ng. s. dztál> tʰá�kum
<Row Bur  thalékuċ davon thalékuċ sieben Tage; die sie- ben Tage nach dem Tode eines Menschen, nach dem bestimmte Riten ausgeführt werden> tʰaléku�
<Row Bur  thamthámiski guċhár- (Blinder) um sich tastend gehen> tʰamtʰámiski gu�hár
<Row Bur  thāāp dazu thāāp :t- {Augen) schließen> tʰ��p
<Row Bur  thūür davon thūür in: i aš thūūr maními NH ich war er- freut, freute mich> tʰ��r
<Row Bur  tharå s. tharká> tʰar�
<Row Bur  tháthiùů davon thátine, ng. tháthiùů frierend, fröstelnd thátine-Śśaráay -mán- heftig frie- ren> tʰátʰi��
<Row Bur  théiù s. -théeṅi> tʰéi�
<Row Bur  thenċ fünfzehn Tage, zwei Wochen {ys. thens)> tʰen�
<Row Bur  théůkyu > tʰé�kyu
<Row Bur  wátłaṭe ċhil thí- (sich) waschen, baden> vát�aṭe
<Row Bur  thiãū ét- thíśao -mán-, ng. thíŭ =-t> tʰi�� ét
<Row Bur  thíŭ thíśao -mán-, ng. thíŭ =-t> tʰí�
<Row Bur  thőlan dazu thőlan ein klein wenig> tʰ�lan
<Row Bur 13691 gegenüber > gegen�ber
<Row Bur  thómal-qhamáli Zeichen der Ehrung eines Gastes> tʰómal-�hamáli
<Row Bur  thonėè > tʰon��
<Row Bur  thothóőr s. tthar lthot s. that> tʰotʰó�r
<Row Bur  thraq Riß, Sprung, Spalt> tʰra�
<Row Werch  traq Riß, Sprung, Spalt> tra�
<Row Bur  thudóőpo s. thudápo> tʰudó�po
<Row Bur  thúmuśaliů bestimmtes Fest zur Wintersonnwende> tʰúmuśali�
<Row Werch  thur-iák-ićiħù Peitsche, Peit- |> tʰur-iák-ići��
<Row Bur  thurgő Halfter fürs Pferd> tʰurg�
<Row Bur  żimṭám davon żimṭám manź schwanken, tor- keln, stolpern und sich wieder erheben; ng. auch: wie ein Blin- der herumtappen timtám =t- (Türe)> �imṭám
<Row Bur  taù (Himmel) bedeckt, be- wölkt, regnerisch> ta�
<Row Bur  tátaů man davon tátaů man: NH, ng. tatáṅ manz: (Rauch) Schwaden ziehen> táta� man
<Row Bur  tłaṅ-śapík > t�aŋ-śapík
<Row Bur  táo-dáù s. daù> táo-dá�
<Row Bur  táo-tutáṅù s. tutáṅń> táo-tutáŋ�
<Row Bur  łap-japhát unerwar- tet Gs. játphat)> �ap-japʰát
<Row Bur  łáłap s. táptap> �á�ap
<Row Bur  tatiqhaná Toilette> tati�haná
<Row Bur  tłéem Tageszeit, Uhrzeit> t�ē̂m
<Row Bur  tiċ verfolgen> ti�
<Row Bur  żikóoi davon żikóoi ng. Tier mit Fleck auf der Stirn> �ikō̂i
<Row Bur  tłimbáao (Gewehr) abfeuern> t�imbā̂o
<Row Bur 5423 iṭiù > iṭi�
<Row Bur  tiù 2tiù s. das Fg> ti�
<Row Bur  tiùán tináyo, ng. tigán -gáyo Ei; Klumpen> ti�án
<Row Bur  tiùṅ-gasíl s. gaśíl> ti�ŋ-gasíl
<Row Bur  tiqtíq s. poq> ti�tí�
<Row Bur  tőkiskum davon tőkiskum NH im ganzen, gründlich, vollständig, ganz> t�kiskum
<Row Bur  tóùqur s. das Fg. tóokur, tóṅùqur, Lei. "tónkor" Heu- schrecke, ng. Heuschrecke(?)> tó��ur
<Row Bur  foq lfoq :uċ -án künstlich angelegter, in Parzellen unterteilter und be- wässerter Weideplatz in der Nähe von Feldern> �o�
<Row Bur  tłoqṭóq s. poq tóri, hz. -muċ -miùů x Korken, Stöp> t�o�ṭó�
<Row Bur  fuáa-pháo davon fuáa-pháo Büchsenknall tṭuáa-pháo ét- heftig und rasch antworten> �uā̂-pʰáo
<Row Bur  tuáṅù tuáq +-t- NH (Gewehr) abfeuern> tuáŋ�
<Row Bur  tuáṅń-gaśíl s. gaśíl> tuáŋ�-gaśíl
<Row Bur  fuáq s. tuáṅń> �uá�
<Row Bur  tumtáń mit (oder durch) Staub> tumtá�
<Row Bur  tūů tūūm ét-, ng. tūů ét- mit der Fingerspitze über das Trom- melfell fahren und dadurch ein Geräusch erzeugen> t��
<Row Bur  tṭutaáńke tutáṅke adv. ganz früh am Morgen, in der Morgen- dämmerung ; (d-) 361> tṭutā̌�ke
<Row Werch  tutáň tutáṅke adv. ganz früh am Morgen, in der Morgen- dämmerung ; (d-) 361> tutá�
<Row Bur  tutaáħńkuś davon tutaáħńkuś, ng. tutáṅkuś Dun- kelheit ; 14; guá tutaáṅkuś Dunkelheit bei Neumond> tutā̌��kuś
<Row Bur  tutóőro ¢ Maisbrot> tutó�ro
<Row Bur  tūūm tūūm s. tumtúm> t��m
<Row Bur  túü-tüŭ ét- > tú�-t�� ét
<Row Bur  thuċ dazu thuċ :t- ; , ṭhiċ <t- NH ds. verkleinernd thíċčan NH kleines abgeschnit- tenes Stückchen> tʰu�
<Row Bur  łhak (Nagel)> �hak
<Row Bur  verschwinden hz.ng. verschwinden, ganz untergehen (Sonne, bzw. der letzte Sonnenschein auf den Bergen, thalísa) thāām t- oder dúċ- versuchen, mit beiden Armen alles auf ein- mal zu packen, an sich zu reißen ; zusammenscharren> �erschvinden
<Row Bur  śar-ļṭhám davon śar-ļṭhám :t- NH vollständig ausfegen usw> śar-�ṭʰám
<Row Bur  ṭhaṅtháṅń zt- davon ṭhaṅtháṅń zt- anrempeln> ṭʰaŋtʰáŋ� zt
<Row Bur  ṭhiùtháṅň davon ṭhiùtháṅň =t- ds> ṭʰi�tʰáŋ�
<Row Bur  thiùtháṅ man sich (in einer> tʰi�tʰáŋ man
<Row Bur  durchboxen > durchbo�en
<Row Bur  thaq ét- vor Wollust mit der Zunge schnalzen tháqan +-t- einen Kuß geben> tʰa� ét
<Row Bur  śíi-tháq ét- davon śíi-tháq ét- NH mit der Zun- ge schnalzen (nach dem Genuß von Süßigkeiten)> śī̂-tʰá� ét
<Row Bur  thaqbáq salzig, schmackhaft> tʰa�bá�
<Row Bur  żhirthár dazu żhirthár manz hin- und herzie- hen> �hirtʰár
<Row Bur  thátaqas Art Vogel, L (mit "?") Rotschwänzchen> tʰáta�as
<Row Bur  verständnis 319, adj. falsch, irrtümlich> �erst�ndnis
<Row Bur  thuè lthuè ne ni- ng. hinterhergehen, verfolgen> tʰu�
<Row Werch  -ç- ntun> �
<Row Bur  ućáq kleiner Raum, Kammer> ućá�
<Row Bur  ċápi Zange> �ápi
<Row Werch  úlľha úluha -miṅ Lagerraum in Innern des Hauses> úl�ha
<Row Bur  úlji yeéċ- yeéċ- träumen> úlji yē̌�
<Row Bur  úljian yeéċ- yeéċ- einen Traum haben> úljian yē̌�
<Row Werch  -húlľus Bruder einer Frau ; ; Schwager, d.i. Bruder des Ehe- manns {ys. -húles, -húlľus) máåámamo oder mimo muúlus On- kel mütterlicherseits (Bruder der Mutter) guúluüs śíim dein Bruder soll ge- fressen. werden! (Fluch an Frau- en)> húl�us
<Row Bur  uńgő dazu uńgő, Mu., Gan. uħgóoy ; du hier (aussondernd, auf den ich gerade gezeigt habe)> u�g�
<Row Bur  uńů > u��
<Row Bur  uṅgóô uħňgóoy S. un> uŋgó�
<Row Bur  úraq- -ićć- nur in> úra�- -ićć
<Row Bur  du-úrgas- -śŚ- gerieben wer- den duúrgasum "gerieben", d.i . 8e- witzt, welterfahren> du-úrgas- -ś�
<Row Bur  (Geburt Hochzeit, Richtfest)> (�eburt
<Row Bur  úrqun Kehle, nur noch in den Wendungen: in kalá but daltás bom, muúrqune qha ċhil gaíćilúm sie war so schön> úr�un
<Row Bur  śaq-duúsum davon śaq-duúsum NH sehr heraus- ragend> śa�-dū̌sum
<Row Bur  schimpfwort > schimp�vort
<Row Bur  utáq die der Mir in Gujhal frei bekommt, wenn er unterwegs ist> utá�
<Row Bur  úłkum davon úłkum Kamel-; krumm; (Mensch) einfach> ú�kum
<Row Bur  ūülqiś > ��l�iś
<Row Bur  désċčųyum davon duy- oder :stuy-, :sċuy-, d:s- ċuy- hz.ng. schmelzen trs> dés�c�yum
<Row Bur  waáů > vā̌�
<Row Bur  waaqí adv. tatsächlich> vā�í
<Row Bur  waaqiá dazu waaqiá -ṅ ; -miù , waaqiáat Ereignis, Vorfall 1. 1; ; ; adv. tat- sächlich> vā�iá
<Row Bur  wáåar- -ć- bedecken mit, als Deckel benützen, drauf- legen (um es zu bedecken) -yáṭte wáar- auf ew. drauftun yáte wáar- drauftun> vá�ar- -ć
<Row Bur  wáåariki der Musiker, indem man sich beim Tanz Klei- dungsstücke auszieht und ihnen zuwirft; ng. bestimmte Weizen- menge als Entlohnung für die Schmiede> vá�ariki
<Row Bur  waggairå 11. 10> vaggair�
<Row Bur  wájaċčum (mit Gen.) wegen ; ; mit m-Ptz> vája�cum
<Row Bur  wáålgi dünnes Seil (kürzer als gaśk, zum Tragen von großen Körben) ; auch ver- ächtlich für ein dick sein sollen- des Seil (gaśk)> vá�lgi
<Row Bur  wálkuċ wálkum s. wálto> válku�
<Row Werch  wåltu wálti, wal- z hz.ng. vier ; ; ; ; ; eini- ge, ein paar> v�ltu
<Row Bur  waoqáo ét- dazu waoqáo ét- in Bedrängnis ru- fen> vao�áo ét
<Row Bur  waq > va�
<Row Bur  wáwaq man dazu wáwaq man: mit gespreizten Beinen gehen wåäāā-wāāq guċhár- ds> váva� man
<Row Bur  wáwaq dazu wáwaq :t-, ng. wawáq +t- => váva�
<Row Bur  waqawáq dazu waqawáq man: ds.; geschwät- zig sein, große Reden führen> va�avá�
<Row Bur  wáqo dazu wáqo geschwätzig, redselig> vá�o
<Row Bur  du-wáq- > du-vá�
<Row Bur  wáåáqat s. waqt waqawáq s. waq wáqo s. waq> vá�á�at
<Row Bur  waqt wáqat y Zeit ; ; ; usw> va�t
<Row Werch  wárċe intakt, in Ordnung, in gutem Zustand> vár�e
<Row Bur  wárċėpa davon wárċėpa die richtige Seite, Richtung> vár��pa
<Row Bur  warċč-apárč > var�c-apárc
<Row Bur  apárċpa davon apárċpa die falsche Seite -wáre hz.ng. oder -wára um .. herum, rund um ; (zu bar‘) i -wáre talén- herumgehen um, Ehrfurcht bezeigen; ansuchen, mit Ansuchen, Bitten belästigen guwáre "um dich herum", allge- meine Höflichkeitsfloskel ċhílan áar súa guwáre ach bring mir `doch bitte etwas Wasser (zu einem Jungen)> apár�pa
<Row Bur  waréeço Vertreter, der zu- sätzliches Land bearbeitet> varē̂�o
<Row Werch  wáċekin Helfer ohne Lohn, auf Gegenseitigkeit> vá�ekin
<Row Bur  wáśkićiħů pl Zahn- fleisch> váśkići��
<Row Bur  waziréiki Minister- davon waziréiki Minister> vaziréiki �inister
<Row Werch  yax 2ya, pl. yáin Schluß!, genug!, halt> ya�
<Row Bur  yãāābulto auch yāārbulto, ng. yäãārbuto vorgestern> y���bulto
<Row Werch  yârbultu auch yāārbulto, ng. yäãārbuto vorgestern> y�rbultu
<Row Bur  yäãārbuto auch yāārbulto, ng. yäãārbuto vorgestern> y���rbuto
<Row Bur  yaáçi Ecke, Winkel> yā̌�i
<Row Bur  yáalċe s. -yáaltikċe> yā̂l�e
<Row Bur  yáaltikċe durch den Einfluß, die Macht von> yā̂ltik�e
<Row Bur  yåanis(an) > y�anis(an)
<Row Bur  yāāqiś s. yãāārqiś> y���iś
<Row Bur  yaaqúut Smaragd> yā�ū̂t
<Row Werch  yâôrum dazu -yáarum vor einem weg> y��rum
<Row Werch  -yâriki Bett, Bett- zeug, Unterbett, Matratze> y�riki
<Row Bur  yäãäārqaś s. das Fg. / yäāārqiś, NH auch yāāqiś, Mu. yãārqaś vorne, nach vorn Qar + -qis) yäāăäārqaś man: voranrücken, wei- tergehen> y����r�aś
<Row Bur  yäãātqiś yäätqaś nach oben Wáte + -qiś)> y���t�iś
<Row Bur  yáaumiṅů "Gebete", Anrufungen des Bitans an die Feen> yā̂umiŋ�
<Row Bur  di-yáay- -ç- > di-yā̂y- -�
<Row Bur  yaċčar- s. gučhár> ya�car
<Row Bur 10395 yaçhaláṅ auch açhaláṅů Art Bilas, die mit Donner erscheint; hz. Geistererscheinung, mit der Mir-Familie verbunden: großer Lärm, Wände wackeln usw., bes. wenn jd. in der Familie stirbt> ya�haláŋ
<Row Bur 10412 yáiů ¢ Mühle, Wasser- mühle> yái�
<Row Bur  yaiůgúin davon yaiůgúin -gúyo, ng. yaiħkúin einer, dem eine Mühle gehört> yai�gúin
<Row Bur  yaiħkúin davon yaiůgúin -gúyo, ng. yaiħkúin einer, dem eine Mühle gehört> yai�kúin
<Row Bur  yáiṅůki davon yáiṅůki y pl. Korn, gereinigt und zum Mahlen bereit> yáiŋ�ki
<Row Bur  yaláaq wert, zuständig> yalā̂�
<Row Bur  yambú -muċ- Silberbar- ren, chinesische Silberwährungs- einheit, Ende des 19. Jh. ca. 170 Rp. wert> yambú -mu�
<Row Bur  yámuċ-buriámuč śú- sich in Gefahr bringen> yámu�-buriámuc śú
<Row Bur  yamyoóőr mit der Handmühle mahlen> yamyō̌�r
<Row Bur  yánċhil Wasser, das aus einem Kanal fließt> yán�hil
<Row Bur  yáṅù Schlaf, Traum> yáŋ�
<Row Bur  yáńaċe gar: im Schlaf sprechen> yá�a�e
<Row Werch  -yâṅče gar: im Schlaf sprechen> y�ŋce
<Row Bur  yáħući -yán- und -yáqući -yán> yá�ući -yán
<Row Bur  (Kind) auf den Schoß nehmen> (�ind)
<Row Bur  yaqiinán davon yaqiinán adv. sicherlich, ge> ya�īnán
<Row Bur  yáqući s. -yáňući yaqhú -qhóħù, ng. -miù Fellmantel> yá�ući
<Row Bur  yármuċum dazu yármuċum von altersher (āā);, 11; adj. aus alter Zeit stam- mend> yármu�um
<Row Werch  du-yâr- intr. weiden, grasen> du-y�r
<Row Bur  yaráaq > yarā̂�
<Row Bur  yaráq das Abkühlen- und Ausruhenlassen der Pferde nach der Arbeit, mit festgebundenem Kopf stehend auf- und abgeführt, bevor sie Futter bekommen> yará�
<Row Bur  yárgunė der vorgestrige Tag> yárgun�
<Row Bur  yármuċčum > yármu�cum
<Row Bur  yárpaçi Postp. mit K.abs. vor (räumlich)> yárpa�i
<Row Bur  yárpaçum davon yárpaçum von vorne weg (āā)> yárpa�um
<Row Bur  yárpaçiar davon yárpaçiar nach vorne> yárpa�iar
<Row Bur  yárpaçimo davon yárpaçimo adj. alt, aus alter Zeit stammend> yárpa�imo
<Row Bur  yasáqićiů verzweifelt suchen nach> yasá�ići�
<Row Bur  yátiů ét- > yáti� ét
<Row Werch  yáthaľ Urial> yátʰa�
<Row Bur  yátċil das zweite Bewässern des Getreidefelds Gáṭe + ċhiľ> yát�il
<Row Werch  yåtekuin yátukuin Oberaufseher, Aufpasser ; Neugieriger, Neider> y�tekuin
<Row Bur  yåáṭtukuin s. -yátkuin> y�áṭtukuin
<Row Bur  yeéċ- -Ś- bei hx pl.-Obj. yoóċ-, hz. ntiċ, ng. ntyeeč, ntyooċć> yē̌�- -�
<Row Werch  yőćč- bei hx pl.-Obj. yoóċ-, hz. ntiċ, ng. ntyeeč, ntyooċć> y�ćc
<Row Bur  yoől- s. tbél- yoólkus ng., yoólus s. yoől> yo�l
<Row Bur  yóq yoq -íÍćaù das Sich- Putzen und Schön-Anziehen, "make-up", Toilettemachen> yó�
<Row Bur  yóqkiś dazu yóqkiś -kianė und yoqíto (veral- tet) Stutzer, Dandy> yó�kiś
<Row Bur  yúguśanė zu +i, q.v> yúguśan�
<Row Bur  yulç die Stelle oben am Pfeiler, über die bei der Seilbrücke die Taue geführt werden> yul�
<Row Bur  schüt- (Früchte vom Baum) herunterschütteln> sch�t
<Row Bur  zamáṅů Halsband> zamáŋ�
<Row Bur  zamqán zanqán Metallgefäß mit sehr langem Hals, zum Erhit- zen von Wasser und Teemachen, an einer Ecke des Herds> zam�án
<Row Bur  zamzáq auf- springen, auf die Beine springen> zamzá�
<Row Bur  zanqán s. zamqán> zan�án
<Row Bur  zaħgár > za�gár
<Row Bur  zaůqhár > za��hár
<Row Bur  záńsa zaħůs -iíśo Metallge- fäß mit enger Offnung, ng. gro- Ber eiserner Behälter zum Heiß- machen von Wasser> zá�sa
<Row Bur  záůzaů záňůzańů datágar Schüttelfrost> zá�za�
<Row Bur  zaq lzaq ng. -í y> za�
<Row Bur  zazáq davon zazáq +t-, zazazazazáq t- stechen, verwunden, NH nie- derdrücken> zazá�
<Row Bur  ziqzáq davon ziqzáq +t- hz.ng. anstoßen, stupsen> zi�zá�
<Row Bur  zīī-zāãāq davon zīī-zāãāq +t- ds. zīīqą-zāāą man: ng. eng, Schulter an Schulter zusammensitzen> z��-z����
<Row Bur  zīī-zūūq davon zīī-zūūq +-t- Kinderspiel; sich anstupsen, wer zuerst lacht, hat verloren> z��-z���
<Row Bur  záqan eine Menge von, viel> zá�an
<Row Bur  zaqçáq -mán- mit Neg. NH sehr stark, kräftig sein un zaqçáq akúmai báa usw. du bist sehr stark> za��á� -mán
<Row Bur  záqhum > zá�hum
<Row Bur  zaráů in: zaráṅe pháta bemaltes Holzgefäß (aus Kashgar eingeführt)> zará�
<Row Bur  zaráq man ng. ein Geräusch wie vom Verbrennen oder Brechen von Holz von sich geben> zará� man
<Row Bur  zarazaráq davon zarazaráq +t- ds. intensiv> zarazará�
<Row Bur  zirizaráq davon zirizaráq, ziríq-zaráq man: (Brand) knistern, (Dach) knacken zirizaráq hol das Wilde Heer> zirizará�
<Row Bur  zaráqo glühendes Holz- stück als Leuchte (von zaráq)> zará�o
<Row Bur  zarúůul s. das Fg> zarú�ul
<Row Bur  zázałt man davon zázałt man, ng. zazát man> záza�t man
<Row Bur  zázaů man dazu zázaů man: hz.ng. (Pferd beim Reiten) nur langsam gehen> záza� man
<Row Bur  zozóů man dazu zozóů man: leicht rūtteln> zozó� man
<Row Bur  zazaṅáaąayo davon zazaṅáaąayo und zazáħiś (Pferd) langsam; (Meėnsch) dick und langweilig> zazaŋā̂�ayo
<Row Bur  zīi-zãāqą zīī-zūūq s. !zaq> z�i-z����
<Row Bur  ziríqan eine winzige Menge von ew> zirí�an
<Row Bur  ziríq-zaráq zirizaráq ng. S$. zaráq> zirí�-zará�
<Row Bur  zozóőn > zozó�n
<Row Bur  zupůúm > zup�úm
<Row Bur  zułtú unrein durch Pollution, zuzáq y Hölle Menstruation, oder wenn man> zu�tú
 *utki̊pti ? ? *utki�pti
 pǹalgu ? ? p�algu
 dala-⁴ ? ? dala-�
strand mīrâθ ? ? mīrā�
strand ml̥aka ? ? ml�aka
strand *li + ? ? ? *li  �
strand šōra ? ? ś�ra
strand gōgerd ? ? g�gerd
strand ʕabaθ ? ? ʕaba�
cdial *? ? ? *�
cdial *? ? ? *�
cdial *? ? ? *�
cdial *? ? ? *�
cdial *? ? ? *�
