.F                                                                       [100%]
=================================== FAILURES ===================================
________ test_only_geographically_undefined_languages_lack_coordinates _________

    def test_only_geographically_undefined_languages_lack_coordinates():
        with (ROOT / "cldf/languages.csv").open(encoding="utf-8", newline="") as stream:
            missing = {
                row["ID"] for row in csv.DictReader(stream)
                if not row["Latitude"] or not row["Longitude"]
            }
        # Reconstructed nodes represent language stages or subgroup ancestors rather
        # than point locations, so they deliberately have no map coordinates.
        # Vedda's historical source localities have not yet been georeferenced;
        # the ingestion checklist permits unknown coordinates rather than invented points.
>       assert missing == {
            "PBr", "TurkicUnspec", "PSTDr", "PSD1", "PSD2", "PCDr", "PKMDr", "PNDr",
            "Vedda", "Pattapu",  # Lindgren supplies no defensible Pattapu locality point.
        }
E       AssertionError: assert {'DungraBhili... 'PKMDr', ...} == {'PBr', 'PCDr..., 'PSD2', ...}
E         
E         Extra items in the left set:
E         'Kodaku'
E         'Noiri'
E         'PreMu'
E         'Vasavi'
E         'DungraBhili'
E         'PKher'
E         Use -v to get more diff

tests/test_language_coordinates.py:35: AssertionError
=========================== short test summary info ============================
FAILED tests/test_language_coordinates.py::test_only_geographically_undefined_languages_lack_coordinates
1 failed, 1 passed in 0.05s
