tamil-nadu 5988 {0: 499, 1: 499, 2: 499, 3: 499, 4: 499, 5: 499, 6: 499, 7: 499, 8: 499, 9: 499, 10: 499, 11: 499} dup 0 images 24
missing [(94, 0), (94, 1), (94, 2), (94, 3), (94, 4), (94, 5), (94, 6), (94, 7), (94, 8), (94, 9), (94, 10), (94, 11)]
uttar-pradesh 5988 {0: 499, 1: 499, 2: 499, 3: 499, 4: 499, 5: 499, 6: 499, 7: 499, 8: 499, 9: 499, 10: 499, 11: 499} dup 0 images 0
missing [(94, 0), (94, 1), (94, 2), (94, 3), (94, 4), (94, 5), (94, 6), (94, 7), (94, 8), (94, 9), (94, 10), (94, 11)]
bihar 3500 {0: 500, 1: 500, 2: 500, 3: 500, 4: 500, 5: 500, 6: 500} dup 0 images 0
missing []
sikkim2 1500 {0: 500, 1: 500, 2: 500} dup 0 images 124
missing []
danuwar 1050 {0: 210, 1: 210, 2: 210, 3: 210, 4: 210} dup 0 images 0
missing []
{
  "tamil-nadu": {
    "raw_cells": 5988,
    "installed": 5995,
    "statuses": {
      "unlinked": 5882,
      "skipped": 106,
      "source-omitted": 12
    },
    "reused_readings": 0,
    "uncertain": 5995
  },
  "uttar-pradesh": {
    "raw_cells": 5988,
    "installed": 5931,
    "statuses": {
      "unlinked": 5818,
      "skipped": 170,
      "source-omitted": 12
    },
    "reused_readings": 0,
    "uncertain": 5931
  },
  "bihar": {
    "raw_cells": 3500,
    "installed": 4177,
    "statuses": {
      "unlinked": 3383,
      "skipped": 117
    },
    "reused_readings": 0,
    "uncertain": 4177
  },
  "sikkim2": {
    "raw_cells": 1500,
    "installed": 1729,
    "statuses": {
      "unlinked": 1492,
      "skipped": 8
    },
    "reused_readings": 0,
    "uncertain": 1729
  },
  "danuwar": {
    "raw_cells": 1050,
    "installed": 1051,
    "statuses": {
      "unlinked": 1050
    },
    "reused_readings": 0,
    "uncertain": 1051
  },
  "tharu": {
    "raw_cells": 2360,
    "installed": 1520,
    "statuses": {
      "unlinked": 1502,
      "reused": 740,
      "skipped": 118
    },
    "reused_readings": 761,
    "uncertain": 0
  }
}
