{
  "files": {
    "cldf/forms.csv": {
      "before": 785057,
      "after": 794270,
      "delta": 9213,
      "sha256": "a2350f0b9ec148ab4a3ec22dc697a1b8e79108c6436396abd693a0f70eb932c0",
      "unchanged": false
    },
    "cldf/edges.csv": {
      "before": 374684,
      "after": 374684,
      "delta": 0,
      "sha256": "c37549b674668d3b0de0afacccb406e771fb080a5127e19268cde22d51b908cb",
      "unchanged": true
    },
    "cldf/form-source-keys.csv": {
      "before": 434361,
      "after": 443574,
      "delta": 9213,
      "sha256": "fbb349703c7a2337f2521fee3fa967a49cbb48f29deef4d0bb5551284ecc391b",
      "unchanged": false
    },
    "cldf/form-id-aliases.csv": {
      "before": 1137581,
      "after": 1146794,
      "delta": 9213,
      "sha256": "b021bbb6f388966523751090b05fc6f476d30d3274561e3351bb29f5df4fc3c8",
      "unchanged": false
    },
    "data/form-identities.csv": {
      "before": 954834,
      "after": 964047,
      "delta": 9213,
      "sha256": "351d3e0ff60fb765c9226128f7c51d8781f9b6c914c1981f1f07bbd8dadd67d6",
      "unchanged": false
    },
    "cldf/concepts.csv": {
      "before": 3269,
      "after": 3272,
      "delta": 3,
      "sha256": "cfdce73720a0e62d13d64e1a743dbfa7c50a9e1ca806294cf77dbd4012ccff8d",
      "unchanged": false
    },
    "cldf/form_concepts.csv": {
      "before": 573762,
      "after": 581681,
      "delta": 7919,
      "sha256": "6dbba17273b45da8039148821c644b6efc80cf1d81f700afe9ac9c1b4cecd2c1",
      "unchanged": false
    },
    "cldf/alignments.csv": {
      "before": 2049443,
      "after": 2049443,
      "delta": 0,
      "sha256": "17076420bbe1e10a4f6b7ff7be28bfc1940aa459d18442b7322fa23bb66c9673",
      "unchanged": true
    },
    "cldf/references.csv": {
      "before": 559,
      "after": 563,
      "delta": 4,
      "sha256": "59a4d31beef1e9525b84b7e50afd977a8645dc3daad2d5000978be38d0c93fb6",
      "unchanged": false
    }
  },
  "compiled_total": 794270,
  "source_rows": 9213,
  "linked": 0,
  "borrowed": 0,
  "skipped": 25,
  "new_graph_edges": 0,
  "existing_forms": {
    "removed": [],
    "changed": [],
    "added": 9213
  }
}
